<?xml version="1.0" encoding="ISO-8859-1" ?>
<link_info>
   <banner>TMS320C2000 Linker PC v18.1.1.LTS</banner>
   <copyright>Copyright (c) 1996-2017 Texas Instruments Incorporated</copyright>
   <link_time>0x5bf4f821</link_time>
   <link_errors>0x0</link_errors>
   <output_file>senior_main_cpu01.out</output_file>
   <entry_point>
      <name>_c_int00</name>
      <address>0x84200</address>
   </entry_point>
   <input_file_list>
      <input_file id="fl-2">
         <path>.\</path>
         <kind>object</kind>
         <file>senior_cla_cpu1.obj</file>
         <name>senior_cla_cpu1.obj</name>
      </input_file>
      <input_file id="fl-3">
         <path>.\</path>
         <kind>object</kind>
         <file>senior_main_cpu1.obj</file>
         <name>senior_main_cpu1.obj</name>
      </input_file>
      <input_file id="fl-4">
         <path>.\Senior Source\</path>
         <kind>object</kind>
         <file>Senior_ADC.obj</file>
         <name>Senior_ADC.obj</name>
      </input_file>
      <input_file id="fl-5">
         <path>.\Senior Source\</path>
         <kind>object</kind>
         <file>Senior_CLA.obj</file>
         <name>Senior_CLA.obj</name>
      </input_file>
      <input_file id="fl-6">
         <path>.\Senior Source\</path>
         <kind>object</kind>
         <file>Senior_DMA.obj</file>
         <name>Senior_DMA.obj</name>
      </input_file>
      <input_file id="fl-7">
         <path>.\Senior Source\</path>
         <kind>object</kind>
         <file>Senior_FFT.obj</file>
         <name>Senior_FFT.obj</name>
      </input_file>
      <input_file id="fl-8">
         <path>.\Senior Source\</path>
         <kind>object</kind>
         <file>Senior_SCI.obj</file>
         <name>Senior_SCI.obj</name>
      </input_file>
      <input_file id="fl-9">
         <path>.\Senior Source\</path>
         <kind>object</kind>
         <file>Senior_SPI.obj</file>
         <name>Senior_SPI.obj</name>
      </input_file>
      <input_file id="fl-a">
         <path>.\Senior Source\</path>
         <kind>object</kind>
         <file>Senior_ePWM.obj</file>
         <name>Senior_ePWM.obj</name>
      </input_file>
      <input_file id="fl-b">
         <path>.\Source\</path>
         <kind>object</kind>
         <file>F2837xD_Adc.obj</file>
         <name>F2837xD_Adc.obj</name>
      </input_file>
      <input_file id="fl-c">
         <path>.\Source\</path>
         <kind>object</kind>
         <file>F2837xD_CodeStartBranch.obj</file>
         <name>F2837xD_CodeStartBranch.obj</name>
      </input_file>
      <input_file id="fl-d">
         <path>.\Source\</path>
         <kind>object</kind>
         <file>F2837xD_DefaultISR.obj</file>
         <name>F2837xD_DefaultISR.obj</name>
      </input_file>
      <input_file id="fl-e">
         <path>.\Source\</path>
         <kind>object</kind>
         <file>F2837xD_Dma.obj</file>
         <name>F2837xD_Dma.obj</name>
      </input_file>
      <input_file id="fl-f">
         <path>.\Source\</path>
         <kind>object</kind>
         <file>F2837xD_EPwm.obj</file>
         <name>F2837xD_EPwm.obj</name>
      </input_file>
      <input_file id="fl-10">
         <path>.\Source\</path>
         <kind>object</kind>
         <file>F2837xD_GlobalVariableDefs.obj</file>
         <name>F2837xD_GlobalVariableDefs.obj</name>
      </input_file>
      <input_file id="fl-11">
         <path>.\Source\</path>
         <kind>object</kind>
         <file>F2837xD_Gpio.obj</file>
         <name>F2837xD_Gpio.obj</name>
      </input_file>
      <input_file id="fl-12">
         <path>.\Source\</path>
         <kind>object</kind>
         <file>F2837xD_Ipc.obj</file>
         <name>F2837xD_Ipc.obj</name>
      </input_file>
      <input_file id="fl-13">
         <path>.\Source\</path>
         <kind>object</kind>
         <file>F2837xD_Ipc_Driver.obj</file>
         <name>F2837xD_Ipc_Driver.obj</name>
      </input_file>
      <input_file id="fl-14">
         <path>.\Source\</path>
         <kind>object</kind>
         <file>F2837xD_Ipc_Driver_Util.obj</file>
         <name>F2837xD_Ipc_Driver_Util.obj</name>
      </input_file>
      <input_file id="fl-15">
         <path>.\Source\</path>
         <kind>object</kind>
         <file>F2837xD_PieCtrl.obj</file>
         <name>F2837xD_PieCtrl.obj</name>
      </input_file>
      <input_file id="fl-16">
         <path>.\Source\</path>
         <kind>object</kind>
         <file>F2837xD_PieVect.obj</file>
         <name>F2837xD_PieVect.obj</name>
      </input_file>
      <input_file id="fl-17">
         <path>.\Source\</path>
         <kind>object</kind>
         <file>F2837xD_Spi.obj</file>
         <name>F2837xD_Spi.obj</name>
      </input_file>
      <input_file id="fl-18">
         <path>.\Source\</path>
         <kind>object</kind>
         <file>F2837xD_SysCtrl.obj</file>
         <name>F2837xD_SysCtrl.obj</name>
      </input_file>
      <input_file id="fl-19">
         <path>.\Source\</path>
         <kind>object</kind>
         <file>F2837xD_sci_io.obj</file>
         <name>F2837xD_sci_io.obj</name>
      </input_file>
      <input_file id="fl-1a">
         <path>.\Source\</path>
         <kind>object</kind>
         <file>F2837xD_usDelay.obj</file>
         <name>F2837xD_usDelay.obj</name>
      </input_file>
      <input_file id="fl-21">
         <kind>object</kind>
         <file>&lt;internal&gt;</file>
         <name>&lt;internal&gt;</name>
      </input_file>
      <input_file id="fl-22">
         <path>C:\ti\c2000\C2000Ware_1_00_05_00\libraries\dsp\FPU\c28\lib\</path>
         <kind>archive</kind>
         <file>c28x_fpu_dsp_library.lib</file>
         <name>RFFT_f32.obj</name>
      </input_file>
      <input_file id="fl-23">
         <path>C:\ti\c2000\C2000Ware_1_00_05_00\libraries\dsp\FPU\c28\lib\</path>
         <kind>archive</kind>
         <file>c28x_fpu_dsp_library.lib</file>
         <name>RFFT_f32_mag_TMU0.obj</name>
      </input_file>
      <input_file id="fl-24">
         <path>C:\ti\c2000\C2000Ware_1_00_05_00\libraries\dsp\FPU\c28\lib\</path>
         <kind>archive</kind>
         <file>c28x_fpu_dsp_library.lib</file>
         <name>RFFT_f32_phase_TMU0.obj</name>
      </input_file>
      <input_file id="fl-25">
         <path>C:\ti\c2000\C2000Ware_1_00_05_00\libraries\dsp\FPU\c28\lib\</path>
         <kind>archive</kind>
         <file>c28x_fpu_dsp_library.lib</file>
         <name>RFFT_f32_sincostable.obj</name>
      </input_file>
      <input_file id="fl-26">
         <path>C:\ti\c2000\C2000Ware_1_00_05_00\libraries\dsp\FPU\c28\lib\</path>
         <kind>archive</kind>
         <file>c28x_fpu_dsp_library.lib</file>
         <name>RFFT_f32_win.obj</name>
      </input_file>
      <input_file id="fl-27">
         <path>C:\ti\ccsv8\tools\compiler\ti-cgt-c2000_18.1.1.LTS\lib\</path>
         <kind>archive</kind>
         <file>rts2800_fpu32.lib</file>
         <name>e_logf.c.obj</name>
      </input_file>
      <input_file id="fl-28">
         <path>C:\ti\ccsv8\tools\compiler\ti-cgt-c2000_18.1.1.LTS\lib\</path>
         <kind>archive</kind>
         <file>rts2800_fpu32.lib</file>
         <name>s_cosf.c.obj</name>
      </input_file>
      <input_file id="fl-29">
         <path>C:\ti\ccsv8\tools\compiler\ti-cgt-c2000_18.1.1.LTS\lib\</path>
         <kind>archive</kind>
         <file>rts2800_fpu32.lib</file>
         <name>s_roundf.c.obj</name>
      </input_file>
      <input_file id="fl-2a">
         <path>C:\ti\ccsv8\tools\compiler\ti-cgt-c2000_18.1.1.LTS\lib\</path>
         <kind>archive</kind>
         <file>rts2800_fpu32.lib</file>
         <name>s_sinf.c.obj</name>
      </input_file>
      <input_file id="fl-2b">
         <path>C:\ti\ccsv8\tools\compiler\ti-cgt-c2000_18.1.1.LTS\lib\</path>
         <kind>archive</kind>
         <file>rts2800_fpu32.lib</file>
         <name>boot28.asm.obj</name>
      </input_file>
      <input_file id="fl-2c">
         <path>C:\ti\ccsv8\tools\compiler\ti-cgt-c2000_18.1.1.LTS\lib\</path>
         <kind>archive</kind>
         <file>rts2800_fpu32.lib</file>
         <name>fs_div28.asm.obj</name>
      </input_file>
      <input_file id="fl-2d">
         <path>C:\ti\ccsv8\tools\compiler\ti-cgt-c2000_18.1.1.LTS\lib\</path>
         <kind>archive</kind>
         <file>rts2800_fpu32.lib</file>
         <name>ll_aox28.asm.obj</name>
      </input_file>
      <input_file id="fl-2e">
         <path>C:\ti\ccsv8\tools\compiler\ti-cgt-c2000_18.1.1.LTS\lib\</path>
         <kind>archive</kind>
         <file>rts2800_fpu32.lib</file>
         <name>cpy_tbl.c.obj</name>
      </input_file>
      <input_file id="fl-2f">
         <path>C:\ti\ccsv8\tools\compiler\ti-cgt-c2000_18.1.1.LTS\lib\</path>
         <kind>archive</kind>
         <file>rts2800_fpu32.lib</file>
         <name>memcpy.c.obj</name>
      </input_file>
      <input_file id="fl-30">
         <path>C:\ti\ccsv8\tools\compiler\ti-cgt-c2000_18.1.1.LTS\lib\</path>
         <kind>archive</kind>
         <file>rts2800_fpu32.lib</file>
         <name>pre_init.c.obj</name>
      </input_file>
      <input_file id="fl-31">
         <path>C:\ti\ccsv8\tools\compiler\ti-cgt-c2000_18.1.1.LTS\lib\</path>
         <kind>archive</kind>
         <file>rts2800_fpu32.lib</file>
         <name>startup.c.obj</name>
      </input_file>
      <input_file id="fl-32">
         <path>C:\ti\ccsv8\tools\compiler\ti-cgt-c2000_18.1.1.LTS\lib\</path>
         <kind>archive</kind>
         <file>rts2800_fpu32.lib</file>
         <name>errno.c.obj</name>
      </input_file>
      <input_file id="fl-33">
         <path>C:\ti\ccsv8\tools\compiler\ti-cgt-c2000_18.1.1.LTS\lib\</path>
         <kind>archive</kind>
         <file>rts2800_fpu32.lib</file>
         <name>exit.c.obj</name>
      </input_file>
      <input_file id="fl-34">
         <path>C:\ti\ccsv8\tools\compiler\ti-cgt-c2000_18.1.1.LTS\lib\</path>
         <kind>archive</kind>
         <file>rts2800_fpu32.lib</file>
         <name>_lock.c.obj</name>
      </input_file>
      <input_file id="fl-35">
         <path>C:\ti\ccsv8\tools\compiler\ti-cgt-c2000_18.1.1.LTS\lib\</path>
         <kind>archive</kind>
         <file>rts2800_fpu32.lib</file>
         <name>args_main.c.obj</name>
      </input_file>
      <input_file id="fl-36">
         <path>C:\ti\ccsv8\tools\compiler\ti-cgt-c2000_18.1.1.LTS\lib\</path>
         <kind>archive</kind>
         <file>rts2800_fpu32.lib</file>
         <name>memset.c.obj</name>
      </input_file>
      <input_file id="fl-37">
         <path>C:\ti\ccsv8\tools\compiler\ti-cgt-c2000_18.1.1.LTS\lib\</path>
         <kind>archive</kind>
         <file>rts2800_fpu32.lib</file>
         <name>s_floorf.c.obj</name>
      </input_file>
   </input_file_list>
   <object_component_list>
      <object_component id="oc-15f">
         <name>PieVectTableFile</name>
         <uninitialized>true</uninitialized>
         <run_address>0xd00</run_address>
         <size>0x1c0</size>
         <input_file_ref idref="fl-10"/>
      </object_component>
      <object_component id="oc-ff">
         <name>EmuKeyVar</name>
         <uninitialized>true</uninitialized>
         <run_address>0xd00</run_address>
         <size>0x1</size>
         <input_file_ref idref="fl-10"/>
      </object_component>
      <object_component id="oc-100">
         <name>EmuBModeVar</name>
         <uninitialized>true</uninitialized>
         <run_address>0xd01</run_address>
         <size>0x1</size>
         <input_file_ref idref="fl-10"/>
      </object_component>
      <object_component id="oc-119">
         <name>AdcaResultFile</name>
         <uninitialized>true</uninitialized>
         <run_address>0xb00</run_address>
         <size>0x18</size>
         <input_file_ref idref="fl-10"/>
      </object_component>
      <object_component id="oc-11b">
         <name>AdcbResultFile</name>
         <uninitialized>true</uninitialized>
         <run_address>0xb20</run_address>
         <size>0x18</size>
         <input_file_ref idref="fl-10"/>
      </object_component>
      <object_component id="oc-118">
         <name>AdccResultFile</name>
         <uninitialized>true</uninitialized>
         <run_address>0xb40</run_address>
         <size>0x18</size>
         <input_file_ref idref="fl-10"/>
      </object_component>
      <object_component id="oc-11a">
         <name>AdcdResultFile</name>
         <uninitialized>true</uninitialized>
         <run_address>0xb60</run_address>
         <size>0x18</size>
         <input_file_ref idref="fl-10"/>
      </object_component>
      <object_component id="oc-148">
         <name>AdcaRegsFile</name>
         <uninitialized>true</uninitialized>
         <run_address>0x7400</run_address>
         <size>0x80</size>
         <input_file_ref idref="fl-10"/>
      </object_component>
      <object_component id="oc-149">
         <name>AdcbRegsFile</name>
         <uninitialized>true</uninitialized>
         <run_address>0x7480</run_address>
         <size>0x80</size>
         <input_file_ref idref="fl-10"/>
      </object_component>
      <object_component id="oc-14a">
         <name>AdccRegsFile</name>
         <uninitialized>true</uninitialized>
         <run_address>0x7500</run_address>
         <size>0x80</size>
         <input_file_ref idref="fl-10"/>
      </object_component>
      <object_component id="oc-147">
         <name>AdcdRegsFile</name>
         <uninitialized>true</uninitialized>
         <run_address>0x7580</run_address>
         <size>0x80</size>
         <input_file_ref idref="fl-10"/>
      </object_component>
      <object_component id="oc-144">
         <name>AnalogSubsysRegsFile</name>
         <uninitialized>true</uninitialized>
         <run_address>0x5d180</run_address>
         <size>0x48</size>
         <input_file_ref idref="fl-10"/>
      </object_component>
      <object_component id="oc-13e">
         <name>Cla1RegsFile</name>
         <uninitialized>true</uninitialized>
         <run_address>0x1400</run_address>
         <size>0x3e</size>
         <input_file_ref idref="fl-10"/>
      </object_component>
      <object_component id="oc-106">
         <name>Cla1SoftIntRegsFile</name>
         <uninitialized>true</uninitialized>
         <run_address>0xce0</run_address>
         <size>0x4</size>
         <input_file_ref idref="fl-10"/>
      </object_component>
      <object_component id="oc-12a">
         <name>Cmpss1RegsFile</name>
         <uninitialized>true</uninitialized>
         <run_address>0x5c80</run_address>
         <size>0x20</size>
         <input_file_ref idref="fl-10"/>
      </object_component>
      <object_component id="oc-129">
         <name>Cmpss2RegsFile</name>
         <uninitialized>true</uninitialized>
         <run_address>0x5ca0</run_address>
         <size>0x20</size>
         <input_file_ref idref="fl-10"/>
      </object_component>
      <object_component id="oc-12c">
         <name>Cmpss3RegsFile</name>
         <uninitialized>true</uninitialized>
         <run_address>0x5cc0</run_address>
         <size>0x20</size>
         <input_file_ref idref="fl-10"/>
      </object_component>
      <object_component id="oc-12b">
         <name>Cmpss4RegsFile</name>
         <uninitialized>true</uninitialized>
         <run_address>0x5ce0</run_address>
         <size>0x20</size>
         <input_file_ref idref="fl-10"/>
      </object_component>
      <object_component id="oc-126">
         <name>Cmpss5RegsFile</name>
         <uninitialized>true</uninitialized>
         <run_address>0x5d00</run_address>
         <size>0x20</size>
         <input_file_ref idref="fl-10"/>
      </object_component>
      <object_component id="oc-125">
         <name>Cmpss6RegsFile</name>
         <uninitialized>true</uninitialized>
         <run_address>0x5d20</run_address>
         <size>0x20</size>
         <input_file_ref idref="fl-10"/>
      </object_component>
      <object_component id="oc-128">
         <name>Cmpss7RegsFile</name>
         <uninitialized>true</uninitialized>
         <run_address>0x5d40</run_address>
         <size>0x20</size>
         <input_file_ref idref="fl-10"/>
      </object_component>
      <object_component id="oc-127">
         <name>Cmpss8RegsFile</name>
         <uninitialized>true</uninitialized>
         <run_address>0x5d60</run_address>
         <size>0x20</size>
         <input_file_ref idref="fl-10"/>
      </object_component>
      <object_component id="oc-10d">
         <name>CpuTimer0RegsFile</name>
         <uninitialized>true</uninitialized>
         <run_address>0xc00</run_address>
         <size>0x8</size>
         <input_file_ref idref="fl-10"/>
      </object_component>
      <object_component id="oc-10c">
         <name>CpuTimer1RegsFile</name>
         <uninitialized>true</uninitialized>
         <run_address>0xc08</run_address>
         <size>0x8</size>
         <input_file_ref idref="fl-10"/>
      </object_component>
      <object_component id="oc-10f">
         <name>CpuTimer2RegsFile</name>
         <uninitialized>true</uninitialized>
         <run_address>0xc10</run_address>
         <size>0x8</size>
         <input_file_ref idref="fl-10"/>
      </object_component>
      <object_component id="oc-10b">
         <name>DacaRegsFile</name>
         <uninitialized>true</uninitialized>
         <run_address>0x5c00</run_address>
         <size>0x8</size>
         <input_file_ref idref="fl-10"/>
      </object_component>
      <object_component id="oc-10e">
         <name>DacbRegsFile</name>
         <uninitialized>true</uninitialized>
         <run_address>0x5c10</run_address>
         <size>0x8</size>
         <input_file_ref idref="fl-10"/>
      </object_component>
      <object_component id="oc-109">
         <name>DaccRegsFile</name>
         <uninitialized>true</uninitialized>
         <run_address>0x5c20</run_address>
         <size>0x8</size>
         <input_file_ref idref="fl-10"/>
      </object_component>
      <object_component id="oc-138">
         <name>DcsmZ1RegsFile</name>
         <uninitialized>true</uninitialized>
         <run_address>0x5f000</run_address>
         <size>0x24</size>
         <input_file_ref idref="fl-10"/>
      </object_component>
      <object_component id="oc-137">
         <name>DcsmZ2RegsFile</name>
         <uninitialized>true</uninitialized>
         <run_address>0x5f040</run_address>
         <size>0x24</size>
         <input_file_ref idref="fl-10"/>
      </object_component>
      <object_component id="oc-10a">
         <name>DcsmCommonRegsFile</name>
         <uninitialized>true</uninitialized>
         <run_address>0x5f070</run_address>
         <size>0x8</size>
         <input_file_ref idref="fl-10"/>
      </object_component>
      <object_component id="oc-105">
         <name>DcsmZ1OtpFile</name>
         <uninitialized>true</uninitialized>
         <run_address>0x78000</run_address>
         <size>0x2</size>
         <input_file_ref idref="fl-10"/>
      </object_component>
      <object_component id="oc-104">
         <name>DcsmZ2OtpFile</name>
         <uninitialized>true</uninitialized>
         <run_address>0x78200</run_address>
         <size>0x2</size>
         <input_file_ref idref="fl-10"/>
      </object_component>
      <object_component id="oc-14f">
         <name>DmaRegsFile</name>
         <uninitialized>true</uninitialized>
         <run_address>0x1000</run_address>
         <size>0xe0</size>
         <input_file_ref idref="fl-10"/>
      </object_component>
      <object_component id="oc-11d">
         <name>DmaClaSrcSelRegsFile</name>
         <uninitialized>true</uninitialized>
         <run_address>0x7980</run_address>
         <size>0x1a</size>
         <input_file_ref idref="fl-10"/>
      </object_component>
      <object_component id="oc-12e">
         <name>ECap1RegsFile</name>
         <uninitialized>true</uninitialized>
         <run_address>0x5000</run_address>
         <size>0x20</size>
         <input_file_ref idref="fl-10"/>
      </object_component>
      <object_component id="oc-12d">
         <name>ECap2RegsFile</name>
         <uninitialized>true</uninitialized>
         <run_address>0x5020</run_address>
         <size>0x20</size>
         <input_file_ref idref="fl-10"/>
      </object_component>
      <object_component id="oc-12f">
         <name>ECap3RegsFile</name>
         <uninitialized>true</uninitialized>
         <run_address>0x5040</run_address>
         <size>0x20</size>
         <input_file_ref idref="fl-10"/>
      </object_component>
      <object_component id="oc-120">
         <name>ECap4RegsFile</name>
         <uninitialized>true</uninitialized>
         <run_address>0x5060</run_address>
         <size>0x20</size>
         <input_file_ref idref="fl-10"/>
      </object_component>
      <object_component id="oc-11e">
         <name>ECap5RegsFile</name>
         <uninitialized>true</uninitialized>
         <run_address>0x5080</run_address>
         <size>0x20</size>
         <input_file_ref idref="fl-10"/>
      </object_component>
      <object_component id="oc-11f">
         <name>ECap6RegsFile</name>
         <uninitialized>true</uninitialized>
         <run_address>0x50a0</run_address>
         <size>0x20</size>
         <input_file_ref idref="fl-10"/>
      </object_component>
      <object_component id="oc-146">
         <name>Emif1RegsFile</name>
         <uninitialized>true</uninitialized>
         <run_address>0x47000</run_address>
         <size>0x70</size>
         <input_file_ref idref="fl-10"/>
      </object_component>
      <object_component id="oc-145">
         <name>Emif2RegsFile</name>
         <uninitialized>true</uninitialized>
         <run_address>0x47800</run_address>
         <size>0x70</size>
         <input_file_ref idref="fl-10"/>
      </object_component>
      <object_component id="oc-154">
         <name>EPwm1RegsFile</name>
         <uninitialized>true</uninitialized>
         <run_address>0x4000</run_address>
         <size>0x100</size>
         <input_file_ref idref="fl-10"/>
      </object_component>
      <object_component id="oc-153">
         <name>EPwm2RegsFile</name>
         <uninitialized>true</uninitialized>
         <run_address>0x4100</run_address>
         <size>0x100</size>
         <input_file_ref idref="fl-10"/>
      </object_component>
      <object_component id="oc-156">
         <name>EPwm3RegsFile</name>
         <uninitialized>true</uninitialized>
         <run_address>0x4200</run_address>
         <size>0x100</size>
         <input_file_ref idref="fl-10"/>
      </object_component>
      <object_component id="oc-151">
         <name>EPwm4RegsFile</name>
         <uninitialized>true</uninitialized>
         <run_address>0x4300</run_address>
         <size>0x100</size>
         <input_file_ref idref="fl-10"/>
      </object_component>
      <object_component id="oc-150">
         <name>EPwm5RegsFile</name>
         <uninitialized>true</uninitialized>
         <run_address>0x4400</run_address>
         <size>0x100</size>
         <input_file_ref idref="fl-10"/>
      </object_component>
      <object_component id="oc-155">
         <name>EPwm6RegsFile</name>
         <uninitialized>true</uninitialized>
         <run_address>0x4500</run_address>
         <size>0x100</size>
         <input_file_ref idref="fl-10"/>
      </object_component>
      <object_component id="oc-152">
         <name>EPwm7RegsFile</name>
         <uninitialized>true</uninitialized>
         <run_address>0x4600</run_address>
         <size>0x100</size>
         <input_file_ref idref="fl-10"/>
      </object_component>
      <object_component id="oc-15b">
         <name>EPwm8RegsFile</name>
         <uninitialized>true</uninitialized>
         <run_address>0x4700</run_address>
         <size>0x100</size>
         <input_file_ref idref="fl-10"/>
      </object_component>
      <object_component id="oc-159">
         <name>EPwm9RegsFile</name>
         <uninitialized>true</uninitialized>
         <run_address>0x4800</run_address>
         <size>0x100</size>
         <input_file_ref idref="fl-10"/>
      </object_component>
      <object_component id="oc-15a">
         <name>EPwm10RegsFile</name>
         <uninitialized>true</uninitialized>
         <run_address>0x4900</run_address>
         <size>0x100</size>
         <input_file_ref idref="fl-10"/>
      </object_component>
      <object_component id="oc-157">
         <name>EPwm11RegsFile</name>
         <uninitialized>true</uninitialized>
         <run_address>0x4a00</run_address>
         <size>0x100</size>
         <input_file_ref idref="fl-10"/>
      </object_component>
      <object_component id="oc-158">
         <name>EPwm12RegsFile</name>
         <uninitialized>true</uninitialized>
         <run_address>0x4b00</run_address>
         <size>0x100</size>
         <input_file_ref idref="fl-10"/>
      </object_component>
      <object_component id="oc-141">
         <name>EPwmXbarRegsFile</name>
         <uninitialized>true</uninitialized>
         <run_address>0x7a00</run_address>
         <size>0x40</size>
         <input_file_ref idref="fl-10"/>
      </object_component>
      <object_component id="oc-134">
         <name>EQep1RegsFile</name>
         <uninitialized>true</uninitialized>
         <run_address>0x5100</run_address>
         <size>0x22</size>
         <input_file_ref idref="fl-10"/>
      </object_component>
      <object_component id="oc-130">
         <name>EQep2RegsFile</name>
         <uninitialized>true</uninitialized>
         <run_address>0x5140</run_address>
         <size>0x22</size>
         <input_file_ref idref="fl-10"/>
      </object_component>
      <object_component id="oc-131">
         <name>EQep3RegsFile</name>
         <uninitialized>true</uninitialized>
         <run_address>0x5180</run_address>
         <size>0x22</size>
         <input_file_ref idref="fl-10"/>
      </object_component>
      <object_component id="oc-15e">
         <name>Flash0CtrlRegsFile</name>
         <uninitialized>true</uninitialized>
         <run_address>0x5f800</run_address>
         <size>0x182</size>
         <input_file_ref idref="fl-10"/>
      </object_component>
      <object_component id="oc-13a">
         <name>Flash0EccRegsFile</name>
         <uninitialized>true</uninitialized>
         <run_address>0x5fb00</run_address>
         <size>0x28</size>
         <input_file_ref idref="fl-10"/>
      </object_component>
      <object_component id="oc-15d">
         <name>GpioCtrlRegsFile</name>
         <uninitialized>true</uninitialized>
         <run_address>0x7c00</run_address>
         <size>0x180</size>
         <input_file_ref idref="fl-10"/>
      </object_component>
      <object_component id="oc-13c">
         <name>GpioDataRegsFile</name>
         <uninitialized>true</uninitialized>
         <run_address>0x7f00</run_address>
         <size>0x30</size>
         <input_file_ref idref="fl-10"/>
      </object_component>
      <object_component id="oc-142">
         <name>OutputXbarRegsFile</name>
         <uninitialized>true</uninitialized>
         <run_address>0x7a80</run_address>
         <size>0x40</size>
         <input_file_ref idref="fl-10"/>
      </object_component>
      <object_component id="oc-132">
         <name>I2caRegsFile</name>
         <uninitialized>true</uninitialized>
         <run_address>0x7300</run_address>
         <size>0x22</size>
         <input_file_ref idref="fl-10"/>
      </object_component>
      <object_component id="oc-133">
         <name>I2cbRegsFile</name>
         <uninitialized>true</uninitialized>
         <run_address>0x7340</run_address>
         <size>0x22</size>
         <input_file_ref idref="fl-10"/>
      </object_component>
      <object_component id="oc-121">
         <name>InputXbarRegsFile</name>
         <uninitialized>true</uninitialized>
         <run_address>0x7900</run_address>
         <size>0x20</size>
         <input_file_ref idref="fl-10"/>
      </object_component>
      <object_component id="oc-123">
         <name>XbarRegsFile</name>
         <uninitialized>true</uninitialized>
         <run_address>0x7920</run_address>
         <size>0x20</size>
         <input_file_ref idref="fl-10"/>
      </object_component>
      <object_component id="oc-135">
         <name>IpcRegsFile</name>
         <uninitialized>true</uninitialized>
         <run_address>0x50000</run_address>
         <size>0x24</size>
         <input_file_ref idref="fl-10"/>
      </object_component>
      <object_component id="oc-102">
         <name>FlashPumpSemaphoreRegsFile</name>
         <uninitialized>true</uninitialized>
         <run_address>0x50024</run_address>
         <size>0x2</size>
         <input_file_ref idref="fl-10"/>
      </object_component>
      <object_component id="oc-101">
         <name>RomPrefetchRegsFile</name>
         <uninitialized>true</uninitialized>
         <run_address>0x5e608</run_address>
         <size>0x2</size>
         <input_file_ref idref="fl-10"/>
      </object_component>
      <object_component id="oc-14c">
         <name>MemCfgRegsFile</name>
         <uninitialized>true</uninitialized>
         <run_address>0x5f400</run_address>
         <size>0x80</size>
         <input_file_ref idref="fl-10"/>
      </object_component>
      <object_component id="oc-122">
         <name>Emif1ConfigRegsFile</name>
         <uninitialized>true</uninitialized>
         <run_address>0x5f480</run_address>
         <size>0x20</size>
         <input_file_ref idref="fl-10"/>
      </object_component>
      <object_component id="oc-124">
         <name>Emif2ConfigRegsFile</name>
         <uninitialized>true</uninitialized>
         <run_address>0x5f4a0</run_address>
         <size>0x20</size>
         <input_file_ref idref="fl-10"/>
      </object_component>
      <object_component id="oc-140">
         <name>AccessProtectionRegsFile</name>
         <uninitialized>true</uninitialized>
         <run_address>0x5f4c0</run_address>
         <size>0x40</size>
         <input_file_ref idref="fl-10"/>
      </object_component>
      <object_component id="oc-13f">
         <name>MemoryErrorRegsFile</name>
         <uninitialized>true</uninitialized>
         <run_address>0x5f500</run_address>
         <size>0x40</size>
         <input_file_ref idref="fl-10"/>
      </object_component>
      <object_component id="oc-103">
         <name>RomWaitStateRegsFile</name>
         <uninitialized>true</uninitialized>
         <run_address>0x5f540</run_address>
         <size>0x2</size>
         <input_file_ref idref="fl-10"/>
      </object_component>
      <object_component id="oc-136">
         <name>McbspaRegsFile</name>
         <uninitialized>true</uninitialized>
         <run_address>0x6000</run_address>
         <size>0x24</size>
         <input_file_ref idref="fl-10"/>
      </object_component>
      <object_component id="oc-139">
         <name>McbspbRegsFile</name>
         <uninitialized>true</uninitialized>
         <run_address>0x6040</run_address>
         <size>0x24</size>
         <input_file_ref idref="fl-10"/>
      </object_component>
      <object_component id="oc-143">
         <name>UppRegsFile</name>
         <uninitialized>true</uninitialized>
         <run_address>0x6200</run_address>
         <size>0x48</size>
         <input_file_ref idref="fl-10"/>
      </object_component>
      <object_component id="oc-108">
         <name>NmiIntruptRegsFile</name>
         <uninitialized>true</uninitialized>
         <run_address>0x7060</run_address>
         <size>0x7</size>
         <input_file_ref idref="fl-10"/>
      </object_component>
      <object_component id="oc-11c">
         <name>PieCtrlRegsFile</name>
         <uninitialized>true</uninitialized>
         <run_address>0xce0</run_address>
         <size>0x1a</size>
         <input_file_ref idref="fl-10"/>
      </object_component>
      <object_component id="oc-117">
         <name>SciaRegsFile</name>
         <uninitialized>true</uninitialized>
         <run_address>0x7200</run_address>
         <size>0x10</size>
         <input_file_ref idref="fl-10"/>
      </object_component>
      <object_component id="oc-113">
         <name>ScibRegsFile</name>
         <uninitialized>true</uninitialized>
         <run_address>0x7210</run_address>
         <size>0x10</size>
         <input_file_ref idref="fl-10"/>
      </object_component>
      <object_component id="oc-114">
         <name>ScicRegsFile</name>
         <uninitialized>true</uninitialized>
         <run_address>0x7220</run_address>
         <size>0x10</size>
         <input_file_ref idref="fl-10"/>
      </object_component>
      <object_component id="oc-115">
         <name>ScidRegsFile</name>
         <uninitialized>true</uninitialized>
         <run_address>0x7230</run_address>
         <size>0x10</size>
         <input_file_ref idref="fl-10"/>
      </object_component>
      <object_component id="oc-14d">
         <name>Sdfm1RegsFile</name>
         <uninitialized>true</uninitialized>
         <run_address>0x5e00</run_address>
         <size>0x80</size>
         <input_file_ref idref="fl-10"/>
      </object_component>
      <object_component id="oc-14b">
         <name>Sdfm2RegsFile</name>
         <uninitialized>true</uninitialized>
         <run_address>0x5e80</run_address>
         <size>0x80</size>
         <input_file_ref idref="fl-10"/>
      </object_component>
      <object_component id="oc-116">
         <name>SpiaRegsFile</name>
         <uninitialized>true</uninitialized>
         <run_address>0x6100</run_address>
         <size>0x10</size>
         <input_file_ref idref="fl-10"/>
      </object_component>
      <object_component id="oc-111">
         <name>SpibRegsFile</name>
         <uninitialized>true</uninitialized>
         <run_address>0x6110</run_address>
         <size>0x10</size>
         <input_file_ref idref="fl-10"/>
      </object_component>
      <object_component id="oc-112">
         <name>SpicRegsFile</name>
         <uninitialized>true</uninitialized>
         <run_address>0x6120</run_address>
         <size>0x10</size>
         <input_file_ref idref="fl-10"/>
      </object_component>
      <object_component id="oc-15c">
         <name>DevCfgRegsFile</name>
         <uninitialized>true</uninitialized>
         <run_address>0x5d000</run_address>
         <size>0x12e</size>
         <input_file_ref idref="fl-10"/>
      </object_component>
      <object_component id="oc-13d">
         <name>ClkCfgRegsFile</name>
         <uninitialized>true</uninitialized>
         <run_address>0x5d200</run_address>
         <size>0x32</size>
         <input_file_ref idref="fl-10"/>
      </object_component>
      <object_component id="oc-14e">
         <name>CpuSysRegsFile</name>
         <uninitialized>true</uninitialized>
         <run_address>0x5d300</run_address>
         <size>0x82</size>
         <input_file_ref idref="fl-10"/>
      </object_component>
      <object_component id="oc-107">
         <name>SyncSocRegsFile</name>
         <uninitialized>true</uninitialized>
         <run_address>0x7940</run_address>
         <size>0x6</size>
         <input_file_ref idref="fl-10"/>
      </object_component>
      <object_component id="oc-13b">
         <name>WdRegsFile</name>
         <uninitialized>true</uninitialized>
         <run_address>0x7000</run_address>
         <size>0x2b</size>
         <input_file_ref idref="fl-10"/>
      </object_component>
      <object_component id="oc-110">
         <name>XintRegsFile</name>
         <uninitialized>true</uninitialized>
         <run_address>0x7070</run_address>
         <size>0xb</size>
         <input_file_ref idref="fl-10"/>
      </object_component>
      <object_component id="oc-c5">
         <name>.cinit</name>
         <load_address>0x82000</load_address>
         <run_address>0x82000</run_address>
         <size>0x445</size>
         <input_file_ref idref="fl-7"/>
      </object_component>
      <object_component id="oc-a7">
         <name>.cinit</name>
         <load_address>0x82445</load_address>
         <run_address>0x82445</run_address>
         <size>0x2e</size>
         <input_file_ref idref="fl-3"/>
      </object_component>
      <object_component id="oc-b8">
         <name>.cinit</name>
         <load_address>0x82473</load_address>
         <run_address>0x82473</run_address>
         <size>0x11</size>
         <input_file_ref idref="fl-5"/>
      </object_component>
      <object_component id="oc-1f2">
         <name>.cinit</name>
         <load_address>0x82484</load_address>
         <run_address>0x82484</run_address>
         <size>0xe</size>
         <input_file_ref idref="fl-33"/>
      </object_component>
      <object_component id="oc-216">
         <name>.cinit:__lock</name>
         <load_address>0x82492</load_address>
         <run_address>0x82492</run_address>
         <size>0x5</size>
         <input_file_ref idref="fl-34"/>
      </object_component>
      <object_component id="oc-226">
         <name>.cinit:__unlock</name>
         <load_address>0x82497</load_address>
         <run_address>0x82497</run_address>
         <size>0x5</size>
         <input_file_ref idref="fl-34"/>
      </object_component>
      <object_component id="oc-190">
         <name>.cinit</name>
         <load_address>0x8249c</load_address>
         <run_address>0x8249c</run_address>
         <size>0x4</size>
         <input_file_ref idref="fl-19"/>
      </object_component>
      <object_component id="oc-1ee">
         <name>.cinit</name>
         <load_address>0x824a0</load_address>
         <run_address>0x824a0</run_address>
         <size>0x4</size>
         <input_file_ref idref="fl-32"/>
      </object_component>
      <object_component id="oc-ef">
         <name>.text:retain</name>
         <load_address>0x824a8</load_address>
         <run_address>0x824a8</run_address>
         <size>0x590</size>
         <input_file_ref idref="fl-d"/>
      </object_component>
      <object_component id="oc-212">
         <name>.text</name>
         <load_address>0x82a38</load_address>
         <run_address>0x82a38</run_address>
         <size>0x406</size>
         <input_file_ref idref="fl-e"/>
      </object_component>
      <object_component id="oc-21a">
         <name>.text</name>
         <load_address>0x82e3e</load_address>
         <run_address>0x82e3e</run_address>
         <size>0x34b</size>
         <input_file_ref idref="fl-18"/>
      </object_component>
      <object_component id="oc-21b">
         <name>.text</name>
         <load_address>0x83189</load_address>
         <run_address>0x83189</run_address>
         <size>0x244</size>
         <input_file_ref idref="fl-11"/>
      </object_component>
      <object_component id="oc-214">
         <name>.text</name>
         <load_address>0x833cd</load_address>
         <run_address>0x833cd</run_address>
         <size>0x1f9</size>
         <input_file_ref idref="fl-3"/>
      </object_component>
      <object_component id="oc-224">
         <name>.text</name>
         <load_address>0x835c6</load_address>
         <run_address>0x835c6</run_address>
         <size>0x171</size>
         <input_file_ref idref="fl-14"/>
      </object_component>
      <object_component id="oc-218">
         <name>.text</name>
         <load_address>0x83737</load_address>
         <run_address>0x83737</run_address>
         <size>0x12b</size>
         <input_file_ref idref="fl-27"/>
      </object_component>
      <object_component id="oc-19b">
         <name>.text</name>
         <load_address>0x83862</load_address>
         <run_address>0x83862</run_address>
         <size>0x11d</size>
         <input_file_ref idref="fl-22"/>
      </object_component>
      <object_component id="oc-221">
         <name>.text</name>
         <load_address>0x8397f</load_address>
         <run_address>0x8397f</run_address>
         <size>0xf8</size>
         <input_file_ref idref="fl-a"/>
      </object_component>
      <object_component id="oc-217">
         <name>.text</name>
         <load_address>0x83a77</load_address>
         <run_address>0x83a77</run_address>
         <size>0xf3</size>
         <input_file_ref idref="fl-7"/>
      </object_component>
      <object_component id="oc-220">
         <name>.text</name>
         <load_address>0x83b6a</load_address>
         <run_address>0x83b6a</run_address>
         <size>0xdf</size>
         <input_file_ref idref="fl-5"/>
      </object_component>
      <object_component id="oc-22b">
         <name>.text</name>
         <load_address>0x83c49</load_address>
         <run_address>0x83c49</run_address>
         <size>0xdd</size>
         <input_file_ref idref="fl-b"/>
      </object_component>
      <object_component id="oc-223">
         <name>.text</name>
         <load_address>0x83d26</load_address>
         <run_address>0x83d26</run_address>
         <size>0xcb</size>
         <input_file_ref idref="fl-6"/>
      </object_component>
      <object_component id="oc-222">
         <name>.text</name>
         <load_address>0x83df1</load_address>
         <run_address>0x83df1</run_address>
         <size>0xa9</size>
         <input_file_ref idref="fl-4"/>
      </object_component>
      <object_component id="oc-21e">
         <name>.text</name>
         <load_address>0x83e9a</load_address>
         <run_address>0x83e9a</run_address>
         <size>0x9f</size>
         <input_file_ref idref="fl-8"/>
      </object_component>
      <object_component id="oc-1cf">
         <name>.text</name>
         <load_address>0x83f39</load_address>
         <run_address>0x83f39</run_address>
         <size>0x88</size>
         <input_file_ref idref="fl-2c"/>
      </object_component>
      <object_component id="oc-219">
         <name>.text</name>
         <load_address>0x83fc1</load_address>
         <run_address>0x83fc1</run_address>
         <size>0x38</size>
         <input_file_ref idref="fl-29"/>
      </object_component>
      <object_component id="oc-20d">
         <name>.text</name>
         <load_address>0x83ff9</load_address>
         <run_address>0x83ff9</run_address>
         <size>0x2</size>
         <input_file_ref idref="fl-30"/>
      </object_component>
      <object_component id="oc-20f">
         <name>.text</name>
         <load_address>0x83ffb</load_address>
         <run_address>0x83ffb</run_address>
         <size>0x1</size>
         <input_file_ref idref="fl-31"/>
      </object_component>
      <object_component id="oc-1a5">
         <name>.text</name>
         <load_address>0x84000</load_address>
         <run_address>0x84000</run_address>
         <size>0x86</size>
         <input_file_ref idref="fl-24"/>
      </object_component>
      <object_component id="oc-227">
         <name>.text</name>
         <load_address>0x84086</load_address>
         <run_address>0x84086</run_address>
         <size>0x6a</size>
         <input_file_ref idref="fl-25"/>
      </object_component>
      <object_component id="oc-22d">
         <name>.text</name>
         <load_address>0x840f0</load_address>
         <run_address>0x840f0</run_address>
         <size>0x61</size>
         <input_file_ref idref="fl-28"/>
      </object_component>
      <object_component id="oc-22e">
         <name>.text</name>
         <load_address>0x84151</load_address>
         <run_address>0x84151</run_address>
         <size>0x58</size>
         <input_file_ref idref="fl-2a"/>
      </object_component>
      <object_component id="oc-228">
         <name>.text</name>
         <load_address>0x841a9</load_address>
         <run_address>0x841a9</run_address>
         <size>0x57</size>
         <input_file_ref idref="fl-37"/>
      </object_component>
      <object_component id="oc-97">
         <name>.text</name>
         <load_address>0x84200</load_address>
         <run_address>0x84200</run_address>
         <size>0x56</size>
         <input_file_ref idref="fl-2b"/>
      </object_component>
      <object_component id="oc-1a0">
         <name>.text</name>
         <load_address>0x84256</load_address>
         <run_address>0x84256</run_address>
         <size>0x4e</size>
         <input_file_ref idref="fl-23"/>
      </object_component>
      <object_component id="oc-21f">
         <name>.text</name>
         <load_address>0x842a4</load_address>
         <run_address>0x842a4</run_address>
         <size>0x4a</size>
         <input_file_ref idref="fl-9"/>
      </object_component>
      <object_component id="oc-211">
         <name>.text</name>
         <load_address>0x842ee</load_address>
         <run_address>0x842ee</run_address>
         <size>0x29</size>
         <input_file_ref idref="fl-33"/>
      </object_component>
      <object_component id="oc-21c">
         <name>.text</name>
         <load_address>0x84317</load_address>
         <run_address>0x84317</run_address>
         <size>0x28</size>
         <input_file_ref idref="fl-15"/>
      </object_component>
      <object_component id="oc-21d">
         <name>.text</name>
         <load_address>0x8433f</load_address>
         <run_address>0x8433f</run_address>
         <size>0x26</size>
         <input_file_ref idref="fl-16"/>
      </object_component>
      <object_component id="oc-1af">
         <name>.text</name>
         <load_address>0x84366</load_address>
         <run_address>0x84366</run_address>
         <size>0x25</size>
         <input_file_ref idref="fl-26"/>
      </object_component>
      <object_component id="oc-20e">
         <name>.text</name>
         <load_address>0x8438b</load_address>
         <run_address>0x8438b</run_address>
         <size>0x24</size>
         <input_file_ref idref="fl-2e"/>
      </object_component>
      <object_component id="oc-213">
         <name>.text</name>
         <load_address>0x843af</load_address>
         <run_address>0x843af</run_address>
         <size>0x1e</size>
         <input_file_ref idref="fl-2f"/>
      </object_component>
      <object_component id="oc-210">
         <name>.text</name>
         <load_address>0x843cd</load_address>
         <run_address>0x843cd</run_address>
         <size>0x19</size>
         <input_file_ref idref="fl-35"/>
      </object_component>
      <object_component id="oc-1d4">
         <name>.text</name>
         <load_address>0x843e6</load_address>
         <run_address>0x843e6</run_address>
         <size>0x18</size>
         <input_file_ref idref="fl-2d"/>
      </object_component>
      <object_component id="oc-225">
         <name>.text</name>
         <load_address>0x843fe</load_address>
         <run_address>0x843fe</run_address>
         <size>0x9</size>
         <input_file_ref idref="fl-34"/>
      </object_component>
      <object_component id="oc-e8">
         <name>.text</name>
         <load_address>0x84407</load_address>
         <run_address>0x84407</run_address>
         <size>0x8</size>
         <input_file_ref idref="fl-c"/>
      </object_component>
      <object_component id="oc-e9">
         <name>codestart</name>
         <load_address>0x80000</load_address>
         <run_address>0x80000</run_address>
         <size>0x2</size>
         <input_file_ref idref="fl-c"/>
      </object_component>
      <object_component id="oc-1c9">
         <name>.stack</name>
         <uninitialized>true</uninitialized>
         <run_address>0x400</run_address>
         <size>0x0</size>
         <input_file_ref idref="fl-2b"/>
      </object_component>
      <object_component id="oc-2cd">
         <name>.stack</name>
         <uninitialized>true</uninitialized>
         <run_address>0x400</run_address>
         <size>0x0</size>
      </object_component>
      <object_component id="oc-a9">
         <name>.ebss</name>
         <uninitialized>true</uninitialized>
         <run_address>0xb840</run_address>
         <size>0x26</size>
         <input_file_ref idref="fl-3"/>
      </object_component>
      <object_component id="oc-c6">
         <name>.ebss</name>
         <uninitialized>true</uninitialized>
         <run_address>0xb800</run_address>
         <size>0x30</size>
         <input_file_ref idref="fl-7"/>
      </object_component>
      <object_component id="oc-d3">
         <name>.ebss</name>
         <uninitialized>true</uninitialized>
         <run_address>0xb83b</run_address>
         <size>0x1</size>
         <input_file_ref idref="fl-8"/>
      </object_component>
      <object_component id="oc-191">
         <name>.ebss</name>
         <uninitialized>true</uninitialized>
         <run_address>0xb83a</run_address>
         <size>0x1</size>
         <input_file_ref idref="fl-19"/>
      </object_component>
      <object_component id="oc-1ef">
         <name>.ebss</name>
         <uninitialized>true</uninitialized>
         <run_address>0xb83c</run_address>
         <size>0x1</size>
         <input_file_ref idref="fl-32"/>
      </object_component>
      <object_component id="oc-1f3">
         <name>.ebss</name>
         <uninitialized>true</uninitialized>
         <run_address>0xb830</run_address>
         <size>0x6</size>
         <input_file_ref idref="fl-33"/>
      </object_component>
      <object_component id="oc-22c">
         <name>.ebss:__unlock</name>
         <uninitialized>true</uninitialized>
         <run_address>0xb838</run_address>
         <size>0x2</size>
         <input_file_ref idref="fl-34"/>
      </object_component>
      <object_component id="oc-215">
         <name>.ebss:__lock</name>
         <uninitialized>true</uninitialized>
         <run_address>0xb836</run_address>
         <size>0x2</size>
         <input_file_ref idref="fl-34"/>
      </object_component>
      <object_component id="oc-22a">
         <name>.econst:_PieVectTableInit</name>
         <load_address>0x90000</load_address>
         <run_address>0x90000</run_address>
         <size>0x1c0</size>
         <input_file_ref idref="fl-16"/>
      </object_component>
      <object_component id="oc-d4">
         <name>.econst:.string</name>
         <load_address>0x901c0</load_address>
         <run_address>0x901c0</run_address>
         <size>0x78</size>
         <input_file_ref idref="fl-8"/>
      </object_component>
      <object_component id="oc-1b5">
         <name>.econst</name>
         <load_address>0x90238</load_address>
         <run_address>0x90238</run_address>
         <size>0x10</size>
         <input_file_ref idref="fl-27"/>
      </object_component>
      <object_component id="oc-208">
         <name>.econst</name>
         <load_address>0x90248</load_address>
         <run_address>0x90248</run_address>
         <size>0x2</size>
         <input_file_ref idref="fl-37"/>
      </object_component>
      <object_component id="oc-1ca">
         <name>.reset</name>
         <load_address>0x3fffc0</load_address>
         <run_address>0x3fffc0</run_address>
         <size>0x2</size>
         <input_file_ref idref="fl-2b"/>
      </object_component>
      <object_component id="oc-9a">
         <name>.scratchpad:Cla1Prog:_Cla1Task1</name>
         <uninitialized>true</uninitialized>
         <run_address>0x8000</run_address>
         <size>0xa</size>
         <input_file_ref idref="fl-2"/>
      </object_component>
      <object_component id="oc-99">
         <name>Cla1Prog:_Cla1Task1</name>
         <load_address>0x86000</load_address>
         <run_address>0x9000</run_address>
         <size>0x894</size>
         <input_file_ref idref="fl-2"/>
      </object_component>
      <object_component id="oc-9b">
         <name>Cla1Prog:_Cla1Task2</name>
         <load_address>0x86894</load_address>
         <run_address>0x9894</run_address>
         <size>0x8</size>
         <input_file_ref idref="fl-2"/>
      </object_component>
      <object_component id="oc-9c">
         <name>Cla1Prog:_Cla1Task3</name>
         <load_address>0x8689c</load_address>
         <run_address>0x989c</run_address>
         <size>0x8</size>
         <input_file_ref idref="fl-2"/>
      </object_component>
      <object_component id="oc-9d">
         <name>Cla1Prog:_Cla1Task4</name>
         <load_address>0x868a4</load_address>
         <run_address>0x98a4</run_address>
         <size>0x8</size>
         <input_file_ref idref="fl-2"/>
      </object_component>
      <object_component id="oc-9e">
         <name>Cla1Prog:_Cla1Task5</name>
         <load_address>0x868ac</load_address>
         <run_address>0x98ac</run_address>
         <size>0x8</size>
         <input_file_ref idref="fl-2"/>
      </object_component>
      <object_component id="oc-9f">
         <name>Cla1Prog:_Cla1Task6</name>
         <load_address>0x868b4</load_address>
         <run_address>0x98b4</run_address>
         <size>0x8</size>
         <input_file_ref idref="fl-2"/>
      </object_component>
      <object_component id="oc-a0">
         <name>Cla1Prog:_Cla1Task7</name>
         <load_address>0x868bc</load_address>
         <run_address>0x98bc</run_address>
         <size>0x8</size>
         <input_file_ref idref="fl-2"/>
      </object_component>
      <object_component id="oc-a1">
         <name>Cla1Prog:_Cla1Task8</name>
         <load_address>0x868c4</load_address>
         <run_address>0x98c4</run_address>
         <size>0x8</size>
         <input_file_ref idref="fl-2"/>
      </object_component>
      <object_component id="oc-ad">
         <name>.TI.ramfunc:retain</name>
         <load_address>0x84410</load_address>
         <run_address>0xa000</run_address>
         <size>0x13d</size>
         <input_file_ref idref="fl-3"/>
      </object_component>
      <object_component id="oc-229">
         <name>.TI.ramfunc</name>
         <load_address>0x8454d</load_address>
         <run_address>0xa13d</run_address>
         <size>0x37</size>
         <input_file_ref idref="fl-18"/>
      </object_component>
      <object_component id="oc-170">
         <name>PUTBUFFER</name>
         <uninitialized>true</uninitialized>
         <run_address>0x3fc00</run_address>
         <size>0x80</size>
         <input_file_ref idref="fl-13"/>
      </object_component>
      <object_component id="oc-16d">
         <name>PUTWRITEIDX</name>
         <uninitialized>true</uninitialized>
         <run_address>0x3fc80</run_address>
         <size>0x4</size>
         <input_file_ref idref="fl-13"/>
      </object_component>
      <object_component id="oc-16f">
         <name>GETREADIDX</name>
         <uninitialized>true</uninitialized>
         <run_address>0x3fc84</run_address>
         <size>0x4</size>
         <input_file_ref idref="fl-13"/>
      </object_component>
      <object_component id="oc-171">
         <name>GETBUFFER</name>
         <uninitialized>true</uninitialized>
         <run_address>0x3f800</run_address>
         <size>0x80</size>
         <input_file_ref idref="fl-13"/>
      </object_component>
      <object_component id="oc-16c">
         <name>GETWRITEIDX</name>
         <uninitialized>true</uninitialized>
         <run_address>0x3f880</run_address>
         <size>0x4</size>
         <input_file_ref idref="fl-13"/>
      </object_component>
      <object_component id="oc-16e">
         <name>PUTREADIDX</name>
         <uninitialized>true</uninitialized>
         <run_address>0x3f884</run_address>
         <size>0x4</size>
         <input_file_ref idref="fl-13"/>
      </object_component>
      <object_component id="oc-cc">
         <name>RFFT1Input</name>
         <uninitialized>true</uninitialized>
         <run_address>0xc000</run_address>
         <size>0x800</size>
         <input_file_ref idref="fl-7"/>
      </object_component>
      <object_component id="oc-cb">
         <name>RFFT1Output</name>
         <uninitialized>true</uninitialized>
         <run_address>0xc800</run_address>
         <size>0x800</size>
         <input_file_ref idref="fl-7"/>
      </object_component>
      <object_component id="oc-ca">
         <name>RFFT1Magnitude</name>
         <uninitialized>true</uninitialized>
         <run_address>0xd800</run_address>
         <size>0x400</size>
         <input_file_ref idref="fl-7"/>
      </object_component>
      <object_component id="oc-cd">
         <name>RFFT1F32Coef</name>
         <uninitialized>true</uninitialized>
         <run_address>0xd000</run_address>
         <size>0x800</size>
         <input_file_ref idref="fl-7"/>
      </object_component>
      <object_component id="oc-c9">
         <name>RFFT1Phase</name>
         <uninitialized>true</uninitialized>
         <run_address>0xdc00</run_address>
         <size>0x400</size>
         <input_file_ref idref="fl-7"/>
      </object_component>
      <object_component id="oc-c8">
         <name>RFFTwindow</name>
         <uninitialized>true</uninitialized>
         <run_address>0x10000</run_address>
         <size>0x400</size>
         <input_file_ref idref="fl-7"/>
      </object_component>
      <object_component id="oc-ab">
         <name>CircBuff2</name>
         <uninitialized>true</uninitialized>
         <run_address>0x11000</run_address>
         <size>0x800</size>
         <input_file_ref idref="fl-3"/>
      </object_component>
      <object_component id="oc-aa">
         <name>CircBuff4</name>
         <uninitialized>true</uninitialized>
         <run_address>0x11800</run_address>
         <size>0x800</size>
         <input_file_ref idref="fl-3"/>
      </object_component>
      <object_component id="oc-ac">
         <name>CircBuff6</name>
         <uninitialized>true</uninitialized>
         <run_address>0x12000</run_address>
         <size>0x800</size>
         <input_file_ref idref="fl-3"/>
      </object_component>
      <object_component id="oc-b9">
         <name>CpuToCla1MsgRAM</name>
         <uninitialized>true</uninitialized>
         <run_address>0x1500</run_address>
         <size>0xe</size>
         <input_file_ref idref="fl-5"/>
      </object_component>
      <object_component id="oc-a8">
         <name>Cla1Data1</name>
         <uninitialized>true</uninitialized>
         <run_address>0x892c</run_address>
         <size>0x1</size>
         <input_file_ref idref="fl-3"/>
      </object_component>
      <object_component id="oc-ba">
         <name>Cla1Data1</name>
         <uninitialized>true</uninitialized>
         <run_address>0x8800</run_address>
         <size>0x12c</size>
         <input_file_ref idref="fl-5"/>
      </object_component>
      <object_component id="oc-c7">
         <name>FECPU2</name>
         <uninitialized>true</uninitialized>
         <run_address>0x3f800</run_address>
         <size>0xe</size>
         <input_file_ref idref="fl-7"/>
      </object_component>
      <object_component id="oc-98">
         <name>.debug_info</name>
         <load_address>0x0</load_address>
         <run_address>0x0</run_address>
         <size>0x103a</size>
         <input_file_ref idref="fl-2"/>
      </object_component>
      <object_component id="oc-a6">
         <name>.debug_info</name>
         <load_address>0x103a</load_address>
         <run_address>0x103a</run_address>
         <size>0x1dbda</size>
         <input_file_ref idref="fl-3"/>
      </object_component>
      <object_component id="oc-b2">
         <name>.debug_info</name>
         <load_address>0x1ec14</load_address>
         <run_address>0x1ec14</run_address>
         <size>0x7d28</size>
         <input_file_ref idref="fl-4"/>
      </object_component>
      <object_component id="oc-b7">
         <name>.debug_info</name>
         <load_address>0x2693c</load_address>
         <run_address>0x2693c</run_address>
         <size>0x1c7a9</size>
         <input_file_ref idref="fl-5"/>
      </object_component>
      <object_component id="oc-bf">
         <name>.debug_info</name>
         <load_address>0x430e5</load_address>
         <run_address>0x430e5</run_address>
         <size>0x40ed</size>
         <input_file_ref idref="fl-6"/>
      </object_component>
      <object_component id="oc-c4">
         <name>.debug_info</name>
         <load_address>0x471d2</load_address>
         <run_address>0x471d2</run_address>
         <size>0xd2f</size>
         <input_file_ref idref="fl-7"/>
      </object_component>
      <object_component id="oc-d2">
         <name>.debug_info</name>
         <load_address>0x47f01</load_address>
         <run_address>0x47f01</run_address>
         <size>0x1942</size>
         <input_file_ref idref="fl-8"/>
      </object_component>
      <object_component id="oc-d9">
         <name>.debug_info</name>
         <load_address>0x49843</load_address>
         <run_address>0x49843</run_address>
         <size>0x10065</size>
         <input_file_ref idref="fl-9"/>
      </object_component>
      <object_component id="oc-de">
         <name>.debug_info</name>
         <load_address>0x598a8</load_address>
         <run_address>0x598a8</run_address>
         <size>0x10887</size>
         <input_file_ref idref="fl-a"/>
      </object_component>
      <object_component id="oc-e3">
         <name>.debug_info</name>
         <load_address>0x6a12f</load_address>
         <run_address>0x6a12f</run_address>
         <size>0x4b5c</size>
         <input_file_ref idref="fl-b"/>
      </object_component>
      <object_component id="oc-ea">
         <name>.debug_info</name>
         <load_address>0x6ec8b</load_address>
         <run_address>0x6ec8b</run_address>
         <size>0x2f9</size>
         <input_file_ref idref="fl-c"/>
      </object_component>
      <object_component id="oc-ee">
         <name>.debug_info</name>
         <load_address>0x6ef84</load_address>
         <run_address>0x6ef84</run_address>
         <size>0x1370a</size>
         <input_file_ref idref="fl-d"/>
      </object_component>
      <object_component id="oc-f4">
         <name>.debug_info</name>
         <load_address>0x8268e</load_address>
         <run_address>0x8268e</run_address>
         <size>0x9c62</size>
         <input_file_ref idref="fl-e"/>
      </object_component>
      <object_component id="oc-f9">
         <name>.debug_info</name>
         <load_address>0x8c2f0</load_address>
         <run_address>0x8c2f0</run_address>
         <size>0xf4ca</size>
         <input_file_ref idref="fl-f"/>
      </object_component>
      <object_component id="oc-fe">
         <name>.debug_info</name>
         <load_address>0x9b7ba</load_address>
         <run_address>0x9b7ba</run_address>
         <size>0x4dfc7</size>
         <input_file_ref idref="fl-10"/>
      </object_component>
      <object_component id="oc-161">
         <name>.debug_info</name>
         <load_address>0xe9781</load_address>
         <run_address>0xe9781</run_address>
         <size>0x1ad3f</size>
         <input_file_ref idref="fl-11"/>
      </object_component>
      <object_component id="oc-166">
         <name>.debug_info</name>
         <load_address>0x1044c0</load_address>
         <run_address>0x1044c0</run_address>
         <size>0x1726</size>
         <input_file_ref idref="fl-12"/>
      </object_component>
      <object_component id="oc-16b">
         <name>.debug_info</name>
         <load_address>0x105be6</load_address>
         <run_address>0x105be6</run_address>
         <size>0x1a85</size>
         <input_file_ref idref="fl-13"/>
      </object_component>
      <object_component id="oc-176">
         <name>.debug_info</name>
         <load_address>0x10766b</load_address>
         <run_address>0x10766b</run_address>
         <size>0x18cf1</size>
         <input_file_ref idref="fl-14"/>
      </object_component>
      <object_component id="oc-17b">
         <name>.debug_info</name>
         <load_address>0x12035c</load_address>
         <run_address>0x12035c</run_address>
         <size>0x3845</size>
         <input_file_ref idref="fl-15"/>
      </object_component>
      <object_component id="oc-180">
         <name>.debug_info</name>
         <load_address>0x123ba1</load_address>
         <run_address>0x123ba1</run_address>
         <size>0x690a</size>
         <input_file_ref idref="fl-16"/>
      </object_component>
      <object_component id="oc-185">
         <name>.debug_info</name>
         <load_address>0x12a4ab</load_address>
         <run_address>0x12a4ab</run_address>
         <size>0xfdb1</size>
         <input_file_ref idref="fl-17"/>
      </object_component>
      <object_component id="oc-18a">
         <name>.debug_info</name>
         <load_address>0x13a25c</load_address>
         <run_address>0x13a25c</run_address>
         <size>0xe161</size>
         <input_file_ref idref="fl-18"/>
      </object_component>
      <object_component id="oc-18f">
         <name>.debug_info</name>
         <load_address>0x1483bd</load_address>
         <run_address>0x1483bd</run_address>
         <size>0x34ea</size>
         <input_file_ref idref="fl-19"/>
      </object_component>
      <object_component id="oc-197">
         <name>.debug_info</name>
         <load_address>0x14b8a7</load_address>
         <run_address>0x14b8a7</run_address>
         <size>0x243</size>
         <input_file_ref idref="fl-1a"/>
      </object_component>
      <object_component id="oc-19c">
         <name>.debug_info</name>
         <load_address>0x14baea</load_address>
         <run_address>0x14baea</run_address>
         <size>0x2a8</size>
         <input_file_ref idref="fl-22"/>
      </object_component>
      <object_component id="oc-1a1">
         <name>.debug_info</name>
         <load_address>0x14bd92</load_address>
         <run_address>0x14bd92</run_address>
         <size>0x18e</size>
         <input_file_ref idref="fl-23"/>
      </object_component>
      <object_component id="oc-1a6">
         <name>.debug_info</name>
         <load_address>0x14bf20</load_address>
         <run_address>0x14bf20</run_address>
         <size>0x192</size>
         <input_file_ref idref="fl-24"/>
      </object_component>
      <object_component id="oc-1aa">
         <name>.debug_info</name>
         <load_address>0x14c0b2</load_address>
         <run_address>0x14c0b2</run_address>
         <size>0x681</size>
         <input_file_ref idref="fl-25"/>
      </object_component>
      <object_component id="oc-1b0">
         <name>.debug_info</name>
         <load_address>0x14c733</load_address>
         <run_address>0x14c733</run_address>
         <size>0x183</size>
         <input_file_ref idref="fl-26"/>
      </object_component>
      <object_component id="oc-1b4">
         <name>.debug_info</name>
         <load_address>0x14c8b6</load_address>
         <run_address>0x14c8b6</run_address>
         <size>0x553</size>
         <input_file_ref idref="fl-27"/>
      </object_component>
      <object_component id="oc-1ba">
         <name>.debug_info</name>
         <load_address>0x14ce09</load_address>
         <run_address>0x14ce09</run_address>
         <size>0x404</size>
         <input_file_ref idref="fl-28"/>
      </object_component>
      <object_component id="oc-1bf">
         <name>.debug_info</name>
         <load_address>0x14d20d</load_address>
         <run_address>0x14d20d</run_address>
         <size>0x457</size>
         <input_file_ref idref="fl-29"/>
      </object_component>
      <object_component id="oc-1c4">
         <name>.debug_info</name>
         <load_address>0x14d664</load_address>
         <run_address>0x14d664</run_address>
         <size>0x416</size>
         <input_file_ref idref="fl-2a"/>
      </object_component>
      <object_component id="oc-1cb">
         <name>.debug_info</name>
         <load_address>0x14da7a</load_address>
         <run_address>0x14da7a</run_address>
         <size>0x16b</size>
         <input_file_ref idref="fl-2b"/>
      </object_component>
      <object_component id="oc-1d0">
         <name>.debug_info</name>
         <load_address>0x14dbe5</load_address>
         <run_address>0x14dbe5</run_address>
         <size>0x10c</size>
         <input_file_ref idref="fl-2c"/>
      </object_component>
      <object_component id="oc-1d5">
         <name>.debug_info</name>
         <load_address>0x14dcf1</load_address>
         <run_address>0x14dcf1</run_address>
         <size>0x16e</size>
         <input_file_ref idref="fl-2d"/>
      </object_component>
      <object_component id="oc-1d9">
         <name>.debug_info</name>
         <load_address>0x14de5f</load_address>
         <run_address>0x14de5f</run_address>
         <size>0x574</size>
         <input_file_ref idref="fl-2e"/>
      </object_component>
      <object_component id="oc-1de">
         <name>.debug_info</name>
         <load_address>0x14e3d3</load_address>
         <run_address>0x14e3d3</run_address>
         <size>0x46f</size>
         <input_file_ref idref="fl-2f"/>
      </object_component>
      <object_component id="oc-1e3">
         <name>.debug_info</name>
         <load_address>0x14e842</load_address>
         <run_address>0x14e842</run_address>
         <size>0x3e2</size>
         <input_file_ref idref="fl-30"/>
      </object_component>
      <object_component id="oc-1e8">
         <name>.debug_info</name>
         <load_address>0x14ec24</load_address>
         <run_address>0x14ec24</run_address>
         <size>0x3df</size>
         <input_file_ref idref="fl-31"/>
      </object_component>
      <object_component id="oc-1ed">
         <name>.debug_info</name>
         <load_address>0x14f003</load_address>
         <run_address>0x14f003</run_address>
         <size>0x1bb</size>
         <input_file_ref idref="fl-32"/>
      </object_component>
      <object_component id="oc-1f1">
         <name>.debug_info</name>
         <load_address>0x14f1be</load_address>
         <run_address>0x14f1be</run_address>
         <size>0x579</size>
         <input_file_ref idref="fl-33"/>
      </object_component>
      <object_component id="oc-1f8">
         <name>.debug_info</name>
         <load_address>0x14f737</load_address>
         <run_address>0x14f737</run_address>
         <size>0x501</size>
         <input_file_ref idref="fl-34"/>
      </object_component>
      <object_component id="oc-1fd">
         <name>.debug_info</name>
         <load_address>0x14fc38</load_address>
         <run_address>0x14fc38</run_address>
         <size>0x49c</size>
         <input_file_ref idref="fl-35"/>
      </object_component>
      <object_component id="oc-202">
         <name>.debug_info</name>
         <load_address>0x1500d4</load_address>
         <run_address>0x1500d4</run_address>
         <size>0x3ab</size>
         <input_file_ref idref="fl-36"/>
      </object_component>
      <object_component id="oc-207">
         <name>.debug_info</name>
         <load_address>0x15047f</load_address>
         <run_address>0x15047f</run_address>
         <size>0x44d</size>
         <input_file_ref idref="fl-37"/>
      </object_component>
      <object_component id="oc-2d1">
         <name>.debug_info</name>
         <load_address>0x1508cc</load_address>
         <run_address>0x1508cc</run_address>
         <size>0xfe</size>
      </object_component>
      <object_component id="oc-a2">
         <name>.debug_frame</name>
         <load_address>0x0</load_address>
         <run_address>0x0</run_address>
         <size>0x94</size>
         <input_file_ref idref="fl-2"/>
      </object_component>
      <object_component id="oc-ae">
         <name>.debug_frame</name>
         <load_address>0x94</load_address>
         <run_address>0x94</run_address>
         <size>0x294</size>
         <input_file_ref idref="fl-3"/>
      </object_component>
      <object_component id="oc-b3">
         <name>.debug_frame</name>
         <load_address>0x328</load_address>
         <run_address>0x328</run_address>
         <size>0x80</size>
         <input_file_ref idref="fl-4"/>
      </object_component>
      <object_component id="oc-bb">
         <name>.debug_frame</name>
         <load_address>0x3a8</load_address>
         <run_address>0x3a8</run_address>
         <size>0x64</size>
         <input_file_ref idref="fl-5"/>
      </object_component>
      <object_component id="oc-c0">
         <name>.debug_frame</name>
         <load_address>0x40c</load_address>
         <run_address>0x40c</run_address>
         <size>0x64</size>
         <input_file_ref idref="fl-6"/>
      </object_component>
      <object_component id="oc-ce">
         <name>.debug_frame</name>
         <load_address>0x470</load_address>
         <run_address>0x470</run_address>
         <size>0x68</size>
         <input_file_ref idref="fl-7"/>
      </object_component>
      <object_component id="oc-d5">
         <name>.debug_frame</name>
         <load_address>0x4d8</load_address>
         <run_address>0x4d8</run_address>
         <size>0xb0</size>
         <input_file_ref idref="fl-8"/>
      </object_component>
      <object_component id="oc-da">
         <name>.debug_frame</name>
         <load_address>0x588</load_address>
         <run_address>0x588</run_address>
         <size>0x60</size>
         <input_file_ref idref="fl-9"/>
      </object_component>
      <object_component id="oc-df">
         <name>.debug_frame</name>
         <load_address>0x5e8</load_address>
         <run_address>0x5e8</run_address>
         <size>0xc0</size>
         <input_file_ref idref="fl-a"/>
      </object_component>
      <object_component id="oc-e4">
         <name>.debug_frame</name>
         <load_address>0x6a8</load_address>
         <run_address>0x6a8</run_address>
         <size>0x68</size>
         <input_file_ref idref="fl-b"/>
      </object_component>
      <object_component id="oc-f0">
         <name>.debug_frame</name>
         <load_address>0x710</load_address>
         <run_address>0x710</run_address>
         <size>0x1640</size>
         <input_file_ref idref="fl-d"/>
      </object_component>
      <object_component id="oc-f5">
         <name>.debug_frame</name>
         <load_address>0x1d50</load_address>
         <run_address>0x1d50</run_address>
         <size>0x4c8</size>
         <input_file_ref idref="fl-e"/>
      </object_component>
      <object_component id="oc-fa">
         <name>.debug_frame</name>
         <load_address>0x2218</load_address>
         <run_address>0x2218</run_address>
         <size>0x30</size>
         <input_file_ref idref="fl-f"/>
      </object_component>
      <object_component id="oc-162">
         <name>.debug_frame</name>
         <load_address>0x2248</load_address>
         <run_address>0x2248</run_address>
         <size>0x1b0</size>
         <input_file_ref idref="fl-11"/>
      </object_component>
      <object_component id="oc-167">
         <name>.debug_frame</name>
         <load_address>0x23f8</load_address>
         <run_address>0x23f8</run_address>
         <size>0x30</size>
         <input_file_ref idref="fl-12"/>
      </object_component>
      <object_component id="oc-172">
         <name>.debug_frame</name>
         <load_address>0x2428</load_address>
         <run_address>0x2428</run_address>
         <size>0x30</size>
         <input_file_ref idref="fl-13"/>
      </object_component>
      <object_component id="oc-177">
         <name>.debug_frame</name>
         <load_address>0x2458</load_address>
         <run_address>0x2458</run_address>
         <size>0xf4</size>
         <input_file_ref idref="fl-14"/>
      </object_component>
      <object_component id="oc-17c">
         <name>.debug_frame</name>
         <load_address>0x254c</load_address>
         <run_address>0x254c</run_address>
         <size>0x60</size>
         <input_file_ref idref="fl-15"/>
      </object_component>
      <object_component id="oc-181">
         <name>.debug_frame</name>
         <load_address>0x25ac</load_address>
         <run_address>0x25ac</run_address>
         <size>0x4c</size>
         <input_file_ref idref="fl-16"/>
      </object_component>
      <object_component id="oc-186">
         <name>.debug_frame</name>
         <load_address>0x25f8</load_address>
         <run_address>0x25f8</run_address>
         <size>0x30</size>
         <input_file_ref idref="fl-17"/>
      </object_component>
      <object_component id="oc-18b">
         <name>.debug_frame</name>
         <load_address>0x2628</load_address>
         <run_address>0x2628</run_address>
         <size>0x24c</size>
         <input_file_ref idref="fl-18"/>
      </object_component>
      <object_component id="oc-192">
         <name>.debug_frame</name>
         <load_address>0x2874</load_address>
         <run_address>0x2874</run_address>
         <size>0x30</size>
         <input_file_ref idref="fl-19"/>
      </object_component>
      <object_component id="oc-1ab">
         <name>.debug_frame</name>
         <load_address>0x2ccc</load_address>
         <run_address>0x2ccc</run_address>
         <size>0xc3</size>
         <input_file_ref idref="fl-25"/>
      </object_component>
      <object_component id="oc-1b6">
         <name>.debug_frame</name>
         <load_address>0x28a4</load_address>
         <run_address>0x28a4</run_address>
         <size>0x60</size>
         <input_file_ref idref="fl-27"/>
      </object_component>
      <object_component id="oc-1bb">
         <name>.debug_frame</name>
         <load_address>0x2904</load_address>
         <run_address>0x2904</run_address>
         <size>0x4c</size>
         <input_file_ref idref="fl-28"/>
      </object_component>
      <object_component id="oc-1c0">
         <name>.debug_frame</name>
         <load_address>0x2950</load_address>
         <run_address>0x2950</run_address>
         <size>0x4c</size>
         <input_file_ref idref="fl-29"/>
      </object_component>
      <object_component id="oc-1c5">
         <name>.debug_frame</name>
         <load_address>0x299c</load_address>
         <run_address>0x299c</run_address>
         <size>0x4c</size>
         <input_file_ref idref="fl-2a"/>
      </object_component>
      <object_component id="oc-1da">
         <name>.debug_frame</name>
         <load_address>0x29e8</load_address>
         <run_address>0x29e8</run_address>
         <size>0x68</size>
         <input_file_ref idref="fl-2e"/>
      </object_component>
      <object_component id="oc-1df">
         <name>.debug_frame</name>
[...]
         <object_component_ref idref="oc-10e"/>
      </symbol>
      <symbol id="sm-546">
         <name>_McbspaRegs</name>
         <value>0x6000</value>
         <object_component_ref idref="oc-136"/>
      </symbol>
      <symbol id="sm-547">
         <name>_EPwm1Regs</name>
         <value>0x4000</value>
         <object_component_ref idref="oc-154"/>
      </symbol>
      <symbol id="sm-548">
         <name>_AdcbRegs</name>
         <value>0x7480</value>
         <object_component_ref idref="oc-149"/>
      </symbol>
      <symbol id="sm-549">
         <name>_ScibRegs</name>
         <value>0x7210</value>
         <object_component_ref idref="oc-113"/>
      </symbol>
      <symbol id="sm-54a">
         <name>_AdcaResultRegs</name>
         <value>0xb00</value>
         <object_component_ref idref="oc-119"/>
      </symbol>
      <symbol id="sm-54b">
         <name>_ECap2Regs</name>
         <value>0x5020</value>
         <object_component_ref idref="oc-12d"/>
      </symbol>
      <symbol id="sm-54c">
         <name>_EPwm12Regs</name>
         <value>0x4b00</value>
         <object_component_ref idref="oc-158"/>
      </symbol>
      <symbol id="sm-54d">
         <name>_AdcbResultRegs</name>
         <value>0xb20</value>
         <object_component_ref idref="oc-11b"/>
      </symbol>
      <symbol id="sm-54e">
         <name>_AdccResultRegs</name>
         <value>0xb40</value>
         <object_component_ref idref="oc-118"/>
      </symbol>
      <symbol id="sm-54f">
         <name>_Emif1ConfigRegs</name>
         <value>0x5f480</value>
         <object_component_ref idref="oc-122"/>
      </symbol>
      <symbol id="sm-550">
         <name>_Sdfm2Regs</name>
         <value>0x5e80</value>
         <object_component_ref idref="oc-14b"/>
      </symbol>
      <symbol id="sm-551">
         <name>_AdcdResultRegs</name>
         <value>0xb60</value>
         <object_component_ref idref="oc-11a"/>
      </symbol>
      <symbol id="sm-552">
         <name>_EQep2Regs</name>
         <value>0x5140</value>
         <object_component_ref idref="oc-130"/>
      </symbol>
      <symbol id="sm-553">
         <name>_Cmpss1Regs</name>
         <value>0x5c80</value>
         <object_component_ref idref="oc-12a"/>
      </symbol>
      <symbol id="sm-554">
         <name>_EPwm8Regs</name>
         <value>0x4700</value>
         <object_component_ref idref="oc-15b"/>
      </symbol>
      <symbol id="sm-555">
         <name>_Emif2ConfigRegs</name>
         <value>0x5f4a0</value>
         <object_component_ref idref="oc-124"/>
      </symbol>
      <symbol id="sm-556">
         <name>_DcsmCommonRegs</name>
         <value>0x5f070</value>
         <object_component_ref idref="oc-10a"/>
      </symbol>
      <symbol id="sm-557">
         <name>_EPwm2Regs</name>
         <value>0x4100</value>
         <object_component_ref idref="oc-153"/>
      </symbol>
      <symbol id="sm-558">
         <name>_ECap3Regs</name>
         <value>0x5040</value>
         <object_component_ref idref="oc-12f"/>
      </symbol>
      <symbol id="sm-559">
         <name>_Cmpss8Regs</name>
         <value>0x5d60</value>
         <object_component_ref idref="oc-127"/>
      </symbol>
      <symbol id="sm-55a">
         <name>_EQep3Regs</name>
         <value>0x5180</value>
         <object_component_ref idref="oc-131"/>
      </symbol>
      <symbol id="sm-55b">
         <name>_SyncSocRegs</name>
         <value>0x7940</value>
         <object_component_ref idref="oc-107"/>
      </symbol>
      <symbol id="sm-55c">
         <name>_EPwm9Regs</name>
         <value>0x4800</value>
         <object_component_ref idref="oc-159"/>
      </symbol>
      <symbol id="sm-55d">
         <name>_NmiIntruptRegs</name>
         <value>0x7060</value>
         <object_component_ref idref="oc-108"/>
      </symbol>
      <symbol id="sm-55e">
         <name>_EPwm3Regs</name>
         <value>0x4200</value>
         <object_component_ref idref="oc-156"/>
      </symbol>
      <symbol id="sm-55f">
         <name>_I2caRegs</name>
         <value>0x7300</value>
         <object_component_ref idref="oc-132"/>
      </symbol>
      <symbol id="sm-581">
         <name>_GPIO_SetupLock</name>
         <value>0x832e9</value>
         <object_component_ref idref="oc-21b"/>
      </symbol>
      <symbol id="sm-582">
         <name>_GPIO_SetupXINT4Gpio</name>
         <value>0x83330</value>
         <object_component_ref idref="oc-21b"/>
      </symbol>
      <symbol id="sm-583">
         <name>_InitGpio</name>
         <value>0x83189</value>
         <object_component_ref idref="oc-21b"/>
      </symbol>
      <symbol id="sm-584">
         <name>_GPIO_SetupXINT5Gpio</name>
         <value>0x8333a</value>
         <object_component_ref idref="oc-21b"/>
      </symbol>
      <symbol id="sm-585">
         <name>_GPIO_EnableUnbondedIOPullupsFor176Pin</name>
         <value>0x83344</value>
         <object_component_ref idref="oc-21b"/>
      </symbol>
      <symbol id="sm-586">
         <name>_GPIO_SetupXINT2Gpio</name>
         <value>0x8331c</value>
         <object_component_ref idref="oc-21b"/>
      </symbol>
      <symbol id="sm-587">
         <name>_GPIO_SetupXINT3Gpio</name>
         <value>0x83326</value>
         <object_component_ref idref="oc-21b"/>
      </symbol>
      <symbol id="sm-588">
         <name>_GPIO_WritePin</name>
         <value>0x833af</value>
         <object_component_ref idref="oc-21b"/>
      </symbol>
      <symbol id="sm-589">
         <name>_GPIO_SetupPinOptions</name>
         <value>0x83255</value>
         <object_component_ref idref="oc-21b"/>
      </symbol>
      <symbol id="sm-58a">
         <name>_GPIO_EnableUnbondedIOPullups</name>
         <value>0x83382</value>
         <object_component_ref idref="oc-21b"/>
      </symbol>
      <symbol id="sm-58b">
         <name>_GPIO_SetupXINT1Gpio</name>
         <value>0x83312</value>
         <object_component_ref idref="oc-21b"/>
      </symbol>
      <symbol id="sm-58c">
         <name>_GPIO_SetupPinMux</name>
         <value>0x831c9</value>
         <object_component_ref idref="oc-21b"/>
      </symbol>
      <symbol id="sm-58d">
         <name>_GPIO_EnableUnbondedIOPullupsFor100Pin</name>
         <value>0x8335d</value>
         <object_component_ref idref="oc-21b"/>
      </symbol>
      <symbol id="sm-58e">
         <name>_GPIO_ReadPin</name>
         <value>0x83398</value>
         <object_component_ref idref="oc-21b"/>
      </symbol>
      <symbol id="sm-5ad">
         <name>_g_usGetReadIndexes</name>
         <value>0x3fc84</value>
         <object_component_ref idref="oc-16f"/>
      </symbol>
      <symbol id="sm-5ae">
         <name>_g_usPutWriteIndexes</name>
         <value>0x3fc80</value>
         <object_component_ref idref="oc-16d"/>
      </symbol>
      <symbol id="sm-5af">
         <name>_g_usGetWriteIndexes</name>
         <value>0x3f880</value>
         <object_component_ref idref="oc-16c"/>
      </symbol>
      <symbol id="sm-5b0">
         <name>_g_asIPCCPU2toCPU1Buffers</name>
         <value>0x3f800</value>
         <object_component_ref idref="oc-171"/>
      </symbol>
      <symbol id="sm-5b1">
         <name>_g_asIPCCPU1toCPU2Buffers</name>
         <value>0x3fc00</value>
         <object_component_ref idref="oc-170"/>
      </symbol>
      <symbol id="sm-5b2">
         <name>_g_usPutReadIndexes</name>
         <value>0x3f884</value>
         <object_component_ref idref="oc-16e"/>
      </symbol>
      <symbol id="sm-5d0">
         <name>_IPCLtoRFlagClear</name>
         <value>0x835f4</value>
         <object_component_ref idref="oc-224"/>
      </symbol>
      <symbol id="sm-5d1">
         <name>_IPCRtoLFlagBusy</name>
         <value>0x835ce</value>
         <object_component_ref idref="oc-224"/>
      </symbol>
      <symbol id="sm-5d2">
         <name>_IPCLtoRFlagBusy</name>
         <value>0x835dd</value>
         <object_component_ref idref="oc-224"/>
      </symbol>
      <symbol id="sm-5d3">
         <name>_IPCBootCPU2</name>
         <value>0x83600</value>
         <object_component_ref idref="oc-224"/>
      </symbol>
      <symbol id="sm-5d4">
         <name>_IPCLtoRFlagSet</name>
         <value>0x835ec</value>
         <object_component_ref idref="oc-224"/>
      </symbol>
      <symbol id="sm-5d5">
         <name>_IPCGetBootStatus</name>
         <value>0x835fc</value>
         <object_component_ref idref="oc-224"/>
      </symbol>
      <symbol id="sm-5d6">
         <name>_IPCRtoLFlagAcknowledge</name>
         <value>0x835c6</value>
         <object_component_ref idref="oc-224"/>
      </symbol>
      <symbol id="sm-5e2">
         <name>_InitPieCtrl</name>
         <value>0x84317</value>
         <object_component_ref idref="oc-21c"/>
      </symbol>
      <symbol id="sm-5e3">
         <name>_EnableInterrupts</name>
         <value>0x84336</value>
         <object_component_ref idref="oc-21c"/>
      </symbol>
      <symbol id="sm-5f3">
         <name>_PieVectTableInit</name>
         <value>0x90000</value>
         <object_component_ref idref="oc-22a"/>
      </symbol>
      <symbol id="sm-5f4">
         <name>_InitPieVectTable</name>
         <value>0x8433f</value>
         <object_component_ref idref="oc-21d"/>
      </symbol>
      <symbol id="sm-62f">
         <name>_InitSysPll</name>
         <value>0x82f50</value>
         <object_component_ref idref="oc-21a"/>
      </symbol>
      <symbol id="sm-630">
         <name>_SeizeFlashPump</name>
         <value>0x82f1b</value>
         <object_component_ref idref="oc-21a"/>
      </symbol>
      <symbol id="sm-631">
         <name>_DisablePeripheralClocks</name>
         <value>0x82f03</value>
         <object_component_ref idref="oc-21a"/>
      </symbol>
      <symbol id="sm-632">
         <name>_FlashOff</name>
         <value>0xa166</value>
         <object_component_ref idref="oc-229"/>
      </symbol>
      <symbol id="sm-633">
         <name>_DisableDog</name>
         <value>0x82f42</value>
         <object_component_ref idref="oc-21a"/>
      </symbol>
      <symbol id="sm-634">
         <name>_SysIntOsc2Sel</name>
         <value>0x83109</value>
         <object_component_ref idref="oc-21a"/>
      </symbol>
      <symbol id="sm-635">
         <name>_ReleaseFlashPump</name>
         <value>0x82f2a</value>
         <object_component_ref idref="oc-21a"/>
      </symbol>
      <symbol id="sm-636">
         <name>_HALT</name>
         <value>0x83153</value>
         <object_component_ref idref="oc-21a"/>
      </symbol>
      <symbol id="sm-637">
         <name>_IDLE</name>
         <value>0x8313f</value>
         <object_component_ref idref="oc-21a"/>
      </symbol>
      <symbol id="sm-638">
         <name>_InitPeripheralClocks</name>
         <value>0x82e7b</value>
         <object_component_ref idref="oc-21a"/>
      </symbol>
      <symbol id="sm-639">
         <name>_InitFlash</name>
         <value>0xa13d</value>
         <object_component_ref idref="oc-229"/>
      </symbol>
      <symbol id="sm-63a">
         <name>_SysXtalOscSel</name>
         <value>0x83113</value>
         <object_component_ref idref="oc-21a"/>
      </symbol>
      <symbol id="sm-63b">
         <name>_CsmUnlock</name>
         <value>0x830de</value>
         <object_component_ref idref="oc-21a"/>
      </symbol>
      <symbol id="sm-63c">
         <name>_SysIntOsc1Sel</name>
         <value>0x830ff</value>
         <object_component_ref idref="oc-21a"/>
      </symbol>
      <symbol id="sm-63d">
         <name>_ServiceDog</name>
         <value>0x82f34</value>
         <object_component_ref idref="oc-21a"/>
      </symbol>
      <symbol id="sm-63e">
         <name>_HIB</name>
         <value>0x8316c</value>
         <object_component_ref idref="oc-21a"/>
      </symbol>
      <symbol id="sm-63f">
         <name>_AuxAuxClkSel</name>
         <value>0x83135</value>
         <object_component_ref idref="oc-21a"/>
      </symbol>
      <symbol id="sm-640">
         <name>_AuxIntOsc2Sel</name>
         <value>0x8311f</value>
         <object_component_ref idref="oc-21a"/>
      </symbol>
      <symbol id="sm-641">
         <name>_InitAuxPll</name>
         <value>0x83016</value>
         <object_component_ref idref="oc-21a"/>
      </symbol>
      <symbol id="sm-642">
         <name>_InitSysCtrl</name>
         <value>0x82e3e</value>
         <object_component_ref idref="oc-21a"/>
      </symbol>
      <symbol id="sm-643">
         <name>_STANDBY</name>
         <value>0x83148</value>
         <object_component_ref idref="oc-21a"/>
      </symbol>
      <symbol id="sm-644">
         <name>_AuxXtalOscSel</name>
         <value>0x83129</value>
         <object_component_ref idref="oc-21a"/>
      </symbol>
      <symbol id="sm-652">
         <name>_deviceOpen</name>
         <value>0xb83a</value>
         <object_component_ref idref="oc-191"/>
      </symbol>
      <symbol id="sm-65e">
         <name>_F28x_usDelay</name>
         <value>0x2</value>
         <object_component_ref idref="oc-196"/>
      </symbol>
      <symbol id="sm-68a">
         <name>_rfft_f32_Stages1and2and3andBitReverse</name>
         <value>0x8386b</value>
         <object_component_ref idref="oc-19b"/>
      </symbol>
      <symbol id="sm-68b">
         <name>_rfft_f32_Stages4andUp</name>
         <value>0x838d7</value>
         <object_component_ref idref="oc-19b"/>
      </symbol>
      <symbol id="sm-68c">
         <name>_RFFT_f32</name>
         <value>0x83862</value>
         <object_component_ref idref="oc-19b"/>
      </symbol>
      <symbol id="sm-69a">
         <name>_RFFT_f32_mag_TMU0</name>
         <value>0x84256</value>
         <object_component_ref idref="oc-1a0"/>
      </symbol>
      <symbol id="sm-6a9">
         <name>_RFFT_f32_phase_TMU0</name>
         <value>0x84000</value>
         <object_component_ref idref="oc-1a5"/>
      </symbol>
      <symbol id="sm-6ba">
         <name>_RFFT_f32_sincostable</name>
         <value>0x84086</value>
         <object_component_ref idref="oc-227"/>
      </symbol>
      <symbol id="sm-6c8">
         <name>_RFFT_f32_win</name>
         <value>0x84366</value>
         <object_component_ref idref="oc-1af"/>
      </symbol>
      <symbol id="sm-6ee">
         <name>_logf</name>
         <value>0x83737</value>
         <object_component_ref idref="oc-218"/>
      </symbol>
      <symbol id="sm-6ef">
         <name>_log</name>
         <value>0x83737</value>
         <object_component_ref idref="oc-218"/>
      </symbol>
      <symbol id="sm-6fd">
         <name>_cos</name>
         <value>0x840f0</value>
         <object_component_ref idref="oc-22d"/>
      </symbol>
      <symbol id="sm-6fe">
         <name>_cosf</name>
         <value>0x840f0</value>
         <object_component_ref idref="oc-22d"/>
      </symbol>
      <symbol id="sm-70e">
         <name>_round</name>
         <value>0x83fc1</value>
         <object_component_ref idref="oc-219"/>
      </symbol>
      <symbol id="sm-70f">
         <name>_roundf</name>
         <value>0x83fc1</value>
         <object_component_ref idref="oc-219"/>
      </symbol>
      <symbol id="sm-71c">
         <name>_sin</name>
         <value>0x84151</value>
         <object_component_ref idref="oc-22e"/>
      </symbol>
      <symbol id="sm-71d">
         <name>_sinf</name>
         <value>0x84151</value>
         <object_component_ref idref="oc-22e"/>
      </symbol>
      <symbol id="sm-738">
         <name>_c_int00</name>
         <value>0x84200</value>
         <object_component_ref idref="oc-97"/>
      </symbol>
      <symbol id="sm-739">
         <name>__stack</name>
         <value>0x400</value>
         <object_component_ref idref="oc-1c9"/>
      </symbol>
      <symbol id="sm-74a">
         <name>FS$$DIV</name>
         <value>0x83f39</value>
         <object_component_ref idref="oc-1cf"/>
      </symbol>
      <symbol id="sm-756">
         <name>LL$$AND</name>
         <value>0x843e6</value>
         <object_component_ref idref="oc-1d4"/>
      </symbol>
      <symbol id="sm-757">
         <name>LL$$OR</name>
         <value>0x843ee</value>
         <object_component_ref idref="oc-1d4"/>
      </symbol>
      <symbol id="sm-758">
         <name>LL$$XOR</name>
         <value>0x843f6</value>
         <object_component_ref idref="oc-1d4"/>
      </symbol>
      <symbol id="sm-767">
         <name>_copy_in</name>
         <value>0x8438b</value>
         <object_component_ref idref="oc-20e"/>
      </symbol>
      <symbol id="sm-778">
         <name>_memcpy</name>
         <value>0x843af</value>
         <object_component_ref idref="oc-213"/>
      </symbol>
      <symbol id="sm-784">
         <name>__system_pre_init</name>
         <value>0x83ff9</value>
         <object_component_ref idref="oc-20d"/>
      </symbol>
      <symbol id="sm-791">
         <name>__system_post_cinit</name>
         <value>0x83ffb</value>
         <object_component_ref idref="oc-20f"/>
      </symbol>
      <symbol id="sm-79b">
         <name>_errno</name>
         <value>0xb83c</value>
         <object_component_ref idref="oc-1ef"/>
      </symbol>
      <symbol id="sm-7af">
         <name>C$$EXIT</name>
         <value>0x842ee</value>
         <object_component_ref idref="oc-211"/>
      </symbol>
      <symbol id="sm-7b0">
         <name>_exit</name>
         <value>0x842f0</value>
         <object_component_ref idref="oc-211"/>
      </symbol>
      <symbol id="sm-7b1">
         <name>___TI_cleanup_ptr</name>
         <value>0xb832</value>
         <object_component_ref idref="oc-1f3"/>
      </symbol>
      <symbol id="sm-7b2">
         <name>___TI_enable_exit_profile_output</name>
         <value>0xb830</value>
         <object_component_ref idref="oc-1f3"/>
      </symbol>
      <symbol id="sm-7b3">
         <name>_abort</name>
         <value>0x842ee</value>
         <object_component_ref idref="oc-211"/>
      </symbol>
      <symbol id="sm-7b4">
         <name>___TI_dtors_ptr</name>
         <value>0xb834</value>
         <object_component_ref idref="oc-1f3"/>
      </symbol>
      <symbol id="sm-7c8">
         <name>__unlock</name>
         <value>0xb838</value>
         <object_component_ref idref="oc-22c"/>
      </symbol>
      <symbol id="sm-7c9">
         <name>__lock</name>
         <value>0xb836</value>
         <object_component_ref idref="oc-215"/>
      </symbol>
      <symbol id="sm-7ca">
         <name>__register_lock</name>
         <value>0x84402</value>
         <object_component_ref idref="oc-225"/>
      </symbol>
      <symbol id="sm-7cb">
         <name>__nop</name>
         <value>0x84406</value>
         <object_component_ref idref="oc-225"/>
      </symbol>
      <symbol id="sm-7cc">
         <name>__register_unlock</name>
         <value>0x843fe</value>
         <object_component_ref idref="oc-225"/>
      </symbol>
      <symbol id="sm-7db">
         <name>__args_main</name>
         <value>0x843cd</value>
         <object_component_ref idref="oc-210"/>
      </symbol>
      <symbol id="sm-7fa">
         <name>_floorf</name>
         <value>0x841a9</value>
         <object_component_ref idref="oc-228"/>
      </symbol>
      <symbol id="sm-7fb">
         <name>_floor</name>
         <value>0x841a9</value>
         <object_component_ref idref="oc-228"/>
      </symbol>
   </symbol_table>
   <title>Link successful</title>
</link_info>
