******************************************************************************
             TMS320C2000 Linker PC v18.1.1                     
******************************************************************************
>> Linked Sun Nov 25 20:32:43 2018

OUTPUT FILE NAME:   <senior_main_cpu01.out>
ENTRY POINT SYMBOL: "_c_int00"  address: 0008449c


MEMORY CONFIGURATION

         name            origin    length      used     unused   attr    fill
----------------------  --------  ---------  --------  --------  ----  --------
PAGE 0:
  BOOT_RSVD             00000002   00000120  00000000  00000120  RWIX
  RAMM0                 00000122   000002de  00000000  000002de  RWIX
  RAMM1                 00000400   00000400  00000200  00000200  RWIX
  CLA1_MSGRAML          00001480   00000080  00000000  00000080  RWIX
  CLA1_MSGRAMH          00001500   00000080  0000000e  00000072  RWIX
  RAMLS0                00008000   00000800  0000000c  000007f4  RWIX
  RAMLS1                00008800   00000800  00000139  000006c7  RWIX
  RAMLS2                00009000   00000c00  00000a88  00000178  RWIX
  RAMLS3                00009c00   00000400  00000000  00000400  RWIX
  RAMLS4                0000a000   00000800  0000026b  00000595  RWIX
  RAMLS5                0000a800   00000800  00000000  00000800  RWIX
  RAMD0                 0000b000   00000800  00000000  00000800  RWIX
  RAMD1                 0000b800   00000800  0000007e  00000782  RWIX
  BEGIN                 00080000   00000002  00000002  00000000  RWIX
  FLASHA                00080002   00001ffe  00000000  00001ffe  RWIX
  FLASHB                00082000   00002000  00001ffd  00000003  RWIX
  FLASHC                00084000   00002000  000006ae  00001952  RWIX
  FLASHD                00086000   00002000  00000a88  00001578  RWIX
  FLASHE                00088000   00008000  00000000  00008000  RWIX
  FLASHF                00090000   00008000  0000024a  00007db6  RWIX
  FLASHG                00098000   00008000  00000000  00008000  RWIX
  FLASHH                000a0000   00008000  00000000  00008000  RWIX
  FLASHI                000a8000   00008000  00000000  00008000  RWIX
  FLASHJ                000b0000   00008000  00000000  00008000  RWIX
  FLASHK                000b8000   00002000  00000000  00002000  RWIX
  FLASHL                000ba000   00002000  00000000  00002000  RWIX
  FLASHM                000bc000   00002000  00000000  00002000  RWIX
  FLASHN                000be000   00002000  00000000  00002000  RWIX
  RESET                 003fffc0   00000002  00000000  00000002  RWIX

PAGE 1:
  ADCA_RESULT           00000b00   00000020  00000018  00000008  RWIX
  ADCB_RESULT           00000b20   00000020  00000018  00000008  RWIX
  ADCC_RESULT           00000b40   00000020  00000018  00000008  RWIX
  ADCD_RESULT           00000b60   00000020  00000018  00000008  RWIX
  CPU_TIMER0            00000c00   00000008  00000008  00000000  RWIX
  CPU_TIMER1            00000c08   00000008  00000008  00000000  RWIX
  CPU_TIMER2            00000c10   00000008  00000008  00000000  RWIX
  PIE_CTRL              00000ce0   00000020  0000001a  00000006  RWIX
  PIE_VECT              00000d00   00000200  000001c0  00000040  RWIX
  DMA                   00001000   00000200  000000e0  00000120  RWIX
  CLA1                  00001400   00000040  0000003e  00000002  RWIX
  EPWM1                 00004000   00000100  00000100  00000000  RWIX
  EPWM2                 00004100   00000100  00000100  00000000  RWIX
  EPWM3                 00004200   00000100  00000100  00000000  RWIX
  EPWM4                 00004300   00000100  00000100  00000000  RWIX
  EPWM5                 00004400   00000100  00000100  00000000  RWIX
  EPWM6                 00004500   00000100  00000100  00000000  RWIX
  EPWM7                 00004600   00000100  00000100  00000000  RWIX
  EPWM8                 00004700   00000100  00000100  00000000  RWIX
  EPWM9                 00004800   00000100  00000100  00000000  RWIX
  EPWM10                00004900   00000100  00000100  00000000  RWIX
  EPWM11                00004a00   00000100  00000100  00000000  RWIX
  EPWM12                00004b00   00000100  00000100  00000000  RWIX
  ECAP1                 00005000   00000020  00000020  00000000  RWIX
  ECAP2                 00005020   00000020  00000020  00000000  RWIX
  ECAP3                 00005040   00000020  00000020  00000000  RWIX
  ECAP4                 00005060   00000020  00000020  00000000  RWIX
  ECAP5                 00005080   00000020  00000020  00000000  RWIX
  ECAP6                 000050a0   00000020  00000020  00000000  RWIX
  EQEP1                 00005100   00000040  00000022  0000001e  RWIX
  EQEP2                 00005140   00000040  00000022  0000001e  RWIX
  EQEP3                 00005180   00000040  00000022  0000001e  RWIX
  DACA                  00005c00   00000010  00000008  00000008  RWIX
  DACB                  00005c10   00000010  00000008  00000008  RWIX
  DACC                  00005c20   00000010  00000008  00000008  RWIX
  CMPSS1                00005c80   00000020  00000020  00000000  RWIX
  CMPSS2                00005ca0   00000020  00000020  00000000  RWIX
  CMPSS3                00005cc0   00000020  00000020  00000000  RWIX
  CMPSS4                00005ce0   00000020  00000020  00000000  RWIX
  CMPSS5                00005d00   00000020  00000020  00000000  RWIX
  CMPSS6                00005d20   00000020  00000020  00000000  RWIX
  CMPSS7                00005d40   00000020  00000020  00000000  RWIX
  CMPSS8                00005d60   00000020  00000020  00000000  RWIX
  SDFM1                 00005e00   00000080  00000080  00000000  RWIX
  SDFM2                 00005e80   00000080  00000080  00000000  RWIX
  MCBSPA                00006000   00000040  00000024  0000001c  RWIX
  MCBSPB                00006040   00000040  00000024  0000001c  RWIX
  SPIA                  00006100   00000010  00000010  00000000  RWIX
  SPIB                  00006110   00000010  00000010  00000000  RWIX
  SPIC                  00006120   00000010  00000010  00000000  RWIX
  SPID                  00006130   00000010  00000000  00000010  RWIX
  UPP                   00006200   00000100  00000048  000000b8  RWIX
  WD                    00007000   00000040  0000002b  00000015  RWIX
  NMIINTRUPT            00007060   00000010  00000007  00000009  RWIX
  XINT                  00007070   00000010  0000000b  00000005  RWIX
  SCIA                  00007200   00000010  00000010  00000000  RWIX
  SCIB                  00007210   00000010  00000010  00000000  RWIX
  SCIC                  00007220   00000010  00000010  00000000  RWIX
  SCID                  00007230   00000010  00000010  00000000  RWIX
  I2CA                  00007300   00000040  00000022  0000001e  RWIX
  I2CB                  00007340   00000040  00000022  0000001e  RWIX
  ADCA                  00007400   00000080  00000080  00000000  RWIX
  ADCB                  00007480   00000080  00000080  00000000  RWIX
  ADCC                  00007500   00000080  00000080  00000000  RWIX
  ADCD                  00007580   00000080  00000080  00000000  RWIX
  INPUT_XBAR            00007900   00000020  00000020  00000000  RWIX
  XBAR                  00007920   00000020  00000020  00000000  RWIX
  SYNC_SOC              00007940   00000010  00000006  0000000a  RWIX
  DMACLASRCSEL          00007980   00000040  0000001a  00000026  RWIX
  EPWM_XBAR             00007a00   00000040  00000040  00000000  RWIX
  CLB_XBAR              00007a40   00000040  00000000  00000040  RWIX
  OUTPUT_XBAR           00007a80   00000040  00000040  00000000  RWIX
  GPIOCTRL              00007c00   00000180  00000180  00000000  RWIX
  GPIODAT               00007f00   00000030  00000030  00000000  RWIX
  RAMGS0                0000c000   00001000  00001000  00000000  RWIX
  RAMGS1                0000d000   00001000  00001000  00000000  RWIX
  RAMGS2                0000e000   00001000  00000000  00001000  RWIX
  RAMGS3                0000f000   00001000  00000000  00001000  RWIX
  RAMGS4                00010000   00001000  00000400  00000c00  RWIX
  RAMGS5                00011000   00001000  00001000  00000000  RWIX
  RAMGS6                00012000   00001000  00000800  00000800  RWIX
  RAMGS7                00013000   00001000  00000000  00001000  RWIX
  RAMGS8                00014000   00001000  00000000  00001000  RWIX
  RAMGS9                00015000   00001000  00000000  00001000  RWIX
  RAMGS10               00016000   00001000  00000000  00001000  RWIX
  RAMGS11               00017000   00001000  00000000  00001000  RWIX
  RAMGS12               00018000   00001000  00000000  00001000  RWIX
  RAMGS13               00019000   00001000  00000000  00001000  RWIX
  RAMGS14               0001a000   00001000  00000000  00001000  RWIX
  RAMGS15               0001b000   00001000  00000000  00001000  RWIX
  CPU2TOCPU1RAM         0003f800   00000400  0000001c  000003e4  RWIX
  CPU1TOCPU2RAM         0003fc00   00000400  00000088  00000378  RWIX
  EMIF1                 00047000   00000800  00000070  00000790  RWIX
  EMIF2                 00047800   00000800  00000070  00000790  RWIX
  IPC                   00050000   00000024  00000024  00000000  RWIX
  FLASHPUMPSEMAPHORE    00050024   00000002  00000002  00000000  RWIX
  DEV_CFG               0005d000   00000180  0000012e  00000052  RWIX
  ANALOG_SUBSYS         0005d180   00000080  00000048  00000038  RWIX
  CLK_CFG               0005d200   00000100  00000032  000000ce  RWIX
  CPU_SYS               0005d300   00000100  00000082  0000007e  RWIX
  ROMPREFETCH           0005e608   00000002  00000002  00000000  RWIX
  DCSM_Z1               0005f000   00000030  00000024  0000000c  RWIX
  DCSM_Z2               0005f040   00000030  00000024  0000000c  RWIX
  DCSM_COMMON           0005f070   00000010  00000008  00000008  RWIX
  MEMCFG                0005f400   00000080  00000080  00000000  RWIX
  EMIF1CONFIG           0005f480   00000020  00000020  00000000  RWIX
  EMIF2CONFIG           0005f4a0   00000020  00000020  00000000  RWIX
  ACCESSPROTECTION      0005f4c0   00000040  00000040  00000000  RWIX
  MEMORYERROR           0005f500   00000040  00000040  00000000  RWIX
  ROMWAITSTATE          0005f540   00000002  00000002  00000000  RWIX
  FLASH0_CTRL           0005f800   00000300  00000182  0000017e  RWIX
  FLASH0_ECC            0005fb00   00000040  00000028  00000018  RWIX
  DCSM_Z1_OTP           00078000   00000020  00000002  0000001e  RWIX
  DCSM_Z2_OTP           00078200   00000020  00000002  0000001e  RWIX


SECTION ALLOCATION MAP

 output                                  attributes/
section   page    origin      length       input sections
--------  ----  ----------  ----------   ----------------
.stack     0    00000400    00000200     UNINITIALIZED
                  00000400    00000200     --HOLE--

.ebss      0    0000b800    0000007e     UNINITIALIZED
                  0000b800    00000040     senior_main_cpu1.obj (.ebss)
                  0000b840    00000032     Senior_FFT.obj (.ebss)
                  0000b872    00000006     rts2800_fpu32.lib : exit.c.obj (.ebss)
                  0000b878    00000002                       : _lock.c.obj (.ebss:__lock)
                  0000b87a    00000002                       : _lock.c.obj (.ebss:__unlock)
                  0000b87c    00000001     F2837xD_sci_io.obj (.ebss)
                  0000b87d    00000001     rts2800_fpu32.lib : errno.c.obj (.ebss)

.TI.ramfunc 
*          0    00082500    0000026b     RUN ADDR = 0000a000
                  00082500    00000168     senior_main_cpu1.obj (.TI.ramfunc:retain)
                  00082668    000000c8     Senior_FFT.obj (.TI.ramfunc)
                  00082730    00000037     F2837xD_SysCtrl.obj (.TI.ramfunc)
                  00082767    00000004     F2837xD_usDelay.obj (.TI.ramfunc)

AdcaResultFile 
*          1    00000b00    00000018     UNINITIALIZED
                  00000b00    00000018     F2837xD_GlobalVariableDefs.obj (AdcaResultFile)

AdcbResultFile 
*          1    00000b20    00000018     UNINITIALIZED
                  00000b20    00000018     F2837xD_GlobalVariableDefs.obj (AdcbResultFile)

AdccResultFile 
*          1    00000b40    00000018     UNINITIALIZED
                  00000b40    00000018     F2837xD_GlobalVariableDefs.obj (AdccResultFile)

AdcdResultFile 
*          1    00000b60    00000018     UNINITIALIZED
                  00000b60    00000018     F2837xD_GlobalVariableDefs.obj (AdcdResultFile)

CpuTimer0RegsFile 
*          1    00000c00    00000008     UNINITIALIZED
                  00000c00    00000008     F2837xD_GlobalVariableDefs.obj (CpuTimer0RegsFile)

CpuTimer1RegsFile 
*          1    00000c08    00000008     UNINITIALIZED
                  00000c08    00000008     F2837xD_GlobalVariableDefs.obj (CpuTimer1RegsFile)

CpuTimer2RegsFile 
*          1    00000c10    00000008     UNINITIALIZED
                  00000c10    00000008     F2837xD_GlobalVariableDefs.obj (CpuTimer2RegsFile)

PieCtrlRegsFile 
*          1    00000ce0    0000001a     UNINITIALIZED
                  00000ce0    0000001a     F2837xD_GlobalVariableDefs.obj (PieCtrlRegsFile)

PieVectTableFile 
*          1    00000d00    000001c0     UNINITIALIZED
                  00000d00    000001c0     F2837xD_GlobalVariableDefs.obj (PieVectTableFile)

EmuKeyVar 
*          1    00000d00    00000001     UNINITIALIZED
                  00000d00    00000001     F2837xD_GlobalVariableDefs.obj (EmuKeyVar)

EmuBModeVar 
*          1    00000d01    00000001     UNINITIALIZED
                  00000d01    00000001     F2837xD_GlobalVariableDefs.obj (EmuBModeVar)

FlashCallbackVar 
*          1    00000d02    00000000     UNINITIALIZED

FlashScalingVar 
*          1    00000d02    00000000     UNINITIALIZED

DmaRegsFile 
*          1    00001000    000000e0     UNINITIALIZED
                  00001000    000000e0     F2837xD_GlobalVariableDefs.obj (DmaRegsFile)

Cla1RegsFile 
*          1    00001400    0000003e     UNINITIALIZED
                  00001400    0000003e     F2837xD_GlobalVariableDefs.obj (Cla1RegsFile)

EPwm1RegsFile 
*          1    00004000    00000100     UNINITIALIZED
                  00004000    00000100     F2837xD_GlobalVariableDefs.obj (EPwm1RegsFile)

EPwm2RegsFile 
*          1    00004100    00000100     UNINITIALIZED
                  00004100    00000100     F2837xD_GlobalVariableDefs.obj (EPwm2RegsFile)

EPwm3RegsFile 
*          1    00004200    00000100     UNINITIALIZED
                  00004200    00000100     F2837xD_GlobalVariableDefs.obj (EPwm3RegsFile)

EPwm4RegsFile 
*          1    00004300    00000100     UNINITIALIZED
                  00004300    00000100     F2837xD_GlobalVariableDefs.obj (EPwm4RegsFile)

EPwm5RegsFile 
*          1    00004400    00000100     UNINITIALIZED
                  00004400    00000100     F2837xD_GlobalVariableDefs.obj (EPwm5RegsFile)

EPwm6RegsFile 
*          1    00004500    00000100     UNINITIALIZED
                  00004500    00000100     F2837xD_GlobalVariableDefs.obj (EPwm6RegsFile)

EPwm7RegsFile 
*          1    00004600    00000100     UNINITIALIZED
                  00004600    00000100     F2837xD_GlobalVariableDefs.obj (EPwm7RegsFile)

EPwm8RegsFile 
*          1    00004700    00000100     UNINITIALIZED
                  00004700    00000100     F2837xD_GlobalVariableDefs.obj (EPwm8RegsFile)

EPwm9RegsFile 
*          1    00004800    00000100     UNINITIALIZED
                  00004800    00000100     F2837xD_GlobalVariableDefs.obj (EPwm9RegsFile)

EPwm10RegsFile 
*          1    00004900    00000100     UNINITIALIZED
                  00004900    00000100     F2837xD_GlobalVariableDefs.obj (EPwm10RegsFile)

EPwm11RegsFile 
*          1    00004a00    00000100     UNINITIALIZED
                  00004a00    00000100     F2837xD_GlobalVariableDefs.obj (EPwm11RegsFile)

EPwm12RegsFile 
*          1    00004b00    00000100     UNINITIALIZED
                  00004b00    00000100     F2837xD_GlobalVariableDefs.obj (EPwm12RegsFile)

ECap1RegsFile 
*          1    00005000    00000020     UNINITIALIZED
                  00005000    00000020     F2837xD_GlobalVariableDefs.obj (ECap1RegsFile)

ECap2RegsFile 
*          1    00005020    00000020     UNINITIALIZED
                  00005020    00000020     F2837xD_GlobalVariableDefs.obj (ECap2RegsFile)

ECap3RegsFile 
*          1    00005040    00000020     UNINITIALIZED
                  00005040    00000020     F2837xD_GlobalVariableDefs.obj (ECap3RegsFile)

ECap4RegsFile 
*          1    00005060    00000020     UNINITIALIZED
                  00005060    00000020     F2837xD_GlobalVariableDefs.obj (ECap4RegsFile)

ECap5RegsFile 
*          1    00005080    00000020     UNINITIALIZED
                  00005080    00000020     F2837xD_GlobalVariableDefs.obj (ECap5RegsFile)

ECap6RegsFile 
*          1    000050a0    00000020     UNINITIALIZED
                  000050a0    00000020     F2837xD_GlobalVariableDefs.obj (ECap6RegsFile)

EQep1RegsFile 
*          1    00005100    00000022     UNINITIALIZED
                  00005100    00000022     F2837xD_GlobalVariableDefs.obj (EQep1RegsFile)

EQep2RegsFile 
*          1    00005140    00000022     UNINITIALIZED
                  00005140    00000022     F2837xD_GlobalVariableDefs.obj (EQep2RegsFile)

EQep3RegsFile 
*          1    00005180    00000022     UNINITIALIZED
                  00005180    00000022     F2837xD_GlobalVariableDefs.obj (EQep3RegsFile)

DacaRegsFile 
*          1    00005c00    00000008     UNINITIALIZED
                  00005c00    00000008     F2837xD_GlobalVariableDefs.obj (DacaRegsFile)

DacbRegsFile 
*          1    00005c10    00000008     UNINITIALIZED
                  00005c10    00000008     F2837xD_GlobalVariableDefs.obj (DacbRegsFile)

DaccRegsFile 
*          1    00005c20    00000008     UNINITIALIZED
                  00005c20    00000008     F2837xD_GlobalVariableDefs.obj (DaccRegsFile)

Sdfm1RegsFile 
*          1    00005e00    00000080     UNINITIALIZED
                  00005e00    00000080     F2837xD_GlobalVariableDefs.obj (Sdfm1RegsFile)

Sdfm2RegsFile 
*          1    00005e80    00000080     UNINITIALIZED
                  00005e80    00000080     F2837xD_GlobalVariableDefs.obj (Sdfm2RegsFile)

McbspaRegsFile 
*          1    00006000    00000024     UNINITIALIZED
                  00006000    00000024     F2837xD_GlobalVariableDefs.obj (McbspaRegsFile)

McbspbRegsFile 
*          1    00006040    00000024     UNINITIALIZED
                  00006040    00000024     F2837xD_GlobalVariableDefs.obj (McbspbRegsFile)

SpiaRegsFile 
*          1    00006100    00000010     UNINITIALIZED
                  00006100    00000010     F2837xD_GlobalVariableDefs.obj (SpiaRegsFile)

SpibRegsFile 
*          1    00006110    00000010     UNINITIALIZED
                  00006110    00000010     F2837xD_GlobalVariableDefs.obj (SpibRegsFile)

SpicRegsFile 
*          1    00006120    00000010     UNINITIALIZED
                  00006120    00000010     F2837xD_GlobalVariableDefs.obj (SpicRegsFile)

UppRegsFile 
*          1    00006200    00000048     UNINITIALIZED
                  00006200    00000048     F2837xD_GlobalVariableDefs.obj (UppRegsFile)

WdRegsFile 
*          1    00007000    0000002b     UNINITIALIZED
                  00007000    0000002b     F2837xD_GlobalVariableDefs.obj (WdRegsFile)

NmiIntruptRegsFile 
*          1    00007060    00000007     UNINITIALIZED
                  00007060    00000007     F2837xD_GlobalVariableDefs.obj (NmiIntruptRegsFile)

XintRegsFile 
*          1    00007070    0000000b     UNINITIALIZED
                  00007070    0000000b     F2837xD_GlobalVariableDefs.obj (XintRegsFile)

SciaRegsFile 
*          1    00007200    00000010     UNINITIALIZED
                  00007200    00000010     F2837xD_GlobalVariableDefs.obj (SciaRegsFile)

ScibRegsFile 
*          1    00007210    00000010     UNINITIALIZED
                  00007210    00000010     F2837xD_GlobalVariableDefs.obj (ScibRegsFile)

ScicRegsFile 
*          1    00007220    00000010     UNINITIALIZED
                  00007220    00000010     F2837xD_GlobalVariableDefs.obj (ScicRegsFile)

ScidRegsFile 
*          1    00007230    00000010     UNINITIALIZED
                  00007230    00000010     F2837xD_GlobalVariableDefs.obj (ScidRegsFile)

I2caRegsFile 
*          1    00007300    00000022     UNINITIALIZED
                  00007300    00000022     F2837xD_GlobalVariableDefs.obj (I2caRegsFile)

I2cbRegsFile 
*          1    00007340    00000022     UNINITIALIZED
                  00007340    00000022     F2837xD_GlobalVariableDefs.obj (I2cbRegsFile)

AdcaRegsFile 
*          1    00007400    00000080     UNINITIALIZED
                  00007400    00000080     F2837xD_GlobalVariableDefs.obj (AdcaRegsFile)

AdcbRegsFile 
*          1    00007480    00000080     UNINITIALIZED
                  00007480    00000080     F2837xD_GlobalVariableDefs.obj (AdcbRegsFile)

AdccRegsFile 
*          1    00007500    00000080     UNINITIALIZED
                  00007500    00000080     F2837xD_GlobalVariableDefs.obj (AdccRegsFile)

AdcdRegsFile 
*          1    00007580    00000080     UNINITIALIZED
                  00007580    00000080     F2837xD_GlobalVariableDefs.obj (AdcdRegsFile)

AnalogSubsysRegsFile 
*          1    0005d180    00000048     UNINITIALIZED
                  0005d180    00000048     F2837xD_GlobalVariableDefs.obj (AnalogSubsysRegsFile)

Cla1SoftIntRegsFile 
*          1    00000ce0    00000004     DSECT
                  00000ce0    00000004     F2837xD_GlobalVariableDefs.obj (Cla1SoftIntRegsFile)

Cmpss1RegsFile 
*          1    00005c80    00000020     UNINITIALIZED
                  00005c80    00000020     F2837xD_GlobalVariableDefs.obj (Cmpss1RegsFile)

Cmpss2RegsFile 
*          1    00005ca0    00000020     UNINITIALIZED
                  00005ca0    00000020     F2837xD_GlobalVariableDefs.obj (Cmpss2RegsFile)

Cmpss3RegsFile 
*          1    00005cc0    00000020     UNINITIALIZED
                  00005cc0    00000020     F2837xD_GlobalVariableDefs.obj (Cmpss3RegsFile)

Cmpss4RegsFile 
*          1    00005ce0    00000020     UNINITIALIZED
                  00005ce0    00000020     F2837xD_GlobalVariableDefs.obj (Cmpss4RegsFile)

Cmpss5RegsFile 
*          1    00005d00    00000020     UNINITIALIZED
                  00005d00    00000020     F2837xD_GlobalVariableDefs.obj (Cmpss5RegsFile)

Cmpss6RegsFile 
*          1    00005d20    00000020     UNINITIALIZED
                  00005d20    00000020     F2837xD_GlobalVariableDefs.obj (Cmpss6RegsFile)

Cmpss7RegsFile 
*          1    00005d40    00000020     UNINITIALIZED
                  00005d40    00000020     F2837xD_GlobalVariableDefs.obj (Cmpss7RegsFile)

Cmpss8RegsFile 
*          1    00005d60    00000020     UNINITIALIZED
                  00005d60    00000020     F2837xD_GlobalVariableDefs.obj (Cmpss8RegsFile)

InputXbarRegsFile 
*          1    00007900    00000020     UNINITIALIZED
                  00007900    00000020     F2837xD_GlobalVariableDefs.obj (InputXbarRegsFile)

XbarRegsFile 
*          1    00007920    00000020     UNINITIALIZED
                  00007920    00000020     F2837xD_GlobalVariableDefs.obj (XbarRegsFile)

SyncSocRegsFile 
*          1    00007940    00000006     UNINITIALIZED
                  00007940    00000006     F2837xD_GlobalVariableDefs.obj (SyncSocRegsFile)

DmaClaSrcSelRegsFile 
*          1    00007980    0000001a     UNINITIALIZED
                  00007980    0000001a     F2837xD_GlobalVariableDefs.obj (DmaClaSrcSelRegsFile)

EPwmXbarRegsFile 
*          1    00007a00    00000040     UNINITIALIZED
                  00007a00    00000040     F2837xD_GlobalVariableDefs.obj (EPwmXbarRegsFile)

OutputXbarRegsFile 
*          1    00007a80    00000040     UNINITIALIZED
                  00007a80    00000040     F2837xD_GlobalVariableDefs.obj (OutputXbarRegsFile)

GpioCtrlRegsFile 
*          1    00007c00    00000180     UNINITIALIZED
                  00007c00    00000180     F2837xD_GlobalVariableDefs.obj (GpioCtrlRegsFile)

GpioDataRegsFile 
*          1    00007f00    00000030     UNINITIALIZED
                  00007f00    00000030     F2837xD_GlobalVariableDefs.obj (GpioDataRegsFile)

RFFT1F32Coef 
*          1    0000d000    00000800     UNINITIALIZED
                  0000d000    00000800     Senior_FFT.obj (RFFT1F32Coef)

Emif1RegsFile 
*          1    00047000    00000070     UNINITIALIZED
                  00047000    00000070     F2837xD_GlobalVariableDefs.obj (Emif1RegsFile)

Emif2RegsFile 
*          1    00047800    00000070     UNINITIALIZED
                  00047800    00000070     F2837xD_GlobalVariableDefs.obj (Emif2RegsFile)

IpcRegsFile 
*          1    00050000    00000024     UNINITIALIZED
                  00050000    00000024     F2837xD_GlobalVariableDefs.obj (IpcRegsFile)

FlashPumpSemaphoreRegsFile 
*          1    00050024    00000002     UNINITIALIZED
                  00050024    00000002     F2837xD_GlobalVariableDefs.obj (FlashPumpSemaphoreRegsFile)

RomPrefetchRegsFile 
*          1    0005e608    00000002     UNINITIALIZED
                  0005e608    00000002     F2837xD_GlobalVariableDefs.obj (RomPrefetchRegsFile)

DcsmZ1RegsFile 
*          1    0005f000    00000024     UNINITIALIZED
                  0005f000    00000024     F2837xD_GlobalVariableDefs.obj (DcsmZ1RegsFile)

DcsmZ2RegsFile 
*          1    0005f040    00000024     UNINITIALIZED
                  0005f040    00000024     F2837xD_GlobalVariableDefs.obj (DcsmZ2RegsFile)

DcsmCommonRegsFile 
*          1    0005f070    00000008     UNINITIALIZED
                  0005f070    00000008     F2837xD_GlobalVariableDefs.obj (DcsmCommonRegsFile)

MemCfgRegsFile 
*          1    0005f400    00000080     UNINITIALIZED
                  0005f400    00000080     F2837xD_GlobalVariableDefs.obj (MemCfgRegsFile)

Emif1ConfigRegsFile 
*          1    0005f480    00000020     UNINITIALIZED
                  0005f480    00000020     F2837xD_GlobalVariableDefs.obj (Emif1ConfigRegsFile)

Emif2ConfigRegsFile 
*          1    0005f4a0    00000020     UNINITIALIZED
                  0005f4a0    00000020     F2837xD_GlobalVariableDefs.obj (Emif2ConfigRegsFile)

AccessProtectionRegsFile 
*          1    0005f4c0    00000040     UNINITIALIZED
                  0005f4c0    00000040     F2837xD_GlobalVariableDefs.obj (AccessProtectionRegsFile)

MemoryErrorRegsFile 
*          1    0005f500    00000040     UNINITIALIZED
                  0005f500    00000040     F2837xD_GlobalVariableDefs.obj (MemoryErrorRegsFile)

RomWaitStateRegsFile 
*          1    0005f540    00000002     UNINITIALIZED
                  0005f540    00000002     F2837xD_GlobalVariableDefs.obj (RomWaitStateRegsFile)

Flash0CtrlRegsFile 
*          1    0005f800    00000182     UNINITIALIZED
                  0005f800    00000182     F2837xD_GlobalVariableDefs.obj (Flash0CtrlRegsFile)

Flash0EccRegsFile 
*          1    0005fb00    00000028     UNINITIALIZED
                  0005fb00    00000028     F2837xD_GlobalVariableDefs.obj (Flash0EccRegsFile)

DcsmZ1OtpFile 
*          1    00078000    00000002     NOLOAD SECTION
                  00078000    00000002     F2837xD_GlobalVariableDefs.obj (DcsmZ1OtpFile)

DcsmZ2OtpFile 
*          1    00078200    00000002     NOLOAD SECTION
                  00078200    00000002     F2837xD_GlobalVariableDefs.obj (DcsmZ2OtpFile)

DevCfgRegsFile 
*          1    0005d000    0000012e     UNINITIALIZED
                  0005d000    0000012e     F2837xD_GlobalVariableDefs.obj (DevCfgRegsFile)

ClkCfgRegsFile 
*          1    0005d200    00000032     UNINITIALIZED
                  0005d200    00000032     F2837xD_GlobalVariableDefs.obj (ClkCfgRegsFile)

CpuSysRegsFile 
*          1    0005d300    00000082     UNINITIALIZED
                  0005d300    00000082     F2837xD_GlobalVariableDefs.obj (CpuSysRegsFile)

.cinit     0    00082000    000004fe     
                  00082000    0000046c     Senior_FFT.obj (.cinit)
                  0008246c    0000004d     senior_main_cpu1.obj (.cinit)
                  000824b9    00000012     Senior_SCI.obj (.cinit)
                  000824cb    00000011     Senior_CLA.obj (.cinit)
                  000824dc    0000000e     rts2800_fpu32.lib : exit.c.obj (.cinit)
                  000824ea    00000005                       : _lock.c.obj (.cinit:__lock)
                  000824ef    00000005                       : _lock.c.obj (.cinit:__unlock)
                  000824f4    00000004     F2837xD_sci_io.obj (.cinit)
                  000824f8    00000004     rts2800_fpu32.lib : errno.c.obj (.cinit)
                  000824fc    00000002     --HOLE-- [fill = 0]

.pinit     0    00082000    00000000     UNINITIALIZED

codestart 
*          0    00080000    00000002     
                  00080000    00000002     F2837xD_CodeStartBranch.obj (codestart)

.reset     0    003fffc0    00000002     DSECT
                  003fffc0    00000002     rts2800_fpu32.lib : boot28.asm.obj (.reset)

.scratchpad 
*          0    00008000    0000000c     UNINITIALIZED
                  00008000    0000000c     senior_cla_cpu1.obj (.scratchpad:Cla1Prog:_Cla1Task1)

Cla1Prog   0    00086000    00000a88     RUN ADDR = 00009000
                  00086000    00000a50     senior_cla_cpu1.obj (Cla1Prog:_Cla1Task1)
                  00086a50    00000008     senior_cla_cpu1.obj (Cla1Prog:_Cla1Task2)
                  00086a58    00000008     senior_cla_cpu1.obj (Cla1Prog:_Cla1Task3)
                  00086a60    00000008     senior_cla_cpu1.obj (Cla1Prog:_Cla1Task4)
                  00086a68    00000008     senior_cla_cpu1.obj (Cla1Prog:_Cla1Task5)
                  00086a70    00000008     senior_cla_cpu1.obj (Cla1Prog:_Cla1Task6)
                  00086a78    00000008     senior_cla_cpu1.obj (Cla1Prog:_Cla1Task7)
                  00086a80    00000008     senior_cla_cpu1.obj (Cla1Prog:_Cla1Task8)

PUTBUFFER 
*          1    0003fc00    00000080     UNINITIALIZED
                  0003fc00    00000080     F2837xD_Ipc_Driver.obj (PUTBUFFER)

PUTWRITEIDX 
*          1    0003fc80    00000004     UNINITIALIZED
                  0003fc80    00000004     F2837xD_Ipc_Driver.obj (PUTWRITEIDX)

GETREADIDX 
*          1    0003fc84    00000004     UNINITIALIZED
                  0003fc84    00000004     F2837xD_Ipc_Driver.obj (GETREADIDX)

GETBUFFER 
*          0    0003f800    00000080     DSECT
                  0003f800    00000080     F2837xD_Ipc_Driver.obj (GETBUFFER)

GETWRITEIDX 
*          0    0003f880    00000004     DSECT
                  0003f880    00000004     F2837xD_Ipc_Driver.obj (GETWRITEIDX)

PUTREADIDX 
*          0    0003f884    00000004     DSECT
                  0003f884    00000004     F2837xD_Ipc_Driver.obj (PUTREADIDX)

RFFT1Input 
*          1    0000c000    00000800     UNINITIALIZED
                  0000c000    00000800     Senior_FFT.obj (RFFT1Input)

RFFT1Output 
*          1    0000c800    00000800     UNINITIALIZED
                  0000c800    00000800     Senior_FFT.obj (RFFT1Output)

RFFT1Magnitude 
*          1    0000d800    00000400     UNINITIALIZED
                  0000d800    00000400     Senior_FFT.obj (RFFT1Magnitude)

RFFT1Phase 
*          1    0000dc00    00000400     UNINITIALIZED
                  0000dc00    00000400     Senior_FFT.obj (RFFT1Phase)

RFFTwindow 
*          1    00010000    00000400     UNINITIALIZED
                  00010000    00000400     Senior_FFT.obj (RFFTwindow)

CircBuff2 
*          1    00011000    00000800     UNINITIALIZED
                  00011000    00000800     senior_main_cpu1.obj (CircBuff2)

CircBuff4 
*          1    00011800    00000800     UNINITIALIZED
                  00011800    00000800     senior_main_cpu1.obj (CircBuff4)

CircBuff6 
*          1    00012000    00000800     UNINITIALIZED
                  00012000    00000800     senior_main_cpu1.obj (CircBuff6)

CpuToCla1MsgRAM 
*          0    00001500    0000000e     UNINITIALIZED
                  00001500    0000000e     Senior_CLA.obj (CpuToCla1MsgRAM)

Cla1Data1 
*          0    00008800    00000139     UNINITIALIZED
                  00008800    0000012c     Senior_CLA.obj (Cla1Data1)
                  0000892c    0000000c     Senior_SCI.obj (Cla1Data1)
                  00008938    00000001     senior_main_cpu1.obj (Cla1Data1)

FE_CPU2_MSG 
*          1    0003f800    0000001c     UNINITIALIZED
                  0003f800    0000001c     Senior_FFT.obj (FE_CPU2_MSG)

.text.1    0    0008276c    00001894     
                  0008276c    00000590     F2837xD_DefaultISR.obj (.text:retain)
                  00082cfc    00000406     F2837xD_Dma.obj (.text)
                  00083102    0000034b     F2837xD_SysCtrl.obj (.text)
                  0008344d    00000244     F2837xD_Gpio.obj (.text)
                  00083691    000001cc     senior_main_cpu1.obj (.text)
                  0008385d    00000171     F2837xD_Ipc_Driver_Util.obj (.text)
                  000839ce    0000012b     rts2800_fpu32.lib : e_logf.c.obj (.text)
                  00083af9    00000001                       : startup.c.obj (.text)
                  00083afa    0000011d     c28x_fpu_dsp_library.lib : RFFT_f32.obj (.text)
                  00083c17    00000105     Senior_CLA.obj (.text)
                  00083d1c    000000f8     Senior_ePWM.obj (.text)
                  00083e14    000000dd     F2837xD_Adc.obj (.text)
                  00083ef1    000000cb     Senior_DMA.obj (.text)
                  00083fbc    00000038     rts2800_fpu32.lib : s_roundf.c.obj (.text)
                  00083ff4    0000000c                       : memset.c.obj (.text)

.text.2    0    00084000    000006ae     
                  00084000    000000bd     Senior_SCI.obj (.text)
                  000840bd    000000ad     F2837xD_Ipc.obj (.text)
                  0008416a    000000a9     Senior_ADC.obj (.text)
                  00084213    00000088     rts2800_fpu32.lib : fs_div28.asm.obj (.text)
                  0008429b    00000001     --HOLE-- [fill = 0]
                  0008429c    00000086     c28x_fpu_dsp_library.lib : RFFT_f32_phase_TMU0.obj (.text)
                  00084322    0000006a                              : RFFT_f32_sincostable.obj (.text)
                  0008438c    00000061     rts2800_fpu32.lib : s_cosf.c.obj (.text)
                  000843ed    00000058                       : s_sinf.c.obj (.text)
                  00084445    00000057                       : s_floorf.c.obj (.text)
                  0008449c    00000056                       : boot28.asm.obj (.text)
                  000844f2    0000004e     c28x_fpu_dsp_library.lib : RFFT_f32_mag_TMU0.obj (.text)
                  00084540    0000004a     Senior_SPI.obj (.text)
                  0008458a    00000029     rts2800_fpu32.lib : exit.c.obj (.text)
                  000845b3    00000028     F2837xD_PieCtrl.obj (.text)
                  000845db    00000027     Senior_FFT.obj (.text)
                  00084602    00000026     F2837xD_PieVect.obj (.text)
                  00084628    00000024     rts2800_fpu32.lib : cpy_tbl.c.obj (.text)
                  0008464c    0000001e                       : memcpy.c.obj (.text)
                  0008466a    00000019                       : args_main.c.obj (.text)
                  00084683    00000018                       : ll_aox28.asm.obj (.text)
                  0008469b    00000009                       : _lock.c.obj (.text)
                  000846a4    00000008     F2837xD_CodeStartBranch.obj (.text)
                  000846ac    00000002     rts2800_fpu32.lib : pre_init.c.obj (.text)

.econst    0    00090000    0000024a     
                  00090000    000001c0     F2837xD_PieVect.obj (.econst:_PieVectTableInit)
                  000901c0    00000078     Senior_SCI.obj (.econst:.string)
                  00090238    00000010     rts2800_fpu32.lib : e_logf.c.obj (.econst)
                  00090248    00000002                       : s_floorf.c.obj (.econst)

MODULE SUMMARY

       Module                           code    initialized data   uninitialized data
       ------                           ----    ----------------   ------------------
    .\
       senior_main_cpu1.obj             1180    77                 6209              
       senior_cla_cpu1.obj              5392    0                  12                
    +--+--------------------------------+-------+------------------+--------------------+
       Total:                           6572    77                 6221              
                                                                                     
    .\Senior Source\
       Senior_FFT.obj                   439     1132               9294              
       Senior_CLA.obj                   261     17                 314               
       Senior_SCI.obj                   189     138                12                
       Senior_ePWM.obj                  248     0                  0                 
       Senior_DMA.obj                   203     0                  0                 
       Senior_ADC.obj                   169     0                  0                 
       Senior_SPI.obj                   74      0                  0                 
    +--+--------------------------------+-------+------------------+--------------------+
       Total:                           1583    1287               9620              
                                                                                     
    .\Source\
       F2837xD_GlobalVariableDefs.obj   0       0                  7987              
       F2837xD_DefaultISR.obj           1424    0                  0                 
       F2837xD_Dma.obj                  1030    0                  0                 
       F2837xD_SysCtrl.obj              953     0                  0                 
       F2837xD_Gpio.obj                 580     0                  0                 
       F2837xD_PieVect.obj              38      448                0                 
       F2837xD_Ipc_Driver_Util.obj      369     0                  0                 
       F2837xD_Adc.obj                  221     0                  0                 
       F2837xD_Ipc.obj                  173     0                  0                 
       F2837xD_Ipc_Driver.obj           0       0                  136               
       F2837xD_PieCtrl.obj              40      0                  0                 
       F2837xD_CodeStartBranch.obj      10      0                  0                 
       F2837xD_usDelay.obj              8       0                  0                 
       F2837xD_sci_io.obj               0       4                  1                 
    +--+--------------------------------+-------+------------------+--------------------+
       Total:                           4846    452                8124              
                                                                                     
    C:/ti/c2000/C2000Ware_1_00_05_00/libraries/dsp/FPU/c28/lib/c28x_fpu_dsp_library.lib
       RFFT_f32.obj                     285     0                  0                 
       RFFT_f32_phase_TMU0.obj          134     0                  0                 
       RFFT_f32_sincostable.obj         106     0                  0                 
       RFFT_f32_mag_TMU0.obj            78      0                  0                 
    +--+--------------------------------+-------+------------------+--------------------+
       Total:                           603     0                  0                 
                                                                                     
    C:/ti/ccsv8/tools/compiler/ti-cgt-c2000_18.1.1.LTS/lib/rts2800_fpu32.lib
       e_logf.c.obj                     299     16                 0                 
       fs_div28.asm.obj                 136     0                  0                 
       s_cosf.c.obj                     97      0                  0                 
       s_floorf.c.obj                   87      2                  0                 
       s_sinf.c.obj                     88      0                  0                 
       boot28.asm.obj                   86      0                  0                 
       exit.c.obj                       41      14                 6                 
       s_roundf.c.obj                   56      0                  0                 
       cpy_tbl.c.obj                    36      0                  0                 
       memcpy.c.obj                     30      0                  0                 
       args_main.c.obj                  25      0                  0                 
       ll_aox28.asm.obj                 24      0                  0                 
       _lock.c.obj                      9       10                 4                 
       memset.c.obj                     12      0                  0                 
       errno.c.obj                      0       4                  1                 
       pre_init.c.obj                   2       0                  0                 
       startup.c.obj                    1       0                  0                 
    +--+--------------------------------+-------+------------------+--------------------+
       Total:                           1029    46                 11                
                                                                                     
       Stack:                           0       0                  512               
    +--+--------------------------------+-------+------------------+--------------------+
       Grand Total:                     14633   1862               24488             


GLOBAL DATA SYMBOLS: SORTED BY DATA PAGE

address     data page           name
--------    ----------------    ----
00000400      10 (00000400)     __stack

00000b00      2c (00000b00)     _AdcaResultRegs
00000b20      2c (00000b00)     _AdcbResultRegs

00000b40      2d (00000b40)     _AdccResultRegs
00000b60      2d (00000b40)     _AdcdResultRegs

00000c00      30 (00000c00)     _CpuTimer0Regs
00000c08      30 (00000c00)     _CpuTimer1Regs
00000c10      30 (00000c00)     _CpuTimer2Regs

00000ce0      33 (00000cc0)     _Cla1SoftIntRegs
00000ce0      33 (00000cc0)     _PieCtrlRegs

00000d00      34 (00000d00)     _EmuKey
00000d00      34 (00000d00)     _PieVectTable
00000d01      34 (00000d00)     _EmuBMode

00001000      40 (00001000)     _DmaRegs

00001400      50 (00001400)     _Cla1Regs

00001500      54 (00001500)     _fo_n_cpu

00004000     100 (00004000)     _EPwm1Regs

00004100     104 (00004100)     _EPwm2Regs

00004200     108 (00004200)     _EPwm3Regs

00004300     10c (00004300)     _EPwm4Regs

00004400     110 (00004400)     _EPwm5Regs

00004500     114 (00004500)     _EPwm6Regs

00004600     118 (00004600)     _EPwm7Regs

00004700     11c (00004700)     _EPwm8Regs

00004800     120 (00004800)     _EPwm9Regs

00004900     124 (00004900)     _EPwm10Regs

00004a00     128 (00004a00)     _EPwm11Regs

00004b00     12c (00004b00)     _EPwm12Regs

00005000     140 (00005000)     _ECap1Regs
00005020     140 (00005000)     _ECap2Regs

00005040     141 (00005040)     _ECap3Regs
00005060     141 (00005040)     _ECap4Regs

00005080     142 (00005080)     _ECap5Regs
000050a0     142 (00005080)     _ECap6Regs

00005100     144 (00005100)     _EQep1Regs

00005140     145 (00005140)     _EQep2Regs

00005180     146 (00005180)     _EQep3Regs

00005c00     170 (00005c00)     _DacaRegs
00005c10     170 (00005c00)     _DacbRegs
00005c20     170 (00005c00)     _DaccRegs

00005c80     172 (00005c80)     _Cmpss1Regs
00005ca0     172 (00005c80)     _Cmpss2Regs

00005cc0     173 (00005cc0)     _Cmpss3Regs
00005ce0     173 (00005cc0)     _Cmpss4Regs

00005d00     174 (00005d00)     _Cmpss5Regs
00005d20     174 (00005d00)     _Cmpss6Regs

00005d40     175 (00005d40)     _Cmpss7Regs
00005d60     175 (00005d40)     _Cmpss8Regs

00005e00     178 (00005e00)     _Sdfm1Regs

00005e80     17a (00005e80)     _Sdfm2Regs

00006000     180 (00006000)     _McbspaRegs

00006040     181 (00006040)     _McbspbRegs

00006100     184 (00006100)     _SpiaRegs
00006110     184 (00006100)     _SpibRegs
00006120     184 (00006100)     _SpicRegs

00006200     188 (00006200)     _UppRegs

00007000     1c0 (00007000)     _WdRegs

00007060     1c1 (00007040)     _NmiIntruptRegs
00007070     1c1 (00007040)     _XintRegs

00007200     1c8 (00007200)     _SciaRegs
00007210     1c8 (00007200)     _ScibRegs
00007220     1c8 (00007200)     _ScicRegs
00007230     1c8 (00007200)     _ScidRegs

00007300     1cc (00007300)     _I2caRegs

00007340     1cd (00007340)     _I2cbRegs

00007400     1d0 (00007400)     _AdcaRegs

00007480     1d2 (00007480)     _AdcbRegs

00007500     1d4 (00007500)     _AdccRegs

00007580     1d6 (00007580)     _AdcdRegs

00007900     1e4 (00007900)     _InputXbarRegs
00007920     1e4 (00007900)     _XbarRegs

00007940     1e5 (00007940)     _SyncSocRegs

00007980     1e6 (00007980)     _DmaClaSrcSelRegs

00007a00     1e8 (00007a00)     _EPwmXbarRegs

00007a80     1ea (00007a80)     _OutputXbarRegs

00007c00     1f0 (00007c00)     _GpioCtrlRegs

00007f00     1fc (00007f00)     _GpioDataRegs

00008800     220 (00008800)     _frameLUT

0000892c     224 (00008900)     _pentatonic
00008931     224 (00008900)     _diatonic
00008938     224 (00008900)     _GPIO34_count

0000b800     2e0 (0000b800)     _string4
0000b80c     2e0 (0000b800)     _string6
0000b818     2e0 (0000b800)     _string2
0000b824     2e0 (0000b800)     _fo_n_cpu1
0000b832     2e0 (0000b800)     _fo_est_cpu1

0000b840     2e1 (0000b840)     _magIndex
0000b842     2e1 (0000b840)     _n2pi
0000b844     2e1 (0000b840)     _nSmall
0000b846     2e1 (0000b840)     _handler_rfft1
0000b848     2e1 (0000b840)     _zFreq
0000b84a     2e1 (0000b840)     _n
0000b84c     2e1 (0000b840)     _magMax
0000b84e     2e1 (0000b840)     _resFFT
0000b850     2e1 (0000b840)     _absDiff
0000b852     2e1 (0000b840)     _smallest
0000b854     2e1 (0000b840)     _phaseDifference
0000b856     2e1 (0000b840)     _test_est
0000b858     2e1 (0000b840)     _rfft1
0000b864     2e1 (0000b840)     _fn
0000b872     2e1 (0000b840)     ___TI_enable_exit_profile_output
0000b874     2e1 (0000b840)     ___TI_cleanup_ptr
0000b876     2e1 (0000b840)     ___TI_dtors_ptr
0000b878     2e1 (0000b840)     __lock
0000b87a     2e1 (0000b840)     __unlock
0000b87c     2e1 (0000b840)     _deviceOpen
0000b87d     2e1 (0000b840)     _errno

0000c000     300 (0000c000)     _RFFT1inBuff

0000c800     320 (0000c800)     _RFFT1outBuff

0000d000     340 (0000d000)     _RFFT1F32Coef

0000d800     360 (0000d800)     _RFFT1magBuff

0000dc00     370 (0000dc00)     _RFFT1phaseBuff

00010000     400 (00010000)     _RFFTwindow

00011000     440 (00011000)     _CircularBuffer2

00011800     460 (00011800)     _CircularBuffer4

00012000     480 (00012000)     _CircularBuffer6

0003f800     fe0 (0003f800)     _fo_est_cpu2
0003f800     fe0 (0003f800)     _g_asIPCCPU2toCPU1Buffers
0003f80e     fe0 (0003f800)     _fo_n_cpu2

0003f880     fe2 (0003f880)     _g_usGetWriteIndexes
0003f884     fe2 (0003f880)     _g_usPutReadIndexes

0003fc00     ff0 (0003fc00)     _g_asIPCCPU1toCPU2Buffers

0003fc80     ff2 (0003fc80)     _g_usPutWriteIndexes
0003fc84     ff2 (0003fc80)     _g_usGetReadIndexes

00047000    11c0 (00047000)     _Emif1Regs

00047800    11e0 (00047800)     _Emif2Regs

00050000    1400 (00050000)     _IpcRegs
00050024    1400 (00050000)     _FlashPumpSemaphoreRegs

0005d000    1740 (0005d000)     _DevCfgRegs

0005d180    1746 (0005d180)     _AnalogSubsysRegs

0005d200    1748 (0005d200)     _ClkCfgRegs

0005d300    174c (0005d300)     _CpuSysRegs

0005e608    1798 (0005e600)     _RomPrefetchRegs

0005f000    17c0 (0005f000)     _DcsmZ1Regs

0005f040    17c1 (0005f040)     _DcsmZ2Regs
0005f070    17c1 (0005f040)     _DcsmCommonRegs

0005f400    17d0 (0005f400)     _MemCfgRegs

0005f480    17d2 (0005f480)     _Emif1ConfigRegs
0005f4a0    17d2 (0005f480)     _Emif2ConfigRegs

0005f4c0    17d3 (0005f4c0)     _AccessProtectionRegs

0005f500    17d4 (0005f500)     _MemoryErrorRegs

0005f540    17d5 (0005f540)     _RomWaitStateRegs

0005f800    17e0 (0005f800)     _Flash0CtrlRegs

0005fb00    17ec (0005fb00)     _Flash0EccRegs

00078000    1e00 (00078000)     _DcsmZ1Otp

00078200    1e08 (00078200)     _DcsmZ2Otp

00090000    2400 (00090000)     _PieVectTableInit


GLOBAL SYMBOLS: SORTED ALPHABETICALLY BY Name 

page  address   name                                  
----  -------   ----                                  
abs   ffffffff  .text                                 
0     0008458a  C$$EXIT                               
0     00084213  FS$$DIV                               
0     00084683  LL$$AND                               
0     0008468b  LL$$OR                                
0     00084693  LL$$XOR                               
0     0008282a  _ADCA1_ISR                            
0     00082ab5  _ADCA2_ISR                            
0     00082abf  _ADCA3_ISR                            
0     00082ac9  _ADCA4_ISR                            
0     00082aab  _ADCA_EVT_ISR                         
0     0008283f  _ADCB1_ISR                            
0     00082add  _ADCB2_ISR                            
0     00082ae7  _ADCB3_ISR                            
0     00082af1  _ADCB4_ISR                            
0     00082ad3  _ADCB_EVT_ISR                         
0     00082849  _ADCC1_ISR                            
0     00082c45  _ADCC2_ISR                            
0     00082c4f  _ADCC3_ISR                            
0     00082c59  _ADCC4_ISR                            
0     0000a0cc  _ADCCH2_ISR                           
0     0000a0e1  _ADCCH4_ISR                           
0     0000a0f6  _ADCCH6_ISR                           
0     00082c3b  _ADCC_EVT_ISR                         
0     00082867  _ADCD1_ISR                            
0     00082c6d  _ADCD2_ISR                            
0     00082c77  _ADCD3_ISR                            
0     00082c81  _ADCD4_ISR                            
0     00082c63  _ADCD_EVT_ISR                         
0     00082cbd  _AUX_PLL_SLIP_ISR                     
1     0005f4c0  _AccessProtectionRegs                 
0     0008412d  _AckIpcFlag                           
0     00083e14  _AdcSetMode                           
1     00007400  _AdcaRegs                             
1     00000b00  _AdcaResultRegs                       
1     00007480  _AdcbRegs                             
1     00000b20  _AdcbResultRegs                       
1     00007500  _AdccRegs                             
1     00000b40  _AdccResultRegs                       
1     00007580  _AdcdRegs                             
1     00000b60  _AdcdResultRegs                       
1     0005d180  _AnalogSubsysRegs                     
0     000833f9  _AuxAuxClkSel                         
0     000833e3  _AuxIntOsc2Sel                        
0     000833ed  _AuxXtalOscSel                        
0     00082a83  _CANA0_ISR                            
0     00082a8d  _CANA1_ISR                            
0     00082a97  _CANB0_ISR                            
0     00082aa1  _CANB1_ISR                            
0     00082afb  _CLA1_1_ISR                           
0     00082b05  _CLA1_2_ISR                           
0     00082b0f  _CLA1_3_ISR                           
0     00082b19  _CLA1_4_ISR                           
0     00082b23  _CLA1_5_ISR                           
0     00082b2d  _CLA1_6_ISR                           
0     00082b37  _CLA1_7_ISR                           
0     00082b41  _CLA1_8_ISR                           
0     0000a120  _CLA_ISR1                             
0     00082cc7  _CLA_OVERFLOW_ISR                     
0     00082cd1  _CLA_UNDERFLOW_ISR                    
0     00083eb7  _CalAdcINL                            
0     00084137  _CancelIpcFlag                        
1     00011000  _CircularBuffer2                      
1     00011800  _CircularBuffer4                      
1     00012000  _CircularBuffer6                      
1     00001400  _Cla1Regs                             
0     00000ce0  _Cla1SoftIntRegs                      
0     00009000  _Cla1Task1                            
0     00009a50  _Cla1Task2                            
0     00009a58  _Cla1Task3                            
0     00009a60  _Cla1Task4                            
0     00009a68  _Cla1Task5                            
0     00009a70  _Cla1Task6                            
0     00009a78  _Cla1Task7                            
0     00009a80  _Cla1Task8                            
0     00086a88  _Cla1funcsLoadEnd                     
abs   00000a88  _Cla1funcsLoadSize                    
0     00086000  _Cla1funcsLoadStart                   
0     00009000  _Cla1funcsRunStart                    
1     0005d200  _ClkCfgRegs                           
1     00005c80  _Cmpss1Regs                           
1     00005ca0  _Cmpss2Regs                           
1     00005cc0  _Cmpss3Regs                           
1     00005ce0  _Cmpss4Regs                           
1     00005d00  _Cmpss5Regs                           
1     00005d20  _Cmpss6Regs                           
1     00005d40  _Cmpss7Regs                           
1     00005d60  _Cmpss8Regs                           
1     0005d300  _CpuSysRegs                           
1     00000c00  _CpuTimer0Regs                        
1     00000c08  _CpuTimer1Regs                        
1     00000c10  _CpuTimer2Regs                        
0     000833a2  _CsmUnlock                            
0     00082780  _DATALOG_ISR                          
0     00082d09  _DMACH1AddrConfig                     
0     000830a2  _DMACH1AddrConfig32bit                
0     00082d19  _DMACH1BurstConfig                    
0     00082d4c  _DMACH1ModeConfig                     
0     00082d29  _DMACH1TransferConfig                 
0     00082d39  _DMACH1WrapConfig                     
0     00082da2  _DMACH2AddrConfig                     
0     000830b2  _DMACH2AddrConfig32bit                
0     00082db2  _DMACH2BurstConfig                    
0     00082de5  _DMACH2ModeConfig                     
0     00082dc2  _DMACH2TransferConfig                 
0     00082dd2  _DMACH2WrapConfig                     
0     0000a000  _DMACH2_ISR                           
0     00082e3c  _DMACH3AddrConfig                     
0     000830c2  _DMACH3AddrConfig32bit                
0     00082e4c  _DMACH3BurstConfig                    
0     00082e7f  _DMACH3ModeConfig                     
0     00082e5c  _DMACH3TransferConfig                 
0     00082e6c  _DMACH3WrapConfig                     
0     00082ed5  _DMACH4AddrConfig                     
0     000830d2  _DMACH4AddrConfig32bit                
0     00082ee5  _DMACH4BurstConfig                    
0     00082f18  _DMACH4ModeConfig                     
0     00082ef5  _DMACH4TransferConfig                 
0     00082f05  _DMACH4WrapConfig                     
0     0000a044  _DMACH4_ISR                           
0     00082f6f  _DMACH5AddrConfig                     
0     000830e2  _DMACH5AddrConfig32bit                
0     00082f7f  _DMACH5BurstConfig                    
0     00082fb2  _DMACH5ModeConfig                     
0     00082f8f  _DMACH5TransferConfig                 
0     00082f9f  _DMACH5WrapConfig                     
0     00083008  _DMACH6AddrConfig                     
0     000830f2  _DMACH6AddrConfig32bit                
0     00083018  _DMACH6BurstConfig                    
0     0008304b  _DMACH6ModeConfig                     
0     00083028  _DMACH6TransferConfig                 
0     00083038  _DMACH6WrapConfig                     
0     0000a088  _DMACH6_ISR                           
0     00082cfc  _DMAInitialize                        
0     000829cf  _DMA_CH1_ISR                          
0     000829d9  _DMA_CH2_ISR                          
0     000829e3  _DMA_CH3_ISR                          
0     000829ed  _DMA_CH4_ISR                          
0     000829f7  _DMA_CH5_ISR                          
0     00082a01  _DMA_CH6_ISR                          
1     00005c00  _DacaRegs                             
1     00005c10  _DacbRegs                             
1     00005c20  _DaccRegs                             
1     0005f070  _DcsmCommonRegs                       
1     00078000  _DcsmZ1Otp                            
1     0005f000  _DcsmZ1Regs                           
1     00078200  _DcsmZ2Otp                            
1     0005f040  _DcsmZ2Regs                           
1     0005d000  _DevCfgRegs                           
0     00083206  _DisableDog                           
0     000831c7  _DisablePeripheralClocks              
1     00007980  _DmaClaSrcSelRegs                     
1     00001000  _DmaRegs                              
0     00082925  _ECAP1_ISR                            
0     0008292f  _ECAP2_ISR                            
0     00082939  _ECAP3_ISR                            
0     00082943  _ECAP4_ISR                            
0     0008294d  _ECAP5_ISR                            
0     00082957  _ECAP6_ISR                            
1     00005000  _ECap1Regs                            
1     00005020  _ECap2Regs                            
1     00005040  _ECap3Regs                            
1     00005060  _ECap4Regs                            
1     00005080  _ECap5Regs                            
1     000050a0  _ECap6Regs                            
0     00082c8b  _EMIF_ERROR_ISR                       
0     00082ce5  _EMPTY_ISR                            
0     00082794  _EMU_ISR                              
0     00082be1  _EPWM10_ISR                           
0     00082bb9  _EPWM10_TZ_ISR                        
0     00082beb  _EPWM11_ISR                           
0     00082bc3  _EPWM11_TZ_ISR                        
0     00082bf5  _EPWM12_ISR                           
0     00082bcd  _EPWM12_TZ_ISR                        
0     000828d5  _EPWM1_ISR                            
0     00082885  _EPWM1_TZ_ISR                         
0     000828df  _EPWM2_ISR                            
0     0008288f  _EPWM2_TZ_ISR                         
0     000828e9  _EPWM3_ISR                            
0     00082899  _EPWM3_TZ_ISR                         
0     000828f3  _EPWM4_ISR                            
0     000828a3  _EPWM4_TZ_ISR                         
0     000828fd  _EPWM5_ISR                            
0     000828ad  _EPWM5_TZ_ISR                         
0     00082907  _EPWM6_ISR                            
0     000828b7  _EPWM6_TZ_ISR                         
0     00082911  _EPWM7_ISR                            
0     000828c1  _EPWM7_TZ_ISR                         
0     0008291b  _EPWM8_ISR                            
0     000828cb  _EPWM8_TZ_ISR                         
0     00082bd7  _EPWM9_ISR                            
0     00082baf  _EPWM9_TZ_ISR                         
0     0000a10b  _EPWM_5_ISR                           
1     00004900  _EPwm10Regs                           
1     00004a00  _EPwm11Regs                           
1     00004b00  _EPwm12Regs                           
1     00004000  _EPwm1Regs                            
1     00004100  _EPwm2Regs                            
1     00004200  _EPwm3Regs                            
1     00004300  _EPwm4Regs                            
1     00004400  _EPwm5Regs                            
1     00004500  _EPwm6Regs                            
1     00004600  _EPwm7Regs                            
1     00004700  _EPwm8Regs                            
1     00004800  _EPwm9Regs                            
1     00007a00  _EPwmXbarRegs                         
0     00082961  _EQEP1_ISR                            
0     0008296b  _EQEP2_ISR                            
0     00082975  _EQEP3_ISR                            
1     00005100  _EQep1Regs                            
1     00005140  _EQep2Regs                            
1     00005180  _EQep3Regs                            
1     0005f480  _Emif1ConfigRegs                      
1     00047000  _Emif1Regs                            
1     0005f4a0  _Emif2ConfigRegs                      
1     00047800  _Emif2Regs                            
1     00000d01  _EmuBMode                             
1     00000d00  _EmuKey                               
0     000845d2  _EnableInterrupts                     
0     0000a267  _F28x_usDelay                         
0     00082c9f  _FLASH_CORRECTABLE_ERROR_ISR          
0     00082b73  _FPU_OVERFLOW_ISR                     
0     00082b7d  _FPU_UNDERFLOW_ISR                    
0     00084106  _FillIpcSendData                      
1     0005f800  _Flash0CtrlRegs                       
1     0005fb00  _Flash0EccRegs                        
0     0000a259  _FlashOff                             
1     00050024  _FlashPumpSemaphoreRegs               
0     00008938  _GPIO34_count                         
0     00083646  _GPIO_EnableUnbondedIOPullups         
0     00083621  _GPIO_EnableUnbondedIOPullupsFor100Pin
0     00083608  _GPIO_EnableUnbondedIOPullupsFor176Pin
0     0008365c  _GPIO_ReadPin                         
0     000835ad  _GPIO_SetupLock                       
0     0008348d  _GPIO_SetupPinMux                     
0     00083519  _GPIO_SetupPinOptions                 
0     000835d6  _GPIO_SetupXINT1Gpio                  
0     000835e0  _GPIO_SetupXINT2Gpio                  
0     000835ea  _GPIO_SetupXINT3Gpio                  
0     000835f4  _GPIO_SetupXINT4Gpio                  
0     000835fe  _GPIO_SetupXINT5Gpio                  
0     00083673  _GPIO_WritePin                        
1     00007c00  _GpioCtrlRegs                         
1     00007f00  _GpioDataRegs                         
0     00083417  _HALT                                 
0     00083430  _HIB                                  
0     00082a15  _I2CA_FIFO_ISR                        
0     00082a0b  _I2CA_ISR                             
0     00082a29  _I2CB_FIFO_ISR                        
0     00082a1f  _I2CB_ISR                             
1     00007300  _I2caRegs                             
1     00007340  _I2cbRegs                             
0     00083403  _IDLE                                 
0     000827a8  _ILLEGAL_ISR                          
0     00082b87  _IPC0_ISR                             
0     00082b91  _IPC1_ISR                             
0     00082b9b  _IPC2_ISR                             
0     00082ba5  _IPC3_ISR                             
0     00083897  _IPCBootCPU2                          
0     00083893  _IPCGetBootStatus                     
0     00083874  _IPCLtoRFlagBusy                      
0     0008388b  _IPCLtoRFlagClear                     
0     00083883  _IPCLtoRFlagSet                       
0     0008385d  _IPCRtoLFlagAcknowledge               
0     00083865  _IPCRtoLFlagBusy                      
0     000832da  _InitAuxPll                           
0     0000a230  _InitFlash                            
0     0008344d  _InitGpio                             
0     000840bd  _InitIpc                              
0     0008313f  _InitPeripheralClocks                 
0     000845b3  _InitPieCtrl                          
0     00084602  _InitPieVectTable                     
0     00083102  _InitSysCtrl                          
0     00083214  _InitSysPll                           
1     00007900  _InputXbarRegs                        
1     00050000  _IpcRegs                              
0     0008415b  _IpcSync                              
0     000829a7  _MCBSPA_RX_ISR                        
0     000829b1  _MCBSPA_TX_ISR                        
0     000829bb  _MCBSPB_RX_ISR                        
0     000829c5  _MCBSPB_TX_ISR                        
1     00006000  _McbspaRegs                           
1     00006040  _McbspbRegs                           
1     0005f400  _MemCfgRegs                           
1     0005f500  _MemoryErrorRegs                      
0     0008279e  _NMI_ISR                              
0     00082cf2  _NOTUSED_ISR                          
1     00007060  _NmiIntruptRegs                       
1     00007a80  _OutputXbarRegs                       
0     00082cdb  _PIE_RESERVED_ISR                     
1     00000ce0  _PieCtrlRegs                          
1     00000d00  _PieVectTable                         
0     00090000  _PieVectTableInit                     
0     00082ca9  _RAM_ACCESS_VIOLATION_ISR             
0     00082c95  _RAM_CORRECTABLE_ERROR_ISR            
1     0000d000  _RFFT1F32Coef                         
1     0000c000  _RFFT1inBuff                          
1     0000d800  _RFFT1magBuff                         
1     0000c800  _RFFT1outBuff                         
1     0000dc00  _RFFT1phaseBuff                       
0     00083afa  _RFFT_f32                             
0     000844f2  _RFFT_f32_mag_TMU0                    
0     0008429c  _RFFT_f32_phase_TMU0                  
0     00084322  _RFFT_f32_sincostable                 
1     00010000  _RFFTwindow                           
0     0008278a  _RTOS_ISR                             
0     0008276b  _RamfuncsLoadEnd                      
abs   0000026b  _RamfuncsLoadSize                     
0     00082500  _RamfuncsLoadStart                    
0     0000a26b  _RamfuncsRunEnd                       
abs   0000026b  _RamfuncsRunSize                      
0     0000a000  _RamfuncsRunStart                     
0     000840cb  _ReadIpcTimer                         
0     000840f6  _RecvIpcData                          
0     000831ee  _ReleaseFlashPump                     
1     0005e608  _RomPrefetchRegs                      
1     0005f540  _RomWaitStateRegs                     
0     00082a5b  _SCIA_RX_ISR                          
0     00082a65  _SCIA_TX_ISR                          
0     0000a131  _SCIB_ISR                             
0     000840af  _SCIB_MSG                             
0     00082a6f  _SCIB_RX_ISR                          
0     000840a3  _SCIB_TX                              
0     00082a79  _SCIB_TX_ISR                          
0     00082a33  _SCIC_RX_ISR                          
0     00082a3d  _SCIC_TX_ISR                          
0     00082a47  _SCID_RX_ISR                          
0     00082a51  _SCID_TX_ISR                          
0     00082bff  _SD1_ISR                              
0     00082c09  _SD2_ISR                              
0     0008297f  _SPIA_RX_ISR                          
0     00082989  _SPIA_TX_ISR                          
0     00082993  _SPIB_RX_ISR                          
0     0008299d  _SPIB_TX_ISR                          
0     00082c13  _SPIC_RX_ISR                          
0     00082c1d  _SPIC_TX_ISR                          
0     0008340c  _STANDBY                              
0     00082cb3  _SYS_PLL_SLIP_ISR                     
1     00007200  _SciaRegs                             
1     00007210  _ScibRegs                             
1     00007220  _ScicRegs                             
1     00007230  _ScidRegs                             
1     00005e00  _Sdfm1Regs                            
1     00005e80  _Sdfm2Regs                            
0     000831df  _SeizeFlashPump                       
0     00084112  _SendIpcCommand                       
0     000840df  _SendIpcData                          
0     00084123  _SendIpcFlag                          
0     000831f8  _ServiceDog                           
1     00006100  _SpiaRegs                             
1     00006110  _SpibRegs                             
1     00006120  _SpicRegs                             
0     00082d9a  _StartDMACH1                          
0     00082e34  _StartDMACH2                          
0     00082ecd  _StartDMACH3                          
0     00082f67  _StartDMACH4                          
0     00083000  _StartDMACH5                          
0     0008309a  _StartDMACH6                          
1     00007940  _SyncSocRegs                          
0     000833c3  _SysIntOsc1Sel                        
0     000833cd  _SysIntOsc2Sel                        
0     000833d7  _SysXtalOscSel                        
0     00082871  _TIMER0_ISR                           
0     0008276c  _TIMER1_ISR                           
0     00082776  _TIMER2_ISR                           
0     00082c27  _UPPA_ISR                             
0     00082c31  _USBA_ISR                             
0     0008280c  _USER10_ISR                           
0     00082816  _USER11_ISR                           
0     00082820  _USER12_ISR                           
0     000827b2  _USER1_ISR                            
0     000827bc  _USER2_ISR                            
0     000827c6  _USER3_ISR                            
0     000827d0  _USER4_ISR                            
0     000827da  _USER5_ISR                            
0     000827e4  _USER6_ISR                            
0     000827ee  _USER7_ISR                            
0     000827f8  _USER8_ISR                            
0     00082802  _USER9_ISR                            
1     00006200  _UppRegs                              
0     00082b69  _VCU_ISR                              
0     0008287b  _WAKE_ISR                             
0     0008414e  _WaitForIpcAck                        
0     00084141  _WaitForIpcFlag                       
1     00007000  _WdRegs                               
0     00082853  _XINT1_ISR                            
0     0008285d  _XINT2_ISR                            
0     00082b4b  _XINT3_ISR                            
0     00082b55  _XINT4_ISR                            
0     00082b5f  _XINT5_ISR                            
1     00007920  _XbarRegs                             
1     00007070  _XintRegs                             
0     00000600  __STACK_END                           
abs   00000200  __STACK_SIZE                          
0     0000b874  ___TI_cleanup_ptr                     
0     0000b876  ___TI_dtors_ptr                       
0     0000b872  ___TI_enable_exit_profile_output      
abs   ffffffff  ___TI_pprof_out_hndl                  
abs   ffffffff  ___TI_prof_data_size                  
abs   ffffffff  ___TI_prof_data_start                 
abs   ffffffff  ___binit__                            
abs   ffffffff  ___c_args__                           
0     00082000  ___cinit__                            
abs   ffffffff  ___etext__                            
abs   ffffffff  ___pinit__                            
abs   ffffffff  ___text__                             
0     0008466a  __args_main                           
0     0000b878  __lock                                
0     000846a3  __nop                                 
0     0008469f  __register_lock                       
0     0008469b  __register_unlock                     
0     00000400  __stack                               
0     00083af9  __system_post_cinit                   
0     000846ac  __system_pre_init                     
0     0000b87a  __unlock                              
0     0008458a  _abort                                
0     0000b850  _absDiff                              
0     0008449c  _c_int00                              
0     0008416a  _configureADCs                        
0     00084628  _copy_in                              
0     0008438c  _cos                                  
0     0008438c  _cosf                                 
0     00084077  _determineCommand                     
0     0000b87c  _deviceOpen                           
0     00008931  _diatonic                             
0     0000b87d  _errno                                
0     0008458c  _exit                                 
0     00084445  _floor                                
0     00084445  _floorf                               
0     0000b864  _fn                                   
0     0000b832  _fo_est_cpu1                          
1     0003f800  _fo_est_cpu2                          
0     00001500  _fo_n_cpu                             
0     0000b824  _fo_n_cpu1                            
1     0003f80e  _fo_n_cpu2                            
0     00008800  _frameLUT                             
1     0003fc00  _g_asIPCCPU1toCPU2Buffers             
0     0003f800  _g_asIPCCPU2toCPU1Buffers             
1     0003fc84  _g_usGetReadIndexes                   
0     0003f880  _g_usGetWriteIndexes                  
0     0003f884  _g_usPutReadIndexes                   
1     0003fc80  _g_usPutWriteIndexes                  
0     0000b846  _handler_rfft1                        
0     0008420e  _initADC                              
0     00083c17  _initCLA                              
0     000837cc  _initCPU2                             
0     00083ef1  _initDMA                              
0     00083ef6  _initDMAx                             
0     00083d1c  _initEPWM                             
0     00083d4f  _initEPWM1                            
0     00083d80  _initEPWM2                            
0     00083da1  _initEPWM3                            
0     00083dc2  _initEPWM4                            
0     00083df3  _initEPWM5                            
0     000845db  _initFFT                              
0     00083ca6  _initLUT                              
0     000837f6  _initMain                             
0     00084000  _initSCI                              
0     0008402a  _initSCIB                             
0     0008405b  _initSCIBFIFO                         
0     00084540  _initSPI                              
0     00084564  _init_SPIA_GPIO                       
0     000841a3  _initializeADCs                       
0     000839ce  _log                                  
0     000839ce  _logf                                 
0     0000b840  _magIndex                             
0     0000b84c  _magMax                               
0     00083691  _main                                 
0     0008464c  _memcpy                               
0     00083ff4  _memset                               
0     0000b84a  _n                                    
0     0000b842  _n2pi                                 
0     0000b844  _nSmall                               
0     0000892c  _pentatonic                           
0     0000b854  _phaseDifference                      
0     0000b84e  _resFFT                               
0     0000b858  _rfft1                                
0     00083b03  _rfft_f32_Stages1and2and3andBitReverse
0     00083b6f  _rfft_f32_Stages4andUp                
0     00083fbc  _round                                
0     00083fbc  _roundf                               
0     000843ed  _sin                                  
0     000843ed  _sinf                                 
0     0000b852  _smallest                             
0     0000b818  _string2                              
0     0000b800  _string4                              
0     0000b80c  _string6                              
0     0000b856  _test_est                             
0     0000a168  _vocodeAnalysis                       
0     0000b848  _zFreq                                
abs   ffffffff  binit                                 
0     00082000  cinit                                 
0     00080000  code_start                            
abs   ffffffff  etext                                 
abs   ffffffff  pinit                                 


GLOBAL SYMBOLS: SORTED BY Symbol Address 

page  address   name                                  
----  -------   ----                                  
0     00000400  __stack                               
0     00000600  __STACK_END                           
0     00000ce0  _Cla1SoftIntRegs                      
0     00001500  _fo_n_cpu                             
0     00008800  _frameLUT                             
0     0000892c  _pentatonic                           
0     00008931  _diatonic                             
0     00008938  _GPIO34_count                         
0     00009000  _Cla1Task1                            
0     00009000  _Cla1funcsRunStart                    
0     00009a50  _Cla1Task2                            
0     00009a58  _Cla1Task3                            
0     00009a60  _Cla1Task4                            
0     00009a68  _Cla1Task5                            
0     00009a70  _Cla1Task6                            
0     00009a78  _Cla1Task7                            
0     00009a80  _Cla1Task8                            
0     0000a000  _DMACH2_ISR                           
0     0000a000  _RamfuncsRunStart                     
0     0000a044  _DMACH4_ISR                           
0     0000a088  _DMACH6_ISR                           
0     0000a0cc  _ADCCH2_ISR                           
0     0000a0e1  _ADCCH4_ISR                           
0     0000a0f6  _ADCCH6_ISR                           
0     0000a10b  _EPWM_5_ISR                           
0     0000a120  _CLA_ISR1                             
0     0000a131  _SCIB_ISR                             
0     0000a168  _vocodeAnalysis                       
0     0000a230  _InitFlash                            
0     0000a259  _FlashOff                             
0     0000a267  _F28x_usDelay                         
0     0000a26b  _RamfuncsRunEnd                       
0     0000b800  _string4                              
0     0000b80c  _string6                              
0     0000b818  _string2                              
0     0000b824  _fo_n_cpu1                            
0     0000b832  _fo_est_cpu1                          
0     0000b840  _magIndex                             
0     0000b842  _n2pi                                 
[...]
0     00082a51  _SCID_TX_ISR                          
0     00082a5b  _SCIA_RX_ISR                          
0     00082a65  _SCIA_TX_ISR                          
0     00082a6f  _SCIB_RX_ISR                          
0     00082a79  _SCIB_TX_ISR                          
0     00082a83  _CANA0_ISR                            
0     00082a8d  _CANA1_ISR                            
0     00082a97  _CANB0_ISR                            
0     00082aa1  _CANB1_ISR                            
0     00082aab  _ADCA_EVT_ISR                         
0     00082ab5  _ADCA2_ISR                            
0     00082abf  _ADCA3_ISR                            
0     00082ac9  _ADCA4_ISR                            
0     00082ad3  _ADCB_EVT_ISR                         
0     00082add  _ADCB2_ISR                            
0     00082ae7  _ADCB3_ISR                            
0     00082af1  _ADCB4_ISR                            
0     00082afb  _CLA1_1_ISR                           
0     00082b05  _CLA1_2_ISR                           
0     00082b0f  _CLA1_3_ISR                           
0     00082b19  _CLA1_4_ISR                           
0     00082b23  _CLA1_5_ISR                           
0     00082b2d  _CLA1_6_ISR                           
0     00082b37  _CLA1_7_ISR                           
0     00082b41  _CLA1_8_ISR                           
0     00082b4b  _XINT3_ISR                            
0     00082b55  _XINT4_ISR                            
0     00082b5f  _XINT5_ISR                            
0     00082b69  _VCU_ISR                              
0     00082b73  _FPU_OVERFLOW_ISR                     
0     00082b7d  _FPU_UNDERFLOW_ISR                    
0     00082b87  _IPC0_ISR                             
0     00082b91  _IPC1_ISR                             
0     00082b9b  _IPC2_ISR                             
0     00082ba5  _IPC3_ISR                             
0     00082baf  _EPWM9_TZ_ISR                         
0     00082bb9  _EPWM10_TZ_ISR                        
0     00082bc3  _EPWM11_TZ_ISR                        
0     00082bcd  _EPWM12_TZ_ISR                        
0     00082bd7  _EPWM9_ISR                            
0     00082be1  _EPWM10_ISR                           
0     00082beb  _EPWM11_ISR                           
0     00082bf5  _EPWM12_ISR                           
0     00082bff  _SD1_ISR                              
0     00082c09  _SD2_ISR                              
0     00082c13  _SPIC_RX_ISR                          
0     00082c1d  _SPIC_TX_ISR                          
0     00082c27  _UPPA_ISR                             
0     00082c31  _USBA_ISR                             
0     00082c3b  _ADCC_EVT_ISR                         
0     00082c45  _ADCC2_ISR                            
0     00082c4f  _ADCC3_ISR                            
0     00082c59  _ADCC4_ISR                            
0     00082c63  _ADCD_EVT_ISR                         
0     00082c6d  _ADCD2_ISR                            
0     00082c77  _ADCD3_ISR                            
0     00082c81  _ADCD4_ISR                            
0     00082c8b  _EMIF_ERROR_ISR                       
0     00082c95  _RAM_CORRECTABLE_ERROR_ISR            
0     00082c9f  _FLASH_CORRECTABLE_ERROR_ISR          
0     00082ca9  _RAM_ACCESS_VIOLATION_ISR             
0     00082cb3  _SYS_PLL_SLIP_ISR                     
0     00082cbd  _AUX_PLL_SLIP_ISR                     
0     00082cc7  _CLA_OVERFLOW_ISR                     
0     00082cd1  _CLA_UNDERFLOW_ISR                    
0     00082cdb  _PIE_RESERVED_ISR                     
0     00082ce5  _EMPTY_ISR                            
0     00082cf2  _NOTUSED_ISR                          
0     00082cfc  _DMAInitialize                        
0     00082d09  _DMACH1AddrConfig                     
0     00082d19  _DMACH1BurstConfig                    
0     00082d29  _DMACH1TransferConfig                 
0     00082d39  _DMACH1WrapConfig                     
0     00082d4c  _DMACH1ModeConfig                     
0     00082d9a  _StartDMACH1                          
0     00082da2  _DMACH2AddrConfig                     
0     00082db2  _DMACH2BurstConfig                    
0     00082dc2  _DMACH2TransferConfig                 
0     00082dd2  _DMACH2WrapConfig                     
0     00082de5  _DMACH2ModeConfig                     
0     00082e34  _StartDMACH2                          
0     00082e3c  _DMACH3AddrConfig                     
0     00082e4c  _DMACH3BurstConfig                    
0     00082e5c  _DMACH3TransferConfig                 
0     00082e6c  _DMACH3WrapConfig                     
0     00082e7f  _DMACH3ModeConfig                     
0     00082ecd  _StartDMACH3                          
0     00082ed5  _DMACH4AddrConfig                     
0     00082ee5  _DMACH4BurstConfig                    
0     00082ef5  _DMACH4TransferConfig                 
0     00082f05  _DMACH4WrapConfig                     
0     00082f18  _DMACH4ModeConfig                     
0     00082f67  _StartDMACH4                          
0     00082f6f  _DMACH5AddrConfig                     
0     00082f7f  _DMACH5BurstConfig                    
0     00082f8f  _DMACH5TransferConfig                 
0     00082f9f  _DMACH5WrapConfig                     
0     00082fb2  _DMACH5ModeConfig                     
0     00083000  _StartDMACH5                          
0     00083008  _DMACH6AddrConfig                     
0     00083018  _DMACH6BurstConfig                    
0     00083028  _DMACH6TransferConfig                 
0     00083038  _DMACH6WrapConfig                     
0     0008304b  _DMACH6ModeConfig                     
0     0008309a  _StartDMACH6                          
0     000830a2  _DMACH1AddrConfig32bit                
0     000830b2  _DMACH2AddrConfig32bit                
0     000830c2  _DMACH3AddrConfig32bit                
0     000830d2  _DMACH4AddrConfig32bit                
0     000830e2  _DMACH5AddrConfig32bit                
0     000830f2  _DMACH6AddrConfig32bit                
0     00083102  _InitSysCtrl                          
0     0008313f  _InitPeripheralClocks                 
0     000831c7  _DisablePeripheralClocks              
0     000831df  _SeizeFlashPump                       
0     000831ee  _ReleaseFlashPump                     
0     000831f8  _ServiceDog                           
0     00083206  _DisableDog                           
0     00083214  _InitSysPll                           
0     000832da  _InitAuxPll                           
0     000833a2  _CsmUnlock                            
0     000833c3  _SysIntOsc1Sel                        
0     000833cd  _SysIntOsc2Sel                        
0     000833d7  _SysXtalOscSel                        
0     000833e3  _AuxIntOsc2Sel                        
0     000833ed  _AuxXtalOscSel                        
0     000833f9  _AuxAuxClkSel                         
0     00083403  _IDLE                                 
0     0008340c  _STANDBY                              
0     00083417  _HALT                                 
0     00083430  _HIB                                  
0     0008344d  _InitGpio                             
0     0008348d  _GPIO_SetupPinMux                     
0     00083519  _GPIO_SetupPinOptions                 
0     000835ad  _GPIO_SetupLock                       
0     000835d6  _GPIO_SetupXINT1Gpio                  
0     000835e0  _GPIO_SetupXINT2Gpio                  
0     000835ea  _GPIO_SetupXINT3Gpio                  
0     000835f4  _GPIO_SetupXINT4Gpio                  
0     000835fe  _GPIO_SetupXINT5Gpio                  
0     00083608  _GPIO_EnableUnbondedIOPullupsFor176Pin
0     00083621  _GPIO_EnableUnbondedIOPullupsFor100Pin
0     00083646  _GPIO_EnableUnbondedIOPullups         
0     0008365c  _GPIO_ReadPin                         
0     00083673  _GPIO_WritePin                        
0     00083691  _main                                 
0     000837cc  _initCPU2                             
0     000837f6  _initMain                             
0     0008385d  _IPCRtoLFlagAcknowledge               
0     00083865  _IPCRtoLFlagBusy                      
0     00083874  _IPCLtoRFlagBusy                      
0     00083883  _IPCLtoRFlagSet                       
0     0008388b  _IPCLtoRFlagClear                     
0     00083893  _IPCGetBootStatus                     
0     00083897  _IPCBootCPU2                          
0     000839ce  _log                                  
0     000839ce  _logf                                 
0     00083af9  __system_post_cinit                   
0     00083afa  _RFFT_f32                             
0     00083b03  _rfft_f32_Stages1and2and3andBitReverse
0     00083b6f  _rfft_f32_Stages4andUp                
0     00083c17  _initCLA                              
0     00083ca6  _initLUT                              
0     00083d1c  _initEPWM                             
0     00083d4f  _initEPWM1                            
0     00083d80  _initEPWM2                            
0     00083da1  _initEPWM3                            
0     00083dc2  _initEPWM4                            
0     00083df3  _initEPWM5                            
0     00083e14  _AdcSetMode                           
0     00083eb7  _CalAdcINL                            
0     00083ef1  _initDMA                              
0     00083ef6  _initDMAx                             
0     00083fbc  _round                                
0     00083fbc  _roundf                               
0     00083ff4  _memset                               
0     00084000  _initSCI                              
0     0008402a  _initSCIB                             
0     0008405b  _initSCIBFIFO                         
0     00084077  _determineCommand                     
0     000840a3  _SCIB_TX                              
0     000840af  _SCIB_MSG                             
0     000840bd  _InitIpc                              
0     000840cb  _ReadIpcTimer                         
0     000840df  _SendIpcData                          
0     000840f6  _RecvIpcData                          
0     00084106  _FillIpcSendData                      
0     00084112  _SendIpcCommand                       
0     00084123  _SendIpcFlag                          
0     0008412d  _AckIpcFlag                           
0     00084137  _CancelIpcFlag                        
0     00084141  _WaitForIpcFlag                       
0     0008414e  _WaitForIpcAck                        
0     0008415b  _IpcSync                              
0     0008416a  _configureADCs                        
0     000841a3  _initializeADCs                       
0     0008420e  _initADC                              
0     00084213  FS$$DIV                               
0     0008429c  _RFFT_f32_phase_TMU0                  
0     00084322  _RFFT_f32_sincostable                 
0     0008438c  _cos                                  
0     0008438c  _cosf                                 
0     000843ed  _sin                                  
0     000843ed  _sinf                                 
0     00084445  _floor                                
0     00084445  _floorf                               
0     0008449c  _c_int00                              
0     000844f2  _RFFT_f32_mag_TMU0                    
0     00084540  _initSPI                              
0     00084564  _init_SPIA_GPIO                       
0     0008458a  C$$EXIT                               
0     0008458a  _abort                                
0     0008458c  _exit                                 
0     000845b3  _InitPieCtrl                          
0     000845d2  _EnableInterrupts                     
0     000845db  _initFFT                              
0     00084602  _InitPieVectTable                     
0     00084628  _copy_in                              
0     0008464c  _memcpy                               
0     0008466a  __args_main                           
0     00084683  LL$$AND                               
0     0008468b  LL$$OR                                
0     00084693  LL$$XOR                               
0     0008469b  __register_unlock                     
0     0008469f  __register_lock                       
0     000846a3  __nop                                 
0     000846ac  __system_pre_init                     
0     00086000  _Cla1funcsLoadStart                   
0     00086a88  _Cla1funcsLoadEnd                     
0     00090000  _PieVectTableInit                     
1     00000b00  _AdcaResultRegs                       
1     00000b20  _AdcbResultRegs                       
1     00000b40  _AdccResultRegs                       
1     00000b60  _AdcdResultRegs                       
1     00000c00  _CpuTimer0Regs                        
1     00000c08  _CpuTimer1Regs                        
1     00000c10  _CpuTimer2Regs                        
1     00000ce0  _PieCtrlRegs                          
1     00000d00  _EmuKey                               
1     00000d00  _PieVectTable                         
1     00000d01  _EmuBMode                             
1     00001000  _DmaRegs                              
1     00001400  _Cla1Regs                             
1     00004000  _EPwm1Regs                            
1     00004100  _EPwm2Regs                            
1     00004200  _EPwm3Regs                            
1     00004300  _EPwm4Regs                            
1     00004400  _EPwm5Regs                            
1     00004500  _EPwm6Regs                            
1     00004600  _EPwm7Regs                            
1     00004700  _EPwm8Regs                            
1     00004800  _EPwm9Regs                            
1     00004900  _EPwm10Regs                           
1     00004a00  _EPwm11Regs                           
1     00004b00  _EPwm12Regs                           
1     00005000  _ECap1Regs                            
1     00005020  _ECap2Regs                            
1     00005040  _ECap3Regs                            
1     00005060  _ECap4Regs                            
1     00005080  _ECap5Regs                            
1     000050a0  _ECap6Regs                            
1     00005100  _EQep1Regs                            
1     00005140  _EQep2Regs                            
1     00005180  _EQep3Regs                            
1     00005c00  _DacaRegs                             
1     00005c10  _DacbRegs                             
1     00005c20  _DaccRegs                             
1     00005c80  _Cmpss1Regs                           
1     00005ca0  _Cmpss2Regs                           
1     00005cc0  _Cmpss3Regs                           
1     00005ce0  _Cmpss4Regs                           
1     00005d00  _Cmpss5Regs                           
1     00005d20  _Cmpss6Regs                           
1     00005d40  _Cmpss7Regs                           
1     00005d60  _Cmpss8Regs                           
1     00005e00  _Sdfm1Regs                            
1     00005e80  _Sdfm2Regs                            
1     00006000  _McbspaRegs                           
1     00006040  _McbspbRegs                           
1     00006100  _SpiaRegs                             
1     00006110  _SpibRegs                             
1     00006120  _SpicRegs                             
1     00006200  _UppRegs                              
1     00007000  _WdRegs                               
1     00007060  _NmiIntruptRegs                       
1     00007070  _XintRegs                             
1     00007200  _SciaRegs                             
1     00007210  _ScibRegs                             
1     00007220  _ScicRegs                             
1     00007230  _ScidRegs                             
1     00007300  _I2caRegs                             
1     00007340  _I2cbRegs                             
1     00007400  _AdcaRegs                             
1     00007480  _AdcbRegs                             
1     00007500  _AdccRegs                             
1     00007580  _AdcdRegs                             
1     00007900  _InputXbarRegs                        
1     00007920  _XbarRegs                             
1     00007940  _SyncSocRegs                          
1     00007980  _DmaClaSrcSelRegs                     
1     00007a00  _EPwmXbarRegs                         
1     00007a80  _OutputXbarRegs                       
1     00007c00  _GpioCtrlRegs                         
1     00007f00  _GpioDataRegs                         
1     0000c000  _RFFT1inBuff                          
1     0000c800  _RFFT1outBuff                         
1     0000d000  _RFFT1F32Coef                         
1     0000d800  _RFFT1magBuff                         
1     0000dc00  _RFFT1phaseBuff                       
1     00010000  _RFFTwindow                           
1     00011000  _CircularBuffer2                      
1     00011800  _CircularBuffer4                      
1     00012000  _CircularBuffer6                      
1     0003f800  _fo_est_cpu2                          
1     0003f80e  _fo_n_cpu2                            
1     0003fc00  _g_asIPCCPU1toCPU2Buffers             
1     0003fc80  _g_usPutWriteIndexes                  
1     0003fc84  _g_usGetReadIndexes                   
1     00047000  _Emif1Regs                            
1     00047800  _Emif2Regs                            
1     00050000  _IpcRegs                              
1     00050024  _FlashPumpSemaphoreRegs               
1     0005d000  _DevCfgRegs                           
1     0005d180  _AnalogSubsysRegs                     
1     0005d200  _ClkCfgRegs                           
1     0005d300  _CpuSysRegs                           
1     0005e608  _RomPrefetchRegs                      
1     0005f000  _DcsmZ1Regs                           
1     0005f040  _DcsmZ2Regs                           
1     0005f070  _DcsmCommonRegs                       
1     0005f400  _MemCfgRegs                           
1     0005f480  _Emif1ConfigRegs                      
1     0005f4a0  _Emif2ConfigRegs                      
1     0005f4c0  _AccessProtectionRegs                 
1     0005f500  _MemoryErrorRegs                      
1     0005f540  _RomWaitStateRegs                     
1     0005f800  _Flash0CtrlRegs                       
1     0005fb00  _Flash0EccRegs                        
1     00078000  _DcsmZ1Otp                            
1     00078200  _DcsmZ2Otp                            
abs   00000200  __STACK_SIZE                          
abs   0000026b  _RamfuncsLoadSize                     
abs   0000026b  _RamfuncsRunSize                      
abs   00000a88  _Cla1funcsLoadSize                    
abs   ffffffff  .text                                 
abs   ffffffff  ___TI_pprof_out_hndl                  
abs   ffffffff  ___TI_prof_data_size                  
abs   ffffffff  ___TI_prof_data_start                 
abs   ffffffff  ___binit__                            
abs   ffffffff  ___c_args__                           
abs   ffffffff  ___etext__                            
abs   ffffffff  ___pinit__                            
abs   ffffffff  ___text__                             
abs   ffffffff  binit                                 
abs   ffffffff  etext                                 
abs   ffffffff  pinit                                 

[495 symbols]
