******************************************************************************
             TMS320C2000 Linker PC v18.1.1                     
******************************************************************************
>> Linked Fri Nov 16 00:13:04 2018

OUTPUT FILE NAME:   <spi_driver_cla.out>
ENTRY POINT SYMBOL: "_c_int00"  address: 0000cc57


MEMORY CONFIGURATION

         name            origin    length      used     unused   attr    fill
----------------------  --------  ---------  --------  --------  ----  --------
PAGE 0:
  BEGIN_M0              00000000   00000002  00000002  00000000  RWIX
  RAMLS4                0000a000   00000800  0000005a  000007a6  RWIX
  RAMLS5                0000a800   00000800  00000000  00000800  RWIX
  RAMGS0123             0000c000   00004000  00001041  00002fbf  RWIX
  BEGIN_FLASH           00080000   00000002  00000000  00000002  RWIX
  FLASH_A               00080002   00001ffe  00000000  00001ffe  RWIX
  FLASH_BCDEFGHIJKLMN   00082000   0003e000  00000000  0003e000  RWIX
  RESET                 003fffc0   00000002  00000000  00000002  R   

PAGE 1:
  BOOT_RSVD             00000002   0000004e  00000000  0000004e  RWIX
  RAMM0                 00000050   000003b0  0000000a  000003a6  RWIX
  RAMM1                 00000400   00000400  00000200  00000200  RWIX
  ADCA_RESULT           00000b00   00000020  00000018  00000008  RWIX
  ADCB_RESULT           00000b20   00000020  00000018  00000008  RWIX
  ADCC_RESULT           00000b40   00000020  00000018  00000008  RWIX
  ADCD_RESULT           00000b60   00000020  00000018  00000008  RWIX
  CPU_TIMER0            00000c00   00000008  00000008  00000000  RWIX
  CPU_TIMER1            00000c08   00000008  00000008  00000000  RWIX
  CPU_TIMER2            00000c10   00000008  00000008  00000000  RWIX
  PIE_CTRL              00000ce0   00000020  0000001a  00000006  RWIX
  PIE_VECT              00000d00   00000200  000001c0  00000040  RWIX
  DMA                   00001000   00000200  000000e0  00000120  RWIX
  CLA1                  00001400   00000040  0000003e  00000002  RWIX
  CLA1_MSGRAMLOW        00001480   00000080  00000000  00000080  RWIX
  CLA1_MSGRAMHIGH       00001500   00000080  00000000  00000080  RWIX
  EPWM1                 00004000   00000100  00000100  00000000  RWIX
  EPWM2                 00004100   00000100  00000100  00000000  RWIX
  EPWM3                 00004200   00000100  00000100  00000000  RWIX
  EPWM4                 00004300   00000100  00000100  00000000  RWIX
  EPWM5                 00004400   00000100  00000100  00000000  RWIX
  EPWM6                 00004500   00000100  00000100  00000000  RWIX
  EPWM7                 00004600   00000100  00000100  00000000  RWIX
  EPWM8                 00004700   00000100  00000100  00000000  RWIX
  EPWM9                 00004800   00000100  00000100  00000000  RWIX
  EPWM10                00004900   00000100  00000100  00000000  RWIX
  EPWM11                00004a00   00000100  00000100  00000000  RWIX
  EPWM12                00004b00   00000100  00000100  00000000  RWIX
  ECAP1                 00005000   00000020  00000020  00000000  RWIX
  ECAP2                 00005020   00000020  00000020  00000000  RWIX
  ECAP3                 00005040   00000020  00000020  00000000  RWIX
  ECAP4                 00005060   00000020  00000020  00000000  RWIX
  ECAP5                 00005080   00000020  00000020  00000000  RWIX
  ECAP6                 000050a0   00000020  00000020  00000000  RWIX
  EQEP1                 00005100   00000040  00000022  0000001e  RWIX
  EQEP2                 00005140   00000040  00000022  0000001e  RWIX
  EQEP3                 00005180   00000040  00000022  0000001e  RWIX
  DACA                  00005c00   00000010  00000008  00000008  RWIX
  DACB                  00005c10   00000010  00000008  00000008  RWIX
  DACC                  00005c20   00000010  00000008  00000008  RWIX
  CMPSS1                00005c80   00000020  00000020  00000000  RWIX
  CMPSS2                00005ca0   00000020  00000020  00000000  RWIX
  CMPSS3                00005cc0   00000020  00000020  00000000  RWIX
  CMPSS4                00005ce0   00000020  00000020  00000000  RWIX
  CMPSS5                00005d00   00000020  00000020  00000000  RWIX
  CMPSS6                00005d20   00000020  00000020  00000000  RWIX
  CMPSS7                00005d40   00000020  00000020  00000000  RWIX
  CMPSS8                00005d60   00000020  00000020  00000000  RWIX
  SDFM1                 00005e00   00000080  00000080  00000000  RWIX
  SDFM2                 00005e80   00000080  00000080  00000000  RWIX
  MCBSPA                00006000   00000040  00000024  0000001c  RWIX
  MCBSPB                00006040   00000040  00000024  0000001c  RWIX
  SPIA                  00006100   00000010  00000010  00000000  RWIX
  SPIB                  00006110   00000010  00000010  00000000  RWIX
  SPIC                  00006120   00000010  00000010  00000000  RWIX
  SPID                  00006130   00000010  00000000  00000010  RWIX
  UPP                   00006200   00000100  00000048  000000b8  RWIX
  WD                    00007000   00000040  0000002b  00000015  RWIX
  NMIINTRUPT            00007060   00000010  00000007  00000009  RWIX
  XINT                  00007070   00000010  0000000b  00000005  RWIX
  SCIA                  00007200   00000010  00000010  00000000  RWIX
  SCIB                  00007210   00000010  00000010  00000000  RWIX
  SCIC                  00007220   00000010  00000010  00000000  RWIX
  SCID                  00007230   00000010  00000010  00000000  RWIX
  I2CA                  00007300   00000040  00000022  0000001e  RWIX
  I2CB                  00007340   00000040  00000022  0000001e  RWIX
  ADCA                  00007400   00000080  00000080  00000000  RWIX
  ADCB                  00007480   00000080  00000080  00000000  RWIX
  ADCC                  00007500   00000080  00000080  00000000  RWIX
  ADCD                  00007580   00000080  00000080  00000000  RWIX
  INPUT_XBAR            00007900   00000020  00000020  00000000  RWIX
  XBAR                  00007920   00000020  00000020  00000000  RWIX
  SYNC_SOC              00007940   00000010  00000006  0000000a  RWIX
  DMACLASRCSEL          00007980   00000040  0000001a  00000026  RWIX
  EPWM_XBAR             00007a00   00000040  00000040  00000000  RWIX
  CLB_XBAR              00007a40   00000040  00000000  00000040  RWIX
  OUTPUT_XBAR           00007a80   00000040  00000040  00000000  RWIX
  GPIOCTRL              00007c00   00000180  00000180  00000000  RWIX
  GPIODAT               00007f00   00000030  00000030  00000000  RWIX
  RAMLS0                00008000   00000800  00000000  00000800  RWIX
  RAMLS1                00008800   00000800  00000006  000007fa  RWIX
  RAMLS2                00009000   00000800  00000000  00000800  RWIX
  RAMLS3                00009800   00000800  00000000  00000800  RWIX
  RAMD0                 0000b000   00000800  00000000  00000800  RWIX
  RAMD1                 0000b800   00000800  00000000  00000800  RWIX
  RAMGS4                00010000   00001000  00000000  00001000  RWIX
  RAMGS5                00011000   00001000  00000000  00001000  RWIX
  RAMGS6                00012000   00001000  00000000  00001000  RWIX
  RAMGS7                00013000   00001000  00000000  00001000  RWIX
  RAMGS89ABCDEF         00014000   00008000  00000000  00008000  RWIX
  EMIF1                 00047000   00000800  00000070  00000790  RWIX
  EMIF2                 00047800   00000800  00000070  00000790  RWIX
  CANA                  00048000   00000800  00000164  0000069c  RWIX
  CANB                  0004a000   00000800  00000164  0000069c  RWIX
  IPC                   00050000   00000024  00000024  00000000  RWIX
  FLASHPUMPSEMAPHORE    00050024   00000002  00000002  00000000  RWIX
  DEV_CFG               0005d000   00000180  0000012e  00000052  RWIX
  ANALOG_SUBSYS         0005d180   00000080  00000048  00000038  RWIX
  CLK_CFG               0005d200   00000100  00000032  000000ce  RWIX
  CPU_SYS               0005d300   00000100  00000082  0000007e  RWIX
  ROMPREFETCH           0005e608   00000002  00000002  00000000  RWIX
  DCSM_Z1               0005f000   00000030  00000024  0000000c  RWIX
  DCSM_Z2               0005f040   00000030  00000024  0000000c  RWIX
  DCSM_COMMON           0005f070   00000010  00000008  00000008  RWIX
  MEMCFG                0005f400   00000080  00000080  00000000  RWIX
  EMIF1CONFIG           0005f480   00000020  00000020  00000000  RWIX
  EMIF2CONFIG           0005f4a0   00000020  00000020  00000000  RWIX
  ACCESSPROTECTION      0005f4c0   00000040  00000040  00000000  RWIX
  MEMORYERROR           0005f500   00000040  00000040  00000000  RWIX
  ROMWAITSTATE          0005f540   00000002  00000002  00000000  RWIX
  FLASH0_CTRL           0005f800   00000300  00000182  0000017e  RWIX
  FLASH0_ECC            0005fb00   00000040  00000028  00000018  RWIX
  DCSM_Z1_OTP           00078000   00000020  00000020  00000000  RWIX
  DCSM_Z2_OTP           00078200   00000020  00000020  00000000  RWIX


SECTION ALLOCATION MAP

 output                                  attributes/
section   page    origin      length       input sections
--------  ----  ----------  ----------   ----------------
.text      0    0000c000    00000e52     
                  0000c000    0000078c     DefaultIsr_9_10.obj (.text:retain)
                  0000c78c    00000389     Gpio.obj (.text)
                  0000cb15    000000d2     SysCtrl.obj (.text)
                  0000cbe7    00000070     Cla.obj (.text)
                  0000cc57    00000056     rts2800_fpu32.lib : boot28.asm.obj (.text)
                  0000ccad    00000046     F2837xD_Spi.obj (.text)
                  0000ccf3    0000003f     Main.obj (.text)
                  0000cd32    00000038     EPwm.obj (.text)
                  0000cd6a    00000031     PieCtrl.obj (.text)
                  0000cd9b    00000029     rts2800_fpu32.lib : exit.c.obj (.text)
                  0000cdc4    00000024                       : cpy_tbl.c.obj (.text)
                  0000cde8    0000001e                       : memcpy.c.obj (.text)
                  0000ce06    00000019                       : args_main.c.obj (.text)
                  0000ce1f    00000010     DelayUs.obj (.text)
                  0000ce2f    00000010     Watchdog.obj (.text)
                  0000ce3f    00000009     rts2800_fpu32.lib : _lock.c.obj (.text)
                  0000ce48    00000007     CodeStartBranch.obj (.text)
                  0000ce4f    00000002     rts2800_fpu32.lib : pre_init.c.obj (.text)
                  0000ce51    00000001                       : startup.c.obj (.text)

.cinit     0    0000d012    0000002f     
                  0000d012    00000015     Main.obj (.cinit)
                  0000d027    0000000e     rts2800_fpu32.lib : exit.c.obj (.cinit)
                  0000d035    00000005                       : _lock.c.obj (.cinit:__lock)
                  0000d03a    00000005                       : _lock.c.obj (.cinit:__unlock)
                  0000d03f    00000002     --HOLE-- [fill = 0]

.econst    0    0000ce52    000001c0     
                  0000ce52    000001c0     PieVect.obj (.econst:_PieVectTableInit)

.pinit     0    0000c000    00000000     UNINITIALIZED

.reset     0    003fffc0    00000002     DSECT
                  003fffc0    00000002     rts2800_fpu32.lib : boot28.asm.obj (.reset)

.bss       1    00000050    00000000     UNINITIALIZED

.ebss      1    00000050    0000000a     UNINITIALIZED
                  00000050    00000006     rts2800_fpu32.lib : exit.c.obj (.ebss)
                  00000056    00000002                       : _lock.c.obj (.ebss:__lock)
                  00000058    00000002                       : _lock.c.obj (.ebss:__unlock)

.stack     1    00000400    00000200     UNINITIALIZED
                  00000400    00000200     --HOLE--

codestart 
*          0    00000000    00000002     
                  00000000    00000002     CodeStartBranch.obj (codestart)

Cla1Prog   0    0000a000    0000005a     
                  0000a000    00000022     ClaTasks_C.obj (Cla1Prog:_Cla1Task1)
                  0000a022    00000008     ClaTasks_C.obj (Cla1Prog:_Cla1Task2)
                  0000a02a    00000008     ClaTasks_C.obj (Cla1Prog:_Cla1Task3)
                  0000a032    00000008     ClaTasks_C.obj (Cla1Prog:_Cla1Task4)
                  0000a03a    00000008     ClaTasks_C.obj (Cla1Prog:_Cla1Task5)
                  0000a042    00000008     ClaTasks_C.obj (Cla1Prog:_Cla1Task6)
                  0000a04a    00000008     ClaTasks_C.obj (Cla1Prog:_Cla1Task7)
                  0000a052    00000008     ClaTasks_C.obj (Cla1Prog:_Cla1Task8)

AdcaResultFile 
*          1    00000b00    00000018     UNINITIALIZED
                  00000b00    00000018     F2837xD_GlobalVariableDefs.obj (AdcaResultFile)

AdcbResultFile 
*          1    00000b20    00000018     UNINITIALIZED
                  00000b20    00000018     F2837xD_GlobalVariableDefs.obj (AdcbResultFile)

AdccResultFile 
*          1    00000b40    00000018     UNINITIALIZED
                  00000b40    00000018     F2837xD_GlobalVariableDefs.obj (AdccResultFile)

AdcdResultFile 
*          1    00000b60    00000018     UNINITIALIZED
                  00000b60    00000018     F2837xD_GlobalVariableDefs.obj (AdcdResultFile)

CpuTimer0RegsFile 
*          1    00000c00    00000008     UNINITIALIZED
                  00000c00    00000008     F2837xD_GlobalVariableDefs.obj (CpuTimer0RegsFile)

CpuTimer1RegsFile 
*          1    00000c08    00000008     UNINITIALIZED
                  00000c08    00000008     F2837xD_GlobalVariableDefs.obj (CpuTimer1RegsFile)

CpuTimer2RegsFile 
*          1    00000c10    00000008     UNINITIALIZED
                  00000c10    00000008     F2837xD_GlobalVariableDefs.obj (CpuTimer2RegsFile)

Cla1RegsFile 
*          1    00001400    0000003e     UNINITIALIZED
                  00001400    0000003e     F2837xD_GlobalVariableDefs.obj (Cla1RegsFile)

Cla1Data1 
*          1    00008800    00000006     UNINITIALIZED
                  00008800    00000006     Main.obj (Cla1Data1)

PieVectTableFile 
*          1    00000d00    000001c0     UNINITIALIZED
                  00000d00    000001c0     F2837xD_GlobalVariableDefs.obj (PieVectTableFile)

EmuBModeVar 
*          1    00000d00    00000001     UNINITIALIZED
                  00000d00    00000001     F2837xD_GlobalVariableDefs.obj (EmuBModeVar)

EmuBootPinsVar 
*          1    00000d01    00000001     UNINITIALIZED
                  00000d01    00000001     F2837xD_GlobalVariableDefs.obj (EmuBootPinsVar)

DacaRegsFile 
*          1    00005c00    00000008     UNINITIALIZED
                  00005c00    00000008     F2837xD_GlobalVariableDefs.obj (DacaRegsFile)

DacbRegsFile 
*          1    00005c10    00000008     UNINITIALIZED
                  00005c10    00000008     F2837xD_GlobalVariableDefs.obj (DacbRegsFile)

DaccRegsFile 
*          1    00005c20    00000008     UNINITIALIZED
                  00005c20    00000008     F2837xD_GlobalVariableDefs.obj (DaccRegsFile)

AdcaRegsFile 
*          1    00007400    00000080     UNINITIALIZED
                  00007400    00000080     F2837xD_GlobalVariableDefs.obj (AdcaRegsFile)

AdcbRegsFile 
*          1    00007480    00000080     UNINITIALIZED
                  00007480    00000080     F2837xD_GlobalVariableDefs.obj (AdcbRegsFile)

AdccRegsFile 
*          1    00007500    00000080     UNINITIALIZED
                  00007500    00000080     F2837xD_GlobalVariableDefs.obj (AdccRegsFile)

AdcdRegsFile 
*          1    00007580    00000080     UNINITIALIZED
                  00007580    00000080     F2837xD_GlobalVariableDefs.obj (AdcdRegsFile)

CanaRegsFile 
*          1    00048000    00000164     UNINITIALIZED
                  00048000    00000164     F2837xD_GlobalVariableDefs.obj (CanaRegsFile)

CanbRegsFile 
*          1    0004a000    00000164     UNINITIALIZED
                  0004a000    00000164     F2837xD_GlobalVariableDefs.obj (CanbRegsFile)

AnalogSubsysRegsFile 
*          1    0005d180    00000048     UNINITIALIZED
                  0005d180    00000048     F2837xD_GlobalVariableDefs.obj (AnalogSubsysRegsFile)

Cla1SoftIntRegsFile 
*          1    00000ce0    00000004     DSECT
                  00000ce0    00000004     F2837xD_GlobalVariableDefs.obj (Cla1SoftIntRegsFile)

PieCtrlRegsFile 
*          1    00000ce0    0000001a     UNINITIALIZED
                  00000ce0    0000001a     F2837xD_GlobalVariableDefs.obj (PieCtrlRegsFile)

DmaRegsFile 
*          1    00001000    000000e0     UNINITIALIZED
                  00001000    000000e0     F2837xD_GlobalVariableDefs.obj (DmaRegsFile)

EPwm1RegsFile 
*          1    00004000    00000100     UNINITIALIZED
                  00004000    00000100     F2837xD_GlobalVariableDefs.obj (EPwm1RegsFile)

EPwm2RegsFile 
*          1    00004100    00000100     UNINITIALIZED
                  00004100    00000100     F2837xD_GlobalVariableDefs.obj (EPwm2RegsFile)

EPwm3RegsFile 
*          1    00004200    00000100     UNINITIALIZED
                  00004200    00000100     F2837xD_GlobalVariableDefs.obj (EPwm3RegsFile)

EPwm4RegsFile 
*          1    00004300    00000100     UNINITIALIZED
                  00004300    00000100     F2837xD_GlobalVariableDefs.obj (EPwm4RegsFile)

EPwm5RegsFile 
*          1    00004400    00000100     UNINITIALIZED
                  00004400    00000100     F2837xD_GlobalVariableDefs.obj (EPwm5RegsFile)

EPwm6RegsFile 
*          1    00004500    00000100     UNINITIALIZED
                  00004500    00000100     F2837xD_GlobalVariableDefs.obj (EPwm6RegsFile)

EPwm7RegsFile 
*          1    00004600    00000100     UNINITIALIZED
                  00004600    00000100     F2837xD_GlobalVariableDefs.obj (EPwm7RegsFile)

EPwm8RegsFile 
*          1    00004700    00000100     UNINITIALIZED
                  00004700    00000100     F2837xD_GlobalVariableDefs.obj (EPwm8RegsFile)

EPwm9RegsFile 
*          1    00004800    00000100     UNINITIALIZED
                  00004800    00000100     F2837xD_GlobalVariableDefs.obj (EPwm9RegsFile)

EPwm10RegsFile 
*          1    00004900    00000100     UNINITIALIZED
                  00004900    00000100     F2837xD_GlobalVariableDefs.obj (EPwm10RegsFile)

EPwm11RegsFile 
*          1    00004a00    00000100     UNINITIALIZED
                  00004a00    00000100     F2837xD_GlobalVariableDefs.obj (EPwm11RegsFile)

EPwm12RegsFile 
*          1    00004b00    00000100     UNINITIALIZED
                  00004b00    00000100     F2837xD_GlobalVariableDefs.obj (EPwm12RegsFile)

ECap1RegsFile 
*          1    00005000    00000020     UNINITIALIZED
                  00005000    00000020     F2837xD_GlobalVariableDefs.obj (ECap1RegsFile)

ECap2RegsFile 
*          1    00005020    00000020     UNINITIALIZED
                  00005020    00000020     F2837xD_GlobalVariableDefs.obj (ECap2RegsFile)

ECap3RegsFile 
*          1    00005040    00000020     UNINITIALIZED
                  00005040    00000020     F2837xD_GlobalVariableDefs.obj (ECap3RegsFile)

ECap4RegsFile 
*          1    00005060    00000020     UNINITIALIZED
                  00005060    00000020     F2837xD_GlobalVariableDefs.obj (ECap4RegsFile)

ECap5RegsFile 
*          1    00005080    00000020     UNINITIALIZED
                  00005080    00000020     F2837xD_GlobalVariableDefs.obj (ECap5RegsFile)

ECap6RegsFile 
*          1    000050a0    00000020     UNINITIALIZED
                  000050a0    00000020     F2837xD_GlobalVariableDefs.obj (ECap6RegsFile)

EQep1RegsFile 
*          1    00005100    00000022     UNINITIALIZED
                  00005100    00000022     F2837xD_GlobalVariableDefs.obj (EQep1RegsFile)

EQep2RegsFile 
*          1    00005140    00000022     UNINITIALIZED
                  00005140    00000022     F2837xD_GlobalVariableDefs.obj (EQep2RegsFile)

EQep3RegsFile 
*          1    00005180    00000022     UNINITIALIZED
                  00005180    00000022     F2837xD_GlobalVariableDefs.obj (EQep3RegsFile)

Cmpss1RegsFile 
*          1    00005c80    00000020     UNINITIALIZED
                  00005c80    00000020     F2837xD_GlobalVariableDefs.obj (Cmpss1RegsFile)

Cmpss2RegsFile 
*          1    00005ca0    00000020     UNINITIALIZED
                  00005ca0    00000020     F2837xD_GlobalVariableDefs.obj (Cmpss2RegsFile)

Cmpss3RegsFile 
*          1    00005cc0    00000020     UNINITIALIZED
                  00005cc0    00000020     F2837xD_GlobalVariableDefs.obj (Cmpss3RegsFile)

Cmpss4RegsFile 
*          1    00005ce0    00000020     UNINITIALIZED
                  00005ce0    00000020     F2837xD_GlobalVariableDefs.obj (Cmpss4RegsFile)

Cmpss5RegsFile 
*          1    00005d00    00000020     UNINITIALIZED
                  00005d00    00000020     F2837xD_GlobalVariableDefs.obj (Cmpss5RegsFile)

Cmpss6RegsFile 
*          1    00005d20    00000020     UNINITIALIZED
                  00005d20    00000020     F2837xD_GlobalVariableDefs.obj (Cmpss6RegsFile)

Cmpss7RegsFile 
*          1    00005d40    00000020     UNINITIALIZED
                  00005d40    00000020     F2837xD_GlobalVariableDefs.obj (Cmpss7RegsFile)

Cmpss8RegsFile 
*          1    00005d60    00000020     UNINITIALIZED
                  00005d60    00000020     F2837xD_GlobalVariableDefs.obj (Cmpss8RegsFile)

Sdfm1RegsFile 
*          1    00005e00    00000080     UNINITIALIZED
                  00005e00    00000080     F2837xD_GlobalVariableDefs.obj (Sdfm1RegsFile)

Sdfm2RegsFile 
*          1    00005e80    00000080     UNINITIALIZED
                  00005e80    00000080     F2837xD_GlobalVariableDefs.obj (Sdfm2RegsFile)

McbspaRegsFile 
*          1    00006000    00000024     UNINITIALIZED
                  00006000    00000024     F2837xD_GlobalVariableDefs.obj (McbspaRegsFile)

McbspbRegsFile 
*          1    00006040    00000024     UNINITIALIZED
                  00006040    00000024     F2837xD_GlobalVariableDefs.obj (McbspbRegsFile)

SpiaRegsFile 
*          1    00006100    00000010     UNINITIALIZED
                  00006100    00000010     F2837xD_GlobalVariableDefs.obj (SpiaRegsFile)

SpibRegsFile 
*          1    00006110    00000010     UNINITIALIZED
                  00006110    00000010     F2837xD_GlobalVariableDefs.obj (SpibRegsFile)

SpicRegsFile 
*          1    00006120    00000010     UNINITIALIZED
                  00006120    00000010     F2837xD_GlobalVariableDefs.obj (SpicRegsFile)

UppRegsFile 
*          1    00006200    00000048     UNINITIALIZED
                  00006200    00000048     F2837xD_GlobalVariableDefs.obj (UppRegsFile)

WdRegsFile 
*          1    00007000    0000002b     UNINITIALIZED
                  00007000    0000002b     F2837xD_GlobalVariableDefs.obj (WdRegsFile)

NmiIntruptRegsFile 
*          1    00007060    00000007     UNINITIALIZED
                  00007060    00000007     F2837xD_GlobalVariableDefs.obj (NmiIntruptRegsFile)

XintRegsFile 
*          1    00007070    0000000b     UNINITIALIZED
                  00007070    0000000b     F2837xD_GlobalVariableDefs.obj (XintRegsFile)

SciaRegsFile 
*          1    00007200    00000010     UNINITIALIZED
                  00007200    00000010     F2837xD_GlobalVariableDefs.obj (SciaRegsFile)

ScibRegsFile 
*          1    00007210    00000010     UNINITIALIZED
                  00007210    00000010     F2837xD_GlobalVariableDefs.obj (ScibRegsFile)

ScicRegsFile 
*          1    00007220    00000010     UNINITIALIZED
                  00007220    00000010     F2837xD_GlobalVariableDefs.obj (ScicRegsFile)

ScidRegsFile 
*          1    00007230    00000010     UNINITIALIZED
                  00007230    00000010     F2837xD_GlobalVariableDefs.obj (ScidRegsFile)

I2caRegsFile 
*          1    00007300    00000022     UNINITIALIZED
                  00007300    00000022     F2837xD_GlobalVariableDefs.obj (I2caRegsFile)

I2cbRegsFile 
*          1    00007340    00000022     UNINITIALIZED
                  00007340    00000022     F2837xD_GlobalVariableDefs.obj (I2cbRegsFile)

InputXbarRegsFile 
*          1    00007900    00000020     UNINITIALIZED
                  00007900    00000020     F2837xD_GlobalVariableDefs.obj (InputXbarRegsFile)

XbarRegsFile 
*          1    00007920    00000020     UNINITIALIZED
                  00007920    00000020     F2837xD_GlobalVariableDefs.obj (XbarRegsFile)

SyncSocRegsFile 
*          1    00007940    00000006     UNINITIALIZED
                  00007940    00000006     F2837xD_GlobalVariableDefs.obj (SyncSocRegsFile)

DmaClaSrcSelRegsFile 
*          1    00007980    0000001a     UNINITIALIZED
                  00007980    0000001a     F2837xD_GlobalVariableDefs.obj (DmaClaSrcSelRegsFile)

EPwmXbarRegsFile 
*          1    00007a00    00000040     UNINITIALIZED
                  00007a00    00000040     F2837xD_GlobalVariableDefs.obj (EPwmXbarRegsFile)

OutputXbarRegsFile 
*          1    00007a80    00000040     UNINITIALIZED
                  00007a80    00000040     F2837xD_GlobalVariableDefs.obj (OutputXbarRegsFile)

GpioCtrlRegsFile 
*          1    00007c00    00000180     UNINITIALIZED
                  00007c00    00000180     F2837xD_GlobalVariableDefs.obj (GpioCtrlRegsFile)

GpioDataRegsFile 
*          1    00007f00    00000030     UNINITIALIZED
                  00007f00    00000030     F2837xD_GlobalVariableDefs.obj (GpioDataRegsFile)

Emif1RegsFile 
*          1    00047000    00000070     UNINITIALIZED
                  00047000    00000070     F2837xD_GlobalVariableDefs.obj (Emif1RegsFile)

Emif2RegsFile 
*          1    00047800    00000070     UNINITIALIZED
                  00047800    00000070     F2837xD_GlobalVariableDefs.obj (Emif2RegsFile)

IpcRegsFile 
*          1    00050000    00000024     UNINITIALIZED
                  00050000    00000024     F2837xD_GlobalVariableDefs.obj (IpcRegsFile)

FlashPumpSemaphoreRegsFile 
*          1    00050024    00000002     UNINITIALIZED
                  00050024    00000002     F2837xD_GlobalVariableDefs.obj (FlashPumpSemaphoreRegsFile)

RomPrefetchRegsFile 
*          1    0005e608    00000002     UNINITIALIZED
                  0005e608    00000002     F2837xD_GlobalVariableDefs.obj (RomPrefetchRegsFile)

DcsmZ1RegsFile 
*          1    0005f000    00000024     UNINITIALIZED
                  0005f000    00000024     F2837xD_GlobalVariableDefs.obj (DcsmZ1RegsFile)

DcsmZ2RegsFile 
*          1    0005f040    00000024     UNINITIALIZED
                  0005f040    00000024     F2837xD_GlobalVariableDefs.obj (DcsmZ2RegsFile)

DcsmCommonRegsFile 
*          1    0005f070    00000008     UNINITIALIZED
                  0005f070    00000008     F2837xD_GlobalVariableDefs.obj (DcsmCommonRegsFile)

MemCfgRegsFile 
*          1    0005f400    00000080     UNINITIALIZED
                  0005f400    00000080     F2837xD_GlobalVariableDefs.obj (MemCfgRegsFile)

Emif1ConfigRegsFile 
*          1    0005f480    00000020     UNINITIALIZED
                  0005f480    00000020     F2837xD_GlobalVariableDefs.obj (Emif1ConfigRegsFile)

Emif2ConfigRegsFile 
*          1    0005f4a0    00000020     UNINITIALIZED
                  0005f4a0    00000020     F2837xD_GlobalVariableDefs.obj (Emif2ConfigRegsFile)

AccessProtectionRegsFile 
*          1    0005f4c0    00000040     UNINITIALIZED
                  0005f4c0    00000040     F2837xD_GlobalVariableDefs.obj (AccessProtectionRegsFile)

MemoryErrorRegsFile 
*          1    0005f500    00000040     UNINITIALIZED
                  0005f500    00000040     F2837xD_GlobalVariableDefs.obj (MemoryErrorRegsFile)

RomWaitStateRegsFile 
*          1    0005f540    00000002     UNINITIALIZED
                  0005f540    00000002     F2837xD_GlobalVariableDefs.obj (RomWaitStateRegsFile)

Flash0CtrlRegsFile 
*          1    0005f800    00000182     UNINITIALIZED
                  0005f800    00000182     F2837xD_GlobalVariableDefs.obj (Flash0CtrlRegsFile)

Flash0EccRegsFile 
*          1    0005fb00    00000028     UNINITIALIZED
                  0005fb00    00000028     F2837xD_GlobalVariableDefs.obj (Flash0EccRegsFile)

DcsmZ1OtpFile 
*          1    00078000    00000020     NOLOAD SECTION
                  00078000    00000020     F2837xD_GlobalVariableDefs.obj (DcsmZ1OtpFile)

DcsmZ2OtpFile 
*          1    00078200    00000020     NOLOAD SECTION
                  00078200    00000020     F2837xD_GlobalVariableDefs.obj (DcsmZ2OtpFile)

DevCfgRegsFile 
*          1    0005d000    0000012e     UNINITIALIZED
                  0005d000    0000012e     F2837xD_GlobalVariableDefs.obj (DevCfgRegsFile)

ClkCfgRegsFile 
*          1    0005d200    00000032     UNINITIALIZED
                  0005d200    00000032     F2837xD_GlobalVariableDefs.obj (ClkCfgRegsFile)

CpuSysRegsFile 
*          1    0005d300    00000082     UNINITIALIZED
                  0005d300    00000082     F2837xD_GlobalVariableDefs.obj (CpuSysRegsFile)

MODULE SUMMARY

       Module                           code   initialized data   uninitialized data
       ------                           ----   ----------------   ------------------
    .\
       DefaultIsr_9_10.obj              1932   0                  0                 
       Gpio.obj                         905    0                  0                 
       PieVect.obj                      0      448                0                 
       SysCtrl.obj                      210    0                  0                 
       Cla.obj                          112    0                  0                 
       ClaTasks_C.obj                   90     0                  0                 
       Main.obj                         63     21                 6                 
       F2837xD_Spi.obj                  70     0                  0                 
       EPwm.obj                         56     0                  0                 
       PieCtrl.obj                      49     0                  0                 
       DelayUs.obj                      16     0                  0                 
       Watchdog.obj                     16     0                  0                 
       CodeStartBranch.obj              9      0                  0                 
    +--+--------------------------------+------+------------------+--------------------+
       Total:                           3528   469                6                 
                                                                                    
    .\F2837xD_headers\source\
       F2837xD_GlobalVariableDefs.obj   0      0                  8759              
    +--+--------------------------------+------+------------------+--------------------+
       Total:                           0      0                  8759              
                                                                                    
    C:\ti\ccsv8\tools\compiler\ti-cgt-c2000_18.1.1.LTS\lib\rts2800_fpu32.lib
       boot28.asm.obj                   86     0                  0                 
       exit.c.obj                       41     14                 6                 
       cpy_tbl.c.obj                    36     0                  0                 
       memcpy.c.obj                     30     0                  0                 
       args_main.c.obj                  25     0                  0                 
       _lock.c.obj                      9      10                 4                 
       pre_init.c.obj                   2      0                  0                 
       startup.c.obj                    1      0                  0                 
    +--+--------------------------------+------+------------------+--------------------+
       Total:                           230    24                 10                
                                                                                    
       Stack:                           0      0                  512               
    +--+--------------------------------+------+------------------+--------------------+
       Grand Total:                     3758   493                9287              


GLOBAL DATA SYMBOLS: SORTED BY DATA PAGE

address     data page           name
--------    ----------------    ----
00000050       1 (00000040)     ___TI_enable_exit_profile_output
00000052       1 (00000040)     ___TI_cleanup_ptr
00000054       1 (00000040)     ___TI_dtors_ptr
00000056       1 (00000040)     __lock
00000058       1 (00000040)     __unlock

00000400      10 (00000400)     __stack

00000b00      2c (00000b00)     _AdcaResultRegs
00000b20      2c (00000b00)     _AdcbResultRegs

00000b40      2d (00000b40)     _AdccResultRegs
00000b60      2d (00000b40)     _AdcdResultRegs

00000c00      30 (00000c00)     _CpuTimer0Regs
00000c08      30 (00000c00)     _CpuTimer1Regs
00000c10      30 (00000c00)     _CpuTimer2Regs

00000ce0      33 (00000cc0)     _Cla1SoftIntRegs
00000ce0      33 (00000cc0)     _PieCtrlRegs

00000d00      34 (00000d00)     _EmuBMode
00000d00      34 (00000d00)     _PieVectTable
00000d01      34 (00000d00)     _EmuBootPins

00001000      40 (00001000)     _DmaRegs

00001400      50 (00001400)     _Cla1Regs

00004000     100 (00004000)     _EPwm1Regs

00004100     104 (00004100)     _EPwm2Regs

00004200     108 (00004200)     _EPwm3Regs

00004300     10c (00004300)     _EPwm4Regs

00004400     110 (00004400)     _EPwm5Regs

00004500     114 (00004500)     _EPwm6Regs

00004600     118 (00004600)     _EPwm7Regs

00004700     11c (00004700)     _EPwm8Regs

00004800     120 (00004800)     _EPwm9Regs

00004900     124 (00004900)     _EPwm10Regs

00004a00     128 (00004a00)     _EPwm11Regs

00004b00     12c (00004b00)     _EPwm12Regs

00005000     140 (00005000)     _ECap1Regs
00005020     140 (00005000)     _ECap2Regs

00005040     141 (00005040)     _ECap3Regs
00005060     141 (00005040)     _ECap4Regs

00005080     142 (00005080)     _ECap5Regs
000050a0     142 (00005080)     _ECap6Regs

00005100     144 (00005100)     _EQep1Regs

00005140     145 (00005140)     _EQep2Regs

00005180     146 (00005180)     _EQep3Regs

00005c00     170 (00005c00)     _DacaRegs
00005c10     170 (00005c00)     _DacbRegs
00005c20     170 (00005c00)     _DaccRegs

00005c80     172 (00005c80)     _Cmpss1Regs
00005ca0     172 (00005c80)     _Cmpss2Regs

00005cc0     173 (00005cc0)     _Cmpss3Regs
00005ce0     173 (00005cc0)     _Cmpss4Regs

00005d00     174 (00005d00)     _Cmpss5Regs
00005d20     174 (00005d00)     _Cmpss6Regs

00005d40     175 (00005d40)     _Cmpss7Regs
00005d60     175 (00005d40)     _Cmpss8Regs

00005e00     178 (00005e00)     _Sdfm1Regs

00005e80     17a (00005e80)     _Sdfm2Regs

00006000     180 (00006000)     _McbspaRegs

00006040     181 (00006040)     _McbspbRegs

00006100     184 (00006100)     _SpiaRegs
00006110     184 (00006100)     _SpibRegs
00006120     184 (00006100)     _SpicRegs

00006200     188 (00006200)     _UppRegs

00007000     1c0 (00007000)     _WdRegs

00007060     1c1 (00007040)     _NmiIntruptRegs
00007070     1c1 (00007040)     _XintRegs

00007200     1c8 (00007200)     _SciaRegs
00007210     1c8 (00007200)     _ScibRegs
00007220     1c8 (00007200)     _ScicRegs
00007230     1c8 (00007200)     _ScidRegs

00007300     1cc (00007300)     _I2caRegs

00007340     1cd (00007340)     _I2cbRegs

00007400     1d0 (00007400)     _AdcaRegs

00007480     1d2 (00007480)     _AdcbRegs

00007500     1d4 (00007500)     _AdccRegs

00007580     1d6 (00007580)     _AdcdRegs

00007900     1e4 (00007900)     _InputXbarRegs
00007920     1e4 (00007900)     _XbarRegs

00007940     1e5 (00007940)     _SyncSocRegs

00007980     1e6 (00007980)     _DmaClaSrcSelRegs

00007a00     1e8 (00007a00)     _EPwmXbarRegs

00007a80     1ea (00007a80)     _OutputXbarRegs

00007c00     1f0 (00007c00)     _GpioCtrlRegs

00007f00     1fc (00007f00)     _GpioDataRegs

00008800     220 (00008800)     _GPIO34_count
00008801     220 (00008800)     _i
00008802     220 (00008800)     _temp
00008803     220 (00008800)     _j
00008804     220 (00008800)     _rdata

0000ce52     339 (0000ce40)     _PieVectTableInit

00047000    11c0 (00047000)     _Emif1Regs

00047800    11e0 (00047800)     _Emif2Regs

00048000    1200 (00048000)     _CanaRegs

0004a000    1280 (0004a000)     _CanbRegs

00050000    1400 (00050000)     _IpcRegs
00050024    1400 (00050000)     _FlashPumpSemaphoreRegs

0005d000    1740 (0005d000)     _DevCfgRegs

0005d180    1746 (0005d180)     _AnalogSubsysRegs

0005d200    1748 (0005d200)     _ClkCfgRegs

0005d300    174c (0005d300)     _CpuSysRegs

0005e608    1798 (0005e600)     _RomPrefetchRegs

0005f000    17c0 (0005f000)     _DcsmZ1Regs

0005f040    17c1 (0005f040)     _DcsmZ2Regs
0005f070    17c1 (0005f040)     _DcsmCommonRegs

0005f400    17d0 (0005f400)     _MemCfgRegs

0005f480    17d2 (0005f480)     _Emif1ConfigRegs
0005f4a0    17d2 (0005f480)     _Emif2ConfigRegs

0005f4c0    17d3 (0005f4c0)     _AccessProtectionRegs

0005f500    17d4 (0005f500)     _MemoryErrorRegs

0005f540    17d5 (0005f540)     _RomWaitStateRegs

0005f800    17e0 (0005f800)     _Flash0CtrlRegs

0005fb00    17ec (0005fb00)     _Flash0EccRegs

00078000    1e00 (00078000)     _DcsmZ1Otp

00078200    1e08 (00078200)     _DcsmZ2Otp


GLOBAL SYMBOLS: SORTED ALPHABETICALLY BY Name 

page  address   name                            
----  -------   ----                            
1     00000050  .bss                            
0     0000c000  .text                           
0     0000cd9b  C$$EXIT                         
0     0000c0be  _ADCA1_ISR                      
0     0000c445  _ADCA2_ISR                      
0     0000c453  _ADCA3_ISR                      
0     0000c461  _ADCA4_ISR                      
0     0000c437  _ADCA_EVT_ISR                   
0     0000c0cc  _ADCB1_ISR                      
0     0000c47d  _ADCB2_ISR                      
0     0000c48b  _ADCB3_ISR                      
0     0000c499  _ADCB4_ISR                      
0     0000c46f  _ADCB_EVT_ISR                   
0     0000c0da  _ADCC1_ISR                      
0     0000c6b0  _ADCC2_ISR                      
0     0000c6be  _ADCC3_ISR                      
0     0000c6cc  _ADCC4_ISR                      
0     0000c6a2  _ADCC_EVT_ISR                   
0     0000c104  _ADCD1_ISR                      
0     0000c6e8  _ADCD2_ISR                      
0     0000c6f6  _ADCD3_ISR                      
0     0000c704  _ADCD4_ISR                      
0     0000c6da  _ADCD_EVT_ISR                   
0     0000c758  _AUX_PLL_SLIP_ISR               
1     0005f4c0  _AccessProtectionRegs           
1     00007400  _AdcaRegs                       
1     00000b00  _AdcaResultRegs                 
1     00007480  _AdcbRegs                       
1     00000b20  _AdcbResultRegs                 
1     00007500  _AdccRegs                       
1     00000b40  _AdccResultRegs                 
1     00007580  _AdcdRegs                       
1     00000b60  _AdcdResultRegs                 
1     0005d180  _AnalogSubsysRegs               
0     0000c3ff  _CANA0_ISR                      
0     0000c40d  _CANA1_ISR                      
0     0000c41b  _CANB0_ISR                      
0     0000c429  _CANB1_ISR                      
0     0000c4a7  _CLA1_1_ISR                     
0     0000c4b8  _CLA1_2_ISR                     
0     0000c4c6  _CLA1_3_ISR                     
0     0000c4d4  _CLA1_4_ISR                     
0     0000c4e2  _CLA1_5_ISR                     
0     0000c4f0  _CLA1_6_ISR                     
0     0000c4fe  _CLA1_7_ISR                     
0     0000c50c  _CLA1_8_ISR                     
0     0000c766  _CLA_OVERFLOW_ISR               
0     0000c774  _CLA_UNDERFLOW_ISR              
1     00048000  _CanaRegs                       
1     0004a000  _CanbRegs                       
1     00001400  _Cla1Regs                       
0     00000ce0  _Cla1SoftIntRegs                
0     0000a000  _Cla1Task1                      
0     0000a022  _Cla1Task2                      
0     0000a02a  _Cla1Task3                      
0     0000a032  _Cla1Task4                      
0     0000a03a  _Cla1Task5                      
0     0000a042  _Cla1Task6                      
0     0000a04a  _Cla1Task7                      
0     0000a052  _Cla1Task8                      
1     0005d200  _ClkCfgRegs                     
1     00005c80  _Cmpss1Regs                     
1     00005ca0  _Cmpss2Regs                     
1     00005cc0  _Cmpss3Regs                     
1     00005ce0  _Cmpss4Regs                     
1     00005d00  _Cmpss5Regs                     
1     00005d20  _Cmpss6Regs                     
1     00005d40  _Cmpss7Regs                     
1     00005d60  _Cmpss8Regs                     
1     0005d300  _CpuSysRegs                     
1     00000c00  _CpuTimer0Regs                  
1     00000c08  _CpuTimer1Regs                  
1     00000c10  _CpuTimer2Regs                  
0     0000c014  _DATALOG_ISR                    
0     0000c65c  _DCANC_1_ISR                    
0     0000c66a  _DCANC_2_ISR                    
0     0000c678  _DCAND_1_ISR                    
0     0000c686  _DCAND_2_ISR                    
0     0000c303  _DMA_CH1_ISR                    
0     0000c311  _DMA_CH2_ISR                    
0     0000c31f  _DMA_CH3_ISR                    
0     0000c32d  _DMA_CH4_ISR                    
0     0000c33b  _DMA_CH5_ISR                    
0     0000c349  _DMA_CH6_ISR                    
1     00005c00  _DacaRegs                       
1     00005c10  _DacbRegs                       
1     00005c20  _DaccRegs                       
1     0005f070  _DcsmCommonRegs                 
1     00078000  _DcsmZ1Otp                      
1     0005f000  _DcsmZ1Regs                     
1     00078200  _DcsmZ2Otp                      
1     0005f040  _DcsmZ2Regs                     
0     0000ce1f  _DelayUs                        
1     0005d000  _DevCfgRegs                     
1     00007980  _DmaClaSrcSelRegs               
1     00001000  _DmaRegs                        
0     0000c215  _ECAP1_ISR                      
0     0000c223  _ECAP2_ISR                      
0     0000c231  _ECAP3_ISR                      
0     0000c23f  _ECAP4_ISR                      
0     0000c24d  _ECAP5_ISR                      
0     0000c25b  _ECAP6_ISR                      
1     00005000  _ECap1Regs                      
1     00005020  _ECap2Regs                      
1     00005040  _ECap3Regs                      
1     00005060  _ECap4Regs                      
1     00005080  _ECap5Regs                      
1     000050a0  _ECap6Regs                      
0     0000c712  _EMIF_ERROR_ISR                 
0     0000c028  _EMU_ISR                        
0     0000c5ec  _EPWM10_ISR                     
0     0000c5b4  _EPWM10_TZ_ISR                  
0     0000c5fa  _EPWM11_ISR                     
0     0000c5c2  _EPWM11_TZ_ISR                  
0     0000c608  _EPWM12_ISR                     
0     0000c5d0  _EPWM12_TZ_ISR                  
0     0000c19e  _EPWM1_ISR                      
0     0000c12e  _EPWM1_TZ_ISR                   
0     0000c1ac  _EPWM2_ISR                      
0     0000c13c  _EPWM2_TZ_ISR                   
0     0000c1c1  _EPWM3_ISR                      
0     0000c14a  _EPWM3_TZ_ISR                   
0     0000c1cf  _EPWM4_ISR                      
0     0000c158  _EPWM4_TZ_ISR                   
0     0000c1dd  _EPWM5_ISR                      
0     0000c166  _EPWM5_TZ_ISR                   
0     0000c1eb  _EPWM6_ISR                      
0     0000c174  _EPWM6_TZ_ISR                   
0     0000c1f9  _EPWM7_ISR                      
0     0000c182  _EPWM7_TZ_ISR                   
0     0000c207  _EPWM8_ISR                      
0     0000c190  _EPWM8_TZ_ISR                   
0     0000c5de  _EPWM9_ISR                      
0     0000c5a6  _EPWM9_TZ_ISR                   
1     00004900  _EPwm10Regs                     
1     00004a00  _EPwm11Regs                     
1     00004b00  _EPwm12Regs                     
1     00004000  _EPwm1Regs                      
1     00004100  _EPwm2Regs                      
1     00004200  _EPwm3Regs                      
1     00004300  _EPwm4Regs                      
1     00004400  _EPwm5Regs                      
1     00004500  _EPwm6Regs                      
1     00004600  _EPwm7Regs                      
1     00004700  _EPwm8Regs                      
1     00004800  _EPwm9Regs                      
1     00007a00  _EPwmXbarRegs                   
0     0000c269  _EQEP1_ISR                      
0     0000c277  _EQEP2_ISR                      
0     0000c285  _EQEP3_ISR                      
1     00005100  _EQep1Regs                      
1     00005140  _EQep2Regs                      
1     00005180  _EQep3Regs                      
1     0005f480  _Emif1ConfigRegs                
1     00047000  _Emif1Regs                      
1     0005f4a0  _Emif2ConfigRegs                
1     00047800  _Emif2Regs                      
1     00000d00  _EmuBMode                       
1     00000d01  _EmuBootPins                    
0     0000c72e  _FLASH_CORRECTABLE_ERROR_ISR    
0     0000c552  _FPU_OVERFLOW_ISR               
0     0000c560  _FPU_UNDERFLOW_ISR              
1     0005f800  _Flash0CtrlRegs                 
1     0005fb00  _Flash0EccRegs                  
1     00050024  _FlashPumpSemaphoreRegs         
1     00008800  _GPIO34_count                   
1     00007c00  _GpioCtrlRegs                   
1     00007f00  _GpioDataRegs                   
0     0000c365  _I2CA_FIFO_ISR                  
0     0000c357  _I2CA_ISR                       
0     0000c381  _I2CB_FIFO_ISR                  
0     0000c373  _I2CB_ISR                       
1     00007300  _I2caRegs                       
1     00007340  _I2cbRegs                       
0     0000c03c  _ILLEGAL_ISR                    
0     0000c56e  _IPC0_ISR                       
0     0000c57c  _IPC1_ISR                       
0     0000c58a  _IPC2_ISR                       
0     0000c598  _IPC3_ISR                       
0     0000cbe7  _InitCla                        
0     0000cd32  _InitEPwm                       
0     0000c78c  _InitGpio                       
0     0000cd6a  _InitPieCtrl                    
0     0000ccad  _InitSpi                        
0     0000ccca  _InitSpiGpio                    
0     0000cccd  _InitSpiaGpio                   
0     0000cb15  _InitSysCtrl                    
0     0000ce2f  _InitWatchdog                   
1     00007900  _InputXbarRegs                  
1     00050000  _IpcRegs                        
0     0000c2cb  _MCBSPA_RX_ISR                  
0     0000c2d9  _MCBSPA_TX_ISR                  
0     0000c2e7  _MCBSPB_RX_ISR                  
0     0000c2f5  _MCBSPB_TX_ISR                  
1     00006000  _McbspaRegs                     
1     00006040  _McbspbRegs                     
1     0005f400  _MemCfgRegs                     
1     0005f500  _MemoryErrorRegs                
0     0000c032  _NMI_ISR                        
1     00007060  _NmiIntruptRegs                 
1     00007a80  _OutputXbarRegs                 
0     0000c782  _PIE_RESERVED_ISR               
1     00000ce0  _PieCtrlRegs                    
1     00000d00  _PieVectTable                   
0     0000ce52  _PieVectTableInit               
0     0000c73c  _RAM_ACCESS_VIOLATION_ISR       
0     0000c720  _RAM_CORRECTABLE_ERROR_ISR      
0     0000c01e  _RTOS_ISR                       
1     0005e608  _RomPrefetchRegs                
1     0005f540  _RomWaitStateRegs               
0     0000c3c7  _SCIA_RX_ISR                    
0     0000c3d5  _SCIA_TX_ISR                    
0     0000c3e3  _SCIB_RX_ISR                    
0     0000c3f1  _SCIB_TX_ISR                    
0     0000c38f  _SCIC_RX_ISR                    
0     0000c39d  _SCIC_TX_ISR                    
0     0000c3ab  _SCID_RX_ISR                    
0     0000c3b9  _SCID_TX_ISR                    
0     0000c616  _SD1_ISR                        
0     0000c624  _SD2_ISR                        
0     0000c293  _SPIA_RX_ISR                    
0     0000c2a1  _SPIA_TX_ISR                    
0     0000c2af  _SPIB_RX_ISR                    
0     0000c2bd  _SPIB_TX_ISR                    
0     0000c632  _SPIC_RX_ISR                    
0     0000c640  _SPIC_TX_ISR                    
0     0000c74a  _SYS_PLL_SLIP_ISR               
1     00007200  _SciaRegs                       
1     00007210  _ScibRegs                       
1     00007220  _ScicRegs                       
1     00007230  _ScidRegs                       
1     00005e00  _Sdfm1Regs                      
1     00005e80  _Sdfm2Regs                      
0     0000ccf3  _SpiFIFOInit                    
1     00006100  _SpiaRegs                       
1     00006110  _SpibRegs                       
1     00006120  _SpicRegs                       
1     00007940  _SyncSocRegs                    
0     0000c112  _TIMER0_ISR                     
0     0000c000  _TIMER1_ISR                     
0     0000c00a  _TIMER2_ISR                     
0     0000c64e  _UPPA_ISR                       
0     0000c694  _USBA_ISR                       
0     0000c0a0  _USER10_ISR                     
0     0000c0aa  _USER11_ISR                     
0     0000c0b4  _USER12_ISR                     
0     0000c046  _USER1_ISR                      
0     0000c050  _USER2_ISR                      
0     0000c05a  _USER3_ISR                      
0     0000c064  _USER4_ISR                      
0     0000c06e  _USER5_ISR                      
0     0000c078  _USER6_ISR                      
0     0000c082  _USER7_ISR                      
0     0000c08c  _USER8_ISR                      
0     0000c096  _USER9_ISR                      
1     00006200  _UppRegs                        
0     0000c544  _VCU_ISR                        
0     0000c120  _WAKE_ISR                       
1     00007000  _WdRegs                         
0     0000c0e8  _XINT1_ISR                      
0     0000c0f6  _XINT2_ISR                      
0     0000c51a  _XINT3_ISR                      
0     0000c528  _XINT4_ISR                      
0     0000c536  _XINT5_ISR                      
1     00007920  _XbarRegs                       
1     00007070  _XintRegs                       
1     00000600  __STACK_END                     
abs   00000200  __STACK_SIZE                    
1     00000052  ___TI_cleanup_ptr               
1     00000054  ___TI_dtors_ptr                 
1     00000050  ___TI_enable_exit_profile_output
abs   ffffffff  ___TI_pprof_out_hndl            
abs   ffffffff  ___TI_prof_data_size            
abs   ffffffff  ___TI_prof_data_start           
abs   ffffffff  ___binit__                      
1     00000050  ___bss__                        
abs   ffffffff  ___c_args__                     
0     0000d012  ___cinit__                      
1     00000050  ___end__                        
0     0000ce52  ___etext__                      
abs   ffffffff  ___pinit__                      
0     0000c000  ___text__                       
0     0000ce06  __args_main                     
1     00000056  __lock                          
0     0000ce47  __nop                           
0     0000ce43  __register_lock                 
0     0000ce3f  __register_unlock               
1     00000400  __stack                         
0     0000ce51  __system_post_cinit             
0     0000ce4f  __system_pre_init               
1     00000058  __unlock                        
0     0000cd9b  _abort                          
0     0000cc57  _c_int00                        
0     0000cdc4  _copy_in                        
0     0000cd9d  _exit                           
1     00008801  _i                              
1     00008803  _j                              
0     0000ccfd  _main                           
0     0000cde8  _memcpy                         
1     00008804  _rdata                          
1     00008802  _temp                           
abs   ffffffff  binit                           
0     0000d012  cinit                           
0     00000000  code_start                      
1     00000050  end                             
0     0000ce52  etext                           
abs   ffffffff  pinit                           


GLOBAL SYMBOLS: SORTED BY Symbol Address 

page  address   name                            
----  -------   ----                            
0     00000000  code_start                      
0     00000ce0  _Cla1SoftIntRegs                
0     0000a000  _Cla1Task1                      
0     0000a022  _Cla1Task2                      
0     0000a02a  _Cla1Task3                      
0     0000a032  _Cla1Task4                      
0     0000a03a  _Cla1Task5                      
0     0000a042  _Cla1Task6                      
0     0000a04a  _Cla1Task7                      
0     0000a052  _Cla1Task8                      
0     0000c000  .text                           
0     0000c000  _TIMER1_ISR                     
0     0000c000  ___text__                       
0     0000c00a  _TIMER2_ISR                     
0     0000c014  _DATALOG_ISR                    
0     0000c01e  _RTOS_ISR                       
0     0000c028  _EMU_ISR                        
0     0000c032  _NMI_ISR                        
0     0000c03c  _ILLEGAL_ISR                    
0     0000c046  _USER1_ISR                      
0     0000c050  _USER2_ISR                      
0     0000c05a  _USER3_ISR                      
0     0000c064  _USER4_ISR                      
0     0000c06e  _USER5_ISR                      
0     0000c078  _USER6_ISR                      
0     0000c082  _USER7_ISR                      
0     0000c08c  _USER8_ISR                      
0     0000c096  _USER9_ISR                      
0     0000c0a0  _USER10_ISR                     
0     0000c0aa  _USER11_ISR                     
0     0000c0b4  _USER12_ISR                     
0     0000c0be  _ADCA1_ISR                      
0     0000c0cc  _ADCB1_ISR                      
0     0000c0da  _ADCC1_ISR                      
0     0000c0e8  _XINT1_ISR                      
0     0000c0f6  _XINT2_ISR                      
0     0000c104  _ADCD1_ISR                      
0     0000c112  _TIMER0_ISR                     
0     0000c120  _WAKE_ISR                       
0     0000c12e  _EPWM1_TZ_ISR                   
0     0000c13c  _EPWM2_TZ_ISR                   
0     0000c14a  _EPWM3_TZ_ISR                   
0     0000c158  _EPWM4_TZ_ISR                   
0     0000c166  _EPWM5_TZ_ISR                   
0     0000c174  _EPWM6_TZ_ISR                   
0     0000c182  _EPWM7_TZ_ISR                   
0     0000c190  _EPWM8_TZ_ISR                   
0     0000c19e  _EPWM1_ISR                      
0     0000c1ac  _EPWM2_ISR                      
0     0000c1c1  _EPWM3_ISR                      
0     0000c1cf  _EPWM4_ISR                      
0     0000c1dd  _EPWM5_ISR                      
0     0000c1eb  _EPWM6_ISR                      
0     0000c1f9  _EPWM7_ISR                      
0     0000c207  _EPWM8_ISR                      
0     0000c215  _ECAP1_ISR                      
0     0000c223  _ECAP2_ISR                      
0     0000c231  _ECAP3_ISR                      
0     0000c23f  _ECAP4_ISR                      
0     0000c24d  _ECAP5_ISR                      
0     0000c25b  _ECAP6_ISR                      
0     0000c269  _EQEP1_ISR                      
0     0000c277  _EQEP2_ISR                      
0     0000c285  _EQEP3_ISR                      
0     0000c293  _SPIA_RX_ISR                    
0     0000c2a1  _SPIA_TX_ISR                    
0     0000c2af  _SPIB_RX_ISR                    
0     0000c2bd  _SPIB_TX_ISR                    
0     0000c2cb  _MCBSPA_RX_ISR                  
0     0000c2d9  _MCBSPA_TX_ISR                  
0     0000c2e7  _MCBSPB_RX_ISR                  
0     0000c2f5  _MCBSPB_TX_ISR                  
0     0000c303  _DMA_CH1_ISR                    
0     0000c311  _DMA_CH2_ISR                    
0     0000c31f  _DMA_CH3_ISR                    
0     0000c32d  _DMA_CH4_ISR                    
0     0000c33b  _DMA_CH5_ISR                    
0     0000c349  _DMA_CH6_ISR                    
0     0000c357  _I2CA_ISR                       
0     0000c365  _I2CA_FIFO_ISR                  
0     0000c373  _I2CB_ISR                       
0     0000c381  _I2CB_FIFO_ISR                  
0     0000c38f  _SCIC_RX_ISR                    
0     0000c39d  _SCIC_TX_ISR                    
0     0000c3ab  _SCID_RX_ISR                    
0     0000c3b9  _SCID_TX_ISR                    
0     0000c3c7  _SCIA_RX_ISR                    
0     0000c3d5  _SCIA_TX_ISR                    
0     0000c3e3  _SCIB_RX_ISR                    
0     0000c3f1  _SCIB_TX_ISR                    
0     0000c3ff  _CANA0_ISR                      
0     0000c40d  _CANA1_ISR                      
0     0000c41b  _CANB0_ISR                      
0     0000c429  _CANB1_ISR                      
0     0000c437  _ADCA_EVT_ISR                   
0     0000c445  _ADCA2_ISR                      
0     0000c453  _ADCA3_ISR                      
0     0000c461  _ADCA4_ISR                      
0     0000c46f  _ADCB_EVT_ISR                   
0     0000c47d  _ADCB2_ISR                      
0     0000c48b  _ADCB3_ISR                      
0     0000c499  _ADCB4_ISR                      
0     0000c4a7  _CLA1_1_ISR                     
0     0000c4b8  _CLA1_2_ISR                     
0     0000c4c6  _CLA1_3_ISR                     
0     0000c4d4  _CLA1_4_ISR                     
0     0000c4e2  _CLA1_5_ISR                     
0     0000c4f0  _CLA1_6_ISR                     
0     0000c4fe  _CLA1_7_ISR                     
0     0000c50c  _CLA1_8_ISR                     
0     0000c51a  _XINT3_ISR                      
0     0000c528  _XINT4_ISR                      
0     0000c536  _XINT5_ISR                      
0     0000c544  _VCU_ISR                        
0     0000c552  _FPU_OVERFLOW_ISR               
0     0000c560  _FPU_UNDERFLOW_ISR              
0     0000c56e  _IPC0_ISR                       
0     0000c57c  _IPC1_ISR                       
0     0000c58a  _IPC2_ISR                       
0     0000c598  _IPC3_ISR                       
0     0000c5a6  _EPWM9_TZ_ISR                   
0     0000c5b4  _EPWM10_TZ_ISR                  
0     0000c5c2  _EPWM11_TZ_ISR                  
0     0000c5d0  _EPWM12_TZ_ISR                  
0     0000c5de  _EPWM9_ISR                      
0     0000c5ec  _EPWM10_ISR                     
0     0000c5fa  _EPWM11_ISR                     
0     0000c608  _EPWM12_ISR                     
0     0000c616  _SD1_ISR                        
0     0000c624  _SD2_ISR                        
0     0000c632  _SPIC_RX_ISR                    
0     0000c640  _SPIC_TX_ISR                    
0     0000c64e  _UPPA_ISR                       
0     0000c65c  _DCANC_1_ISR                    
0     0000c66a  _DCANC_2_ISR                    
0     0000c678  _DCAND_1_ISR                    
0     0000c686  _DCAND_2_ISR                    
0     0000c694  _USBA_ISR                       
0     0000c6a2  _ADCC_EVT_ISR                   
0     0000c6b0  _ADCC2_ISR                      
0     0000c6be  _ADCC3_ISR                      
0     0000c6cc  _ADCC4_ISR                      
0     0000c6da  _ADCD_EVT_ISR                   
0     0000c6e8  _ADCD2_ISR                      
0     0000c6f6  _ADCD3_ISR                      
0     0000c704  _ADCD4_ISR                      
0     0000c712  _EMIF_ERROR_ISR                 
0     0000c720  _RAM_CORRECTABLE_ERROR_ISR      
0     0000c72e  _FLASH_CORRECTABLE_ERROR_ISR    
0     0000c73c  _RAM_ACCESS_VIOLATION_ISR       
0     0000c74a  _SYS_PLL_SLIP_ISR               
0     0000c758  _AUX_PLL_SLIP_ISR               
0     0000c766  _CLA_OVERFLOW_ISR               
0     0000c774  _CLA_UNDERFLOW_ISR              
0     0000c782  _PIE_RESERVED_ISR               
0     0000c78c  _InitGpio                       
0     0000cb15  _InitSysCtrl                    
0     0000cbe7  _InitCla                        
0     0000cc57  _c_int00                        
0     0000ccad  _InitSpi                        
0     0000ccca  _InitSpiGpio                    
0     0000cccd  _InitSpiaGpio                   
0     0000ccf3  _SpiFIFOInit                    
0     0000ccfd  _main                           
0     0000cd32  _InitEPwm                       
0     0000cd6a  _InitPieCtrl                    
0     0000cd9b  C$$EXIT                         
0     0000cd9b  _abort                          
0     0000cd9d  _exit                           
0     0000cdc4  _copy_in                        
0     0000cde8  _memcpy                         
0     0000ce06  __args_main                     
0     0000ce1f  _DelayUs                        
0     0000ce2f  _InitWatchdog                   
0     0000ce3f  __register_unlock               
0     0000ce43  __register_lock                 
0     0000ce47  __nop                           
0     0000ce4f  __system_pre_init               
0     0000ce51  __system_post_cinit             
0     0000ce52  _PieVectTableInit               
0     0000ce52  ___etext__                      
0     0000ce52  etext                           
0     0000d012  ___cinit__                      
0     0000d012  cinit                           
1     00000050  .bss                            
1     00000050  ___TI_enable_exit_profile_output
1     00000050  ___bss__                        
1     00000050  ___end__                        
1     00000050  end                             
1     00000052  ___TI_cleanup_ptr               
1     00000054  ___TI_dtors_ptr                 
1     00000056  __lock                          
1     00000058  __unlock                        
1     00000400  __stack                         
1     00000600  __STACK_END                     
1     00000b00  _AdcaResultRegs                 
1     00000b20  _AdcbResultRegs                 
1     00000b40  _AdccResultRegs                 
1     00000b60  _AdcdResultRegs                 
1     00000c00  _CpuTimer0Regs                  
1     00000c08  _CpuTimer1Regs                  
1     00000c10  _CpuTimer2Regs                  
1     00000ce0  _PieCtrlRegs                    
1     00000d00  _EmuBMode                       
1     00000d00  _PieVectTable                   
1     00000d01  _EmuBootPins                    
1     00001000  _DmaRegs                        
1     00001400  _Cla1Regs                       
1     00004000  _EPwm1Regs                      
1     00004100  _EPwm2Regs                      
1     00004200  _EPwm3Regs                      
1     00004300  _EPwm4Regs                      
1     00004400  _EPwm5Regs                      
1     00004500  _EPwm6Regs                      
1     00004600  _EPwm7Regs                      
1     00004700  _EPwm8Regs                      
1     00004800  _EPwm9Regs                      
1     00004900  _EPwm10Regs                     
1     00004a00  _EPwm11Regs                     
1     00004b00  _EPwm12Regs                     
1     00005000  _ECap1Regs                      
1     00005020  _ECap2Regs                      
1     00005040  _ECap3Regs                      
1     00005060  _ECap4Regs                      
1     00005080  _ECap5Regs                      
1     000050a0  _ECap6Regs                      
1     00005100  _EQep1Regs                      
1     00005140  _EQep2Regs                      
1     00005180  _EQep3Regs                      
1     00005c00  _DacaRegs                       
1     00005c10  _DacbRegs                       
1     00005c20  _DaccRegs                       
1     00005c80  _Cmpss1Regs                     
1     00005ca0  _Cmpss2Regs                     
1     00005cc0  _Cmpss3Regs                     
1     00005ce0  _Cmpss4Regs                     
1     00005d00  _Cmpss5Regs                     
1     00005d20  _Cmpss6Regs                     
1     00005d40  _Cmpss7Regs                     
1     00005d60  _Cmpss8Regs                     
1     00005e00  _Sdfm1Regs                      
1     00005e80  _Sdfm2Regs                      
1     00006000  _McbspaRegs                     
1     00006040  _McbspbRegs                     
1     00006100  _SpiaRegs                       
1     00006110  _SpibRegs                       
1     00006120  _SpicRegs                       
1     00006200  _UppRegs                        
1     00007000  _WdRegs                         
1     00007060  _NmiIntruptRegs                 
1     00007070  _XintRegs                       
1     00007200  _SciaRegs                       
1     00007210  _ScibRegs                       
1     00007220  _ScicRegs                       
1     00007230  _ScidRegs                       
1     00007300  _I2caRegs                       
1     00007340  _I2cbRegs                       
1     00007400  _AdcaRegs                       
1     00007480  _AdcbRegs                       
1     00007500  _AdccRegs                       
1     00007580  _AdcdRegs                       
1     00007900  _InputXbarRegs                  
1     00007920  _XbarRegs                       
1     00007940  _SyncSocRegs                    
1     00007980  _DmaClaSrcSelRegs               
1     00007a00  _EPwmXbarRegs                   
1     00007a80  _OutputXbarRegs                 
1     00007c00  _GpioCtrlRegs                   
1     00007f00  _GpioDataRegs                   
1     00008800  _GPIO34_count                   
1     00008801  _i                              
1     00008802  _temp                           
1     00008803  _j                              
1     00008804  _rdata                          
1     00047000  _Emif1Regs                      
1     00047800  _Emif2Regs                      
1     00048000  _CanaRegs                       
1     0004a000  _CanbRegs                       
1     00050000  _IpcRegs                        
1     00050024  _FlashPumpSemaphoreRegs         
1     0005d000  _DevCfgRegs                     
1     0005d180  _AnalogSubsysRegs               
1     0005d200  _ClkCfgRegs                     
1     0005d300  _CpuSysRegs                     
1     0005e608  _RomPrefetchRegs                
1     0005f000  _DcsmZ1Regs                     
1     0005f040  _DcsmZ2Regs                     
1     0005f070  _DcsmCommonRegs                 
1     0005f400  _MemCfgRegs                     
1     0005f480  _Emif1ConfigRegs                
1     0005f4a0  _Emif2ConfigRegs                
1     0005f4c0  _AccessProtectionRegs           
1     0005f500  _MemoryErrorRegs                
1     0005f540  _RomWaitStateRegs               
1     0005f800  _Flash0CtrlRegs                 
1     0005fb00  _Flash0EccRegs                  
1     00078000  _DcsmZ1Otp                      
1     00078200  _DcsmZ2Otp                      
abs   00000200  __STACK_SIZE                    
abs   ffffffff  ___TI_pprof_out_hndl            
abs   ffffffff  ___TI_prof_data_size            
abs   ffffffff  ___TI_prof_data_start           
abs   ffffffff  ___binit__                      
abs   ffffffff  ___c_args__                     
abs   ffffffff  ___pinit__                      
abs   ffffffff  binit                           
abs   ffffffff  pinit                           

[307 symbols]
