******************************************************************************
             TMS320C2000 Linker PC v18.1.1                     
******************************************************************************
>> Linked Wed Dec  5 12:10:34 2018

OUTPUT FILE NAME:   <senior_main_cpu02.out>
ENTRY POINT SYMBOL: "_c_int00"  address: 00083cdb


MEMORY CONFIGURATION

         name            origin    length      used     unused   attr    fill
----------------------  --------  ---------  --------  --------  ----  --------
PAGE 0:
  BOOT_RSVD             00000002   0000007e  00000000  0000007e  RWIX
  RAMM0                 00000122   000002de  00000000  000002de  RWIX
  RAMM1                 00000400   00000400  00000200  00000200  RWIX
  CLA1_MSGRAML          00001480   00000080  00000000  00000080  RWIX
  CLA1_MSGRAMH          00001500   00000080  00000000  00000080  RWIX
  RAMLS0                00008000   00000800  00000000  00000800  RWIX
  RAMLS1                00008800   00000800  00000000  00000800  RWIX
  RAMLS2                00009000   00000800  00000000  00000800  RWIX
  RAMLS3                00009800   00000800  00000000  00000800  RWIX
  RAMLS4                0000a000   00000800  00000268  00000598  RWIX
  RAMLS5                0000a800   00000800  00000000  00000800  RWIX
  RAMD0                 0000b000   00000800  00000000  00000800  RWIX
  RAMD1                 0000b800   00000800  000001af  00000651  RWIX
  BEGIN                 00080000   00000002  00000002  00000000  RWIX
  FLASHA                00080002   00001ffe  00000000  00001ffe  RWIX
  FLASHB                00082000   00002000  00001eed  00000113  RWIX
  FLASHC                00084000   00002000  00000000  00002000  RWIX
  FLASHD                00086000   00002000  00000000  00002000  RWIX
  FLASHE                00088000   00008000  00000000  00008000  RWIX
  FLASHF                00090000   00008000  000001d2  00007e2e  RWIX
  FLASHG                00098000   00008000  00000000  00008000  RWIX
  FLASHH                000a0000   00008000  00000000  00008000  RWIX
  FLASHI                000a8000   00008000  00000000  00008000  RWIX
  FLASHJ                000b0000   00008000  00000000  00008000  RWIX
  FLASHK                000b8000   00002000  00000000  00002000  RWIX
  FLASHL                000ba000   00002000  00000000  00002000  RWIX
  FLASHM                000bc000   00002000  00000000  00002000  RWIX
  FLASHN                000be000   00002000  00000000  00002000  RWIX
  RESET                 003fffc0   00000002  00000000  00000002  RWIX

PAGE 1:
  ADCA_RESULT           00000b00   00000020  00000018  00000008  RWIX
  ADCB_RESULT           00000b20   00000020  00000018  00000008  RWIX
  ADCC_RESULT           00000b40   00000020  00000018  00000008  RWIX
  ADCD_RESULT           00000b60   00000020  00000018  00000008  RWIX
  CPU_TIMER0            00000c00   00000008  00000008  00000000  RWIX
  CPU_TIMER1            00000c08   00000008  00000008  00000000  RWIX
  CPU_TIMER2            00000c10   00000008  00000008  00000000  RWIX
  PIE_CTRL              00000ce0   00000020  0000001a  00000006  RWIX
  PIE_VECT              00000d00   00000200  000001c0  00000040  RWIX
  DMA                   00001000   00000200  000000e0  00000120  RWIX
  CLA1                  00001400   00000040  0000003e  00000002  RWIX
  EPWM1                 00004000   00000100  00000100  00000000  RWIX
  EPWM2                 00004100   00000100  00000100  00000000  RWIX
  EPWM3                 00004200   00000100  00000100  00000000  RWIX
  EPWM4                 00004300   00000100  00000100  00000000  RWIX
  EPWM5                 00004400   00000100  00000100  00000000  RWIX
  EPWM6                 00004500   00000100  00000100  00000000  RWIX
  EPWM7                 00004600   00000100  00000100  00000000  RWIX
  EPWM8                 00004700   00000100  00000100  00000000  RWIX
  EPWM9                 00004800   00000100  00000100  00000000  RWIX
  EPWM10                00004900   00000100  00000100  00000000  RWIX
  EPWM11                00004a00   00000100  00000100  00000000  RWIX
  EPWM12                00004b00   00000100  00000100  00000000  RWIX
  ECAP1                 00005000   00000020  00000020  00000000  RWIX
  ECAP2                 00005020   00000020  00000020  00000000  RWIX
  ECAP3                 00005040   00000020  00000020  00000000  RWIX
  ECAP4                 00005060   00000020  00000020  00000000  RWIX
  ECAP5                 00005080   00000020  00000020  00000000  RWIX
  ECAP6                 000050a0   00000020  00000020  00000000  RWIX
  EQEP1                 00005100   00000040  00000022  0000001e  RWIX
  EQEP2                 00005140   00000040  00000022  0000001e  RWIX
  EQEP3                 00005180   00000040  00000022  0000001e  RWIX
  DACA                  00005c00   00000010  00000008  00000008  RWIX
  DACB                  00005c10   00000010  00000008  00000008  RWIX
  DACC                  00005c20   00000010  00000008  00000008  RWIX
  CMPSS1                00005c80   00000020  00000020  00000000  RWIX
  CMPSS2                00005ca0   00000020  00000020  00000000  RWIX
  CMPSS3                00005cc0   00000020  00000020  00000000  RWIX
  CMPSS4                00005ce0   00000020  00000020  00000000  RWIX
  CMPSS5                00005d00   00000020  00000020  00000000  RWIX
  CMPSS6                00005d20   00000020  00000020  00000000  RWIX
  CMPSS7                00005d40   00000020  00000020  00000000  RWIX
  CMPSS8                00005d60   00000020  00000020  00000000  RWIX
  SDFM1                 00005e00   00000080  00000080  00000000  RWIX
  SDFM2                 00005e80   00000080  00000080  00000000  RWIX
  MCBSPA                00006000   00000040  00000024  0000001c  RWIX
  MCBSPB                00006040   00000040  00000024  0000001c  RWIX
  SPIA                  00006100   00000010  00000010  00000000  RWIX
  SPIB                  00006110   00000010  00000010  00000000  RWIX
  SPIC                  00006120   00000010  00000010  00000000  RWIX
  SPID                  00006130   00000010  00000000  00000010  RWIX
  WD                    00007000   00000040  0000002b  00000015  RWIX
  NMIINTRUPT            00007060   00000010  00000007  00000009  RWIX
  XINT                  00007070   00000010  0000000b  00000005  RWIX
  SCIA                  00007200   00000010  00000010  00000000  RWIX
  SCIB                  00007210   00000010  00000010  00000000  RWIX
  SCIC                  00007220   00000010  00000010  00000000  RWIX
  SCID                  00007230   00000010  00000010  00000000  RWIX
  I2CA                  00007300   00000040  00000022  0000001e  RWIX
  I2CB                  00007340   00000040  00000022  0000001e  RWIX
  ADCA                  00007400   00000080  00000080  00000000  RWIX
  ADCB                  00007480   00000080  00000080  00000000  RWIX
  ADCC                  00007500   00000080  00000080  00000000  RWIX
  ADCD                  00007580   00000080  00000080  00000000  RWIX
  DMACLASRCSEL          00007980   00000040  0000001a  00000026  RWIX
  GPIOCTRL              00007c00   00000180  00000000  00000180  RWIX
  GPIODAT               00007f00   00000030  00000030  00000000  RWIX
  RAMGS0                0000c000   00001000  00000000  00001000  RWIX
  RAMGS1                0000d000   00001000  00000000  00001000  RWIX
  RAMGS2                0000e000   00001000  00001000  00000000  RWIX
  RAMGS3                0000f000   00001000  00001000  00000000  RWIX
  RAMGS4                00010000   00001000  00000400  00000c00  RWIX
  RAMGS5                00011000   00001000  00001000  00000000  RWIX
  RAMGS6                00012000   00001000  00000800  00000800  RWIX
  RAMGS7                00013000   00001000  00001000  00000000  RWIX
  RAMGS8                00014000   00001000  00000800  00000800  RWIX
  RAMGS9                00015000   00001000  00000000  00001000  RWIX
  RAMGS10               00016000   00001000  00000000  00001000  RWIX
  RAMGS11               00017000   00001000  00000000  00001000  RWIX
  RAMGS12               00018000   00001000  00000000  00001000  RWIX
  RAMGS13               00019000   00001000  00000000  00001000  RWIX
  RAMGS14               0001a000   00001000  00000000  00001000  RWIX
  RAMGS15               0001b000   00001000  00000000  00001000  RWIX
  CPU2TOCPU1RAM         0003f800   00000400  0000001c  000003e4  RWIX
  CPU1TOCPU2RAM         0003fc00   00000400  00000088  00000378  RWIX
  EMIF1                 00047000   00000800  00000070  00000790  RWIX
  EMIF2                 00047800   00000800  00000070  00000790  RWIX
  CANA                  00048000   00000800  00000000  00000800  RWIX
  CANB                  0004a000   00000800  00000000  00000800  RWIX
  IPC                   00050000   00000024  00000024  00000000  RWIX
  FLASHPUMPSEMAPHORE    00050024   00000002  00000002  00000000  RWIX
  CLK_CFG               0005d200   00000100  00000032  000000ce  RWIX
  CPU_SYS               0005d300   00000100  00000082  0000007e  RWIX
  DCSM_Z1               0005f000   00000030  00000024  0000000c  RWIX
  DCSM_Z2               0005f040   00000030  00000024  0000000c  RWIX
  DCSM_COMMON           0005f070   00000010  00000008  00000008  RWIX
  MEMCFG                0005f400   00000080  00000080  00000000  RWIX
  EMIF1CONFIG           0005f480   00000020  00000020  00000000  RWIX
  ACCESSPROTECTION      0005f4c0   00000040  00000040  00000000  RWIX
  MEMORYERROR           0005f500   00000040  00000040  00000000  RWIX
  FLASH0_CTRL           0005f800   00000300  00000182  0000017e  RWIX
  FLASH0_ECC            0005fb00   00000040  00000028  00000018  RWIX
  DCSM_Z1_OTP           00078000   00000020  00000002  0000001e  RWIX
  DCSM_Z2_OTP           00078200   00000020  00000002  0000001e  RWIX


SECTION ALLOCATION MAP

 output                                  attributes/
section   page    origin      length       input sections
--------  ----  ----------  ----------   ----------------
.stack     0    00000400    00000200     UNINITIALIZED
                  00000400    00000200     --HOLE--

.ebss      0    0000b800    000001af     UNINITIALIZED
                  0000b800    000001a4     Senior_FFT.obj (.ebss)
                  0000b9a4    00000006     rts2800_fpu32.lib : exit.c.obj (.ebss)
                  0000b9aa    00000002                       : _lock.c.obj (.ebss:__lock)
                  0000b9ac    00000002                       : _lock.c.obj (.ebss:__unlock)
                  0000b9ae    00000001                       : errno.c.obj (.ebss)

AdcaResultFile 
*          1    00000b00    00000018     UNINITIALIZED
                  00000b00    00000018     F2837xD_GlobalVariableDefs.obj (AdcaResultFile)

AdcbResultFile 
*          1    00000b20    00000018     UNINITIALIZED
                  00000b20    00000018     F2837xD_GlobalVariableDefs.obj (AdcbResultFile)

AdccResultFile 
*          1    00000b40    00000018     UNINITIALIZED
                  00000b40    00000018     F2837xD_GlobalVariableDefs.obj (AdccResultFile)

AdcdResultFile 
*          1    00000b60    00000018     UNINITIALIZED
                  00000b60    00000018     F2837xD_GlobalVariableDefs.obj (AdcdResultFile)

CpuTimer0RegsFile 
*          1    00000c00    00000008     UNINITIALIZED
                  00000c00    00000008     F2837xD_GlobalVariableDefs.obj (CpuTimer0RegsFile)

CpuTimer1RegsFile 
*          1    00000c08    00000008     UNINITIALIZED
                  00000c08    00000008     F2837xD_GlobalVariableDefs.obj (CpuTimer1RegsFile)

CpuTimer2RegsFile 
*          1    00000c10    00000008     UNINITIALIZED
                  00000c10    00000008     F2837xD_GlobalVariableDefs.obj (CpuTimer2RegsFile)

PieCtrlRegsFile 
*          1    00000ce0    0000001a     UNINITIALIZED
                  00000ce0    0000001a     F2837xD_GlobalVariableDefs.obj (PieCtrlRegsFile)

PieVectTableFile 
*          1    00000d00    000001c0     UNINITIALIZED
                  00000d00    000001c0     F2837xD_GlobalVariableDefs.obj (PieVectTableFile)

EmuKeyVar 
*          1    00000d00    00000001     UNINITIALIZED
                  00000d00    00000001     F2837xD_GlobalVariableDefs.obj (EmuKeyVar)

EmuBModeVar 
*          1    00000d01    00000001     UNINITIALIZED
                  00000d01    00000001     F2837xD_GlobalVariableDefs.obj (EmuBModeVar)

DmaRegsFile 
*          1    00001000    000000e0     UNINITIALIZED
                  00001000    000000e0     F2837xD_GlobalVariableDefs.obj (DmaRegsFile)

EPwm1RegsFile 
*          1    00004000    00000100     UNINITIALIZED
                  00004000    00000100     F2837xD_GlobalVariableDefs.obj (EPwm1RegsFile)

EPwm2RegsFile 
*          1    00004100    00000100     UNINITIALIZED
                  00004100    00000100     F2837xD_GlobalVariableDefs.obj (EPwm2RegsFile)

EPwm3RegsFile 
*          1    00004200    00000100     UNINITIALIZED
                  00004200    00000100     F2837xD_GlobalVariableDefs.obj (EPwm3RegsFile)

EPwm4RegsFile 
*          1    00004300    00000100     UNINITIALIZED
                  00004300    00000100     F2837xD_GlobalVariableDefs.obj (EPwm4RegsFile)

EPwm5RegsFile 
*          1    00004400    00000100     UNINITIALIZED
                  00004400    00000100     F2837xD_GlobalVariableDefs.obj (EPwm5RegsFile)

EPwm6RegsFile 
*          1    00004500    00000100     UNINITIALIZED
                  00004500    00000100     F2837xD_GlobalVariableDefs.obj (EPwm6RegsFile)

EPwm7RegsFile 
*          1    00004600    00000100     UNINITIALIZED
                  00004600    00000100     F2837xD_GlobalVariableDefs.obj (EPwm7RegsFile)

EPwm8RegsFile 
*          1    00004700    00000100     UNINITIALIZED
                  00004700    00000100     F2837xD_GlobalVariableDefs.obj (EPwm8RegsFile)

EPwm9RegsFile 
*          1    00004800    00000100     UNINITIALIZED
                  00004800    00000100     F2837xD_GlobalVariableDefs.obj (EPwm9RegsFile)

EPwm10RegsFile 
*          1    00004900    00000100     UNINITIALIZED
                  00004900    00000100     F2837xD_GlobalVariableDefs.obj (EPwm10RegsFile)

EPwm11RegsFile 
*          1    00004a00    00000100     UNINITIALIZED
                  00004a00    00000100     F2837xD_GlobalVariableDefs.obj (EPwm11RegsFile)

EPwm12RegsFile 
*          1    00004b00    00000100     UNINITIALIZED
                  00004b00    00000100     F2837xD_GlobalVariableDefs.obj (EPwm12RegsFile)

ECap1RegsFile 
*          1    00005000    00000020     UNINITIALIZED
                  00005000    00000020     F2837xD_GlobalVariableDefs.obj (ECap1RegsFile)

ECap2RegsFile 
*          1    00005020    00000020     UNINITIALIZED
                  00005020    00000020     F2837xD_GlobalVariableDefs.obj (ECap2RegsFile)

ECap3RegsFile 
*          1    00005040    00000020     UNINITIALIZED
                  00005040    00000020     F2837xD_GlobalVariableDefs.obj (ECap3RegsFile)

ECap4RegsFile 
*          1    00005060    00000020     UNINITIALIZED
                  00005060    00000020     F2837xD_GlobalVariableDefs.obj (ECap4RegsFile)

ECap5RegsFile 
*          1    00005080    00000020     UNINITIALIZED
                  00005080    00000020     F2837xD_GlobalVariableDefs.obj (ECap5RegsFile)

ECap6RegsFile 
*          1    000050a0    00000020     UNINITIALIZED
                  000050a0    00000020     F2837xD_GlobalVariableDefs.obj (ECap6RegsFile)

EQep1RegsFile 
*          1    00005100    00000022     UNINITIALIZED
                  00005100    00000022     F2837xD_GlobalVariableDefs.obj (EQep1RegsFile)

EQep2RegsFile 
*          1    00005140    00000022     UNINITIALIZED
                  00005140    00000022     F2837xD_GlobalVariableDefs.obj (EQep2RegsFile)

EQep3RegsFile 
*          1    00005180    00000022     UNINITIALIZED
                  00005180    00000022     F2837xD_GlobalVariableDefs.obj (EQep3RegsFile)

DacaRegsFile 
*          1    00005c00    00000008     UNINITIALIZED
                  00005c00    00000008     F2837xD_GlobalVariableDefs.obj (DacaRegsFile)

DacbRegsFile 
*          1    00005c10    00000008     UNINITIALIZED
                  00005c10    00000008     F2837xD_GlobalVariableDefs.obj (DacbRegsFile)

DaccRegsFile 
*          1    00005c20    00000008     UNINITIALIZED
                  00005c20    00000008     F2837xD_GlobalVariableDefs.obj (DaccRegsFile)

Sdfm1RegsFile 
*          1    00005e00    00000080     UNINITIALIZED
                  00005e00    00000080     F2837xD_GlobalVariableDefs.obj (Sdfm1RegsFile)

Sdfm2RegsFile 
*          1    00005e80    00000080     UNINITIALIZED
                  00005e80    00000080     F2837xD_GlobalVariableDefs.obj (Sdfm2RegsFile)

McbspaRegsFile 
*          1    00006000    00000024     UNINITIALIZED
                  00006000    00000024     F2837xD_GlobalVariableDefs.obj (McbspaRegsFile)

McbspbRegsFile 
*          1    00006040    00000024     UNINITIALIZED
                  00006040    00000024     F2837xD_GlobalVariableDefs.obj (McbspbRegsFile)

SpiaRegsFile 
*          1    00006100    00000010     UNINITIALIZED
                  00006100    00000010     F2837xD_GlobalVariableDefs.obj (SpiaRegsFile)

SpibRegsFile 
*          1    00006110    00000010     UNINITIALIZED
                  00006110    00000010     F2837xD_GlobalVariableDefs.obj (SpibRegsFile)

SpicRegsFile 
*          1    00006120    00000010     UNINITIALIZED
                  00006120    00000010     F2837xD_GlobalVariableDefs.obj (SpicRegsFile)

WdRegsFile 
*          1    00007000    0000002b     UNINITIALIZED
                  00007000    0000002b     F2837xD_GlobalVariableDefs.obj (WdRegsFile)

NmiIntruptRegsFile 
*          1    00007060    00000007     UNINITIALIZED
                  00007060    00000007     F2837xD_GlobalVariableDefs.obj (NmiIntruptRegsFile)

XintRegsFile 
*          1    00007070    0000000b     UNINITIALIZED
                  00007070    0000000b     F2837xD_GlobalVariableDefs.obj (XintRegsFile)

SciaRegsFile 
*          1    00007200    00000010     UNINITIALIZED
                  00007200    00000010     F2837xD_GlobalVariableDefs.obj (SciaRegsFile)

ScibRegsFile 
*          1    00007210    00000010     UNINITIALIZED
                  00007210    00000010     F2837xD_GlobalVariableDefs.obj (ScibRegsFile)

ScicRegsFile 
*          1    00007220    00000010     UNINITIALIZED
                  00007220    00000010     F2837xD_GlobalVariableDefs.obj (ScicRegsFile)

ScidRegsFile 
*          1    00007230    00000010     UNINITIALIZED
                  00007230    00000010     F2837xD_GlobalVariableDefs.obj (ScidRegsFile)

I2caRegsFile 
*          1    00007300    00000022     UNINITIALIZED
                  00007300    00000022     F2837xD_GlobalVariableDefs.obj (I2caRegsFile)

I2cbRegsFile 
*          1    00007340    00000022     UNINITIALIZED
                  00007340    00000022     F2837xD_GlobalVariableDefs.obj (I2cbRegsFile)

AdcaRegsFile 
*          1    00007400    00000080     UNINITIALIZED
                  00007400    00000080     F2837xD_GlobalVariableDefs.obj (AdcaRegsFile)

AdcbRegsFile 
*          1    00007480    00000080     UNINITIALIZED
                  00007480    00000080     F2837xD_GlobalVariableDefs.obj (AdcbRegsFile)

AdccRegsFile 
*          1    00007500    00000080     UNINITIALIZED
                  00007500    00000080     F2837xD_GlobalVariableDefs.obj (AdccRegsFile)

AdcdRegsFile 
*          1    00007580    00000080     UNINITIALIZED
                  00007580    00000080     F2837xD_GlobalVariableDefs.obj (AdcdRegsFile)

Cla1RegsFile 
*          1    00001400    0000003e     UNINITIALIZED
                  00001400    0000003e     F2837xD_GlobalVariableDefs.obj (Cla1RegsFile)

Cla1SoftIntRegsFile 
*          1    00000ce0    00000004     DSECT
                  00000ce0    00000004     F2837xD_GlobalVariableDefs.obj (Cla1SoftIntRegsFile)

Cmpss1RegsFile 
*          1    00005c80    00000020     UNINITIALIZED
                  00005c80    00000020     F2837xD_GlobalVariableDefs.obj (Cmpss1RegsFile)

Cmpss2RegsFile 
*          1    00005ca0    00000020     UNINITIALIZED
                  00005ca0    00000020     F2837xD_GlobalVariableDefs.obj (Cmpss2RegsFile)

Cmpss3RegsFile 
*          1    00005cc0    00000020     UNINITIALIZED
                  00005cc0    00000020     F2837xD_GlobalVariableDefs.obj (Cmpss3RegsFile)

Cmpss4RegsFile 
*          1    00005ce0    00000020     UNINITIALIZED
                  00005ce0    00000020     F2837xD_GlobalVariableDefs.obj (Cmpss4RegsFile)

Cmpss5RegsFile 
*          1    00005d00    00000020     UNINITIALIZED
                  00005d00    00000020     F2837xD_GlobalVariableDefs.obj (Cmpss5RegsFile)

Cmpss6RegsFile 
*          1    00005d20    00000020     UNINITIALIZED
                  00005d20    00000020     F2837xD_GlobalVariableDefs.obj (Cmpss6RegsFile)

Cmpss7RegsFile 
*          1    00005d40    00000020     UNINITIALIZED
                  00005d40    00000020     F2837xD_GlobalVariableDefs.obj (Cmpss7RegsFile)

Cmpss8RegsFile 
*          1    00005d60    00000020     UNINITIALIZED
                  00005d60    00000020     F2837xD_GlobalVariableDefs.obj (Cmpss8RegsFile)

DmaClaSrcSelRegsFile 
*          1    00007980    0000001a     UNINITIALIZED
                  00007980    0000001a     F2837xD_GlobalVariableDefs.obj (DmaClaSrcSelRegsFile)

RFFT2F32Coef 
*          1    0000f000    00000800     UNINITIALIZED
                  0000f000    00000800     Senior_FFT.obj (RFFT2F32Coef)

Emif1RegsFile 
*          1    00047000    00000070     UNINITIALIZED
                  00047000    00000070     F2837xD_GlobalVariableDefs.obj (Emif1RegsFile)

Emif2RegsFile 
*          1    00047800    00000070     UNINITIALIZED
                  00047800    00000070     F2837xD_GlobalVariableDefs.obj (Emif2RegsFile)

DcsmZ1RegsFile 
*          1    0005f000    00000024     UNINITIALIZED
                  0005f000    00000024     F2837xD_GlobalVariableDefs.obj (DcsmZ1RegsFile)

DcsmZ2RegsFile 
*          1    0005f040    00000024     UNINITIALIZED
                  0005f040    00000024     F2837xD_GlobalVariableDefs.obj (DcsmZ2RegsFile)

DcsmCommonRegsFile 
*          1    0005f070    00000008     UNINITIALIZED
                  0005f070    00000008     F2837xD_GlobalVariableDefs.obj (DcsmCommonRegsFile)

Flash0CtrlRegsFile 
*          1    0005f800    00000182     UNINITIALIZED
                  0005f800    00000182     F2837xD_GlobalVariableDefs.obj (Flash0CtrlRegsFile)

Flash0EccRegsFile 
*          1    0005fb00    00000028     UNINITIALIZED
                  0005fb00    00000028     F2837xD_GlobalVariableDefs.obj (Flash0EccRegsFile)

DcsmZ1OtpFile 
*          1    00078000    00000002     NOLOAD SECTION
                  00078000    00000002     F2837xD_GlobalVariableDefs.obj (DcsmZ1OtpFile)

DcsmZ2OtpFile 
*          1    00078200    00000002     NOLOAD SECTION
                  00078200    00000002     F2837xD_GlobalVariableDefs.obj (DcsmZ2OtpFile)

GpioDataRegsFile 
*          1    00007f00    00000030     UNINITIALIZED
                  00007f00    00000030     F2837xD_GlobalVariableDefs.obj (GpioDataRegsFile)

IpcRegsFile 
*          1    00050000    00000024     UNINITIALIZED
                  00050000    00000024     F2837xD_GlobalVariableDefs.obj (IpcRegsFile)

FlashPumpSemaphoreRegsFile 
*          1    00050024    00000002     UNINITIALIZED
                  00050024    00000002     F2837xD_GlobalVariableDefs.obj (FlashPumpSemaphoreRegsFile)

MemCfgRegsFile 
*          1    0005f400    00000080     UNINITIALIZED
                  0005f400    00000080     F2837xD_GlobalVariableDefs.obj (MemCfgRegsFile)

Emif1ConfigRegsFile 
*          1    0005f480    00000020     UNINITIALIZED
                  0005f480    00000020     F2837xD_GlobalVariableDefs.obj (Emif1ConfigRegsFile)

AccessProtectionRegsFile 
*          1    0005f4c0    00000040     UNINITIALIZED
                  0005f4c0    00000040     F2837xD_GlobalVariableDefs.obj (AccessProtectionRegsFile)

MemoryErrorRegsFile 
*          1    0005f500    00000040     UNINITIALIZED
                  0005f500    00000040     F2837xD_GlobalVariableDefs.obj (MemoryErrorRegsFile)

ClkCfgRegsFile 
*          1    0005d200    00000032     UNINITIALIZED
                  0005d200    00000032     F2837xD_GlobalVariableDefs.obj (ClkCfgRegsFile)

CpuSysRegsFile 
*          1    0005d300    00000082     UNINITIALIZED
                  0005d300    00000082     F2837xD_GlobalVariableDefs.obj (CpuSysRegsFile)

.cinit     0    00082000    0000056e     
                  00082000    00000550     Senior_FFT.obj (.cinit)
                  00082550    0000000e     rts2800_fpu32.lib : exit.c.obj (.cinit)
                  0008255e    00000005                       : _lock.c.obj (.cinit:__lock)
                  00082563    00000005                       : _lock.c.obj (.cinit:__unlock)
                  00082568    00000004                       : errno.c.obj (.cinit)
                  0008256c    00000002     --HOLE-- [fill = 0]

.pinit     0    00082000    00000000     UNINITIALIZED

codestart 
*          0    00080000    00000002     
                  00080000    00000002     F2837xD_CodeStartBranch.obj (codestart)

.reset     0    003fffc0    00000002     DSECT
                  003fffc0    00000002     rts2800_fpu32.lib : boot28.asm.obj (.reset)

.TI.ramfunc 
*          0    00082570    00000268     RUN ADDR = 0000a000
                  00082570    00000117     Senior_FFT.obj (.TI.ramfunc)
                  00082687    00000105     senior_main_cpu2.obj (.TI.ramfunc:retain)
                  0008278c    00000048     F2837xD_SysCtrl.obj (.TI.ramfunc)
                  000827d4    00000004     F2837xD_usDelay.obj (.TI.ramfunc)

PUTBUFFER 
*          1    0003fc00    00000080     UNINITIALIZED
                  0003fc00    00000080     F2837xD_Ipc_Driver.obj (PUTBUFFER)

PUTWRITEIDX 
*          1    0003fc80    00000004     UNINITIALIZED
                  0003fc80    00000004     F2837xD_Ipc_Driver.obj (PUTWRITEIDX)

GETREADIDX 
*          1    0003fc84    00000004     UNINITIALIZED
                  0003fc84    00000004     F2837xD_Ipc_Driver.obj (GETREADIDX)

GETBUFFER 
*          0    0003f800    00000080     DSECT
                  0003f800    00000080     F2837xD_Ipc_Driver.obj (GETBUFFER)

GETWRITEIDX 
*          0    0003f880    00000004     DSECT
                  0003f880    00000004     F2837xD_Ipc_Driver.obj (GETWRITEIDX)

PUTREADIDX 
*          0    0003f884    00000004     DSECT
                  0003f884    00000004     F2837xD_Ipc_Driver.obj (PUTREADIDX)

RFFT2Input 
*          1    0000e000    00000800     UNINITIALIZED
                  0000e000    00000800     Senior_FFT.obj (RFFT2Input)

RFFT2Output 
*          1    0000e800    00000800     UNINITIALIZED
                  0000e800    00000800     Senior_FFT.obj (RFFT2Output)

RFFT2Magnitude 
*          1    0000f800    00000400     UNINITIALIZED
                  0000f800    00000400     Senior_FFT.obj (RFFT2Magnitude)

RFFT2Phase 
*          1    0000fc00    00000400     UNINITIALIZED
                  0000fc00    00000400     Senior_FFT.obj (RFFT2Phase)

RFFTwindow 
*          1    00010000    00000400     UNINITIALIZED
                  00010000    00000400     Senior_FFT.obj (RFFTwindow)

CircBuff2 
*          1    00011000    00000800     UNINITIALIZED
                  00011000    00000800     Senior_FFT.obj (CircBuff2)

CircBuff4 
*          1    00011800    00000800     UNINITIALIZED
                  00011800    00000800     Senior_FFT.obj (CircBuff4)

CircBuff6 
*          1    00012000    00000800     UNINITIALIZED
                  00012000    00000800     Senior_FFT.obj (CircBuff6)

CircBuff1 
*          1    00013000    00000800     UNINITIALIZED
                  00013000    00000800     Senior_FFT.obj (CircBuff1)

CircBuff3 
*          1    00013800    00000800     UNINITIALIZED
                  00013800    00000800     Senior_FFT.obj (CircBuff3)

CircBuff5 
*          1    00014000    00000800     UNINITIALIZED
                  00014000    00000800     Senior_FFT.obj (CircBuff5)

FE_CPU2_MSG 
*          1    0003f800    0000001c     UNINITIALIZED
                  0003f800    0000001c     Senior_FFT.obj (FE_CPU2_MSG)

.text      0    000827d8    00001717     
                  000827d8    00000590     F2837xD_DefaultISR.obj (.text:retain)
                  00082d68    00000364     F2837xD_Dma.obj (.text)
                  000830cc    0000024d     F2837xD_SysCtrl.obj (.text)
                  00083319    0000012b     rts2800_fpu32.lib : e_logf.c.obj (.text)
                  00083444    0000011d     c28x_fpu_dsp_library.lib : RFFT_f32.obj (.text)
                  00083561    0000011a     Senior_ePWM.obj (.text)
                  0008367b    00000001     rts2800_fpu32.lib : startup.c.obj (.text)
                  0008367c    000000fd     senior_main_cpu2.obj (.text)
                  00083779    000000d4     F2837xD_Adc.obj (.text)
                  0008384d    000000c5     Senior_DMA.obj (.text)
                  00083912    000000b5     Senior_ADC.obj (.text)
                  000839c7    0000008b     F2837xD_Ipc.obj (.text)
                  00083a52    00000088     rts2800_fpu32.lib : fs_div28.asm.obj (.text)
                  00083ada    00000086     c28x_fpu_dsp_library.lib : RFFT_f32_phase_TMU0.obj (.text)
                  00083b60    0000006b                              : RFFT_f32_sincostable.obj (.text)
                  00083bcb    00000061     rts2800_fpu32.lib : s_cosf.c.obj (.text)
                  00083c2c    00000058                       : s_sinf.c.obj (.text)
                  00083c84    00000057                       : s_floorf.c.obj (.text)
                  00083cdb    00000056                       : boot28.asm.obj (.text)
                  00083d31    00000001     --HOLE-- [fill = 0]
                  00083d32    0000004e     c28x_fpu_dsp_library.lib : RFFT_f32_mag_TMU0.obj (.text)
                  00083d80    00000038     rts2800_fpu32.lib : s_roundf.c.obj (.text)
                  00083db8    00000029                       : exit.c.obj (.text)
                  00083de1    00000028     F2837xD_PieCtrl.obj (.text)
                  00083e09    00000001     --HOLE-- [fill = 0]
                  00083e0a    00000025     c28x_fpu_dsp_library.lib : RFFT_f32_win.obj (.text)
                  00083e2f    00000024     rts2800_fpu32.lib : cpy_tbl.c.obj (.text)
                  00083e53    0000001e                       : memcpy.c.obj (.text)
                  00083e71    0000001d     Senior_FFT.obj (.text)
                  00083e8e    00000019     rts2800_fpu32.lib : args_main.c.obj (.text)
                  00083ea7    00000018                       : ll_aox28.asm.obj (.text)
                  00083ebf    00000011     F2837xD_PieVect.obj (.text)
                  00083ed0    0000000c     rts2800_fpu32.lib : memset.c.obj (.text)
                  00083edc    00000009                       : _lock.c.obj (.text)
                  00083ee5    00000008     F2837xD_CodeStartBranch.obj (.text)
                  00083eed    00000002     rts2800_fpu32.lib : pre_init.c.obj (.text)

.econst    0    00090000    000001d2     
                  00090000    000001c0     F2837xD_PieVect.obj (.econst:_PieVectTableInit)
                  000901c0    00000010     rts2800_fpu32.lib : e_logf.c.obj (.econst)
                  000901d0    00000002                       : s_floorf.c.obj (.econst)

MODULE SUMMARY

       Module                           code   initialized data   uninitialized data
       ------                           ----   ----------------   ------------------
    .\
       senior_main_cpu2.obj             775    0                  0                 
    +--+--------------------------------+------+------------------+--------------------+
       Total:                           775    0                  0                 
                                                                                    
    .\Senior Source\
       Senior_FFT.obj                   587    1360               21952             
       Senior_ePWM.obj                  282    0                  0                 
       Senior_DMA.obj                   197    0                  0                 
       Senior_ADC.obj                   181    0                  0                 
    +--+--------------------------------+------+------------------+--------------------+
       Total:                           1247   1360               21952             
                                                                                    
    .\Source\
       F2837xD_GlobalVariableDefs.obj   0      0                  6923              
       F2837xD_DefaultISR.obj           1424   0                  0                 
       F2837xD_Dma.obj                  868    0                  0                 
       F2837xD_SysCtrl.obj              733    0                  0                 
       F2837xD_PieVect.obj              17     448                0                 
       F2837xD_Adc.obj                  212    0                  0                 
       F2837xD_Ipc.obj                  139    0                  0                 
       F2837xD_Ipc_Driver.obj           0      0                  136               
       F2837xD_PieCtrl.obj              40     0                  0                 
       F2837xD_CodeStartBranch.obj      10     0                  0                 
       F2837xD_usDelay.obj              8      0                  0                 
    +--+--------------------------------+------+------------------+--------------------+
       Total:                           3451   448                7059              
                                                                                    
    C:/ti/ccsv8/tools/compiler/ti-cgt-c2000_18.1.1.LTS/lib/rts2800_fpu32.lib
       e_logf.c.obj                     299    16                 0                 
       fs_div28.asm.obj                 136    0                  0                 
       s_cosf.c.obj                     97     0                  0                 
       s_floorf.c.obj                   87     2                  0                 
       s_sinf.c.obj                     88     0                  0                 
       boot28.asm.obj                   86     0                  0                 
       exit.c.obj                       41     14                 6                 
       s_roundf.c.obj                   56     0                  0                 
       cpy_tbl.c.obj                    36     0                  0                 
       memcpy.c.obj                     30     0                  0                 
       args_main.c.obj                  25     0                  0                 
       ll_aox28.asm.obj                 24     0                  0                 
       _lock.c.obj                      9      10                 4                 
       memset.c.obj                     12     0                  0                 
       errno.c.obj                      0      4                  1                 
       pre_init.c.obj                   2      0                  0                 
       startup.c.obj                    1      0                  0                 
    +--+--------------------------------+------+------------------+--------------------+
       Total:                           1029   46                 11                
                                                                                    
    C:/ti/controlSUITE/libs/dsp/FPU/v1_50_00_00/lib/c28x_fpu_dsp_library.lib
       RFFT_f32.obj                     285    0                  0                 
       RFFT_f32_phase_TMU0.obj          134    0                  0                 
       RFFT_f32_sincostable.obj         107    0                  0                 
       RFFT_f32_mag_TMU0.obj            78     0                  0                 
       RFFT_f32_win.obj                 37     0                  0                 
    +--+--------------------------------+------+------------------+--------------------+
       Total:                           641    0                  0                 
                                                                                    
       Stack:                           0      0                  512               
    +--+--------------------------------+------+------------------+--------------------+
       Grand Total:                     7143   1854               29534             


GLOBAL DATA SYMBOLS: SORTED BY DATA PAGE

address     data page           name
--------    ----------------    ----
00000400      10 (00000400)     __stack

00000b00      2c (00000b00)     _AdcaResultRegs
00000b20      2c (00000b00)     _AdcbResultRegs

00000b40      2d (00000b40)     _AdccResultRegs
00000b60      2d (00000b40)     _AdcdResultRegs

00000c00      30 (00000c00)     _CpuTimer0Regs
00000c08      30 (00000c00)     _CpuTimer1Regs
00000c10      30 (00000c00)     _CpuTimer2Regs

00000ce0      33 (00000cc0)     _Cla1SoftIntRegs
00000ce0      33 (00000cc0)     _PieCtrlRegs

00000d00      34 (00000d00)     _EmuKey
00000d00      34 (00000d00)     _PieVectTable
00000d01      34 (00000d00)     _EmuBMode

00001000      40 (00001000)     _DmaRegs

00001400      50 (00001400)     _Cla1Regs

00004000     100 (00004000)     _EPwm1Regs

00004100     104 (00004100)     _EPwm2Regs

00004200     108 (00004200)     _EPwm3Regs

00004300     10c (00004300)     _EPwm4Regs

00004400     110 (00004400)     _EPwm5Regs

00004500     114 (00004500)     _EPwm6Regs

00004600     118 (00004600)     _EPwm7Regs

00004700     11c (00004700)     _EPwm8Regs

00004800     120 (00004800)     _EPwm9Regs

00004900     124 (00004900)     _EPwm10Regs

00004a00     128 (00004a00)     _EPwm11Regs

00004b00     12c (00004b00)     _EPwm12Regs

00005000     140 (00005000)     _ECap1Regs
00005020     140 (00005000)     _ECap2Regs

00005040     141 (00005040)     _ECap3Regs
00005060     141 (00005040)     _ECap4Regs

00005080     142 (00005080)     _ECap5Regs
000050a0     142 (00005080)     _ECap6Regs

00005100     144 (00005100)     _EQep1Regs

00005140     145 (00005140)     _EQep2Regs

00005180     146 (00005180)     _EQep3Regs

00005c00     170 (00005c00)     _DacaRegs
00005c10     170 (00005c00)     _DacbRegs
00005c20     170 (00005c00)     _DaccRegs

00005c80     172 (00005c80)     _Cmpss1Regs
00005ca0     172 (00005c80)     _Cmpss2Regs

00005cc0     173 (00005cc0)     _Cmpss3Regs
00005ce0     173 (00005cc0)     _Cmpss4Regs

00005d00     174 (00005d00)     _Cmpss5Regs
00005d20     174 (00005d00)     _Cmpss6Regs

00005d40     175 (00005d40)     _Cmpss7Regs
00005d60     175 (00005d40)     _Cmpss8Regs

00005e00     178 (00005e00)     _Sdfm1Regs

00005e80     17a (00005e80)     _Sdfm2Regs

00006000     180 (00006000)     _McbspaRegs

00006040     181 (00006040)     _McbspbRegs

00006100     184 (00006100)     _SpiaRegs
00006110     184 (00006100)     _SpibRegs
00006120     184 (00006100)     _SpicRegs

00007000     1c0 (00007000)     _WdRegs

00007060     1c1 (00007040)     _NmiIntruptRegs
00007070     1c1 (00007040)     _XintRegs

00007200     1c8 (00007200)     _SciaRegs
00007210     1c8 (00007200)     _ScibRegs
00007220     1c8 (00007200)     _ScicRegs
00007230     1c8 (00007200)     _ScidRegs

00007300     1cc (00007300)     _I2caRegs

00007340     1cd (00007340)     _I2cbRegs

00007400     1d0 (00007400)     _AdcaRegs

00007480     1d2 (00007480)     _AdcbRegs

00007500     1d4 (00007500)     _AdccRegs

00007580     1d6 (00007580)     _AdcdRegs

00007980     1e6 (00007980)     _DmaClaSrcSelRegs

00007f00     1fc (00007f00)     _GpioDataRegs

0000b800     2e0 (0000b800)     _magIndex
0000b801     2e0 (0000b800)     _mode
0000b802     2e0 (0000b800)     _handler_rfft2
0000b804     2e0 (0000b800)     _test_est
0000b806     2e0 (0000b800)     _absDiff
0000b808     2e0 (0000b800)     _magMax
0000b80a     2e0 (0000b800)     _phaseDifference
0000b80c     2e0 (0000b800)     _nSmall
0000b80e     2e0 (0000b800)     _n2pi
0000b810     2e0 (0000b800)     _n
0000b812     2e0 (0000b800)     _smallest
0000b814     2e0 (0000b800)     _rfft2
0000b820     2e0 (0000b800)     _fn

0000b840     2e1 (0000b840)     _string4

0000b880     2e2 (0000b880)     _string2

0000b8c0     2e3 (0000b8c0)     _string6

0000b900     2e4 (0000b900)     _string3

0000b940     2e5 (0000b940)     _string5

0000b980     2e6 (0000b980)     _string1
0000b9a4     2e6 (0000b980)     ___TI_enable_exit_profile_output
0000b9a6     2e6 (0000b980)     ___TI_cleanup_ptr
0000b9a8     2e6 (0000b980)     ___TI_dtors_ptr
0000b9aa     2e6 (0000b980)     __lock
0000b9ac     2e6 (0000b980)     __unlock
0000b9ae     2e6 (0000b980)     _errno

0000e000     380 (0000e000)     _RFFT2inBuff

0000e800     3a0 (0000e800)     _RFFT2outBuff

0000f000     3c0 (0000f000)     _RFFT2F32Coef

0000f800     3e0 (0000f800)     _RFFT2magBuff

0000fc00     3f0 (0000fc00)     _RFFT2phaseBuff

00010000     400 (00010000)     _RFFTwindow

00011000     440 (00011000)     _CircularBuffer2

00011800     460 (00011800)     _CircularBuffer4

00012000     480 (00012000)     _CircularBuffer6

00013000     4c0 (00013000)     _CircularBuffer1

00013800     4e0 (00013800)     _CircularBuffer3

00014000     500 (00014000)     _CircularBuffer5

0003f800     fe0 (0003f800)     _fo_est_cpu2
0003f800     fe0 (0003f800)     _g_asIPCCPU1toCPU2Buffers
0003f80e     fe0 (0003f800)     _fo_n_cpu2

0003f880     fe2 (0003f880)     _g_usGetWriteIndexes
0003f884     fe2 (0003f880)     _g_usPutReadIndexes

0003fc00     ff0 (0003fc00)     _g_asIPCCPU2toCPU1Buffers

0003fc80     ff2 (0003fc80)     _g_usPutWriteIndexes
0003fc84     ff2 (0003fc80)     _g_usGetReadIndexes

00047000    11c0 (00047000)     _Emif1Regs

00047800    11e0 (00047800)     _Emif2Regs

00050000    1400 (00050000)     _IpcRegs
00050024    1400 (00050000)     _FlashPumpSemaphoreRegs

0005d200    1748 (0005d200)     _ClkCfgRegs

0005d300    174c (0005d300)     _CpuSysRegs

0005f000    17c0 (0005f000)     _DcsmZ1Regs

0005f040    17c1 (0005f040)     _DcsmZ2Regs
0005f070    17c1 (0005f040)     _DcsmCommonRegs

0005f400    17d0 (0005f400)     _MemCfgRegs

0005f480    17d2 (0005f480)     _Emif1ConfigRegs

0005f4c0    17d3 (0005f4c0)     _AccessProtectionRegs

0005f500    17d4 (0005f500)     _MemoryErrorRegs

0005f800    17e0 (0005f800)     _Flash0CtrlRegs

0005fb00    17ec (0005fb00)     _Flash0EccRegs

00078000    1e00 (00078000)     _DcsmZ1Otp

00078200    1e08 (00078200)     _DcsmZ2Otp

00090000    2400 (00090000)     _PieVectTableInit


GLOBAL SYMBOLS: SORTED ALPHABETICALLY BY Name 

page  address   name                                  
----  -------   ----                                  
abs   ffffffff  .text                                 
0     00083db8  C$$EXIT                               
0     00083a52  FS$$DIV                               
0     00083ea7  LL$$AND                               
0     00083eaf  LL$$OR                                
0     00083eb7  LL$$XOR                               
0     00082d53  _ADCA1_ISR                            
0     00082d49  _ADCA2_ISR                            
0     00082d3f  _ADCA3_ISR                            
0     00082d35  _ADCA4_ISR                            
0     00082d2b  _ADCA_EVT_ISR                         
0     00082d21  _ADCB1_ISR                            
0     00082d17  _ADCB2_ISR                            
0     00082d0d  _ADCB3_ISR                            
0     00082d03  _ADCB4_ISR                            
0     00082cf9  _ADCB_EVT_ISR                         
0     00082cef  _ADCC1_ISR                            
0     00082ce5  _ADCC2_ISR                            
0     00082cdb  _ADCC3_ISR                            
0     00082cd1  _ADCC4_ISR                            
0     0000a207  _ADCCH1_ISR                           
0     0000a1f2  _ADCCH3_ISR                           
0     0000a1dd  _ADCCH5_ISR                           
0     00082cc7  _ADCC_EVT_ISR                         
0     00082cbd  _ADCD1_ISR                            
0     00082cb3  _ADCD2_ISR                            
0     00082ca9  _ADCD3_ISR                            
0     00082c9f  _ADCD4_ISR                            
0     00082c95  _ADCD_EVT_ISR                         
0     00082c8b  _AUX_PLL_SLIP_ISR                     
1     0005f4c0  _AccessProtectionRegs                 
0     00083a1c  _AckIpcFlag                           
0     000837ae  _AdcSetMode                           
1     00007400  _AdcaRegs                             
1     00000b00  _AdcaResultRegs                       
1     00007480  _AdcbRegs                             
1     00000b20  _AdcbResultRegs                       
1     00007500  _AdccRegs                             
1     00000b40  _AdccResultRegs                       
1     00007580  _AdcdRegs                             
1     00000b60  _AdcdResultRegs                       
0     000831de  _AuxAuxClkSel                         
0     000831f9  _AuxIntOsc2Sel                        
0     000831e8  _AuxXtalOscSel                        
0     00082c81  _CANA0_ISR                            
0     00082c77  _CANA1_ISR                            
0     00082c6d  _CANB0_ISR                            
0     00082c63  _CANB1_ISR                            
0     00082c59  _CLA1_1_ISR                           
0     00082c4f  _CLA1_2_ISR                           
0     00082c45  _CLA1_3_ISR                           
0     00082c3b  _CLA1_4_ISR                           
0     00082c31  _CLA1_5_ISR                           
0     00082c27  _CLA1_6_ISR                           
0     00082c1d  _CLA1_7_ISR                           
0     00082c13  _CLA1_8_ISR                           
0     00082c09  _CLA_OVERFLOW_ISR                     
0     00082bff  _CLA_UNDERFLOW_ISR                    
0     00083779  _CalAdcINL                            
0     00083a4b  _CancelIpcFlag                        
1     00013000  _CircularBuffer1                      
1     00011000  _CircularBuffer2                      
1     00013800  _CircularBuffer3                      
1     00011800  _CircularBuffer4                      
1     00014000  _CircularBuffer5                      
1     00012000  _CircularBuffer6                      
1     00001400  _Cla1Regs                             
0     00000ce0  _Cla1SoftIntRegs                      
1     0005d200  _ClkCfgRegs                           
1     00005c80  _Cmpss1Regs                           
1     00005ca0  _Cmpss2Regs                           
1     00005cc0  _Cmpss3Regs                           
1     00005ce0  _Cmpss4Regs                           
1     00005d00  _Cmpss5Regs                           
1     00005d20  _Cmpss6Regs                           
1     00005d40  _Cmpss7Regs                           
1     00005d60  _Cmpss8Regs                           
1     0005d300  _CpuSysRegs                           
1     00000c00  _CpuTimer0Regs                        
1     00000c08  _CpuTimer1Regs                        
1     00000c10  _CpuTimer2Regs                        
0     000832f8  _CsmUnlock                            
0     00082bf5  _DATALOG_ISR                          
0     000830c2  _DMACH1AddrConfig                     
0     000830b8  _DMACH1AddrConfig32bit                
0     000830af  _DMACH1BurstConfig                    
0     0008305a  _DMACH1ModeConfig                     
0     00083051  _DMACH1TransferConfig                 
0     00083047  _DMACH1WrapConfig                     
0     0000a19b  _DMACH1_ISR                           
0     0008303d  _DMACH2AddrConfig                     
0     00083033  _DMACH2AddrConfig32bit                
0     0008302a  _DMACH2BurstConfig                    
0     00082fd4  _DMACH2ModeConfig                     
0     00082fcb  _DMACH2TransferConfig                 
0     00082fc1  _DMACH2WrapConfig                     
0     00082fb7  _DMACH3AddrConfig                     
0     00082fad  _DMACH3AddrConfig32bit                
0     00082fa4  _DMACH3BurstConfig                    
0     00082f4f  _DMACH3ModeConfig                     
0     00082f46  _DMACH3TransferConfig                 
0     00082f3c  _DMACH3WrapConfig                     
0     0000a159  _DMACH3_ISR                           
0     00082f32  _DMACH4AddrConfig                     
0     00082f28  _DMACH4AddrConfig32bit                
0     00082f1f  _DMACH4BurstConfig                    
0     00082ec7  _DMACH4ModeConfig                     
0     00082ebe  _DMACH4TransferConfig                 
0     00082eb4  _DMACH4WrapConfig                     
0     00082eaa  _DMACH5AddrConfig                     
0     00082ea0  _DMACH5AddrConfig32bit                
0     00082e97  _DMACH5BurstConfig                    
0     00082e40  _DMACH5ModeConfig                     
0     00082e37  _DMACH5TransferConfig                 
0     00082e2d  _DMACH5WrapConfig                     
0     0000a117  _DMACH5_ISR                           
0     00082e23  _DMACH6AddrConfig                     
0     00082e19  _DMACH6AddrConfig32bit                
0     00082e10  _DMACH6BurstConfig                    
0     00082db8  _DMACH6ModeConfig                     
0     00082daf  _DMACH6TransferConfig                 
0     00082da5  _DMACH6WrapConfig                     
0     00082d98  _DMAInitialize                        
0     00082beb  _DMA_CH1_ISR                          
0     00082be1  _DMA_CH2_ISR                          
0     00082bd7  _DMA_CH3_ISR                          
0     00082bcd  _DMA_CH4_ISR                          
0     00082bc3  _DMA_CH5_ISR                          
0     00082bb9  _DMA_CH6_ISR                          
1     00005c00  _DacaRegs                             
1     00005c10  _DacbRegs                             
1     00005c20  _DaccRegs                             
1     0005f070  _DcsmCommonRegs                       
1     00078000  _DcsmZ1Otp                            
1     0005f000  _DcsmZ1Regs                           
1     00078200  _DcsmZ2Otp                            
1     0005f040  _DcsmZ2Regs                           
0     00083121  _DisableDog                           
0     000832db  _DisablePeripheralClocks              
1     00007980  _DmaClaSrcSelRegs                     
1     00001000  _DmaRegs                              
0     00082baf  _ECAP1_ISR                            
0     00082ba5  _ECAP2_ISR                            
0     00082b9b  _ECAP3_ISR                            
0     00082b91  _ECAP4_ISR                            
0     00082b87  _ECAP5_ISR                            
0     00082b7d  _ECAP6_ISR                            
1     00005000  _ECap1Regs                            
1     00005020  _ECap2Regs                            
1     00005040  _ECap3Regs                            
1     00005060  _ECap4Regs                            
1     00005080  _ECap5Regs                            
1     000050a0  _ECap6Regs                            
0     00082b73  _EMIF_ERROR_ISR                       
0     00082b66  _EMPTY_ISR                            
0     00082b5c  _EMU_ISR                              
0     00082b52  _EPWM10_ISR                           
0     00082b48  _EPWM10_TZ_ISR                        
0     00082b3e  _EPWM11_ISR                           
0     00082b34  _EPWM11_TZ_ISR                        
0     00082b2a  _EPWM12_ISR                           
0     00082b20  _EPWM12_TZ_ISR                        
0     00082b16  _EPWM1_ISR                            
0     00082b0c  _EPWM1_TZ_ISR                         
0     00082b02  _EPWM2_ISR                            
0     00082af8  _EPWM2_TZ_ISR                         
0     00082aee  _EPWM3_ISR                            
0     00082ae4  _EPWM3_TZ_ISR                         
0     00082ada  _EPWM4_ISR                            
0     00082ad0  _EPWM4_TZ_ISR                         
0     00082ac6  _EPWM5_ISR                            
0     00082abc  _EPWM5_TZ_ISR                         
0     00082ab2  _EPWM6_ISR                            
0     00082aa8  _EPWM6_TZ_ISR                         
0     00082a9e  _EPWM7_ISR                            
0     00082a94  _EPWM7_TZ_ISR                         
0     00082a8a  _EPWM8_ISR                            
0     00082a80  _EPWM8_TZ_ISR                         
0     00082a76  _EPWM9_ISR                            
0     00082a6c  _EPWM9_TZ_ISR                         
1     00004900  _EPwm10Regs                           
1     00004a00  _EPwm11Regs                           
1     00004b00  _EPwm12Regs                           
1     00004000  _EPwm1Regs                            
1     00004100  _EPwm2Regs                            
1     00004200  _EPwm3Regs                            
1     00004300  _EPwm4Regs                            
1     00004400  _EPwm5Regs                            
1     00004500  _EPwm6Regs                            
1     00004600  _EPwm7Regs                            
1     00004700  _EPwm8Regs                            
1     00004800  _EPwm9Regs                            
0     00082a62  _EQEP1_ISR                            
0     00082a58  _EQEP2_ISR                            
0     00082a4e  _EQEP3_ISR                            
1     00005100  _EQep1Regs                            
1     00005140  _EQep2Regs                            
1     00005180  _EQep3Regs                            
1     0005f480  _Emif1ConfigRegs                      
1     00047000  _Emif1Regs                            
1     00047800  _Emif2Regs                            
1     00000d01  _EmuBMode                             
1     00000d00  _EmuKey                               
0     00083e00  _EnableInterrupts                     
0     0000a264  _F28x_usDelay                         
0     00082a44  _FLASH_CORRECTABLE_ERROR_ISR          
0     00082a3a  _FPU_OVERFLOW_ISR                     
0     00082a30  _FPU_UNDERFLOW_ISR                    
0     00083a42  _FillIpcSendData                      
1     0005f800  _Flash0CtrlRegs                       
1     0005fb00  _Flash0EccRegs                        
0     0000a250  _FlashOff                             
1     00050024  _FlashPumpSemaphoreRegs               
1     00007f00  _GpioDataRegs                         
0     000832d2  _HALT                                 
0     0008310c  _HIB                                  
0     00082a26  _I2CA_FIFO_ISR                        
0     00082a1c  _I2CA_ISR                             
0     00082a12  _I2CB_FIFO_ISR                        
0     00082a08  _I2CB_ISR                             
1     00007300  _I2caRegs                             
1     00007340  _I2cbRegs                             
0     000832d2  _IDLE                                 
0     000829fe  _ILLEGAL_ISR                          
0     000829f4  _IPC0_ISR                             
0     000829ea  _IPC1_ISR                             
0     000829e0  _IPC2_ISR                             
0     000829d6  _IPC3_ISR                             
0     00083206  _InitAuxPll                           
0     0000a21c  _InitFlash                            
0     00083a30  _InitIpc                              
0     0008312e  _InitPeripheralClocks                 
0     00083de1  _InitPieCtrl                          
0     00083ebf  _InitPieVectTable                     
0     000831cd  _InitSysCtrl                          
1     00050000  _IpcRegs                              
0     00083a23  _IpcSync                              
0     000829cc  _MCBSPA_RX_ISR                        
0     000829c2  _MCBSPA_TX_ISR                        
0     000829b8  _MCBSPB_RX_ISR                        
0     000829ae  _MCBSPB_TX_ISR                        
1     00006000  _McbspaRegs                           
1     00006040  _McbspbRegs                           
1     0005f400  _MemCfgRegs                           
1     0005f500  _MemoryErrorRegs                      
0     000829a4  _NMI_ISR                              
0     0008299a  _NOTUSED_ISR                          
1     00007060  _NmiIntruptRegs                       
0     00082990  _PIE_RESERVED_ISR                     
1     00000ce0  _PieCtrlRegs                          
1     00000d00  _PieVectTable                         
0     00090000  _PieVectTableInit                     
0     00082986  _RAM_ACCESS_VIOLATION_ISR             
0     0008297c  _RAM_CORRECTABLE_ERROR_ISR            
1     0000f000  _RFFT2F32Coef                         
1     0000e000  _RFFT2inBuff                          
1     0000f800  _RFFT2magBuff                         
1     0000e800  _RFFT2outBuff                         
1     0000fc00  _RFFT2phaseBuff                       
0     00083444  _RFFT_f32                             
0     00083d32  _RFFT_f32_mag_TMU0                    
0     00083ada  _RFFT_f32_phase_TMU0                  
0     00083b60  _RFFT_f32_sincostable                 
0     00083e0a  _RFFT_f32_win                         
1     00010000  _RFFTwindow                           
0     00082972  _RTOS_ISR                             
0     000827d8  _RamfuncsLoadEnd                      
abs   00000268  _RamfuncsLoadSize                     
0     00082570  _RamfuncsLoadStart                    
0     0000a268  _RamfuncsRunEnd                       
abs   00000268  _RamfuncsRunSize                      
0     0000a000  _RamfuncsRunStart                     
0     00083a0c  _ReadIpcTimer                         
0     00083a01  _RecvIpcData                          
0     00083117  _ReleaseFlashPump                     
0     00082968  _SCIA_RX_ISR                          
0     0008295e  _SCIA_TX_ISR                          
0     00082954  _SCIB_RX_ISR                          
0     0008294a  _SCIB_TX_ISR                          
0     00082940  _SCIC_RX_ISR                          
0     00082936  _SCIC_TX_ISR                          
0     0008292c  _SCID_RX_ISR                          
0     00082922  _SCID_TX_ISR                          
0     00082918  _SD1_ISR                              
0     0008290e  _SD2_ISR                              
0     00082904  _SPIA_RX_ISR                          
0     000828fa  _SPIA_TX_ISR                          
0     000828f0  _SPIB_RX_ISR                          
0     000828e6  _SPIB_TX_ISR                          
0     000828dc  _SPIC_RX_ISR                          
0     000828d2  _SPIC_TX_ISR                          
0     0008310c  _STANDBY                              
0     000828c8  _SYS_PLL_SLIP_ISR                     
1     00007200  _SciaRegs                             
1     00007210  _ScibRegs                             
1     00007220  _ScicRegs                             
1     00007230  _ScidRegs                             
1     00005e00  _Sdfm1Regs                            
1     00005e80  _Sdfm2Regs                            
0     000830fa  _SeizeFlashPump                       
0     000839f2  _SendIpcCommand                       
0     000839de  _SendIpcData                          
0     000839d7  _SendIpcFlag                          
0     000830ec  _ServiceDog                           
1     00006100  _SpiaRegs                             
1     00006110  _SpibRegs                             
1     00006120  _SpicRegs                             
0     00082d90  _StartDMACH1                          
0     00082d88  _StartDMACH2                          
0     00082d80  _StartDMACH3                          
0     00082d78  _StartDMACH4                          
0     00082d70  _StartDMACH5                          
0     00082d68  _StartDMACH6                          
0     000830e2  _SysIntOsc1Sel                        
0     000830d8  _SysIntOsc2Sel                        
0     000830cc  _SysXtalOscSel                        
0     000828be  _TIMER0_ISR                           
0     000828b4  _TIMER1_ISR                           
0     000828aa  _TIMER2_ISR                           
0     000828a0  _UPPA_ISR                             
0     00082896  _USBA_ISR                             
0     0008288c  _USER10_ISR                           
0     00082882  _USER11_ISR                           
0     00082878  _USER12_ISR                           
0     0008286e  _USER1_ISR                            
0     00082864  _USER2_ISR                            
0     0008285a  _USER3_ISR                            
0     00082850  _USER4_ISR                            
0     00082846  _USER5_ISR                            
0     0008283c  _USER6_ISR                            
0     00082832  _USER7_ISR                            
0     00082828  _USER8_ISR                            
0     0008281e  _USER9_ISR                            
0     00082814  _VCU_ISR                              
0     0008280a  _WAKE_ISR                             
0     000839cf  _WaitForIpcAck                        
0     000839c7  _WaitForIpcFlag                       
1     00007000  _WdRegs                               
0     00082800  _XINT1_ISR                            
0     000827f6  _XINT2_ISR                            
0     000827ec  _XINT3_ISR                            
0     000827e2  _XINT4_ISR                            
0     000827d8  _XINT5_ISR                            
1     00007070  _XintRegs                             
0     00000600  __STACK_END                           
abs   00000200  __STACK_SIZE                          
0     0000b9a6  ___TI_cleanup_ptr                     
0     0000b9a8  ___TI_dtors_ptr                       
0     0000b9a4  ___TI_enable_exit_profile_output      
abs   ffffffff  ___TI_pprof_out_hndl                  
abs   ffffffff  ___TI_prof_data_size                  
abs   ffffffff  ___TI_prof_data_start                 
abs   ffffffff  ___binit__                            
abs   ffffffff  ___c_args__                           
0     00082000  ___cinit__                            
abs   ffffffff  ___etext__                            
abs   ffffffff  ___pinit__                            
abs   ffffffff  ___text__                             
0     00083e8e  __args_main                           
0     0000b9aa  __lock                                
0     00083ee4  __nop                                 
0     00083ee0  __register_lock                       
0     00083edc  __register_unlock                     
0     00000400  __stack                               
0     0008367b  __system_post_cinit                   
0     00083eed  __system_pre_init                     
0     0000b9ac  __unlock                              
0     00083db8  _abort                                
0     0000b806  _absDiff                              
0     00083cdb  _c_int00                              
0     00083993  _configureADCs                        
0     00083e2f  _copy_in                              
0     00083bcb  _cos                                  
0     00083bcb  _cosf                                 
0     0000b9ae  _errno                                
0     00083dba  _exit                                 
0     00083c84  _floor                                
0     00083c84  _floorf                               
0     0000b820  _fn                                   
1     0003f800  _fo_est_cpu2                          
1     0003f80e  _fo_n_cpu2                            
0     0003f800  _g_asIPCCPU1toCPU2Buffers             
1     0003fc00  _g_asIPCCPU2toCPU1Buffers             
1     0003fc84  _g_usGetReadIndexes                   
0     0003f880  _g_usGetWriteIndexes                  
0     0003f884  _g_usPutReadIndexes                   
1     0003fc80  _g_usPutWriteIndexes                  
0     0000b802  _handler_rfft2                        
0     000839c2  _initADC                              
0     0008390d  _initDMA                              
0     0008384d  _initDMAx                             
0     00083664  _initEPWM                             
0     00083623  _initEPWM1                            
0     000835f8  _initEPWM2                            
0     000835cd  _initEPWM3                            
0     0008358c  _initEPWM4                            
0     00083561  _initEPWM5                            
0     00083e71  _initFFT                              
0     0008367c  _initMain                             
0     0008392e  _initializeADCs                       
0     00083912  _initializePPBs                       
0     00083319  _log                                  
0     00083319  _logf                                 
0     0000b800  _magIndex                             
0     0000b808  _magMax                               
0     000836d0  _main                                 
0     00083e53  _memcpy                               
0     00083ed0  _memset                               
0     0000b801  _mode                                 
0     0000b810  _n                                    
0     0000b80e  _n2pi                                 
0     0000b80c  _nSmall                               
0     0000b80a  _phaseDifference                      
0     0000b814  _rfft2                                
0     0008344d  _rfft_f32_Stages1and2and3andBitReverse
0     000834b9  _rfft_f32_Stages4andUp                
0     00083d80  _round                                
0     00083d80  _roundf                               
0     00083c2c  _sin                                  
0     00083c2c  _sinf                                 
0     0000b812  _smallest                             
0     0000b980  _string1                              
0     0000b880  _string2                              
0     0000b900  _string3                              
0     0000b840  _string4                              
0     0000b940  _string5                              
0     0000b8c0  _string6                              
0     0000b804  _test_est                             
0     0000a000  _vocodeAnalysis                       
abs   ffffffff  binit                                 
0     00082000  cinit                                 
0     00080000  code_start                            
abs   ffffffff  etext                                 
abs   ffffffff  pinit                                 


GLOBAL SYMBOLS: SORTED BY Symbol Address 

page  address   name                                  
----  -------   ----                                  
0     00000400  __stack                               
0     00000600  __STACK_END                           
0     00000ce0  _Cla1SoftIntRegs                      
0     0000a000  _RamfuncsRunStart                     
0     0000a000  _vocodeAnalysis                       
0     0000a117  _DMACH5_ISR                           
0     0000a159  _DMACH3_ISR                           
0     0000a19b  _DMACH1_ISR                           
0     0000a1dd  _ADCCH5_ISR                           
0     0000a1f2  _ADCCH3_ISR                           
0     0000a207  _ADCCH1_ISR                           
0     0000a21c  _InitFlash                            
0     0000a250  _FlashOff                             
0     0000a264  _F28x_usDelay                         
0     0000a268  _RamfuncsRunEnd                       
0     0000b800  _magIndex                             
0     0000b801  _mode                                 
0     0000b802  _handler_rfft2                        
0     0000b804  _test_est                             
0     0000b806  _absDiff                              
0     0000b808  _magMax                               
0     0000b80a  _phaseDifference                      
0     0000b80c  _nSmall                               
0     0000b80e  _n2pi                                 
0     0000b810  _n                                    
0     0000b812  _smallest                             
0     0000b814  _rfft2                                
0     0000b820  _fn                                   
0     0000b840  _string4                              
0     0000b880  _string2                              
0     0000b8c0  _string6                              
0     0000b900  _string3                              
0     0000b940  _string5                              
0     0000b980  _string1                              
0     0000b9a4  ___TI_enable_exit_profile_output      
0     0000b9a6  ___TI_cleanup_ptr                     
0     0000b9a8  ___TI_dtors_ptr                       
0     0000b9aa  __lock                                
0     0000b9ac  __unlock                              
0     0000b9ae  _errno                                
0     0003f800  _g_asIPCCPU1toCPU2Buffers             
0     0003f880  _g_usGetWriteIndexes                  
0     0003f884  _g_usPutReadIndexes                   
0     00080000  code_start                            
0     00082000  ___cinit__                            
0     00082000  cinit                                 
0     00082570  _RamfuncsLoadStart                    
0     000827d8  _RamfuncsLoadEnd                      
0     000827d8  _XINT5_ISR                            
0     000827e2  _XINT4_ISR                            
0     000827ec  _XINT3_ISR                            
0     000827f6  _XINT2_ISR                            
0     00082800  _XINT1_ISR                            
0     0008280a  _WAKE_ISR                             
0     00082814  _VCU_ISR                              
0     0008281e  _USER9_ISR                            
0     00082828  _USER8_ISR                            
0     00082832  _USER7_ISR                            
0     0008283c  _USER6_ISR                            
0     00082846  _USER5_ISR                            
0     00082850  _USER4_ISR                            
0     0008285a  _USER3_ISR                            
0     00082864  _USER2_ISR                            
0     0008286e  _USER1_ISR                            
0     00082878  _USER12_ISR                           
0     00082882  _USER11_ISR                           
0     0008288c  _USER10_ISR                           
0     00082896  _USBA_ISR                             
0     000828a0  _UPPA_ISR                             
0     000828aa  _TIMER2_ISR                           
0     000828b4  _TIMER1_ISR                           
0     000828be  _TIMER0_ISR                           
0     000828c8  _SYS_PLL_SLIP_ISR                     
0     000828d2  _SPIC_TX_ISR                          
0     000828dc  _SPIC_RX_ISR                          
0     000828e6  _SPIB_TX_ISR                          
0     000828f0  _SPIB_RX_ISR                          
0     000828fa  _SPIA_TX_ISR                          
0     00082904  _SPIA_RX_ISR                          
0     0008290e  _SD2_ISR                              
0     00082918  _SD1_ISR                              
0     00082922  _SCID_TX_ISR                          
0     0008292c  _SCID_RX_ISR                          
0     00082936  _SCIC_TX_ISR                          
0     00082940  _SCIC_RX_ISR                          
0     0008294a  _SCIB_TX_ISR                          
0     00082954  _SCIB_RX_ISR                          
0     0008295e  _SCIA_TX_ISR                          
0     00082968  _SCIA_RX_ISR                          
0     00082972  _RTOS_ISR                             
0     0008297c  _RAM_CORRECTABLE_ERROR_ISR            
0     00082986  _RAM_ACCESS_VIOLATION_ISR             
0     00082990  _PIE_RESERVED_ISR                     
0     0008299a  _NOTUSED_ISR                          
0     000829a4  _NMI_ISR                              
0     000829ae  _MCBSPB_TX_ISR                        
0     000829b8  _MCBSPB_RX_ISR                        
0     000829c2  _MCBSPA_TX_ISR                        
0     000829cc  _MCBSPA_RX_ISR                        
0     000829d6  _IPC3_ISR                             
0     000829e0  _IPC2_ISR                             
0     000829ea  _IPC1_ISR                             
0     000829f4  _IPC0_ISR                             
0     000829fe  _ILLEGAL_ISR                          
0     00082a08  _I2CB_ISR                             
0     00082a12  _I2CB_FIFO_ISR                        
0     00082a1c  _I2CA_ISR                             
0     00082a26  _I2CA_FIFO_ISR                        
0     00082a30  _FPU_UNDERFLOW_ISR                    
0     00082a3a  _FPU_OVERFLOW_ISR                     
0     00082a44  _FLASH_CORRECTABLE_ERROR_ISR          
0     00082a4e  _EQEP3_ISR                            
0     00082a58  _EQEP2_ISR                            
0     00082a62  _EQEP1_ISR                            
0     00082a6c  _EPWM9_TZ_ISR                         
0     00082a76  _EPWM9_ISR                            
0     00082a80  _EPWM8_TZ_ISR                         
0     00082a8a  _EPWM8_ISR                            
0     00082a94  _EPWM7_TZ_ISR                         
0     00082a9e  _EPWM7_ISR                            
0     00082aa8  _EPWM6_TZ_ISR                         
0     00082ab2  _EPWM6_ISR                            
0     00082abc  _EPWM5_TZ_ISR                         
0     00082ac6  _EPWM5_ISR                            
0     00082ad0  _EPWM4_TZ_ISR                         
0     00082ada  _EPWM4_ISR                            
0     00082ae4  _EPWM3_TZ_ISR                         
0     00082aee  _EPWM3_ISR                            
0     00082af8  _EPWM2_TZ_ISR                         
0     00082b02  _EPWM2_ISR                            
0     00082b0c  _EPWM1_TZ_ISR                         
0     00082b16  _EPWM1_ISR                            
0     00082b20  _EPWM12_TZ_ISR                        
0     00082b2a  _EPWM12_ISR                           
0     00082b34  _EPWM11_TZ_ISR                        
0     00082b3e  _EPWM11_ISR                           
0     00082b48  _EPWM10_TZ_ISR                        
0     00082b52  _EPWM10_ISR                           
0     00082b5c  _EMU_ISR                              
0     00082b66  _EMPTY_ISR                            
0     00082b73  _EMIF_ERROR_ISR                       
0     00082b7d  _ECAP6_ISR                            
0     00082b87  _ECAP5_ISR                            
0     00082b91  _ECAP4_ISR                            
0     00082b9b  _ECAP3_ISR                            
0     00082ba5  _ECAP2_ISR                            
0     00082baf  _ECAP1_ISR                            
0     00082bb9  _DMA_CH6_ISR                          
0     00082bc3  _DMA_CH5_ISR                          
0     00082bcd  _DMA_CH4_ISR                          
0     00082bd7  _DMA_CH3_ISR                          
0     00082be1  _DMA_CH2_ISR                          
0     00082beb  _DMA_CH1_ISR                          
0     00082bf5  _DATALOG_ISR                          
0     00082bff  _CLA_UNDERFLOW_ISR                    
0     00082c09  _CLA_OVERFLOW_ISR                     
0     00082c13  _CLA1_8_ISR                           
0     00082c1d  _CLA1_7_ISR                           
0     00082c27  _CLA1_6_ISR                           
0     00082c31  _CLA1_5_ISR                           
0     00082c3b  _CLA1_4_ISR                           
0     00082c45  _CLA1_3_ISR                           
0     00082c4f  _CLA1_2_ISR                           
0     00082c59  _CLA1_1_ISR                           
0     00082c63  _CANB1_ISR                            
0     00082c6d  _CANB0_ISR                            
0     00082c77  _CANA1_ISR                            
0     00082c81  _CANA0_ISR                            
0     00082c8b  _AUX_PLL_SLIP_ISR                     
0     00082c95  _ADCD_EVT_ISR                         
0     00082c9f  _ADCD4_ISR                            
0     00082ca9  _ADCD3_ISR                            
0     00082cb3  _ADCD2_ISR                            
0     00082cbd  _ADCD1_ISR                            
0     00082cc7  _ADCC_EVT_ISR                         
0     00082cd1  _ADCC4_ISR                            
0     00082cdb  _ADCC3_ISR                            
0     00082ce5  _ADCC2_ISR                            
0     00082cef  _ADCC1_ISR                            
0     00082cf9  _ADCB_EVT_ISR                         
0     00082d03  _ADCB4_ISR                            
0     00082d0d  _ADCB3_ISR                            
0     00082d17  _ADCB2_ISR                            
0     00082d21  _ADCB1_ISR                            
0     00082d2b  _ADCA_EVT_ISR                         
0     00082d35  _ADCA4_ISR                            
0     00082d3f  _ADCA3_ISR                            
0     00082d49  _ADCA2_ISR                            
0     00082d53  _ADCA1_ISR                            
0     00082d68  _StartDMACH6                          
0     00082d70  _StartDMACH5                          
0     00082d78  _StartDMACH4                          
0     00082d80  _StartDMACH3                          
0     00082d88  _StartDMACH2                          
0     00082d90  _StartDMACH1                          
0     00082d98  _DMAInitialize                        
0     00082da5  _DMACH6WrapConfig                     
0     00082daf  _DMACH6TransferConfig                 
0     00082db8  _DMACH6ModeConfig                     
0     00082e10  _DMACH6BurstConfig                    
0     00082e19  _DMACH6AddrConfig32bit                
0     00082e23  _DMACH6AddrConfig                     
0     00082e2d  _DMACH5WrapConfig                     
0     00082e37  _DMACH5TransferConfig                 
0     00082e40  _DMACH5ModeConfig                     
0     00082e97  _DMACH5BurstConfig                    
0     00082ea0  _DMACH5AddrConfig32bit                
0     00082eaa  _DMACH5AddrConfig                     
0     00082eb4  _DMACH4WrapConfig                     
0     00082ebe  _DMACH4TransferConfig                 
0     00082ec7  _DMACH4ModeConfig                     
0     00082f1f  _DMACH4BurstConfig                    
0     00082f28  _DMACH4AddrConfig32bit                
0     00082f32  _DMACH4AddrConfig                     
0     00082f3c  _DMACH3WrapConfig                     
0     00082f46  _DMACH3TransferConfig                 
0     00082f4f  _DMACH3ModeConfig                     
0     00082fa4  _DMACH3BurstConfig                    
0     00082fad  _DMACH3AddrConfig32bit                
0     00082fb7  _DMACH3AddrConfig                     
0     00082fc1  _DMACH2WrapConfig                     
0     00082fcb  _DMACH2TransferConfig                 
0     00082fd4  _DMACH2ModeConfig                     
0     0008302a  _DMACH2BurstConfig                    
0     00083033  _DMACH2AddrConfig32bit                
0     0008303d  _DMACH2AddrConfig                     
0     00083047  _DMACH1WrapConfig                     
0     00083051  _DMACH1TransferConfig                 
0     0008305a  _DMACH1ModeConfig                     
0     000830af  _DMACH1BurstConfig                    
0     000830b8  _DMACH1AddrConfig32bit                
0     000830c2  _DMACH1AddrConfig                     
0     000830cc  _SysXtalOscSel                        
0     000830d8  _SysIntOsc2Sel                        
0     000830e2  _SysIntOsc1Sel                        
0     000830ec  _ServiceDog                           
0     000830fa  _SeizeFlashPump                       
0     0008310c  _HIB                                  
0     0008310c  _STANDBY                              
0     00083117  _ReleaseFlashPump                     
0     00083121  _DisableDog                           
0     0008312e  _InitPeripheralClocks                 
0     000831cd  _InitSysCtrl                          
0     000831de  _AuxAuxClkSel                         
0     000831e8  _AuxXtalOscSel                        
0     000831f9  _AuxIntOsc2Sel                        
0     00083206  _InitAuxPll                           
0     000832d2  _HALT                                 
0     000832d2  _IDLE                                 
0     000832db  _DisablePeripheralClocks              
0     000832f8  _CsmUnlock                            
0     00083319  _log                                  
0     00083319  _logf                                 
0     00083444  _RFFT_f32                             
0     0008344d  _rfft_f32_Stages1and2and3andBitReverse
0     000834b9  _rfft_f32_Stages4andUp                
0     00083561  _initEPWM5                            
0     0008358c  _initEPWM4                            
0     000835cd  _initEPWM3                            
0     000835f8  _initEPWM2                            
0     00083623  _initEPWM1                            
0     00083664  _initEPWM                             
0     0008367b  __system_post_cinit                   
0     0008367c  _initMain                             
0     000836d0  _main                                 
0     00083779  _CalAdcINL                            
0     000837ae  _AdcSetMode                           
0     0008384d  _initDMAx                             
0     0008390d  _initDMA                              
0     00083912  _initializePPBs                       
0     0008392e  _initializeADCs                       
0     00083993  _configureADCs                        
0     000839c2  _initADC                              
0     000839c7  _WaitForIpcFlag                       
0     000839cf  _WaitForIpcAck                        
0     000839d7  _SendIpcFlag                          
0     000839de  _SendIpcData                          
0     000839f2  _SendIpcCommand                       
0     00083a01  _RecvIpcData                          
0     00083a0c  _ReadIpcTimer                         
0     00083a1c  _AckIpcFlag                           
0     00083a23  _IpcSync                              
0     00083a30  _InitIpc                              
0     00083a42  _FillIpcSendData                      
0     00083a4b  _CancelIpcFlag                        
0     00083a52  FS$$DIV                               
0     00083ada  _RFFT_f32_phase_TMU0                  
0     00083b60  _RFFT_f32_sincostable                 
0     00083bcb  _cos                                  
0     00083bcb  _cosf                                 
0     00083c2c  _sin                                  
0     00083c2c  _sinf                                 
0     00083c84  _floor                                
0     00083c84  _floorf                               
0     00083cdb  _c_int00                              
0     00083d32  _RFFT_f32_mag_TMU0                    
0     00083d80  _round                                
0     00083d80  _roundf                               
0     00083db8  C$$EXIT                               
0     00083db8  _abort                                
0     00083dba  _exit                                 
0     00083de1  _InitPieCtrl                          
0     00083e00  _EnableInterrupts                     
0     00083e0a  _RFFT_f32_win                         
0     00083e2f  _copy_in                              
0     00083e53  _memcpy                               
0     00083e71  _initFFT                              
0     00083e8e  __args_main                           
0     00083ea7  LL$$AND                               
0     00083eaf  LL$$OR                                
0     00083eb7  LL$$XOR                               
0     00083ebf  _InitPieVectTable                     
0     00083ed0  _memset                               
0     00083edc  __register_unlock                     
0     00083ee0  __register_lock                       
0     00083ee4  __nop                                 
0     00083eed  __system_pre_init                     
0     00090000  _PieVectTableInit                     
1     00000b00  _AdcaResultRegs                       
1     00000b20  _AdcbResultRegs                       
1     00000b40  _AdccResultRegs                       
1     00000b60  _AdcdResultRegs                       
1     00000c00  _CpuTimer0Regs                        
1     00000c08  _CpuTimer1Regs                        
1     00000c10  _CpuTimer2Regs                        
1     00000ce0  _PieCtrlRegs                          
1     00000d00  _EmuKey                               
1     00000d00  _PieVectTable                         
1     00000d01  _EmuBMode                             
1     00001000  _DmaRegs                              
1     00001400  _Cla1Regs                             
1     00004000  _EPwm1Regs                            
1     00004100  _EPwm2Regs                            
1     00004200  _EPwm3Regs                            
1     00004300  _EPwm4Regs                            
1     00004400  _EPwm5Regs                            
1     00004500  _EPwm6Regs                            
1     00004600  _EPwm7Regs                            
1     00004700  _EPwm8Regs                            
1     00004800  _EPwm9Regs                            
1     00004900  _EPwm10Regs                           
1     00004a00  _EPwm11Regs                           
1     00004b00  _EPwm12Regs                           
1     00005000  _ECap1Regs                            
1     00005020  _ECap2Regs                            
1     00005040  _ECap3Regs                            
1     00005060  _ECap4Regs                            
1     00005080  _ECap5Regs                            
1     000050a0  _ECap6Regs                            
1     00005100  _EQep1Regs                            
1     00005140  _EQep2Regs                            
1     00005180  _EQep3Regs                            
1     00005c00  _DacaRegs                             
1     00005c10  _DacbRegs                             
1     00005c20  _DaccRegs                             
1     00005c80  _Cmpss1Regs                           
1     00005ca0  _Cmpss2Regs                           
1     00005cc0  _Cmpss3Regs                           
1     00005ce0  _Cmpss4Regs                           
1     00005d00  _Cmpss5Regs                           
1     00005d20  _Cmpss6Regs                           
1     00005d40  _Cmpss7Regs                           
1     00005d60  _Cmpss8Regs                           
1     00005e00  _Sdfm1Regs                            
1     00005e80  _Sdfm2Regs                            
1     00006000  _McbspaRegs                           
1     00006040  _McbspbRegs                           
1     00006100  _SpiaRegs                             
1     00006110  _SpibRegs                             
1     00006120  _SpicRegs                             
1     00007000  _WdRegs                               
1     00007060  _NmiIntruptRegs                       
1     00007070  _XintRegs                             
1     00007200  _SciaRegs                             
1     00007210  _ScibRegs                             
1     00007220  _ScicRegs                             
1     00007230  _ScidRegs                             
1     00007300  _I2caRegs                             
1     00007340  _I2cbRegs                             
1     00007400  _AdcaRegs                             
1     00007480  _AdcbRegs                             
1     00007500  _AdccRegs                             
1     00007580  _AdcdRegs                             
1     00007980  _DmaClaSrcSelRegs                     
1     00007f00  _GpioDataRegs                         
1     0000e000  _RFFT2inBuff                          
1     0000e800  _RFFT2outBuff                         
1     0000f000  _RFFT2F32Coef                         
1     0000f800  _RFFT2magBuff                         
1     0000fc00  _RFFT2phaseBuff                       
1     00010000  _RFFTwindow                           
1     00011000  _CircularBuffer2                      
1     00011800  _CircularBuffer4                      
1     00012000  _CircularBuffer6                      
1     00013000  _CircularBuffer1                      
1     00013800  _CircularBuffer3                      
1     00014000  _CircularBuffer5                      
1     0003f800  _fo_est_cpu2                          
1     0003f80e  _fo_n_cpu2                            
1     0003fc00  _g_asIPCCPU2toCPU1Buffers             
1     0003fc80  _g_usPutWriteIndexes                  
1     0003fc84  _g_usGetReadIndexes                   
1     00047000  _Emif1Regs                            
1     00047800  _Emif2Regs                            
1     00050000  _IpcRegs                              
1     00050024  _FlashPumpSemaphoreRegs               
1     0005d200  _ClkCfgRegs                           
1     0005d300  _CpuSysRegs                           
1     0005f000  _DcsmZ1Regs                           
1     0005f040  _DcsmZ2Regs                           
1     0005f070  _DcsmCommonRegs                       
1     0005f400  _MemCfgRegs                           
1     0005f480  _Emif1ConfigRegs                      
1     0005f4c0  _AccessProtectionRegs                 
1     0005f500  _MemoryErrorRegs                      
1     0005f800  _Flash0CtrlRegs                       
1     0005fb00  _Flash0EccRegs                        
1     00078000  _DcsmZ1Otp                            
1     00078200  _DcsmZ2Otp                            
abs   00000200  __STACK_SIZE                          
abs   00000268  _RamfuncsLoadSize                     
abs   00000268  _RamfuncsRunSize                      
abs   ffffffff  .text                                 
abs   ffffffff  ___TI_pprof_out_hndl                  
abs   ffffffff  ___TI_prof_data_size                  
abs   ffffffff  ___TI_prof_data_start                 
abs   ffffffff  ___binit__                            
abs   ffffffff  ___c_args__                           
abs   ffffffff  ___etext__                            
abs   ffffffff  ___pinit__                            
abs   ffffffff  ___text__                             
abs   ffffffff  binit                                 
abs   ffffffff  etext                                 
abs   ffffffff  pinit                                 

[434 symbols]
