******************************************************************************
             TMS320C2000 Linker PC v18.1.1                     
******************************************************************************
>> Linked Sun Nov 25 20:30:33 2018

OUTPUT FILE NAME:   <senior_main_cpu02.out>
ENTRY POINT SYMBOL: "_c_int00"  address: 00083c79


MEMORY CONFIGURATION

         name            origin    length      used     unused   attr    fill
----------------------  --------  ---------  --------  --------  ----  --------
PAGE 0:
  BOOT_RSVD             00000002   0000007e  00000000  0000007e  RWIX
  RAMM0                 00000122   000002de  00000000  000002de  RWIX
  RAMM1                 00000400   00000400  00000200  00000200  RWIX
  CLA1_MSGRAML          00001480   00000080  00000000  00000080  RWIX
  CLA1_MSGRAMH          00001500   00000080  00000000  00000080  RWIX
  RAMLS0                00008000   00000800  00000000  00000800  RWIX
  RAMLS1                00008800   00000800  00000000  00000800  RWIX
  RAMLS2                00009000   00000800  00000000  00000800  RWIX
  RAMLS3                00009800   00000800  00000000  00000800  RWIX
  RAMLS4                0000a000   00000800  0000020e  000005f2  RWIX
  RAMLS5                0000a800   00000800  00000000  00000800  RWIX
  RAMD0                 0000b000   00000800  00000000  00000800  RWIX
  RAMD1                 0000b800   00000800  00000064  0000079c  RWIX
  BEGIN                 00080000   00000002  00000002  00000000  RWIX
  FLASHA                00080002   00001ffe  00000000  00001ffe  RWIX
  FLASHB                00082000   00002000  00001e81  0000017f  RWIX
  FLASHC                00084000   00002000  00000000  00002000  RWIX
  FLASHD                00086000   00002000  00000000  00002000  RWIX
  FLASHE                00088000   00008000  00000000  00008000  RWIX
  FLASHF                00090000   00008000  000001d2  00007e2e  RWIX
  FLASHG                00098000   00008000  00000000  00008000  RWIX
  FLASHH                000a0000   00008000  00000000  00008000  RWIX
  FLASHI                000a8000   00008000  00000000  00008000  RWIX
  FLASHJ                000b0000   00008000  00000000  00008000  RWIX
  FLASHK                000b8000   00002000  00000000  00002000  RWIX
  FLASHL                000ba000   00002000  00000000  00002000  RWIX
  FLASHM                000bc000   00002000  00000000  00002000  RWIX
  FLASHN                000be000   00002000  00000000  00002000  RWIX
  RESET                 003fffc0   00000002  00000000  00000002  RWIX

PAGE 1:
  ADCA_RESULT           00000b00   00000020  00000018  00000008  RWIX
  ADCB_RESULT           00000b20   00000020  00000018  00000008  RWIX
  ADCC_RESULT           00000b40   00000020  00000018  00000008  RWIX
  ADCD_RESULT           00000b60   00000020  00000018  00000008  RWIX
  CPU_TIMER0            00000c00   00000008  00000008  00000000  RWIX
  CPU_TIMER1            00000c08   00000008  00000008  00000000  RWIX
  CPU_TIMER2            00000c10   00000008  00000008  00000000  RWIX
  PIE_CTRL              00000ce0   00000020  0000001a  00000006  RWIX
  PIE_VECT              00000d00   00000200  000001c0  00000040  RWIX
  DMA                   00001000   00000200  000000e0  00000120  RWIX
  CLA1                  00001400   00000040  0000003e  00000002  RWIX
  EPWM1                 00004000   00000100  00000100  00000000  RWIX
  EPWM2                 00004100   00000100  00000100  00000000  RWIX
  EPWM3                 00004200   00000100  00000100  00000000  RWIX
  EPWM4                 00004300   00000100  00000100  00000000  RWIX
  EPWM5                 00004400   00000100  00000100  00000000  RWIX
  EPWM6                 00004500   00000100  00000100  00000000  RWIX
  EPWM7                 00004600   00000100  00000100  00000000  RWIX
  EPWM8                 00004700   00000100  00000100  00000000  RWIX
  EPWM9                 00004800   00000100  00000100  00000000  RWIX
  EPWM10                00004900   00000100  00000100  00000000  RWIX
  EPWM11                00004a00   00000100  00000100  00000000  RWIX
  EPWM12                00004b00   00000100  00000100  00000000  RWIX
  ECAP1                 00005000   00000020  00000020  00000000  RWIX
  ECAP2                 00005020   00000020  00000020  00000000  RWIX
  ECAP3                 00005040   00000020  00000020  00000000  RWIX
  ECAP4                 00005060   00000020  00000020  00000000  RWIX
  ECAP5                 00005080   00000020  00000020  00000000  RWIX
  ECAP6                 000050a0   00000020  00000020  00000000  RWIX
  EQEP1                 00005100   00000040  00000022  0000001e  RWIX
  EQEP2                 00005140   00000040  00000022  0000001e  RWIX
  EQEP3                 00005180   00000040  00000022  0000001e  RWIX
  DACA                  00005c00   00000010  00000008  00000008  RWIX
  DACB                  00005c10   00000010  00000008  00000008  RWIX
  DACC                  00005c20   00000010  00000008  00000008  RWIX
  CMPSS1                00005c80   00000020  00000020  00000000  RWIX
  CMPSS2                00005ca0   00000020  00000020  00000000  RWIX
  CMPSS3                00005cc0   00000020  00000020  00000000  RWIX
  CMPSS4                00005ce0   00000020  00000020  00000000  RWIX
  CMPSS5                00005d00   00000020  00000020  00000000  RWIX
  CMPSS6                00005d20   00000020  00000020  00000000  RWIX
  CMPSS7                00005d40   00000020  00000020  00000000  RWIX
  CMPSS8                00005d60   00000020  00000020  00000000  RWIX
  SDFM1                 00005e00   00000080  00000080  00000000  RWIX
  SDFM2                 00005e80   00000080  00000080  00000000  RWIX
  MCBSPA                00006000   00000040  00000024  0000001c  RWIX
  MCBSPB                00006040   00000040  00000024  0000001c  RWIX
  SPIA                  00006100   00000010  00000010  00000000  RWIX
  SPIB                  00006110   00000010  00000010  00000000  RWIX
  SPIC                  00006120   00000010  00000010  00000000  RWIX
  SPID                  00006130   00000010  00000000  00000010  RWIX
  WD                    00007000   00000040  0000002b  00000015  RWIX
  NMIINTRUPT            00007060   00000010  00000007  00000009  RWIX
  XINT                  00007070   00000010  0000000b  00000005  RWIX
  SCIA                  00007200   00000010  00000010  00000000  RWIX
  SCIB                  00007210   00000010  00000010  00000000  RWIX
  SCIC                  00007220   00000010  00000010  00000000  RWIX
  SCID                  00007230   00000010  00000010  00000000  RWIX
  I2CA                  00007300   00000040  00000022  0000001e  RWIX
  I2CB                  00007340   00000040  00000022  0000001e  RWIX
  ADCA                  00007400   00000080  00000080  00000000  RWIX
  ADCB                  00007480   00000080  00000080  00000000  RWIX
  ADCC                  00007500   00000080  00000080  00000000  RWIX
  ADCD                  00007580   00000080  00000080  00000000  RWIX
  DMACLASRCSEL          00007980   00000040  0000001a  00000026  RWIX
  GPIOCTRL              00007c00   00000180  00000000  00000180  RWIX
  GPIODAT               00007f00   00000030  00000030  00000000  RWIX
  RAMGS0                0000c000   00001000  00000000  00001000  RWIX
  RAMGS1                0000d000   00001000  00000000  00001000  RWIX
  RAMGS2                0000e000   00001000  00001000  00000000  RWIX
  RAMGS3                0000f000   00001000  00001000  00000000  RWIX
  RAMGS4                00010000   00001000  00000400  00000c00  RWIX
  RAMGS5                00011000   00001000  00000000  00001000  RWIX
  RAMGS6                00012000   00001000  00000000  00001000  RWIX
  RAMGS7                00013000   00001000  00001000  00000000  RWIX
  RAMGS8                00014000   00001000  00000800  00000800  RWIX
  RAMGS9                00015000   00001000  00000000  00001000  RWIX
  RAMGS10               00016000   00001000  00000000  00001000  RWIX
  RAMGS11               00017000   00001000  00000000  00001000  RWIX
  RAMGS12               00018000   00001000  00000000  00001000  RWIX
  RAMGS13               00019000   00001000  00000000  00001000  RWIX
  RAMGS14               0001a000   00001000  00000000  00001000  RWIX
  RAMGS15               0001b000   00001000  00000000  00001000  RWIX
  CPU2TOCPU1RAM         0003f800   00000400  0000001c  000003e4  RWIX
  CPU1TOCPU2RAM         0003fc00   00000400  00000088  00000378  RWIX
  EMIF1                 00047000   00000800  00000070  00000790  RWIX
  EMIF2                 00047800   00000800  00000070  00000790  RWIX
  CANA                  00048000   00000800  00000000  00000800  RWIX
  CANB                  0004a000   00000800  00000000  00000800  RWIX
  IPC                   00050000   00000024  00000024  00000000  RWIX
  FLASHPUMPSEMAPHORE    00050024   00000002  00000002  00000000  RWIX
  CLK_CFG               0005d200   00000100  00000032  000000ce  RWIX
  CPU_SYS               0005d300   00000100  00000082  0000007e  RWIX
  DCSM_Z1               0005f000   00000030  00000024  0000000c  RWIX
  DCSM_Z2               0005f040   00000030  00000024  0000000c  RWIX
  DCSM_COMMON           0005f070   00000010  00000008  00000008  RWIX
  MEMCFG                0005f400   00000080  00000080  00000000  RWIX
  EMIF1CONFIG           0005f480   00000020  00000020  00000000  RWIX
  ACCESSPROTECTION      0005f4c0   00000040  00000040  00000000  RWIX
  MEMORYERROR           0005f500   00000040  00000040  00000000  RWIX
  FLASH0_CTRL           0005f800   00000300  00000182  0000017e  RWIX
  FLASH0_ECC            0005fb00   00000040  00000028  00000018  RWIX
  DCSM_Z1_OTP           00078000   00000020  00000002  0000001e  RWIX
  DCSM_Z2_OTP           00078200   00000020  00000002  0000001e  RWIX


SECTION ALLOCATION MAP

 output                                  attributes/
section   page    origin      length       input sections
--------  ----  ----------  ----------   ----------------
.stack     0    00000400    00000200     UNINITIALIZED
                  00000400    00000200     --HOLE--

.ebss      0    0000b800    00000064     UNINITIALIZED
                  0000b800    00000032     Senior_FFT.obj (.ebss)
                  0000b832    00000006     rts2800_fpu32.lib : exit.c.obj (.ebss)
                  0000b838    00000002                       : _lock.c.obj (.ebss:__lock)
                  0000b83a    00000002                       : _lock.c.obj (.ebss:__unlock)
                  0000b83c    00000001                       : errno.c.obj (.ebss)
                  0000b83d    00000003     --HOLE--
                  0000b840    00000024     senior_main_cpu2.obj (.ebss)

AdcaResultFile 
*          1    00000b00    00000018     UNINITIALIZED
                  00000b00    00000018     F2837xD_GlobalVariableDefs.obj (AdcaResultFile)

AdcbResultFile 
*          1    00000b20    00000018     UNINITIALIZED
                  00000b20    00000018     F2837xD_GlobalVariableDefs.obj (AdcbResultFile)

AdccResultFile 
*          1    00000b40    00000018     UNINITIALIZED
                  00000b40    00000018     F2837xD_GlobalVariableDefs.obj (AdccResultFile)

AdcdResultFile 
*          1    00000b60    00000018     UNINITIALIZED
                  00000b60    00000018     F2837xD_GlobalVariableDefs.obj (AdcdResultFile)

CpuTimer0RegsFile 
*          1    00000c00    00000008     UNINITIALIZED
                  00000c00    00000008     F2837xD_GlobalVariableDefs.obj (CpuTimer0RegsFile)

CpuTimer1RegsFile 
*          1    00000c08    00000008     UNINITIALIZED
                  00000c08    00000008     F2837xD_GlobalVariableDefs.obj (CpuTimer1RegsFile)

CpuTimer2RegsFile 
*          1    00000c10    00000008     UNINITIALIZED
                  00000c10    00000008     F2837xD_GlobalVariableDefs.obj (CpuTimer2RegsFile)

PieCtrlRegsFile 
*          1    00000ce0    0000001a     UNINITIALIZED
                  00000ce0    0000001a     F2837xD_GlobalVariableDefs.obj (PieCtrlRegsFile)

PieVectTableFile 
*          1    00000d00    000001c0     UNINITIALIZED
                  00000d00    000001c0     F2837xD_GlobalVariableDefs.obj (PieVectTableFile)

EmuKeyVar 
*          1    00000d00    00000001     UNINITIALIZED
                  00000d00    00000001     F2837xD_GlobalVariableDefs.obj (EmuKeyVar)

EmuBModeVar 
*          1    00000d01    00000001     UNINITIALIZED
                  00000d01    00000001     F2837xD_GlobalVariableDefs.obj (EmuBModeVar)

DmaRegsFile 
*          1    00001000    000000e0     UNINITIALIZED
                  00001000    000000e0     F2837xD_GlobalVariableDefs.obj (DmaRegsFile)

EPwm1RegsFile 
*          1    00004000    00000100     UNINITIALIZED
                  00004000    00000100     F2837xD_GlobalVariableDefs.obj (EPwm1RegsFile)

EPwm2RegsFile 
*          1    00004100    00000100     UNINITIALIZED
                  00004100    00000100     F2837xD_GlobalVariableDefs.obj (EPwm2RegsFile)

EPwm3RegsFile 
*          1    00004200    00000100     UNINITIALIZED
                  00004200    00000100     F2837xD_GlobalVariableDefs.obj (EPwm3RegsFile)

EPwm4RegsFile 
*          1    00004300    00000100     UNINITIALIZED
                  00004300    00000100     F2837xD_GlobalVariableDefs.obj (EPwm4RegsFile)

EPwm5RegsFile 
*          1    00004400    00000100     UNINITIALIZED
                  00004400    00000100     F2837xD_GlobalVariableDefs.obj (EPwm5RegsFile)

EPwm6RegsFile 
*          1    00004500    00000100     UNINITIALIZED
                  00004500    00000100     F2837xD_GlobalVariableDefs.obj (EPwm6RegsFile)

EPwm7RegsFile 
*          1    00004600    00000100     UNINITIALIZED
                  00004600    00000100     F2837xD_GlobalVariableDefs.obj (EPwm7RegsFile)

EPwm8RegsFile 
*          1    00004700    00000100     UNINITIALIZED
                  00004700    00000100     F2837xD_GlobalVariableDefs.obj (EPwm8RegsFile)

EPwm9RegsFile 
*          1    00004800    00000100     UNINITIALIZED
                  00004800    00000100     F2837xD_GlobalVariableDefs.obj (EPwm9RegsFile)

EPwm10RegsFile 
*          1    00004900    00000100     UNINITIALIZED
                  00004900    00000100     F2837xD_GlobalVariableDefs.obj (EPwm10RegsFile)

EPwm11RegsFile 
*          1    00004a00    00000100     UNINITIALIZED
                  00004a00    00000100     F2837xD_GlobalVariableDefs.obj (EPwm11RegsFile)

EPwm12RegsFile 
*          1    00004b00    00000100     UNINITIALIZED
                  00004b00    00000100     F2837xD_GlobalVariableDefs.obj (EPwm12RegsFile)

ECap1RegsFile 
*          1    00005000    00000020     UNINITIALIZED
                  00005000    00000020     F2837xD_GlobalVariableDefs.obj (ECap1RegsFile)

ECap2RegsFile 
*          1    00005020    00000020     UNINITIALIZED
                  00005020    00000020     F2837xD_GlobalVariableDefs.obj (ECap2RegsFile)

ECap3RegsFile 
*          1    00005040    00000020     UNINITIALIZED
                  00005040    00000020     F2837xD_GlobalVariableDefs.obj (ECap3RegsFile)

ECap4RegsFile 
*          1    00005060    00000020     UNINITIALIZED
                  00005060    00000020     F2837xD_GlobalVariableDefs.obj (ECap4RegsFile)

ECap5RegsFile 
*          1    00005080    00000020     UNINITIALIZED
                  00005080    00000020     F2837xD_GlobalVariableDefs.obj (ECap5RegsFile)

ECap6RegsFile 
*          1    000050a0    00000020     UNINITIALIZED
                  000050a0    00000020     F2837xD_GlobalVariableDefs.obj (ECap6RegsFile)

EQep1RegsFile 
*          1    00005100    00000022     UNINITIALIZED
                  00005100    00000022     F2837xD_GlobalVariableDefs.obj (EQep1RegsFile)

EQep2RegsFile 
*          1    00005140    00000022     UNINITIALIZED
                  00005140    00000022     F2837xD_GlobalVariableDefs.obj (EQep2RegsFile)

EQep3RegsFile 
*          1    00005180    00000022     UNINITIALIZED
                  00005180    00000022     F2837xD_GlobalVariableDefs.obj (EQep3RegsFile)

DacaRegsFile 
*          1    00005c00    00000008     UNINITIALIZED
                  00005c00    00000008     F2837xD_GlobalVariableDefs.obj (DacaRegsFile)

DacbRegsFile 
*          1    00005c10    00000008     UNINITIALIZED
                  00005c10    00000008     F2837xD_GlobalVariableDefs.obj (DacbRegsFile)

DaccRegsFile 
*          1    00005c20    00000008     UNINITIALIZED
                  00005c20    00000008     F2837xD_GlobalVariableDefs.obj (DaccRegsFile)

Sdfm1RegsFile 
*          1    00005e00    00000080     UNINITIALIZED
                  00005e00    00000080     F2837xD_GlobalVariableDefs.obj (Sdfm1RegsFile)

Sdfm2RegsFile 
*          1    00005e80    00000080     UNINITIALIZED
                  00005e80    00000080     F2837xD_GlobalVariableDefs.obj (Sdfm2RegsFile)

McbspaRegsFile 
*          1    00006000    00000024     UNINITIALIZED
                  00006000    00000024     F2837xD_GlobalVariableDefs.obj (McbspaRegsFile)

McbspbRegsFile 
*          1    00006040    00000024     UNINITIALIZED
                  00006040    00000024     F2837xD_GlobalVariableDefs.obj (McbspbRegsFile)

SpiaRegsFile 
*          1    00006100    00000010     UNINITIALIZED
                  00006100    00000010     F2837xD_GlobalVariableDefs.obj (SpiaRegsFile)

SpibRegsFile 
*          1    00006110    00000010     UNINITIALIZED
                  00006110    00000010     F2837xD_GlobalVariableDefs.obj (SpibRegsFile)

SpicRegsFile 
*          1    00006120    00000010     UNINITIALIZED
                  00006120    00000010     F2837xD_GlobalVariableDefs.obj (SpicRegsFile)

WdRegsFile 
*          1    00007000    0000002b     UNINITIALIZED
                  00007000    0000002b     F2837xD_GlobalVariableDefs.obj (WdRegsFile)

NmiIntruptRegsFile 
*          1    00007060    00000007     UNINITIALIZED
                  00007060    00000007     F2837xD_GlobalVariableDefs.obj (NmiIntruptRegsFile)

XintRegsFile 
*          1    00007070    0000000b     UNINITIALIZED
                  00007070    0000000b     F2837xD_GlobalVariableDefs.obj (XintRegsFile)

SciaRegsFile 
*          1    00007200    00000010     UNINITIALIZED
                  00007200    00000010     F2837xD_GlobalVariableDefs.obj (SciaRegsFile)

ScibRegsFile 
*          1    00007210    00000010     UNINITIALIZED
                  00007210    00000010     F2837xD_GlobalVariableDefs.obj (ScibRegsFile)

ScicRegsFile 
*          1    00007220    00000010     UNINITIALIZED
                  00007220    00000010     F2837xD_GlobalVariableDefs.obj (ScicRegsFile)

ScidRegsFile 
*          1    00007230    00000010     UNINITIALIZED
                  00007230    00000010     F2837xD_GlobalVariableDefs.obj (ScidRegsFile)

I2caRegsFile 
*          1    00007300    00000022     UNINITIALIZED
                  00007300    00000022     F2837xD_GlobalVariableDefs.obj (I2caRegsFile)

I2cbRegsFile 
*          1    00007340    00000022     UNINITIALIZED
                  00007340    00000022     F2837xD_GlobalVariableDefs.obj (I2cbRegsFile)

AdcaRegsFile 
*          1    00007400    00000080     UNINITIALIZED
                  00007400    00000080     F2837xD_GlobalVariableDefs.obj (AdcaRegsFile)

AdcbRegsFile 
*          1    00007480    00000080     UNINITIALIZED
                  00007480    00000080     F2837xD_GlobalVariableDefs.obj (AdcbRegsFile)

AdccRegsFile 
*          1    00007500    00000080     UNINITIALIZED
                  00007500    00000080     F2837xD_GlobalVariableDefs.obj (AdccRegsFile)

AdcdRegsFile 
*          1    00007580    00000080     UNINITIALIZED
                  00007580    00000080     F2837xD_GlobalVariableDefs.obj (AdcdRegsFile)

Cla1RegsFile 
*          1    00001400    0000003e     UNINITIALIZED
                  00001400    0000003e     F2837xD_GlobalVariableDefs.obj (Cla1RegsFile)

Cla1SoftIntRegsFile 
*          1    00000ce0    00000004     DSECT
                  00000ce0    00000004     F2837xD_GlobalVariableDefs.obj (Cla1SoftIntRegsFile)

Cmpss1RegsFile 
*          1    00005c80    00000020     UNINITIALIZED
                  00005c80    00000020     F2837xD_GlobalVariableDefs.obj (Cmpss1RegsFile)

Cmpss2RegsFile 
*          1    00005ca0    00000020     UNINITIALIZED
                  00005ca0    00000020     F2837xD_GlobalVariableDefs.obj (Cmpss2RegsFile)

Cmpss3RegsFile 
*          1    00005cc0    00000020     UNINITIALIZED
                  00005cc0    00000020     F2837xD_GlobalVariableDefs.obj (Cmpss3RegsFile)

Cmpss4RegsFile 
*          1    00005ce0    00000020     UNINITIALIZED
                  00005ce0    00000020     F2837xD_GlobalVariableDefs.obj (Cmpss4RegsFile)

Cmpss5RegsFile 
*          1    00005d00    00000020     UNINITIALIZED
                  00005d00    00000020     F2837xD_GlobalVariableDefs.obj (Cmpss5RegsFile)

Cmpss6RegsFile 
*          1    00005d20    00000020     UNINITIALIZED
                  00005d20    00000020     F2837xD_GlobalVariableDefs.obj (Cmpss6RegsFile)

Cmpss7RegsFile 
*          1    00005d40    00000020     UNINITIALIZED
                  00005d40    00000020     F2837xD_GlobalVariableDefs.obj (Cmpss7RegsFile)

Cmpss8RegsFile 
*          1    00005d60    00000020     UNINITIALIZED
                  00005d60    00000020     F2837xD_GlobalVariableDefs.obj (Cmpss8RegsFile)

DmaClaSrcSelRegsFile 
*          1    00007980    0000001a     UNINITIALIZED
                  00007980    0000001a     F2837xD_GlobalVariableDefs.obj (DmaClaSrcSelRegsFile)

RFFT2F32Coef 
*          1    0000f000    00000800     UNINITIALIZED
                  0000f000    00000800     Senior_FFT.obj (RFFT2F32Coef)

Emif1RegsFile 
*          1    00047000    00000070     UNINITIALIZED
                  00047000    00000070     F2837xD_GlobalVariableDefs.obj (Emif1RegsFile)

Emif2RegsFile 
*          1    00047800    00000070     UNINITIALIZED
                  00047800    00000070     F2837xD_GlobalVariableDefs.obj (Emif2RegsFile)

DcsmZ1RegsFile 
*          1    0005f000    00000024     UNINITIALIZED
                  0005f000    00000024     F2837xD_GlobalVariableDefs.obj (DcsmZ1RegsFile)

DcsmZ2RegsFile 
*          1    0005f040    00000024     UNINITIALIZED
                  0005f040    00000024     F2837xD_GlobalVariableDefs.obj (DcsmZ2RegsFile)

DcsmCommonRegsFile 
*          1    0005f070    00000008     UNINITIALIZED
                  0005f070    00000008     F2837xD_GlobalVariableDefs.obj (DcsmCommonRegsFile)

Flash0CtrlRegsFile 
*          1    0005f800    00000182     UNINITIALIZED
                  0005f800    00000182     F2837xD_GlobalVariableDefs.obj (Flash0CtrlRegsFile)

Flash0EccRegsFile 
*          1    0005fb00    00000028     UNINITIALIZED
                  0005fb00    00000028     F2837xD_GlobalVariableDefs.obj (Flash0EccRegsFile)

DcsmZ1OtpFile 
*          1    00078000    00000002     NOLOAD SECTION
                  00078000    00000002     F2837xD_GlobalVariableDefs.obj (DcsmZ1OtpFile)

DcsmZ2OtpFile 
*          1    00078200    00000002     NOLOAD SECTION
                  00078200    00000002     F2837xD_GlobalVariableDefs.obj (DcsmZ2OtpFile)

GpioDataRegsFile 
*          1    00007f00    00000030     UNINITIALIZED
                  00007f00    00000030     F2837xD_GlobalVariableDefs.obj (GpioDataRegsFile)

IpcRegsFile 
*          1    00050000    00000024     UNINITIALIZED
                  00050000    00000024     F2837xD_GlobalVariableDefs.obj (IpcRegsFile)

FlashPumpSemaphoreRegsFile 
*          1    00050024    00000002     UNINITIALIZED
                  00050024    00000002     F2837xD_GlobalVariableDefs.obj (FlashPumpSemaphoreRegsFile)

MemCfgRegsFile 
*          1    0005f400    00000080     UNINITIALIZED
                  0005f400    00000080     F2837xD_GlobalVariableDefs.obj (MemCfgRegsFile)

Emif1ConfigRegsFile 
*          1    0005f480    00000020     UNINITIALIZED
                  0005f480    00000020     F2837xD_GlobalVariableDefs.obj (Emif1ConfigRegsFile)

AccessProtectionRegsFile 
*          1    0005f4c0    00000040     UNINITIALIZED
                  0005f4c0    00000040     F2837xD_GlobalVariableDefs.obj (AccessProtectionRegsFile)

MemoryErrorRegsFile 
*          1    0005f500    00000040     UNINITIALIZED
                  0005f500    00000040     F2837xD_GlobalVariableDefs.obj (MemoryErrorRegsFile)

ClkCfgRegsFile 
*          1    0005d200    00000032     UNINITIALIZED
                  0005d200    00000032     F2837xD_GlobalVariableDefs.obj (ClkCfgRegsFile)

CpuSysRegsFile 
*          1    0005d300    00000082     UNINITIALIZED
                  0005d300    00000082     F2837xD_GlobalVariableDefs.obj (CpuSysRegsFile)

.cinit     0    00082000    000004b1     
                  00082000    0000046c     Senior_FFT.obj (.cinit)
                  0008246c    00000027     senior_main_cpu2.obj (.cinit)
                  00082493    0000000e     rts2800_fpu32.lib : exit.c.obj (.cinit)
                  000824a1    00000005                       : _lock.c.obj (.cinit:__lock)
                  000824a6    00000005                       : _lock.c.obj (.cinit:__unlock)
                  000824ab    00000004                       : errno.c.obj (.cinit)
                  000824af    00000002     --HOLE-- [fill = 0]

.pinit     0    00082000    00000000     UNINITIALIZED

codestart 
*          0    00080000    00000002     
                  00080000    00000002     F2837xD_CodeStartBranch.obj (codestart)

.reset     0    003fffc0    00000002     DSECT
                  003fffc0    00000002     rts2800_fpu32.lib : boot28.asm.obj (.reset)

.TI.ramfunc 
*          0    000824b4    0000020e     RUN ADDR = 0000a000
                  000824b4    0000010b     senior_main_cpu2.obj (.TI.ramfunc:retain)
                  000825bf    000000c8     Senior_FFT.obj (.TI.ramfunc)
                  00082687    00000037     F2837xD_SysCtrl.obj (.TI.ramfunc)
                  000826be    00000004     F2837xD_usDelay.obj (.TI.ramfunc)

PUTBUFFER 
*          1    0003fc00    00000080     UNINITIALIZED
                  0003fc00    00000080     F2837xD_Ipc_Driver.obj (PUTBUFFER)

PUTWRITEIDX 
*          1    0003fc80    00000004     UNINITIALIZED
                  0003fc80    00000004     F2837xD_Ipc_Driver.obj (PUTWRITEIDX)

GETREADIDX 
*          1    0003fc84    00000004     UNINITIALIZED
                  0003fc84    00000004     F2837xD_Ipc_Driver.obj (GETREADIDX)

GETBUFFER 
*          0    0003f800    00000080     DSECT
                  0003f800    00000080     F2837xD_Ipc_Driver.obj (GETBUFFER)

GETWRITEIDX 
*          0    0003f880    00000004     DSECT
                  0003f880    00000004     F2837xD_Ipc_Driver.obj (GETWRITEIDX)

PUTREADIDX 
*          0    0003f884    00000004     DSECT
                  0003f884    00000004     F2837xD_Ipc_Driver.obj (PUTREADIDX)

RFFT2Input 
*          1    0000e000    00000800     UNINITIALIZED
                  0000e000    00000800     Senior_FFT.obj (RFFT2Input)

RFFT2Output 
*          1    0000e800    00000800     UNINITIALIZED
                  0000e800    00000800     Senior_FFT.obj (RFFT2Output)

RFFT2Magnitude 
*          1    0000f800    00000400     UNINITIALIZED
                  0000f800    00000400     Senior_FFT.obj (RFFT2Magnitude)

RFFT2Phase 
*          1    0000fc00    00000400     UNINITIALIZED
                  0000fc00    00000400     Senior_FFT.obj (RFFT2Phase)

RFFTwindow 
*          1    00010000    00000400     UNINITIALIZED
                  00010000    00000400     Senior_FFT.obj (RFFTwindow)

CircBuff1 
*          1    00013000    00000800     UNINITIALIZED
                  00013000    00000800     senior_main_cpu2.obj (CircBuff1)

CircBuff3 
*          1    00013800    00000800     UNINITIALIZED
                  00013800    00000800     senior_main_cpu2.obj (CircBuff3)

CircBuff5 
*          1    00014000    00000800     UNINITIALIZED
                  00014000    00000800     senior_main_cpu2.obj (CircBuff5)

FE_CPU2_MSG 
*          1    0003f800    0000001c     UNINITIALIZED
                  0003f800    0000001c     Senior_FFT.obj (FE_CPU2_MSG)

.text      0    000826c4    000017c2     
                  000826c4    00000590     F2837xD_DefaultISR.obj (.text:retain)
                  00082c54    00000406     F2837xD_Dma.obj (.text)
                  0008305a    0000021f     F2837xD_SysCtrl.obj (.text)
                  00083279    0000015a     senior_main_cpu2.obj (.text)
                  000833d3    0000012b     rts2800_fpu32.lib : e_logf.c.obj (.text)
                  000834fe    0000011d     c28x_fpu_dsp_library.lib : RFFT_f32.obj (.text)
                  0008361b    000000dd     F2837xD_Adc.obj (.text)
                  000836f8    000000dc     Senior_ePWM.obj (.text)
                  000837d4    000000cb     Senior_DMA.obj (.text)
                  0008389f    000000ad     F2837xD_Ipc.obj (.text)
                  0008394c    000000a4     Senior_ADC.obj (.text)
                  000839f0    00000088     rts2800_fpu32.lib : fs_div28.asm.obj (.text)
                  00083a78    00000086     c28x_fpu_dsp_library.lib : RFFT_f32_phase_TMU0.obj (.text)
                  00083afe    0000006b                              : RFFT_f32_sincostable.obj (.text)
                  00083b69    00000061     rts2800_fpu32.lib : s_cosf.c.obj (.text)
                  00083bca    00000058                       : s_sinf.c.obj (.text)
                  00083c22    00000057                       : s_floorf.c.obj (.text)
                  00083c79    00000056                       : boot28.asm.obj (.text)
                  00083ccf    00000001                       : startup.c.obj (.text)
                  00083cd0    0000004e     c28x_fpu_dsp_library.lib : RFFT_f32_mag_TMU0.obj (.text)
                  00083d1e    00000038     rts2800_fpu32.lib : s_roundf.c.obj (.text)
                  00083d56    00000029                       : exit.c.obj (.text)
                  00083d7f    00000028     F2837xD_PieCtrl.obj (.text)
                  00083da7    00000027     Senior_FFT.obj (.text)
                  00083dce    00000026     F2837xD_PieVect.obj (.text)
                  00083df4    00000024     rts2800_fpu32.lib : cpy_tbl.c.obj (.text)
                  00083e18    0000001e                       : memcpy.c.obj (.text)
                  00083e36    00000019                       : args_main.c.obj (.text)
                  00083e4f    00000018                       : ll_aox28.asm.obj (.text)
                  00083e67    0000000c                       : memset.c.obj (.text)
                  00083e73    00000009                       : _lock.c.obj (.text)
                  00083e7c    00000008     F2837xD_CodeStartBranch.obj (.text)
                  00083e84    00000002     rts2800_fpu32.lib : pre_init.c.obj (.text)

.econst    0    00090000    000001d2     
                  00090000    000001c0     F2837xD_PieVect.obj (.econst:_PieVectTableInit)
                  000901c0    00000010     rts2800_fpu32.lib : e_logf.c.obj (.econst)
                  000901d0    00000002                       : s_floorf.c.obj (.econst)

MODULE SUMMARY

       Module                           code   initialized data   uninitialized data
       ------                           ----   ----------------   ------------------
    .\
       senior_main_cpu2.obj             880    39                 6180              
    +--+--------------------------------+------+------------------+--------------------+
       Total:                           880    39                 6180              
                                                                                    
    .\Senior Source\
       Senior_FFT.obj                   439    1132               9294              
       Senior_ePWM.obj                  220    0                  0                 
       Senior_DMA.obj                   203    0                  0                 
       Senior_ADC.obj                   164    0                  0                 
    +--+--------------------------------+------+------------------+--------------------+
       Total:                           1026   1132               9294              
                                                                                    
    .\Source\
       F2837xD_GlobalVariableDefs.obj   0      0                  6923              
       F2837xD_DefaultISR.obj           1424   0                  0                 
       F2837xD_Dma.obj                  1030   0                  0                 
       F2837xD_SysCtrl.obj              653    0                  0                 
       F2837xD_PieVect.obj              38     448                0                 
       F2837xD_Adc.obj                  221    0                  0                 
       F2837xD_Ipc.obj                  173    0                  0                 
       F2837xD_Ipc_Driver.obj           0      0                  136               
       F2837xD_PieCtrl.obj              40     0                  0                 
       F2837xD_CodeStartBranch.obj      10     0                  0                 
       F2837xD_usDelay.obj              8      0                  0                 
    +--+--------------------------------+------+------------------+--------------------+
       Total:                           3597   448                7059              
                                                                                    
    C:/ti/ccsv8/tools/compiler/ti-cgt-c2000_18.1.1.LTS/lib/rts2800_fpu32.lib
       e_logf.c.obj                     299    16                 0                 
       fs_div28.asm.obj                 136    0                  0                 
       s_cosf.c.obj                     97     0                  0                 
       s_floorf.c.obj                   87     2                  0                 
       s_sinf.c.obj                     88     0                  0                 
       boot28.asm.obj                   86     0                  0                 
       exit.c.obj                       41     14                 6                 
       s_roundf.c.obj                   56     0                  0                 
       cpy_tbl.c.obj                    36     0                  0                 
       memcpy.c.obj                     30     0                  0                 
       args_main.c.obj                  25     0                  0                 
       ll_aox28.asm.obj                 24     0                  0                 
       _lock.c.obj                      9      10                 4                 
       memset.c.obj                     12     0                  0                 
       errno.c.obj                      0      4                  1                 
       pre_init.c.obj                   2      0                  0                 
       startup.c.obj                    1      0                  0                 
    +--+--------------------------------+------+------------------+--------------------+
       Total:                           1029   46                 11                
                                                                                    
    C:/ti/controlSUITE/libs/dsp/FPU/v1_50_00_00/lib/c28x_fpu_dsp_library.lib
       RFFT_f32.obj                     285    0                  0                 
       RFFT_f32_phase_TMU0.obj          134    0                  0                 
       RFFT_f32_sincostable.obj         107    0                  0                 
       RFFT_f32_mag_TMU0.obj            78     0                  0                 
    +--+--------------------------------+------+------------------+--------------------+
       Total:                           604    0                  0                 
                                                                                    
       Stack:                           0      0                  512               
    +--+--------------------------------+------+------------------+--------------------+
       Grand Total:                     7136   1665               23056             


GLOBAL DATA SYMBOLS: SORTED BY DATA PAGE

address     data page           name
--------    ----------------    ----
00000400      10 (00000400)     __stack

00000b00      2c (00000b00)     _AdcaResultRegs
00000b20      2c (00000b00)     _AdcbResultRegs

00000b40      2d (00000b40)     _AdccResultRegs
00000b60      2d (00000b40)     _AdcdResultRegs

00000c00      30 (00000c00)     _CpuTimer0Regs
00000c08      30 (00000c00)     _CpuTimer1Regs
00000c10      30 (00000c00)     _CpuTimer2Regs

00000ce0      33 (00000cc0)     _Cla1SoftIntRegs
00000ce0      33 (00000cc0)     _PieCtrlRegs

00000d00      34 (00000d00)     _EmuKey
00000d00      34 (00000d00)     _PieVectTable
00000d01      34 (00000d00)     _EmuBMode

00001000      40 (00001000)     _DmaRegs

00001400      50 (00001400)     _Cla1Regs

00004000     100 (00004000)     _EPwm1Regs

00004100     104 (00004100)     _EPwm2Regs

00004200     108 (00004200)     _EPwm3Regs

00004300     10c (00004300)     _EPwm4Regs

00004400     110 (00004400)     _EPwm5Regs

00004500     114 (00004500)     _EPwm6Regs

00004600     118 (00004600)     _EPwm7Regs

00004700     11c (00004700)     _EPwm8Regs

00004800     120 (00004800)     _EPwm9Regs

00004900     124 (00004900)     _EPwm10Regs

00004a00     128 (00004a00)     _EPwm11Regs

00004b00     12c (00004b00)     _EPwm12Regs

00005000     140 (00005000)     _ECap1Regs
00005020     140 (00005000)     _ECap2Regs

00005040     141 (00005040)     _ECap3Regs
00005060     141 (00005040)     _ECap4Regs

00005080     142 (00005080)     _ECap5Regs
000050a0     142 (00005080)     _ECap6Regs

00005100     144 (00005100)     _EQep1Regs

00005140     145 (00005140)     _EQep2Regs

00005180     146 (00005180)     _EQep3Regs

00005c00     170 (00005c00)     _DacaRegs
00005c10     170 (00005c00)     _DacbRegs
00005c20     170 (00005c00)     _DaccRegs

00005c80     172 (00005c80)     _Cmpss1Regs
00005ca0     172 (00005c80)     _Cmpss2Regs

00005cc0     173 (00005cc0)     _Cmpss3Regs
00005ce0     173 (00005cc0)     _Cmpss4Regs

00005d00     174 (00005d00)     _Cmpss5Regs
00005d20     174 (00005d00)     _Cmpss6Regs

00005d40     175 (00005d40)     _Cmpss7Regs
00005d60     175 (00005d40)     _Cmpss8Regs

00005e00     178 (00005e00)     _Sdfm1Regs

00005e80     17a (00005e80)     _Sdfm2Regs

00006000     180 (00006000)     _McbspaRegs

00006040     181 (00006040)     _McbspbRegs

00006100     184 (00006100)     _SpiaRegs
00006110     184 (00006100)     _SpibRegs
00006120     184 (00006100)     _SpicRegs

00007000     1c0 (00007000)     _WdRegs

00007060     1c1 (00007040)     _NmiIntruptRegs
00007070     1c1 (00007040)     _XintRegs

00007200     1c8 (00007200)     _SciaRegs
00007210     1c8 (00007200)     _ScibRegs
00007220     1c8 (00007200)     _ScicRegs
00007230     1c8 (00007200)     _ScidRegs

00007300     1cc (00007300)     _I2caRegs

00007340     1cd (00007340)     _I2cbRegs

00007400     1d0 (00007400)     _AdcaRegs

00007480     1d2 (00007480)     _AdcbRegs

00007500     1d4 (00007500)     _AdccRegs

00007580     1d6 (00007580)     _AdcdRegs

00007980     1e6 (00007980)     _DmaClaSrcSelRegs

00007f00     1fc (00007f00)     _GpioDataRegs

0000b800     2e0 (0000b800)     _magIndex
0000b802     2e0 (0000b800)     _n2pi
0000b804     2e0 (0000b800)     _nSmall
0000b806     2e0 (0000b800)     _handler_rfft2
0000b808     2e0 (0000b800)     _zFreq
0000b80a     2e0 (0000b800)     _n
0000b80c     2e0 (0000b800)     _magMax
0000b80e     2e0 (0000b800)     _resFFT
0000b810     2e0 (0000b800)     _absDiff
0000b812     2e0 (0000b800)     _smallest
0000b814     2e0 (0000b800)     _phaseDifference
0000b816     2e0 (0000b800)     _test_est
0000b818     2e0 (0000b800)     _rfft2
0000b824     2e0 (0000b800)     _fn
0000b832     2e0 (0000b800)     ___TI_enable_exit_profile_output
0000b834     2e0 (0000b800)     ___TI_cleanup_ptr
0000b836     2e0 (0000b800)     ___TI_dtors_ptr
0000b838     2e0 (0000b800)     __lock
0000b83a     2e0 (0000b800)     __unlock
0000b83c     2e0 (0000b800)     _errno

0000b840     2e1 (0000b840)     _string3
0000b84c     2e1 (0000b840)     _string5
0000b858     2e1 (0000b840)     _string1

0000e000     380 (0000e000)     _RFFT2inBuff

0000e800     3a0 (0000e800)     _RFFT2outBuff

0000f000     3c0 (0000f000)     _RFFT2F32Coef

0000f800     3e0 (0000f800)     _RFFT2magBuff

0000fc00     3f0 (0000fc00)     _RFFT2phaseBuff

00010000     400 (00010000)     _RFFTwindow

00013000     4c0 (00013000)     _CircularBuffer1

00013800     4e0 (00013800)     _CircularBuffer3

00014000     500 (00014000)     _CircularBuffer5

0003f800     fe0 (0003f800)     _fo_est_cpu2
0003f800     fe0 (0003f800)     _g_asIPCCPU1toCPU2Buffers
0003f80e     fe0 (0003f800)     _fo_n_cpu2

0003f880     fe2 (0003f880)     _g_usGetWriteIndexes
0003f884     fe2 (0003f880)     _g_usPutReadIndexes

0003fc00     ff0 (0003fc00)     _g_asIPCCPU2toCPU1Buffers

0003fc80     ff2 (0003fc80)     _g_usPutWriteIndexes
0003fc84     ff2 (0003fc80)     _g_usGetReadIndexes

00047000    11c0 (00047000)     _Emif1Regs

00047800    11e0 (00047800)     _Emif2Regs

00050000    1400 (00050000)     _IpcRegs
00050024    1400 (00050000)     _FlashPumpSemaphoreRegs

0005d200    1748 (0005d200)     _ClkCfgRegs

0005d300    174c (0005d300)     _CpuSysRegs

0005f000    17c0 (0005f000)     _DcsmZ1Regs

0005f040    17c1 (0005f040)     _DcsmZ2Regs
0005f070    17c1 (0005f040)     _DcsmCommonRegs

0005f400    17d0 (0005f400)     _MemCfgRegs

0005f480    17d2 (0005f480)     _Emif1ConfigRegs

0005f4c0    17d3 (0005f4c0)     _AccessProtectionRegs

0005f500    17d4 (0005f500)     _MemoryErrorRegs

0005f800    17e0 (0005f800)     _Flash0CtrlRegs

0005fb00    17ec (0005fb00)     _Flash0EccRegs

00078000    1e00 (00078000)     _DcsmZ1Otp

00078200    1e08 (00078200)     _DcsmZ2Otp

00090000    2400 (00090000)     _PieVectTableInit


GLOBAL SYMBOLS: SORTED ALPHABETICALLY BY Name 

page  address   name                                  
----  -------   ----                                  
abs   ffffffff  .text                                 
0     00083d56  C$$EXIT                               
0     000839f0  FS$$DIV                               
0     00083e4f  LL$$AND                               
0     00083e57  LL$$OR                                
0     00083e5f  LL$$XOR                               
0     00082782  _ADCA1_ISR                            
0     00082a0d  _ADCA2_ISR                            
0     00082a17  _ADCA3_ISR                            
0     00082a21  _ADCA4_ISR                            
0     00082a03  _ADCA_EVT_ISR                         
0     00082797  _ADCB1_ISR                            
0     00082a35  _ADCB2_ISR                            
0     00082a3f  _ADCB3_ISR                            
0     00082a49  _ADCB4_ISR                            
0     00082a2b  _ADCB_EVT_ISR                         
0     000827a1  _ADCC1_ISR                            
0     00082b9d  _ADCC2_ISR                            
0     00082ba7  _ADCC3_ISR                            
0     00082bb1  _ADCC4_ISR                            
0     0000a0cc  _ADCCH1_ISR                           
0     0000a0e1  _ADCCH3_ISR                           
0     0000a0f6  _ADCCH5_ISR                           
0     00082b93  _ADCC_EVT_ISR                         
0     000827bf  _ADCD1_ISR                            
0     00082bc5  _ADCD2_ISR                            
0     00082bcf  _ADCD3_ISR                            
0     00082bd9  _ADCD4_ISR                            
0     00082bbb  _ADCD_EVT_ISR                         
0     00082c15  _AUX_PLL_SLIP_ISR                     
1     0005f4c0  _AccessProtectionRegs                 
0     0008390f  _AckIpcFlag                           
0     0008361b  _AdcSetMode                           
1     00007400  _AdcaRegs                             
1     00000b00  _AdcaResultRegs                       
1     00007480  _AdcbRegs                             
1     00000b20  _AdcbResultRegs                       
1     00007500  _AdccRegs                             
1     00000b40  _AdccResultRegs                       
1     00007580  _AdcdRegs                             
1     00000b60  _AdcdResultRegs                       
0     00083255  _AuxAuxClkSel                         
0     0008323f  _AuxIntOsc2Sel                        
0     00083249  _AuxXtalOscSel                        
0     000829db  _CANA0_ISR                            
0     000829e5  _CANA1_ISR                            
0     000829ef  _CANB0_ISR                            
0     000829f9  _CANB1_ISR                            
0     00082a53  _CLA1_1_ISR                           
0     00082a5d  _CLA1_2_ISR                           
0     00082a67  _CLA1_3_ISR                           
0     00082a71  _CLA1_4_ISR                           
0     00082a7b  _CLA1_5_ISR                           
0     00082a85  _CLA1_6_ISR                           
0     00082a8f  _CLA1_7_ISR                           
0     00082a99  _CLA1_8_ISR                           
0     00082c1f  _CLA_OVERFLOW_ISR                     
0     00082c29  _CLA_UNDERFLOW_ISR                    
0     000836be  _CalAdcINL                            
0     00083919  _CancelIpcFlag                        
1     00013000  _CircularBuffer1                      
1     00013800  _CircularBuffer3                      
1     00014000  _CircularBuffer5                      
1     00001400  _Cla1Regs                             
0     00000ce0  _Cla1SoftIntRegs                      
1     0005d200  _ClkCfgRegs                           
1     00005c80  _Cmpss1Regs                           
1     00005ca0  _Cmpss2Regs                           
1     00005cc0  _Cmpss3Regs                           
1     00005ce0  _Cmpss4Regs                           
1     00005d00  _Cmpss5Regs                           
1     00005d20  _Cmpss6Regs                           
1     00005d40  _Cmpss7Regs                           
1     00005d60  _Cmpss8Regs                           
1     0005d300  _CpuSysRegs                           
1     00000c00  _CpuTimer0Regs                        
1     00000c08  _CpuTimer1Regs                        
1     00000c10  _CpuTimer2Regs                        
0     000831fe  _CsmUnlock                            
0     000826d8  _DATALOG_ISR                          
0     00082c61  _DMACH1AddrConfig                     
0     00082ffa  _DMACH1AddrConfig32bit                
0     00082c71  _DMACH1BurstConfig                    
0     00082ca4  _DMACH1ModeConfig                     
0     00082c81  _DMACH1TransferConfig                 
0     00082c91  _DMACH1WrapConfig                     
0     0000a000  _DMACH1_ISR                           
0     00082cfa  _DMACH2AddrConfig                     
0     0008300a  _DMACH2AddrConfig32bit                
0     00082d0a  _DMACH2BurstConfig                    
0     00082d3d  _DMACH2ModeConfig                     
0     00082d1a  _DMACH2TransferConfig                 
0     00082d2a  _DMACH2WrapConfig                     
0     00082d94  _DMACH3AddrConfig                     
0     0008301a  _DMACH3AddrConfig32bit                
0     00082da4  _DMACH3BurstConfig                    
0     00082dd7  _DMACH3ModeConfig                     
0     00082db4  _DMACH3TransferConfig                 
0     00082dc4  _DMACH3WrapConfig                     
0     0000a044  _DMACH3_ISR                           
0     00082e2d  _DMACH4AddrConfig                     
0     0008302a  _DMACH4AddrConfig32bit                
0     00082e3d  _DMACH4BurstConfig                    
0     00082e70  _DMACH4ModeConfig                     
0     00082e4d  _DMACH4TransferConfig                 
0     00082e5d  _DMACH4WrapConfig                     
0     00082ec7  _DMACH5AddrConfig                     
0     0008303a  _DMACH5AddrConfig32bit                
0     00082ed7  _DMACH5BurstConfig                    
0     00082f0a  _DMACH5ModeConfig                     
0     00082ee7  _DMACH5TransferConfig                 
0     00082ef7  _DMACH5WrapConfig                     
0     0000a088  _DMACH5_ISR                           
0     00082f60  _DMACH6AddrConfig                     
0     0008304a  _DMACH6AddrConfig32bit                
0     00082f70  _DMACH6BurstConfig                    
0     00082fa3  _DMACH6ModeConfig                     
0     00082f80  _DMACH6TransferConfig                 
0     00082f90  _DMACH6WrapConfig                     
0     00082c54  _DMAInitialize                        
0     00082927  _DMA_CH1_ISR                          
0     00082931  _DMA_CH2_ISR                          
0     0008293b  _DMA_CH3_ISR                          
0     00082945  _DMA_CH4_ISR                          
0     0008294f  _DMA_CH5_ISR                          
0     00082959  _DMA_CH6_ISR                          
1     00005c00  _DacaRegs                             
1     00005c10  _DacbRegs                             
1     00005c20  _DaccRegs                             
1     0005f070  _DcsmCommonRegs                       
1     00078000  _DcsmZ1Otp                            
1     0005f000  _DcsmZ1Regs                           
1     00078200  _DcsmZ2Otp                            
1     0005f040  _DcsmZ2Regs                           
0     00083128  _DisableDog                           
0     000830e9  _DisablePeripheralClocks              
1     00007980  _DmaClaSrcSelRegs                     
1     00001000  _DmaRegs                              
0     0008287d  _ECAP1_ISR                            
0     00082887  _ECAP2_ISR                            
0     00082891  _ECAP3_ISR                            
0     0008289b  _ECAP4_ISR                            
0     000828a5  _ECAP5_ISR                            
0     000828af  _ECAP6_ISR                            
1     00005000  _ECap1Regs                            
1     00005020  _ECap2Regs                            
1     00005040  _ECap3Regs                            
1     00005060  _ECap4Regs                            
1     00005080  _ECap5Regs                            
1     000050a0  _ECap6Regs                            
0     00082be3  _EMIF_ERROR_ISR                       
0     00082c3d  _EMPTY_ISR                            
0     000826ec  _EMU_ISR                              
0     00082b39  _EPWM10_ISR                           
0     00082b11  _EPWM10_TZ_ISR                        
0     00082b43  _EPWM11_ISR                           
0     00082b1b  _EPWM11_TZ_ISR                        
0     00082b4d  _EPWM12_ISR                           
0     00082b25  _EPWM12_TZ_ISR                        
0     0008282d  _EPWM1_ISR                            
0     000827dd  _EPWM1_TZ_ISR                         
0     00082837  _EPWM2_ISR                            
0     000827e7  _EPWM2_TZ_ISR                         
0     00082841  _EPWM3_ISR                            
0     000827f1  _EPWM3_TZ_ISR                         
0     0008284b  _EPWM4_ISR                            
0     000827fb  _EPWM4_TZ_ISR                         
0     00082855  _EPWM5_ISR                            
0     00082805  _EPWM5_TZ_ISR                         
0     0008285f  _EPWM6_ISR                            
0     0008280f  _EPWM6_TZ_ISR                         
0     00082869  _EPWM7_ISR                            
0     00082819  _EPWM7_TZ_ISR                         
0     00082873  _EPWM8_ISR                            
0     00082823  _EPWM8_TZ_ISR                         
0     00082b2f  _EPWM9_ISR                            
0     00082b07  _EPWM9_TZ_ISR                         
1     00004900  _EPwm10Regs                           
1     00004a00  _EPwm11Regs                           
1     00004b00  _EPwm12Regs                           
1     00004000  _EPwm1Regs                            
1     00004100  _EPwm2Regs                            
1     00004200  _EPwm3Regs                            
1     00004300  _EPwm4Regs                            
1     00004400  _EPwm5Regs                            
1     00004500  _EPwm6Regs                            
1     00004600  _EPwm7Regs                            
1     00004700  _EPwm8Regs                            
1     00004800  _EPwm9Regs                            
0     000828b9  _EQEP1_ISR                            
0     000828c3  _EQEP2_ISR                            
0     000828cd  _EQEP3_ISR                            
1     00005100  _EQep1Regs                            
1     00005140  _EQep2Regs                            
1     00005180  _EQep3Regs                            
1     0005f480  _Emif1ConfigRegs                      
1     00047000  _Emif1Regs                            
1     00047800  _Emif2Regs                            
1     00000d01  _EmuBMode                             
1     00000d00  _EmuKey                               
0     00083d9e  _EnableInterrupts                     
0     0000a20a  _F28x_usDelay                         
0     00082bf7  _FLASH_CORRECTABLE_ERROR_ISR          
0     00082acb  _FPU_OVERFLOW_ISR                     
0     00082ad5  _FPU_UNDERFLOW_ISR                    
0     000838e8  _FillIpcSendData                      
1     0005f800  _Flash0CtrlRegs                       
1     0005fb00  _Flash0EccRegs                        
0     0000a1fc  _FlashOff                             
1     00050024  _FlashPumpSemaphoreRegs               
1     00007f00  _GpioDataRegs                         
0     00083273  _HALT                                 
0     00083276  _HIB                                  
0     0008296d  _I2CA_FIFO_ISR                        
0     00082963  _I2CA_ISR                             
0     00082981  _I2CB_FIFO_ISR                        
0     00082977  _I2CB_ISR                             
1     00007300  _I2caRegs                             
1     00007340  _I2cbRegs                             
0     0008325f  _IDLE                                 
0     00082700  _ILLEGAL_ISR                          
0     00082adf  _IPC0_ISR                             
0     00082ae9  _IPC1_ISR                             
0     00082af3  _IPC2_ISR                             
0     00082afd  _IPC3_ISR                             
0     00083136  _InitAuxPll                           
0     0000a1d3  _InitFlash                            
0     0008389f  _InitIpc                              
0     0008306b  _InitPeripheralClocks                 
0     00083d7f  _InitPieCtrl                          
0     00083dce  _InitPieVectTable                     
0     0008305a  _InitSysCtrl                          
1     00050000  _IpcRegs                              
0     0008393d  _IpcSync                              
0     000828ff  _MCBSPA_RX_ISR                        
0     00082909  _MCBSPA_TX_ISR                        
0     00082913  _MCBSPB_RX_ISR                        
0     0008291d  _MCBSPB_TX_ISR                        
1     00006000  _McbspaRegs                           
1     00006040  _McbspbRegs                           
1     0005f400  _MemCfgRegs                           
1     0005f500  _MemoryErrorRegs                      
0     000826f6  _NMI_ISR                              
0     00082c4a  _NOTUSED_ISR                          
1     00007060  _NmiIntruptRegs                       
0     00082c33  _PIE_RESERVED_ISR                     
1     00000ce0  _PieCtrlRegs                          
1     00000d00  _PieVectTable                         
0     00090000  _PieVectTableInit                     
0     00082c01  _RAM_ACCESS_VIOLATION_ISR             
0     00082bed  _RAM_CORRECTABLE_ERROR_ISR            
1     0000f000  _RFFT2F32Coef                         
1     0000e000  _RFFT2inBuff                          
1     0000f800  _RFFT2magBuff                         
1     0000e800  _RFFT2outBuff                         
1     0000fc00  _RFFT2phaseBuff                       
0     000834fe  _RFFT_f32                             
0     00083cd0  _RFFT_f32_mag_TMU0                    
0     00083a78  _RFFT_f32_phase_TMU0                  
0     00083afe  _RFFT_f32_sincostable                 
1     00010000  _RFFTwindow                           
0     000826e2  _RTOS_ISR                             
0     000826c2  _RamfuncsLoadEnd                      
abs   0000020e  _RamfuncsLoadSize                     
0     000824b4  _RamfuncsLoadStart                    
0     0000a20e  _RamfuncsRunEnd                       
abs   0000020e  _RamfuncsRunSize                      
0     0000a000  _RamfuncsRunStart                     
0     000838ad  _ReadIpcTimer                         
0     000838d8  _RecvIpcData                          
0     00083110  _ReleaseFlashPump                     
0     000829b3  _SCIA_RX_ISR                          
0     000829bd  _SCIA_TX_ISR                          
0     000829c7  _SCIB_RX_ISR                          
0     000829d1  _SCIB_TX_ISR                          
0     0008298b  _SCIC_RX_ISR                          
0     00082995  _SCIC_TX_ISR                          
0     0008299f  _SCID_RX_ISR                          
0     000829a9  _SCID_TX_ISR                          
0     00082b57  _SD1_ISR                              
0     00082b61  _SD2_ISR                              
0     000828d7  _SPIA_RX_ISR                          
0     000828e1  _SPIA_TX_ISR                          
0     000828eb  _SPIB_RX_ISR                          
0     000828f5  _SPIB_TX_ISR                          
0     00082b6b  _SPIC_RX_ISR                          
0     00082b75  _SPIC_TX_ISR                          
0     00083268  _STANDBY                              
0     00082c0b  _SYS_PLL_SLIP_ISR                     
1     00007200  _SciaRegs                             
1     00007210  _ScibRegs                             
1     00007220  _ScicRegs                             
1     00007230  _ScidRegs                             
1     00005e00  _Sdfm1Regs                            
1     00005e80  _Sdfm2Regs                            
0     00083101  _SeizeFlashPump                       
0     000838f4  _SendIpcCommand                       
0     000838c1  _SendIpcData                          
0     00083905  _SendIpcFlag                          
0     0008311a  _ServiceDog                           
1     00006100  _SpiaRegs                             
1     00006110  _SpibRegs                             
1     00006120  _SpicRegs                             
0     00082cf2  _StartDMACH1                          
0     00082d8c  _StartDMACH2                          
0     00082e25  _StartDMACH3                          
0     00082ebf  _StartDMACH4                          
0     00082f58  _StartDMACH5                          
0     00082ff2  _StartDMACH6                          
0     0008321f  _SysIntOsc1Sel                        
0     00083229  _SysIntOsc2Sel                        
0     00083233  _SysXtalOscSel                        
0     000827c9  _TIMER0_ISR                           
0     000826c4  _TIMER1_ISR                           
0     000826ce  _TIMER2_ISR                           
0     00082b7f  _UPPA_ISR                             
0     00082b89  _USBA_ISR                             
0     00082764  _USER10_ISR                           
0     0008276e  _USER11_ISR                           
0     00082778  _USER12_ISR                           
0     0008270a  _USER1_ISR                            
0     00082714  _USER2_ISR                            
0     0008271e  _USER3_ISR                            
0     00082728  _USER4_ISR                            
0     00082732  _USER5_ISR                            
0     0008273c  _USER6_ISR                            
0     00082746  _USER7_ISR                            
0     00082750  _USER8_ISR                            
0     0008275a  _USER9_ISR                            
0     00082ac1  _VCU_ISR                              
0     000827d3  _WAKE_ISR                             
0     00083930  _WaitForIpcAck                        
0     00083923  _WaitForIpcFlag                       
1     00007000  _WdRegs                               
0     000827ab  _XINT1_ISR                            
0     000827b5  _XINT2_ISR                            
0     00082aa3  _XINT3_ISR                            
0     00082aad  _XINT4_ISR                            
0     00082ab7  _XINT5_ISR                            
1     00007070  _XintRegs                             
0     00000600  __STACK_END                           
abs   00000200  __STACK_SIZE                          
0     0000b834  ___TI_cleanup_ptr                     
0     0000b836  ___TI_dtors_ptr                       
0     0000b832  ___TI_enable_exit_profile_output      
abs   ffffffff  ___TI_pprof_out_hndl                  
abs   ffffffff  ___TI_prof_data_size                  
abs   ffffffff  ___TI_prof_data_start                 
abs   ffffffff  ___binit__                            
abs   ffffffff  ___c_args__                           
0     00082000  ___cinit__                            
abs   ffffffff  ___etext__                            
abs   ffffffff  ___pinit__                            
abs   ffffffff  ___text__                             
0     00083e36  __args_main                           
0     0000b838  __lock                                
0     00083e7b  __nop                                 
0     00083e77  __register_lock                       
0     00083e73  __register_unlock                     
0     00000400  __stack                               
0     00083ccf  __system_post_cinit                   
0     00083e84  __system_pre_init                     
0     0000b83a  __unlock                              
0     00083d56  _abort                                
0     0000b810  _absDiff                              
0     00083c79  _c_int00                              
0     0008394c  _configureADCs                        
0     00083df4  _copy_in                              
0     00083b69  _cos                                  
0     00083b69  _cosf                                 
0     0000b83c  _errno                                
0     00083d58  _exit                                 
0     00083c22  _floor                                
0     00083c22  _floorf                               
0     0000b824  _fn                                   
1     0003f800  _fo_est_cpu2                          
1     0003f80e  _fo_n_cpu2                            
0     0003f800  _g_asIPCCPU1toCPU2Buffers             
1     0003fc00  _g_asIPCCPU2toCPU1Buffers             
1     0003fc84  _g_usGetReadIndexes                   
0     0003f880  _g_usGetWriteIndexes                  
0     0003f884  _g_usPutReadIndexes                   
1     0003fc80  _g_usPutWriteIndexes                  
0     0000b806  _handler_rfft2                        
0     000839eb  _initADC                              
0     000837d4  _initDMA                              
0     000837d9  _initDMAx                             
0     000836f8  _initEPWM                             
0     0008370f  _initEPWM1                            
0     00083740  _initEPWM2                            
0     00083761  _initEPWM3                            
0     00083782  _initEPWM4                            
0     000837b3  _initEPWM5                            
0     00083da7  _initFFT                              
0     00083385  _initMain                             
0     00083985  _initializeADCs                       
0     000833d3  _log                                  
0     000833d3  _logf                                 
0     0000b800  _magIndex                             
0     0000b80c  _magMax                               
0     00083279  _main                                 
0     00083e18  _memcpy                               
0     00083e67  _memset                               
0     0000b80a  _n                                    
0     0000b802  _n2pi                                 
0     0000b804  _nSmall                               
0     0000b814  _phaseDifference                      
0     0000b80e  _resFFT                               
0     0000b818  _rfft2                                
0     00083507  _rfft_f32_Stages1and2and3andBitReverse
0     00083573  _rfft_f32_Stages4andUp                
0     00083d1e  _round                                
0     00083d1e  _roundf                               
0     00083bca  _sin                                  
0     00083bca  _sinf                                 
0     0000b812  _smallest                             
0     0000b858  _string1                              
0     0000b840  _string3                              
0     0000b84c  _string5                              
0     0000b816  _test_est                             
0     0000a10b  _vocodeAnalysis                       
0     0000b808  _zFreq                                
abs   ffffffff  binit                                 
0     00082000  cinit                                 
0     00080000  code_start                            
abs   ffffffff  etext                                 
abs   ffffffff  pinit                                 


GLOBAL SYMBOLS: SORTED BY Symbol Address 

page  address   name                                  
----  -------   ----                                  
0     00000400  __stack                               
0     00000600  __STACK_END                           
0     00000ce0  _Cla1SoftIntRegs                      
0     0000a000  _DMACH1_ISR                           
0     0000a000  _RamfuncsRunStart                     
0     0000a044  _DMACH3_ISR                           
0     0000a088  _DMACH5_ISR                           
0     0000a0cc  _ADCCH1_ISR                           
0     0000a0e1  _ADCCH3_ISR                           
0     0000a0f6  _ADCCH5_ISR                           
0     0000a10b  _vocodeAnalysis                       
0     0000a1d3  _InitFlash                            
0     0000a1fc  _FlashOff                             
0     0000a20a  _F28x_usDelay                         
0     0000a20e  _RamfuncsRunEnd                       
0     0000b800  _magIndex                             
0     0000b802  _n2pi                                 
0     0000b804  _nSmall                               
0     0000b806  _handler_rfft2                        
0     0000b808  _zFreq                                
0     0000b80a  _n                                    
0     0000b80c  _magMax                               
0     0000b80e  _resFFT                               
0     0000b810  _absDiff                              
0     0000b812  _smallest                             
0     0000b814  _phaseDifference                      
0     0000b816  _test_est                             
0     0000b818  _rfft2                                
0     0000b824  _fn                                   
0     0000b832  ___TI_enable_exit_profile_output      
0     0000b834  ___TI_cleanup_ptr                     
0     0000b836  ___TI_dtors_ptr                       
0     0000b838  __lock                                
0     0000b83a  __unlock                              
0     0000b83c  _errno                                
0     0000b840  _string3                              
0     0000b84c  _string5                              
0     0000b858  _string1                              
0     0003f800  _g_asIPCCPU1toCPU2Buffers             
0     0003f880  _g_usGetWriteIndexes                  
0     0003f884  _g_usPutReadIndexes                   
0     00080000  code_start                            
0     00082000  ___cinit__                            
0     00082000  cinit                                 
0     000824b4  _RamfuncsLoadStart                    
0     000826c2  _RamfuncsLoadEnd                      
0     000826c4  _TIMER1_ISR                           
0     000826ce  _TIMER2_ISR                           
0     000826d8  _DATALOG_ISR                          
0     000826e2  _RTOS_ISR                             
0     000826ec  _EMU_ISR                              
0     000826f6  _NMI_ISR                              
0     00082700  _ILLEGAL_ISR                          
0     0008270a  _USER1_ISR                            
0     00082714  _USER2_ISR                            
0     0008271e  _USER3_ISR                            
0     00082728  _USER4_ISR                            
0     00082732  _USER5_ISR                            
0     0008273c  _USER6_ISR                            
0     00082746  _USER7_ISR                            
0     00082750  _USER8_ISR                            
0     0008275a  _USER9_ISR                            
0     00082764  _USER10_ISR                           
0     0008276e  _USER11_ISR                           
0     00082778  _USER12_ISR                           
0     00082782  _ADCA1_ISR                            
0     00082797  _ADCB1_ISR                            
0     000827a1  _ADCC1_ISR                            
0     000827ab  _XINT1_ISR                            
0     000827b5  _XINT2_ISR                            
0     000827bf  _ADCD1_ISR                            
0     000827c9  _TIMER0_ISR                           
0     000827d3  _WAKE_ISR                             
0     000827dd  _EPWM1_TZ_ISR                         
0     000827e7  _EPWM2_TZ_ISR                         
0     000827f1  _EPWM3_TZ_ISR                         
0     000827fb  _EPWM4_TZ_ISR                         
0     00082805  _EPWM5_TZ_ISR                         
0     0008280f  _EPWM6_TZ_ISR                         
0     00082819  _EPWM7_TZ_ISR                         
0     00082823  _EPWM8_TZ_ISR                         
0     0008282d  _EPWM1_ISR                            
0     00082837  _EPWM2_ISR                            
0     00082841  _EPWM3_ISR                            
0     0008284b  _EPWM4_ISR                            
0     00082855  _EPWM5_ISR                            
0     0008285f  _EPWM6_ISR                            
0     00082869  _EPWM7_ISR                            
0     00082873  _EPWM8_ISR                            
0     0008287d  _ECAP1_ISR                            
0     00082887  _ECAP2_ISR                            
0     00082891  _ECAP3_ISR                            
0     0008289b  _ECAP4_ISR                            
0     000828a5  _ECAP5_ISR                            
0     000828af  _ECAP6_ISR                            
0     000828b9  _EQEP1_ISR                            
0     000828c3  _EQEP2_ISR                            
0     000828cd  _EQEP3_ISR                            
0     000828d7  _SPIA_RX_ISR                          
0     000828e1  _SPIA_TX_ISR                          
0     000828eb  _SPIB_RX_ISR                          
0     000828f5  _SPIB_TX_ISR                          
0     000828ff  _MCBSPA_RX_ISR                        
0     00082909  _MCBSPA_TX_ISR                        
0     00082913  _MCBSPB_RX_ISR                        
0     0008291d  _MCBSPB_TX_ISR                        
0     00082927  _DMA_CH1_ISR                          
0     00082931  _DMA_CH2_ISR                          
0     0008293b  _DMA_CH3_ISR                          
0     00082945  _DMA_CH4_ISR                          
0     0008294f  _DMA_CH5_ISR                          
0     00082959  _DMA_CH6_ISR                          
0     00082963  _I2CA_ISR                             
0     0008296d  _I2CA_FIFO_ISR                        
0     00082977  _I2CB_ISR                             
0     00082981  _I2CB_FIFO_ISR                        
0     0008298b  _SCIC_RX_ISR                          
0     00082995  _SCIC_TX_ISR                          
0     0008299f  _SCID_RX_ISR                          
0     000829a9  _SCID_TX_ISR                          
0     000829b3  _SCIA_RX_ISR                          
0     000829bd  _SCIA_TX_ISR                          
0     000829c7  _SCIB_RX_ISR                          
0     000829d1  _SCIB_TX_ISR                          
0     000829db  _CANA0_ISR                            
0     000829e5  _CANA1_ISR                            
0     000829ef  _CANB0_ISR                            
0     000829f9  _CANB1_ISR                            
0     00082a03  _ADCA_EVT_ISR                         
0     00082a0d  _ADCA2_ISR                            
0     00082a17  _ADCA3_ISR                            
0     00082a21  _ADCA4_ISR                            
0     00082a2b  _ADCB_EVT_ISR                         
0     00082a35  _ADCB2_ISR                            
0     00082a3f  _ADCB3_ISR                            
0     00082a49  _ADCB4_ISR                            
0     00082a53  _CLA1_1_ISR                           
0     00082a5d  _CLA1_2_ISR                           
0     00082a67  _CLA1_3_ISR                           
0     00082a71  _CLA1_4_ISR                           
0     00082a7b  _CLA1_5_ISR                           
0     00082a85  _CLA1_6_ISR                           
0     00082a8f  _CLA1_7_ISR                           
0     00082a99  _CLA1_8_ISR                           
0     00082aa3  _XINT3_ISR                            
0     00082aad  _XINT4_ISR                            
0     00082ab7  _XINT5_ISR                            
0     00082ac1  _VCU_ISR                              
0     00082acb  _FPU_OVERFLOW_ISR                     
0     00082ad5  _FPU_UNDERFLOW_ISR                    
0     00082adf  _IPC0_ISR                             
0     00082ae9  _IPC1_ISR                             
0     00082af3  _IPC2_ISR                             
0     00082afd  _IPC3_ISR                             
0     00082b07  _EPWM9_TZ_ISR                         
0     00082b11  _EPWM10_TZ_ISR                        
0     00082b1b  _EPWM11_TZ_ISR                        
0     00082b25  _EPWM12_TZ_ISR                        
0     00082b2f  _EPWM9_ISR                            
0     00082b39  _EPWM10_ISR                           
0     00082b43  _EPWM11_ISR                           
0     00082b4d  _EPWM12_ISR                           
0     00082b57  _SD1_ISR                              
0     00082b61  _SD2_ISR                              
0     00082b6b  _SPIC_RX_ISR                          
0     00082b75  _SPIC_TX_ISR                          
0     00082b7f  _UPPA_ISR                             
0     00082b89  _USBA_ISR                             
0     00082b93  _ADCC_EVT_ISR                         
0     00082b9d  _ADCC2_ISR                            
0     00082ba7  _ADCC3_ISR                            
0     00082bb1  _ADCC4_ISR                            
0     00082bbb  _ADCD_EVT_ISR                         
0     00082bc5  _ADCD2_ISR                            
0     00082bcf  _ADCD3_ISR                            
0     00082bd9  _ADCD4_ISR                            
0     00082be3  _EMIF_ERROR_ISR                       
0     00082bed  _RAM_CORRECTABLE_ERROR_ISR            
0     00082bf7  _FLASH_CORRECTABLE_ERROR_ISR          
0     00082c01  _RAM_ACCESS_VIOLATION_ISR             
0     00082c0b  _SYS_PLL_SLIP_ISR                     
0     00082c15  _AUX_PLL_SLIP_ISR                     
0     00082c1f  _CLA_OVERFLOW_ISR                     
0     00082c29  _CLA_UNDERFLOW_ISR                    
0     00082c33  _PIE_RESERVED_ISR                     
0     00082c3d  _EMPTY_ISR                            
0     00082c4a  _NOTUSED_ISR                          
0     00082c54  _DMAInitialize                        
0     00082c61  _DMACH1AddrConfig                     
0     00082c71  _DMACH1BurstConfig                    
0     00082c81  _DMACH1TransferConfig                 
0     00082c91  _DMACH1WrapConfig                     
0     00082ca4  _DMACH1ModeConfig                     
0     00082cf2  _StartDMACH1                          
0     00082cfa  _DMACH2AddrConfig                     
0     00082d0a  _DMACH2BurstConfig                    
0     00082d1a  _DMACH2TransferConfig                 
0     00082d2a  _DMACH2WrapConfig                     
0     00082d3d  _DMACH2ModeConfig                     
0     00082d8c  _StartDMACH2                          
0     00082d94  _DMACH3AddrConfig                     
0     00082da4  _DMACH3BurstConfig                    
0     00082db4  _DMACH3TransferConfig                 
0     00082dc4  _DMACH3WrapConfig                     
0     00082dd7  _DMACH3ModeConfig                     
0     00082e25  _StartDMACH3                          
0     00082e2d  _DMACH4AddrConfig                     
0     00082e3d  _DMACH4BurstConfig                    
0     00082e4d  _DMACH4TransferConfig                 
0     00082e5d  _DMACH4WrapConfig                     
0     00082e70  _DMACH4ModeConfig                     
0     00082ebf  _StartDMACH4                          
0     00082ec7  _DMACH5AddrConfig                     
0     00082ed7  _DMACH5BurstConfig                    
0     00082ee7  _DMACH5TransferConfig                 
0     00082ef7  _DMACH5WrapConfig                     
0     00082f0a  _DMACH5ModeConfig                     
0     00082f58  _StartDMACH5                          
0     00082f60  _DMACH6AddrConfig                     
0     00082f70  _DMACH6BurstConfig                    
0     00082f80  _DMACH6TransferConfig                 
0     00082f90  _DMACH6WrapConfig                     
0     00082fa3  _DMACH6ModeConfig                     
0     00082ff2  _StartDMACH6                          
0     00082ffa  _DMACH1AddrConfig32bit                
0     0008300a  _DMACH2AddrConfig32bit                
0     0008301a  _DMACH3AddrConfig32bit                
0     0008302a  _DMACH4AddrConfig32bit                
0     0008303a  _DMACH5AddrConfig32bit                
0     0008304a  _DMACH6AddrConfig32bit                
0     0008305a  _InitSysCtrl                          
0     0008306b  _InitPeripheralClocks                 
0     000830e9  _DisablePeripheralClocks              
0     00083101  _SeizeFlashPump                       
0     00083110  _ReleaseFlashPump                     
0     0008311a  _ServiceDog                           
0     00083128  _DisableDog                           
0     00083136  _InitAuxPll                           
0     000831fe  _CsmUnlock                            
0     0008321f  _SysIntOsc1Sel                        
0     00083229  _SysIntOsc2Sel                        
0     00083233  _SysXtalOscSel                        
0     0008323f  _AuxIntOsc2Sel                        
0     00083249  _AuxXtalOscSel                        
0     00083255  _AuxAuxClkSel                         
0     0008325f  _IDLE                                 
0     00083268  _STANDBY                              
0     00083273  _HALT                                 
0     00083276  _HIB                                  
0     00083279  _main                                 
0     00083385  _initMain                             
0     000833d3  _log                                  
0     000833d3  _logf                                 
0     000834fe  _RFFT_f32                             
0     00083507  _rfft_f32_Stages1and2and3andBitReverse
0     00083573  _rfft_f32_Stages4andUp                
0     0008361b  _AdcSetMode                           
0     000836be  _CalAdcINL                            
0     000836f8  _initEPWM                             
0     0008370f  _initEPWM1                            
0     00083740  _initEPWM2                            
0     00083761  _initEPWM3                            
0     00083782  _initEPWM4                            
0     000837b3  _initEPWM5                            
0     000837d4  _initDMA                              
0     000837d9  _initDMAx                             
0     0008389f  _InitIpc                              
0     000838ad  _ReadIpcTimer                         
0     000838c1  _SendIpcData                          
0     000838d8  _RecvIpcData                          
0     000838e8  _FillIpcSendData                      
0     000838f4  _SendIpcCommand                       
0     00083905  _SendIpcFlag                          
0     0008390f  _AckIpcFlag                           
0     00083919  _CancelIpcFlag                        
0     00083923  _WaitForIpcFlag                       
0     00083930  _WaitForIpcAck                        
0     0008393d  _IpcSync                              
0     0008394c  _configureADCs                        
0     00083985  _initializeADCs                       
0     000839eb  _initADC                              
0     000839f0  FS$$DIV                               
0     00083a78  _RFFT_f32_phase_TMU0                  
0     00083afe  _RFFT_f32_sincostable                 
0     00083b69  _cos                                  
0     00083b69  _cosf                                 
0     00083bca  _sin                                  
0     00083bca  _sinf                                 
0     00083c22  _floor                                
0     00083c22  _floorf                               
0     00083c79  _c_int00                              
0     00083ccf  __system_post_cinit                   
0     00083cd0  _RFFT_f32_mag_TMU0                    
0     00083d1e  _round                                
0     00083d1e  _roundf                               
0     00083d56  C$$EXIT                               
0     00083d56  _abort                                
0     00083d58  _exit                                 
0     00083d7f  _InitPieCtrl                          
0     00083d9e  _EnableInterrupts                     
0     00083da7  _initFFT                              
0     00083dce  _InitPieVectTable                     
0     00083df4  _copy_in                              
0     00083e18  _memcpy                               
0     00083e36  __args_main                           
0     00083e4f  LL$$AND                               
0     00083e57  LL$$OR                                
0     00083e5f  LL$$XOR                               
0     00083e67  _memset                               
0     00083e73  __register_unlock                     
0     00083e77  __register_lock                       
0     00083e7b  __nop                                 
0     00083e84  __system_pre_init                     
0     00090000  _PieVectTableInit                     
1     00000b00  _AdcaResultRegs                       
1     00000b20  _AdcbResultRegs                       
1     00000b40  _AdccResultRegs                       
1     00000b60  _AdcdResultRegs                       
1     00000c00  _CpuTimer0Regs                        
1     00000c08  _CpuTimer1Regs                        
1     00000c10  _CpuTimer2Regs                        
1     00000ce0  _PieCtrlRegs                          
1     00000d00  _EmuKey                               
1     00000d00  _PieVectTable                         
1     00000d01  _EmuBMode                             
1     00001000  _DmaRegs                              
1     00001400  _Cla1Regs                             
1     00004000  _EPwm1Regs                            
1     00004100  _EPwm2Regs                            
1     00004200  _EPwm3Regs                            
1     00004300  _EPwm4Regs                            
1     00004400  _EPwm5Regs                            
1     00004500  _EPwm6Regs                            
1     00004600  _EPwm7Regs                            
1     00004700  _EPwm8Regs                            
1     00004800  _EPwm9Regs                            
1     00004900  _EPwm10Regs                           
1     00004a00  _EPwm11Regs                           
1     00004b00  _EPwm12Regs                           
1     00005000  _ECap1Regs                            
1     00005020  _ECap2Regs                            
1     00005040  _ECap3Regs                            
1     00005060  _ECap4Regs                            
1     00005080  _ECap5Regs                            
1     000050a0  _ECap6Regs                            
1     00005100  _EQep1Regs                            
1     00005140  _EQep2Regs                            
1     00005180  _EQep3Regs                            
1     00005c00  _DacaRegs                             
1     00005c10  _DacbRegs                             
1     00005c20  _DaccRegs                             
1     00005c80  _Cmpss1Regs                           
1     00005ca0  _Cmpss2Regs                           
1     00005cc0  _Cmpss3Regs                           
1     00005ce0  _Cmpss4Regs                           
1     00005d00  _Cmpss5Regs                           
1     00005d20  _Cmpss6Regs                           
1     00005d40  _Cmpss7Regs                           
1     00005d60  _Cmpss8Regs                           
1     00005e00  _Sdfm1Regs                            
1     00005e80  _Sdfm2Regs                            
1     00006000  _McbspaRegs                           
1     00006040  _McbspbRegs                           
1     00006100  _SpiaRegs                             
1     00006110  _SpibRegs                             
1     00006120  _SpicRegs                             
1     00007000  _WdRegs                               
1     00007060  _NmiIntruptRegs                       
1     00007070  _XintRegs                             
1     00007200  _SciaRegs                             
1     00007210  _ScibRegs                             
1     00007220  _ScicRegs                             
1     00007230  _ScidRegs                             
1     00007300  _I2caRegs                             
1     00007340  _I2cbRegs                             
1     00007400  _AdcaRegs                             
1     00007480  _AdcbRegs                             
1     00007500  _AdccRegs                             
1     00007580  _AdcdRegs                             
1     00007980  _DmaClaSrcSelRegs                     
1     00007f00  _GpioDataRegs                         
1     0000e000  _RFFT2inBuff                          
1     0000e800  _RFFT2outBuff                         
1     0000f000  _RFFT2F32Coef                         
1     0000f800  _RFFT2magBuff                         
1     0000fc00  _RFFT2phaseBuff                       
1     00010000  _RFFTwindow                           
1     00013000  _CircularBuffer1                      
1     00013800  _CircularBuffer3                      
1     00014000  _CircularBuffer5                      
1     0003f800  _fo_est_cpu2                          
1     0003f80e  _fo_n_cpu2                            
1     0003fc00  _g_asIPCCPU2toCPU1Buffers             
1     0003fc80  _g_usPutWriteIndexes                  
1     0003fc84  _g_usGetReadIndexes                   
1     00047000  _Emif1Regs                            
1     00047800  _Emif2Regs                            
1     00050000  _IpcRegs                              
1     00050024  _FlashPumpSemaphoreRegs               
1     0005d200  _ClkCfgRegs                           
1     0005d300  _CpuSysRegs                           
1     0005f000  _DcsmZ1Regs                           
1     0005f040  _DcsmZ2Regs                           
1     0005f070  _DcsmCommonRegs                       
1     0005f400  _MemCfgRegs                           
1     0005f480  _Emif1ConfigRegs                      
1     0005f4c0  _AccessProtectionRegs                 
1     0005f500  _MemoryErrorRegs                      
1     0005f800  _Flash0CtrlRegs                       
1     0005fb00  _Flash0EccRegs                        
1     00078000  _DcsmZ1Otp                            
1     00078200  _DcsmZ2Otp                            
abs   00000200  __STACK_SIZE                          
abs   0000020e  _RamfuncsLoadSize                     
abs   0000020e  _RamfuncsRunSize                      
abs   ffffffff  .text                                 
abs   ffffffff  ___TI_pprof_out_hndl                  
abs   ffffffff  ___TI_prof_data_size                  
abs   ffffffff  ___TI_prof_data_start                 
abs   ffffffff  ___binit__                            
abs   ffffffff  ___c_args__                           
abs   ffffffff  ___etext__                            
abs   ffffffff  ___pinit__                            
abs   ffffffff  ___text__                             
abs   ffffffff  binit                                 
abs   ffffffff  etext                                 
abs   ffffffff  pinit                                 

[427 symbols]
