******************************************************************************
             TMS320C2000 Linker PC v18.1.1                     
******************************************************************************
>> Linked Tue Nov 20 02:14:05 2018

OUTPUT FILE NAME:   <senior_main_cpu02.out>
ENTRY POINT SYMBOL: "_c_int00"  address: 00083b4a


MEMORY CONFIGURATION

         name            origin    length      used     unused   attr    fill
----------------------  --------  ---------  --------  --------  ----  --------
PAGE 0:
  BOOT_RSVD             00000002   0000007e  00000004  0000007a  RWIX
  RAMM0                 00000122   000002de  00000000  000002de  RWIX
  RAMM1                 00000400   00000400  00000200  00000200  RWIX
  CLA1_MSGRAML          00001480   00000080  00000000  00000080  RWIX
  CLA1_MSGRAMH          00001500   00000080  00000000  00000080  RWIX
  RAMLS0                00008000   00000800  00000000  00000800  RWIX
  RAMLS1                00008800   00000800  00000000  00000800  RWIX
  RAMLS2                00009000   00000800  00000000  00000800  RWIX
  RAMLS3                00009800   00000800  00000142  000006be  RWIX
  RAMLS4                0000a000   00000800  00000068  00000798  RWIX
  RAMLS5                0000a800   00000800  00000000  00000800  RWIX
  RAMD0                 0000b000   00000800  00000000  00000800  RWIX
  RAMD1                 0000b800   00000800  00000000  00000800  RWIX
  BEGIN                 00080000   00000002  00000002  00000000  RWIX
  FLASHA                00080002   00001ffe  00000000  00001ffe  RWIX
  FLASHB                00082000   00002000  00001e94  0000016c  RWIX
  FLASHC                00084000   00002000  00000000  00002000  RWIX
  FLASHD                00086000   00002000  00000000  00002000  RWIX
  FLASHE                00088000   00008000  00000000  00008000  RWIX
  FLASHF                00090000   00008000  000001d2  00007e2e  RWIX
  FLASHG                00098000   00008000  00000000  00008000  RWIX
  FLASHH                000a0000   00008000  00000000  00008000  RWIX
  FLASHI                000a8000   00008000  00000000  00008000  RWIX
  FLASHJ                000b0000   00008000  00000000  00008000  RWIX
  FLASHK                000b8000   00002000  00000000  00002000  RWIX
  FLASHL                000ba000   00002000  00000000  00002000  RWIX
  FLASHM                000bc000   00002000  00000000  00002000  RWIX
  FLASHN                000be000   00002000  00000000  00002000  RWIX
  RESET                 003fffc0   00000002  00000000  00000002  RWIX

PAGE 1:
  ADCA_RESULT           00000b00   00000020  00000018  00000008  RWIX
  ADCB_RESULT           00000b20   00000020  00000018  00000008  RWIX
  ADCC_RESULT           00000b40   00000020  00000018  00000008  RWIX
  ADCD_RESULT           00000b60   00000020  00000018  00000008  RWIX
  CPU_TIMER0            00000c00   00000008  00000008  00000000  RWIX
  CPU_TIMER1            00000c08   00000008  00000008  00000000  RWIX
  CPU_TIMER2            00000c10   00000008  00000008  00000000  RWIX
  PIE_CTRL              00000ce0   00000020  0000001a  00000006  RWIX
  PIE_VECT              00000d00   00000200  000001c0  00000040  RWIX
  DMA                   00001000   00000200  000000e0  00000120  RWIX
  CLA1                  00001400   00000040  0000003e  00000002  RWIX
  EPWM1                 00004000   00000100  00000100  00000000  RWIX
  EPWM2                 00004100   00000100  00000100  00000000  RWIX
  EPWM3                 00004200   00000100  00000100  00000000  RWIX
  EPWM4                 00004300   00000100  00000100  00000000  RWIX
  EPWM5                 00004400   00000100  00000100  00000000  RWIX
  EPWM6                 00004500   00000100  00000100  00000000  RWIX
  EPWM7                 00004600   00000100  00000100  00000000  RWIX
  EPWM8                 00004700   00000100  00000100  00000000  RWIX
  EPWM9                 00004800   00000100  00000100  00000000  RWIX
  EPWM10                00004900   00000100  00000100  00000000  RWIX
  EPWM11                00004a00   00000100  00000100  00000000  RWIX
  EPWM12                00004b00   00000100  00000100  00000000  RWIX
  ECAP1                 00005000   00000020  00000020  00000000  RWIX
  ECAP2                 00005020   00000020  00000020  00000000  RWIX
  ECAP3                 00005040   00000020  00000020  00000000  RWIX
  ECAP4                 00005060   00000020  00000020  00000000  RWIX
  ECAP5                 00005080   00000020  00000020  00000000  RWIX
  ECAP6                 000050a0   00000020  00000020  00000000  RWIX
  EQEP1                 00005100   00000040  00000022  0000001e  RWIX
  EQEP2                 00005140   00000040  00000022  0000001e  RWIX
  EQEP3                 00005180   00000040  00000022  0000001e  RWIX
  DACA                  00005c00   00000010  00000008  00000008  RWIX
  DACB                  00005c10   00000010  00000008  00000008  RWIX
  DACC                  00005c20   00000010  00000008  00000008  RWIX
  CMPSS1                00005c80   00000020  00000020  00000000  RWIX
  CMPSS2                00005ca0   00000020  00000020  00000000  RWIX
  CMPSS3                00005cc0   00000020  00000020  00000000  RWIX
  CMPSS4                00005ce0   00000020  00000020  00000000  RWIX
  CMPSS5                00005d00   00000020  00000020  00000000  RWIX
  CMPSS6                00005d20   00000020  00000020  00000000  RWIX
  CMPSS7                00005d40   00000020  00000020  00000000  RWIX
  CMPSS8                00005d60   00000020  00000020  00000000  RWIX
  SDFM1                 00005e00   00000080  00000080  00000000  RWIX
  SDFM2                 00005e80   00000080  00000080  00000000  RWIX
  MCBSPA                00006000   00000040  00000024  0000001c  RWIX
  MCBSPB                00006040   00000040  00000024  0000001c  RWIX
  SPIA                  00006100   00000010  00000010  00000000  RWIX
  SPIB                  00006110   00000010  00000010  00000000  RWIX
  SPIC                  00006120   00000010  00000010  00000000  RWIX
  SPID                  00006130   00000010  00000000  00000010  RWIX
  WD                    00007000   00000040  0000002b  00000015  RWIX
  NMIINTRUPT            00007060   00000010  00000007  00000009  RWIX
  XINT                  00007070   00000010  0000000b  00000005  RWIX
  SCIA                  00007200   00000010  00000010  00000000  RWIX
  SCIB                  00007210   00000010  00000010  00000000  RWIX
  SCIC                  00007220   00000010  00000010  00000000  RWIX
  SCID                  00007230   00000010  00000010  00000000  RWIX
  I2CA                  00007300   00000040  00000022  0000001e  RWIX
  I2CB                  00007340   00000040  00000022  0000001e  RWIX
  ADCA                  00007400   00000080  00000080  00000000  RWIX
  ADCB                  00007480   00000080  00000080  00000000  RWIX
  ADCC                  00007500   00000080  00000080  00000000  RWIX
  ADCD                  00007580   00000080  00000080  00000000  RWIX
  DMACLASRCSEL          00007980   00000040  0000001a  00000026  RWIX
  GPIOCTRL              00007c00   00000180  00000000  00000180  RWIX
  GPIODAT               00007f00   00000030  00000030  00000000  RWIX
  RAMGS0                0000c000   00001000  00000000  00001000  RWIX
  RAMGS1                0000d000   00001000  00000000  00001000  RWIX
  RAMGS2                0000e000   00001000  00001000  00000000  RWIX
  RAMGS3                0000f000   00001000  00001000  00000000  RWIX
  RAMGS4                00010000   00001000  00000400  00000c00  RWIX
  RAMGS5                00011000   00001000  00000000  00001000  RWIX
  RAMGS6                00012000   00001000  00000000  00001000  RWIX
  RAMGS7                00013000   00001000  00001000  00000000  RWIX
  RAMGS8                00014000   00001000  00000800  00000800  RWIX
  RAMGS9                00015000   00001000  00000000  00001000  RWIX
  RAMGS10               00016000   00001000  00000000  00001000  RWIX
  RAMGS11               00017000   00001000  00000000  00001000  RWIX
  RAMGS12               00018000   00001000  00000000  00001000  RWIX
  RAMGS13               00019000   00001000  00000000  00001000  RWIX
  RAMGS14               0001a000   00001000  00000000  00001000  RWIX
  RAMGS15               0001b000   00001000  00000000  00001000  RWIX
  CPU2TOCPU1RAM         0003f800   00000400  0000000e  000003f2  RWIX
  CPU1TOCPU2RAM         0003fc00   00000400  00000088  00000378  RWIX
  EMIF1                 00047000   00000800  00000070  00000790  RWIX
  EMIF2                 00047800   00000800  00000070  00000790  RWIX
  CANA                  00048000   00000800  00000000  00000800  RWIX
  CANB                  0004a000   00000800  00000000  00000800  RWIX
  IPC                   00050000   00000024  00000024  00000000  RWIX
  FLASHPUMPSEMAPHORE    00050024   00000002  00000002  00000000  RWIX
  CLK_CFG               0005d200   00000100  00000032  000000ce  RWIX
  CPU_SYS               0005d300   00000100  00000082  0000007e  RWIX
  DCSM_Z1               0005f000   00000030  00000024  0000000c  RWIX
  DCSM_Z2               0005f040   00000030  00000024  0000000c  RWIX
  DCSM_COMMON           0005f070   00000010  00000008  00000008  RWIX
  MEMCFG                0005f400   00000080  00000080  00000000  RWIX
  EMIF1CONFIG           0005f480   00000020  00000020  00000000  RWIX
  ACCESSPROTECTION      0005f4c0   00000040  00000040  00000000  RWIX
  MEMORYERROR           0005f500   00000040  00000040  00000000  RWIX
  FLASH0_CTRL           0005f800   00000300  00000182  0000017e  RWIX
  FLASH0_ECC            0005fb00   00000040  00000028  00000018  RWIX
  DCSM_Z1_OTP           00078000   00000020  00000002  0000001e  RWIX
  DCSM_Z2_OTP           00078200   00000020  00000002  0000001e  RWIX


SECTION ALLOCATION MAP

 output                                  attributes/
section   page    origin      length       input sections
--------  ----  ----------  ----------   ----------------
.stack     0    00000400    00000200     UNINITIALIZED
                  00000400    00000200     --HOLE--

.ebss      0    0000a000    00000068     UNINITIALIZED
                  0000a000    00000030     Senior_FFT.obj (.ebss)
                  0000a030    00000006     rts2800_fpu32.lib : exit.c.obj (.ebss)
                  0000a036    00000002                       : _lock.c.obj (.ebss:__lock)
                  0000a038    00000002                       : _lock.c.obj (.ebss:__unlock)
                  0000a03a    00000001                       : errno.c.obj (.ebss)
                  0000a03b    00000005     --HOLE--
                  0000a040    00000028     senior_main_cpu2.obj (.ebss)

AdcaResultFile 
*          1    00000b00    00000018     UNINITIALIZED
                  00000b00    00000018     F2837xD_GlobalVariableDefs.obj (AdcaResultFile)

AdcbResultFile 
*          1    00000b20    00000018     UNINITIALIZED
                  00000b20    00000018     F2837xD_GlobalVariableDefs.obj (AdcbResultFile)

AdccResultFile 
*          1    00000b40    00000018     UNINITIALIZED
                  00000b40    00000018     F2837xD_GlobalVariableDefs.obj (AdccResultFile)

AdcdResultFile 
*          1    00000b60    00000018     UNINITIALIZED
                  00000b60    00000018     F2837xD_GlobalVariableDefs.obj (AdcdResultFile)

CpuTimer0RegsFile 
*          1    00000c00    00000008     UNINITIALIZED
                  00000c00    00000008     F2837xD_GlobalVariableDefs.obj (CpuTimer0RegsFile)

CpuTimer1RegsFile 
*          1    00000c08    00000008     UNINITIALIZED
                  00000c08    00000008     F2837xD_GlobalVariableDefs.obj (CpuTimer1RegsFile)

CpuTimer2RegsFile 
*          1    00000c10    00000008     UNINITIALIZED
                  00000c10    00000008     F2837xD_GlobalVariableDefs.obj (CpuTimer2RegsFile)

PieCtrlRegsFile 
*          1    00000ce0    0000001a     UNINITIALIZED
                  00000ce0    0000001a     F2837xD_GlobalVariableDefs.obj (PieCtrlRegsFile)

PieVectTableFile 
*          1    00000d00    000001c0     UNINITIALIZED
                  00000d00    000001c0     F2837xD_GlobalVariableDefs.obj (PieVectTableFile)

EmuKeyVar 
*          1    00000d00    00000001     UNINITIALIZED
                  00000d00    00000001     F2837xD_GlobalVariableDefs.obj (EmuKeyVar)

EmuBModeVar 
*          1    00000d01    00000001     UNINITIALIZED
                  00000d01    00000001     F2837xD_GlobalVariableDefs.obj (EmuBModeVar)

DmaRegsFile 
*          1    00001000    000000e0     UNINITIALIZED
                  00001000    000000e0     F2837xD_GlobalVariableDefs.obj (DmaRegsFile)

EPwm1RegsFile 
*          1    00004000    00000100     UNINITIALIZED
                  00004000    00000100     F2837xD_GlobalVariableDefs.obj (EPwm1RegsFile)

EPwm2RegsFile 
*          1    00004100    00000100     UNINITIALIZED
                  00004100    00000100     F2837xD_GlobalVariableDefs.obj (EPwm2RegsFile)

EPwm3RegsFile 
*          1    00004200    00000100     UNINITIALIZED
                  00004200    00000100     F2837xD_GlobalVariableDefs.obj (EPwm3RegsFile)

EPwm4RegsFile 
*          1    00004300    00000100     UNINITIALIZED
                  00004300    00000100     F2837xD_GlobalVariableDefs.obj (EPwm4RegsFile)

EPwm5RegsFile 
*          1    00004400    00000100     UNINITIALIZED
                  00004400    00000100     F2837xD_GlobalVariableDefs.obj (EPwm5RegsFile)

EPwm6RegsFile 
*          1    00004500    00000100     UNINITIALIZED
                  00004500    00000100     F2837xD_GlobalVariableDefs.obj (EPwm6RegsFile)

EPwm7RegsFile 
*          1    00004600    00000100     UNINITIALIZED
                  00004600    00000100     F2837xD_GlobalVariableDefs.obj (EPwm7RegsFile)

EPwm8RegsFile 
*          1    00004700    00000100     UNINITIALIZED
                  00004700    00000100     F2837xD_GlobalVariableDefs.obj (EPwm8RegsFile)

EPwm9RegsFile 
*          1    00004800    00000100     UNINITIALIZED
                  00004800    00000100     F2837xD_GlobalVariableDefs.obj (EPwm9RegsFile)

EPwm10RegsFile 
*          1    00004900    00000100     UNINITIALIZED
                  00004900    00000100     F2837xD_GlobalVariableDefs.obj (EPwm10RegsFile)

EPwm11RegsFile 
*          1    00004a00    00000100     UNINITIALIZED
                  00004a00    00000100     F2837xD_GlobalVariableDefs.obj (EPwm11RegsFile)

EPwm12RegsFile 
*          1    00004b00    00000100     UNINITIALIZED
                  00004b00    00000100     F2837xD_GlobalVariableDefs.obj (EPwm12RegsFile)

ECap1RegsFile 
*          1    00005000    00000020     UNINITIALIZED
                  00005000    00000020     F2837xD_GlobalVariableDefs.obj (ECap1RegsFile)

ECap2RegsFile 
*          1    00005020    00000020     UNINITIALIZED
                  00005020    00000020     F2837xD_GlobalVariableDefs.obj (ECap2RegsFile)

ECap3RegsFile 
*          1    00005040    00000020     UNINITIALIZED
                  00005040    00000020     F2837xD_GlobalVariableDefs.obj (ECap3RegsFile)

ECap4RegsFile 
*          1    00005060    00000020     UNINITIALIZED
                  00005060    00000020     F2837xD_GlobalVariableDefs.obj (ECap4RegsFile)

ECap5RegsFile 
*          1    00005080    00000020     UNINITIALIZED
                  00005080    00000020     F2837xD_GlobalVariableDefs.obj (ECap5RegsFile)

ECap6RegsFile 
*          1    000050a0    00000020     UNINITIALIZED
                  000050a0    00000020     F2837xD_GlobalVariableDefs.obj (ECap6RegsFile)

EQep1RegsFile 
*          1    00005100    00000022     UNINITIALIZED
                  00005100    00000022     F2837xD_GlobalVariableDefs.obj (EQep1RegsFile)

EQep2RegsFile 
*          1    00005140    00000022     UNINITIALIZED
                  00005140    00000022     F2837xD_GlobalVariableDefs.obj (EQep2RegsFile)

EQep3RegsFile 
*          1    00005180    00000022     UNINITIALIZED
                  00005180    00000022     F2837xD_GlobalVariableDefs.obj (EQep3RegsFile)

DacaRegsFile 
*          1    00005c00    00000008     UNINITIALIZED
                  00005c00    00000008     F2837xD_GlobalVariableDefs.obj (DacaRegsFile)

DacbRegsFile 
*          1    00005c10    00000008     UNINITIALIZED
                  00005c10    00000008     F2837xD_GlobalVariableDefs.obj (DacbRegsFile)

DaccRegsFile 
*          1    00005c20    00000008     UNINITIALIZED
                  00005c20    00000008     F2837xD_GlobalVariableDefs.obj (DaccRegsFile)

Sdfm1RegsFile 
*          1    00005e00    00000080     UNINITIALIZED
                  00005e00    00000080     F2837xD_GlobalVariableDefs.obj (Sdfm1RegsFile)

Sdfm2RegsFile 
*          1    00005e80    00000080     UNINITIALIZED
                  00005e80    00000080     F2837xD_GlobalVariableDefs.obj (Sdfm2RegsFile)

McbspaRegsFile 
*          1    00006000    00000024     UNINITIALIZED
                  00006000    00000024     F2837xD_GlobalVariableDefs.obj (McbspaRegsFile)

McbspbRegsFile 
*          1    00006040    00000024     UNINITIALIZED
                  00006040    00000024     F2837xD_GlobalVariableDefs.obj (McbspbRegsFile)

SpiaRegsFile 
*          1    00006100    00000010     UNINITIALIZED
                  00006100    00000010     F2837xD_GlobalVariableDefs.obj (SpiaRegsFile)

SpibRegsFile 
*          1    00006110    00000010     UNINITIALIZED
                  00006110    00000010     F2837xD_GlobalVariableDefs.obj (SpibRegsFile)

SpicRegsFile 
*          1    00006120    00000010     UNINITIALIZED
                  00006120    00000010     F2837xD_GlobalVariableDefs.obj (SpicRegsFile)

WdRegsFile 
*          1    00007000    0000002b     UNINITIALIZED
                  00007000    0000002b     F2837xD_GlobalVariableDefs.obj (WdRegsFile)

NmiIntruptRegsFile 
*          1    00007060    00000007     UNINITIALIZED
                  00007060    00000007     F2837xD_GlobalVariableDefs.obj (NmiIntruptRegsFile)

XintRegsFile 
*          1    00007070    0000000b     UNINITIALIZED
                  00007070    0000000b     F2837xD_GlobalVariableDefs.obj (XintRegsFile)

SciaRegsFile 
*          1    00007200    00000010     UNINITIALIZED
                  00007200    00000010     F2837xD_GlobalVariableDefs.obj (SciaRegsFile)

ScibRegsFile 
*          1    00007210    00000010     UNINITIALIZED
                  00007210    00000010     F2837xD_GlobalVariableDefs.obj (ScibRegsFile)

ScicRegsFile 
*          1    00007220    00000010     UNINITIALIZED
                  00007220    00000010     F2837xD_GlobalVariableDefs.obj (ScicRegsFile)

ScidRegsFile 
*          1    00007230    00000010     UNINITIALIZED
                  00007230    00000010     F2837xD_GlobalVariableDefs.obj (ScidRegsFile)

I2caRegsFile 
*          1    00007300    00000022     UNINITIALIZED
                  00007300    00000022     F2837xD_GlobalVariableDefs.obj (I2caRegsFile)

I2cbRegsFile 
*          1    00007340    00000022     UNINITIALIZED
                  00007340    00000022     F2837xD_GlobalVariableDefs.obj (I2cbRegsFile)

AdcaRegsFile 
*          1    00007400    00000080     UNINITIALIZED
                  00007400    00000080     F2837xD_GlobalVariableDefs.obj (AdcaRegsFile)

AdcbRegsFile 
*          1    00007480    00000080     UNINITIALIZED
                  00007480    00000080     F2837xD_GlobalVariableDefs.obj (AdcbRegsFile)

AdccRegsFile 
*          1    00007500    00000080     UNINITIALIZED
                  00007500    00000080     F2837xD_GlobalVariableDefs.obj (AdccRegsFile)

AdcdRegsFile 
*          1    00007580    00000080     UNINITIALIZED
                  00007580    00000080     F2837xD_GlobalVariableDefs.obj (AdcdRegsFile)

Cla1RegsFile 
*          1    00001400    0000003e     UNINITIALIZED
                  00001400    0000003e     F2837xD_GlobalVariableDefs.obj (Cla1RegsFile)

Cla1SoftIntRegsFile 
*          1    00000ce0    00000004     DSECT
                  00000ce0    00000004     F2837xD_GlobalVariableDefs.obj (Cla1SoftIntRegsFile)

Cmpss1RegsFile 
*          1    00005c80    00000020     UNINITIALIZED
                  00005c80    00000020     F2837xD_GlobalVariableDefs.obj (Cmpss1RegsFile)

Cmpss2RegsFile 
*          1    00005ca0    00000020     UNINITIALIZED
                  00005ca0    00000020     F2837xD_GlobalVariableDefs.obj (Cmpss2RegsFile)

Cmpss3RegsFile 
*          1    00005cc0    00000020     UNINITIALIZED
                  00005cc0    00000020     F2837xD_GlobalVariableDefs.obj (Cmpss3RegsFile)

Cmpss4RegsFile 
*          1    00005ce0    00000020     UNINITIALIZED
                  00005ce0    00000020     F2837xD_GlobalVariableDefs.obj (Cmpss4RegsFile)

Cmpss5RegsFile 
*          1    00005d00    00000020     UNINITIALIZED
                  00005d00    00000020     F2837xD_GlobalVariableDefs.obj (Cmpss5RegsFile)

Cmpss6RegsFile 
*          1    00005d20    00000020     UNINITIALIZED
                  00005d20    00000020     F2837xD_GlobalVariableDefs.obj (Cmpss6RegsFile)

Cmpss7RegsFile 
*          1    00005d40    00000020     UNINITIALIZED
                  00005d40    00000020     F2837xD_GlobalVariableDefs.obj (Cmpss7RegsFile)

Cmpss8RegsFile 
*          1    00005d60    00000020     UNINITIALIZED
                  00005d60    00000020     F2837xD_GlobalVariableDefs.obj (Cmpss8RegsFile)

DmaClaSrcSelRegsFile 
*          1    00007980    0000001a     UNINITIALIZED
                  00007980    0000001a     F2837xD_GlobalVariableDefs.obj (DmaClaSrcSelRegsFile)

RFFT2F32Coef 
*          1    0000f000    00000800     UNINITIALIZED
                  0000f000    00000800     Senior_FFT.obj (RFFT2F32Coef)

Emif1RegsFile 
*          1    00047000    00000070     UNINITIALIZED
                  00047000    00000070     F2837xD_GlobalVariableDefs.obj (Emif1RegsFile)

Emif2RegsFile 
*          1    00047800    00000070     UNINITIALIZED
                  00047800    00000070     F2837xD_GlobalVariableDefs.obj (Emif2RegsFile)

DcsmZ1RegsFile 
*          1    0005f000    00000024     UNINITIALIZED
                  0005f000    00000024     F2837xD_GlobalVariableDefs.obj (DcsmZ1RegsFile)

DcsmZ2RegsFile 
*          1    0005f040    00000024     UNINITIALIZED
                  0005f040    00000024     F2837xD_GlobalVariableDefs.obj (DcsmZ2RegsFile)

DcsmCommonRegsFile 
*          1    0005f070    00000008     UNINITIALIZED
                  0005f070    00000008     F2837xD_GlobalVariableDefs.obj (DcsmCommonRegsFile)

Flash0CtrlRegsFile 
*          1    0005f800    00000182     UNINITIALIZED
                  0005f800    00000182     F2837xD_GlobalVariableDefs.obj (Flash0CtrlRegsFile)

Flash0EccRegsFile 
*          1    0005fb00    00000028     UNINITIALIZED
                  0005fb00    00000028     F2837xD_GlobalVariableDefs.obj (Flash0EccRegsFile)

DcsmZ1OtpFile 
*          1    00078000    00000002     NOLOAD SECTION
                  00078000    00000002     F2837xD_GlobalVariableDefs.obj (DcsmZ1OtpFile)

DcsmZ2OtpFile 
*          1    00078200    00000002     NOLOAD SECTION
                  00078200    00000002     F2837xD_GlobalVariableDefs.obj (DcsmZ2OtpFile)

GpioDataRegsFile 
*          1    00007f00    00000030     UNINITIALIZED
                  00007f00    00000030     F2837xD_GlobalVariableDefs.obj (GpioDataRegsFile)

IpcRegsFile 
*          1    00050000    00000024     UNINITIALIZED
                  00050000    00000024     F2837xD_GlobalVariableDefs.obj (IpcRegsFile)

FlashPumpSemaphoreRegsFile 
*          1    00050024    00000002     UNINITIALIZED
                  00050024    00000002     F2837xD_GlobalVariableDefs.obj (FlashPumpSemaphoreRegsFile)

MemCfgRegsFile 
*          1    0005f400    00000080     UNINITIALIZED
                  0005f400    00000080     F2837xD_GlobalVariableDefs.obj (MemCfgRegsFile)

Emif1ConfigRegsFile 
*          1    0005f480    00000020     UNINITIALIZED
                  0005f480    00000020     F2837xD_GlobalVariableDefs.obj (Emif1ConfigRegsFile)

AccessProtectionRegsFile 
*          1    0005f4c0    00000040     UNINITIALIZED
                  0005f4c0    00000040     F2837xD_GlobalVariableDefs.obj (AccessProtectionRegsFile)

MemoryErrorRegsFile 
*          1    0005f500    00000040     UNINITIALIZED
                  0005f500    00000040     F2837xD_GlobalVariableDefs.obj (MemoryErrorRegsFile)

ClkCfgRegsFile 
*          1    0005d200    00000032     UNINITIALIZED
                  0005d200    00000032     F2837xD_GlobalVariableDefs.obj (ClkCfgRegsFile)

CpuSysRegsFile 
*          1    0005d300    00000082     UNINITIALIZED
                  0005d300    00000082     F2837xD_GlobalVariableDefs.obj (CpuSysRegsFile)

.cinit     0    00082000    0000048d     
                  00082000    00000445     Senior_FFT.obj (.cinit)
                  00082445    0000002a     senior_main_cpu2.obj (.cinit)
                  0008246f    0000000e     rts2800_fpu32.lib : exit.c.obj (.cinit)
                  0008247d    00000005                       : _lock.c.obj (.cinit:__lock)
                  00082482    00000005                       : _lock.c.obj (.cinit:__unlock)
                  00082487    00000004                       : errno.c.obj (.cinit)
                  0008248b    00000002     --HOLE-- [fill = 0]

.pinit     0    00082000    00000000     UNINITIALIZED

codestart 
*          0    00080000    00000002     
                  00080000    00000002     F2837xD_CodeStartBranch.obj (codestart)

.reset     0    003fffc0    00000002     DSECT
                  003fffc0    00000002     rts2800_fpu32.lib : boot28.asm.obj (.reset)

.TI.ramfunc 
*          0    00083d58    00000142     RUN ADDR = 00009800
                  00083d58    0000010b     senior_main_cpu2.obj (.TI.ramfunc:retain)
                  00083e63    00000037     F2837xD_SysCtrl.obj (.TI.ramfunc)

PUTBUFFER 
*          1    0003fc00    00000080     UNINITIALIZED
                  0003fc00    00000080     F2837xD_Ipc_Driver.obj (PUTBUFFER)

PUTWRITEIDX 
*          1    0003fc80    00000004     UNINITIALIZED
                  0003fc80    00000004     F2837xD_Ipc_Driver.obj (PUTWRITEIDX)

GETREADIDX 
*          1    0003fc84    00000004     UNINITIALIZED
                  0003fc84    00000004     F2837xD_Ipc_Driver.obj (GETREADIDX)

GETBUFFER 
*          0    0003f800    00000080     DSECT
                  0003f800    00000080     F2837xD_Ipc_Driver.obj (GETBUFFER)

GETWRITEIDX 
*          0    0003f880    00000004     DSECT
                  0003f880    00000004     F2837xD_Ipc_Driver.obj (GETWRITEIDX)

PUTREADIDX 
*          0    0003f884    00000004     DSECT
                  0003f884    00000004     F2837xD_Ipc_Driver.obj (PUTREADIDX)

RFFT2Input 
*          1    0000e000    00000800     UNINITIALIZED
                  0000e000    00000800     Senior_FFT.obj (RFFT2Input)

RFFT2Output 
*          1    0000e800    00000800     UNINITIALIZED
                  0000e800    00000800     Senior_FFT.obj (RFFT2Output)

RFFT2Magnitude 
*          1    0000f800    00000400     UNINITIALIZED
                  0000f800    00000400     Senior_FFT.obj (RFFT2Magnitude)

RFFT2Phase 
*          1    0000fc00    00000400     UNINITIALIZED
                  0000fc00    00000400     Senior_FFT.obj (RFFT2Phase)

RFFTwindow 
*          1    00010000    00000400     UNINITIALIZED
                  00010000    00000400     Senior_FFT.obj (RFFTwindow)

CircBuff1 
*          1    00013000    00000800     UNINITIALIZED
                  00013000    00000800     senior_main_cpu2.obj (CircBuff1)

CircBuff3 
*          1    00013800    00000800     UNINITIALIZED
                  00013800    00000800     senior_main_cpu2.obj (CircBuff3)

CircBuff5 
*          1    00014000    00000800     UNINITIALIZED
                  00014000    00000800     senior_main_cpu2.obj (CircBuff5)

FECPU2     1    0003f800    0000000e     UNINITIALIZED
                  0003f800    0000000e     Senior_FFT.obj (FECPU2)

ramfuncs   0    00000002    00000004     
                  00000002    00000004     F2837xD_usDelay.obj (ramfuncs)

.text      0    00082490    000018c5     
                  00082490    00000590     F2837xD_DefaultISR.obj (.text:retain)
                  00082a20    00000406     F2837xD_Dma.obj (.text)
                  00082e26    0000021f     F2837xD_SysCtrl.obj (.text)
                  00083045    0000016b     senior_main_cpu2.obj (.text)
                  000831b0    0000012b     rts2800_fpu32.lib : e_logf.c.obj (.text)
                  000832db    00000001                       : startup.c.obj (.text)
                  000832dc    0000011d     c28x_fpu_dsp_library.lib : RFFT_f32.obj (.text)
                  000833f9    000000f3     Senior_FFT.obj (.text)
                  000834ec    000000dd     F2837xD_Adc.obj (.text)
                  000835c9    000000dc     Senior_ePWM.obj (.text)
                  000836a5    000000cb     Senior_DMA.obj (.text)
                  00083770    000000ad     F2837xD_Ipc.obj (.text)
                  0008381d    000000a4     Senior_ADC.obj (.text)
                  000838c1    00000088     rts2800_fpu32.lib : fs_div28.asm.obj (.text)
                  00083949    00000001     --HOLE-- [fill = 0]
                  0008394a    00000086     c28x_fpu_dsp_library.lib : RFFT_f32_phase_TMU0.obj (.text)
                  000839d0    0000006a                              : RFFT_f32_sincostable.obj (.text)
                  00083a3a    00000061     rts2800_fpu32.lib : s_cosf.c.obj (.text)
                  00083a9b    00000058                       : s_sinf.c.obj (.text)
                  00083af3    00000057                       : s_floorf.c.obj (.text)
                  00083b4a    00000056                       : boot28.asm.obj (.text)
                  00083ba0    0000004e     c28x_fpu_dsp_library.lib : RFFT_f32_mag_TMU0.obj (.text)
                  00083bee    00000038     rts2800_fpu32.lib : s_roundf.c.obj (.text)
                  00083c26    00000029                       : exit.c.obj (.text)
                  00083c4f    00000028     F2837xD_PieCtrl.obj (.text)
                  00083c77    00000026     F2837xD_PieVect.obj (.text)
                  00083c9d    00000001     --HOLE-- [fill = 0]
                  00083c9e    00000025     c28x_fpu_dsp_library.lib : RFFT_f32_win.obj (.text)
                  00083cc3    00000024     rts2800_fpu32.lib : cpy_tbl.c.obj (.text)
                  00083ce7    0000001e                       : memcpy.c.obj (.text)
                  00083d05    00000019                       : args_main.c.obj (.text)
                  00083d1e    00000018                       : ll_aox28.asm.obj (.text)
                  00083d36    0000000c                       : memset.c.obj (.text)
                  00083d42    00000009                       : _lock.c.obj (.text)
                  00083d4b    00000008     F2837xD_CodeStartBranch.obj (.text)
                  00083d53    00000002     rts2800_fpu32.lib : pre_init.c.obj (.text)

.econst    0    00090000    000001d2     
                  00090000    000001c0     F2837xD_PieVect.obj (.econst:_PieVectTableInit)
                  000901c0    00000010     rts2800_fpu32.lib : e_logf.c.obj (.econst)
                  000901d0    00000002                       : s_floorf.c.obj (.econst)

MODULE SUMMARY

       Module                           code   initialized data   uninitialized data
       ------                           ----   ----------------   ------------------
    .\
       senior_main_cpu2.obj             897    42                 6184              
    +--+--------------------------------+------+------------------+--------------------+
       Total:                           897    42                 6184              
                                                                                    
    .\Senior Source\
       Senior_FFT.obj                   243    1093               9278              
       Senior_ePWM.obj                  220    0                  0                 
       Senior_DMA.obj                   203    0                  0                 
       Senior_ADC.obj                   164    0                  0                 
    +--+--------------------------------+------+------------------+--------------------+
       Total:                           830    1093               9278              
                                                                                    
    .\Source\
       F2837xD_GlobalVariableDefs.obj   0      0                  6923              
       F2837xD_DefaultISR.obj           1424   0                  0                 
       F2837xD_Dma.obj                  1030   0                  0                 
       F2837xD_SysCtrl.obj              653    0                  0                 
       F2837xD_PieVect.obj              38     448                0                 
       F2837xD_Adc.obj                  221    0                  0                 
       F2837xD_Ipc.obj                  173    0                  0                 
       F2837xD_Ipc_Driver.obj           0      0                  136               
       F2837xD_PieCtrl.obj              40     0                  0                 
       F2837xD_CodeStartBranch.obj      10     0                  0                 
       F2837xD_usDelay.obj              4      0                  0                 
    +--+--------------------------------+------+------------------+--------------------+
       Total:                           3593   448                7059              
                                                                                    
    C:/ti/ccsv8/tools/compiler/ti-cgt-c2000_18.1.1.LTS/lib/rts2800_fpu32.lib
       e_logf.c.obj                     299    16                 0                 
       fs_div28.asm.obj                 136    0                  0                 
       s_cosf.c.obj                     97     0                  0                 
       s_floorf.c.obj                   87     2                  0                 
       s_sinf.c.obj                     88     0                  0                 
       boot28.asm.obj                   86     0                  0                 
       exit.c.obj                       41     14                 6                 
       s_roundf.c.obj                   56     0                  0                 
       cpy_tbl.c.obj                    36     0                  0                 
       memcpy.c.obj                     30     0                  0                 
       args_main.c.obj                  25     0                  0                 
       ll_aox28.asm.obj                 24     0                  0                 
       _lock.c.obj                      9      10                 4                 
       memset.c.obj                     12     0                  0                 
       errno.c.obj                      0      4                  1                 
       pre_init.c.obj                   2      0                  0                 
       startup.c.obj                    1      0                  0                 
    +--+--------------------------------+------+------------------+--------------------+
       Total:                           1029   46                 11                
                                                                                    
    C:/ti/controlSUITE/libs/dsp/FPU/v1_50_00_00/lib/c28x_fpu_dsp_library.lib
       RFFT_f32.obj                     285    0                  0                 
       RFFT_f32_phase_TMU0.obj          134    0                  0                 
       RFFT_f32_sincostable.obj         106    0                  0                 
       RFFT_f32_mag_TMU0.obj            78     0                  0                 
       RFFT_f32_win.obj                 37     0                  0                 
    +--+--------------------------------+------+------------------+--------------------+
       Total:                           640    0                  0                 
                                                                                    
       Stack:                           0      0                  512               
    +--+--------------------------------+------+------------------+--------------------+
       Grand Total:                     6989   1629               23044             


GLOBAL DATA SYMBOLS: SORTED BY DATA PAGE

address     data page           name
--------    ----------------    ----
00000400      10 (00000400)     __stack

00000b00      2c (00000b00)     _AdcaResultRegs
00000b20      2c (00000b00)     _AdcbResultRegs

00000b40      2d (00000b40)     _AdccResultRegs
00000b60      2d (00000b40)     _AdcdResultRegs

00000c00      30 (00000c00)     _CpuTimer0Regs
00000c08      30 (00000c00)     _CpuTimer1Regs
00000c10      30 (00000c00)     _CpuTimer2Regs

00000ce0      33 (00000cc0)     _Cla1SoftIntRegs
00000ce0      33 (00000cc0)     _PieCtrlRegs

00000d00      34 (00000d00)     _EmuKey
00000d00      34 (00000d00)     _PieVectTable
00000d01      34 (00000d00)     _EmuBMode

00001000      40 (00001000)     _DmaRegs

00001400      50 (00001400)     _Cla1Regs

00004000     100 (00004000)     _EPwm1Regs

00004100     104 (00004100)     _EPwm2Regs

00004200     108 (00004200)     _EPwm3Regs

00004300     10c (00004300)     _EPwm4Regs

00004400     110 (00004400)     _EPwm5Regs

00004500     114 (00004500)     _EPwm6Regs

00004600     118 (00004600)     _EPwm7Regs

00004700     11c (00004700)     _EPwm8Regs

00004800     120 (00004800)     _EPwm9Regs

00004900     124 (00004900)     _EPwm10Regs

00004a00     128 (00004a00)     _EPwm11Regs

00004b00     12c (00004b00)     _EPwm12Regs

00005000     140 (00005000)     _ECap1Regs
00005020     140 (00005000)     _ECap2Regs

00005040     141 (00005040)     _ECap3Regs
00005060     141 (00005040)     _ECap4Regs

00005080     142 (00005080)     _ECap5Regs
000050a0     142 (00005080)     _ECap6Regs

00005100     144 (00005100)     _EQep1Regs

00005140     145 (00005140)     _EQep2Regs

00005180     146 (00005180)     _EQep3Regs

00005c00     170 (00005c00)     _DacaRegs
00005c10     170 (00005c00)     _DacbRegs
00005c20     170 (00005c00)     _DaccRegs

00005c80     172 (00005c80)     _Cmpss1Regs
00005ca0     172 (00005c80)     _Cmpss2Regs

00005cc0     173 (00005cc0)     _Cmpss3Regs
00005ce0     173 (00005cc0)     _Cmpss4Regs

00005d00     174 (00005d00)     _Cmpss5Regs
00005d20     174 (00005d00)     _Cmpss6Regs

00005d40     175 (00005d40)     _Cmpss7Regs
00005d60     175 (00005d40)     _Cmpss8Regs

00005e00     178 (00005e00)     _Sdfm1Regs

00005e80     17a (00005e80)     _Sdfm2Regs

00006000     180 (00006000)     _McbspaRegs

00006040     181 (00006040)     _McbspbRegs

00006100     184 (00006100)     _SpiaRegs
00006110     184 (00006100)     _SpibRegs
00006120     184 (00006100)     _SpicRegs

00007000     1c0 (00007000)     _WdRegs

00007060     1c1 (00007040)     _NmiIntruptRegs
00007070     1c1 (00007040)     _XintRegs

00007200     1c8 (00007200)     _SciaRegs
00007210     1c8 (00007200)     _ScibRegs
00007220     1c8 (00007200)     _ScicRegs
00007230     1c8 (00007200)     _ScidRegs

00007300     1cc (00007300)     _I2caRegs

00007340     1cd (00007340)     _I2cbRegs

00007400     1d0 (00007400)     _AdcaRegs

00007480     1d2 (00007480)     _AdcbRegs

00007500     1d4 (00007500)     _AdccRegs

00007580     1d6 (00007580)     _AdcdRegs

00007980     1e6 (00007980)     _DmaClaSrcSelRegs

00007f00     1fc (00007f00)     _GpioDataRegs

0000a000     280 (0000a000)     _magIndex
0000a002     280 (0000a000)     _n2pi
0000a004     280 (0000a000)     _handler_rfft2
0000a006     280 (0000a000)     _nSmall
0000a008     280 (0000a000)     _n
0000a00a     280 (0000a000)     _magMax
0000a00c     280 (0000a000)     _resFFT
0000a00e     280 (0000a000)     _absDiff
0000a010     280 (0000a000)     _smallest
0000a012     280 (0000a000)     _phaseDifference
0000a014     280 (0000a000)     _test_est
0000a016     280 (0000a000)     _rfft2
0000a022     280 (0000a000)     _fn
0000a030     280 (0000a000)     ___TI_enable_exit_profile_output
0000a032     280 (0000a000)     ___TI_cleanup_ptr
0000a034     280 (0000a000)     ___TI_dtors_ptr
0000a036     280 (0000a000)     __lock
0000a038     280 (0000a000)     __unlock
0000a03a     280 (0000a000)     _errno

0000a040     281 (0000a040)     _x1
0000a041     281 (0000a040)     _done1
0000a042     281 (0000a040)     _done3
0000a043     281 (0000a040)     _x3
0000a044     281 (0000a040)     _x5
0000a045     281 (0000a040)     _done5
0000a046     281 (0000a040)     _phaseOld_3
0000a048     281 (0000a040)     _freq_est5
0000a04a     281 (0000a040)     _phaseOld_1
0000a04c     281 (0000a040)     _phaseNew_1
0000a04e     281 (0000a040)     _GPIO34_count1
0000a050     281 (0000a040)     _phaseOld_5
0000a052     281 (0000a040)     _phaseNew_5
0000a054     281 (0000a040)     _freq_est1
0000a056     281 (0000a040)     _phaseNew_3
0000a058     281 (0000a040)     _freq_est3
0000a05a     281 (0000a040)     _fo_est_cpu2

0000e000     380 (0000e000)     _RFFT2inBuff

0000e800     3a0 (0000e800)     _RFFT2outBuff

0000f000     3c0 (0000f000)     _RFFT2F32Coef

0000f800     3e0 (0000f800)     _RFFT2magBuff

0000fc00     3f0 (0000fc00)     _RFFT2phaseBuff

00010000     400 (00010000)     _RFFTwindow

00013000     4c0 (00013000)     _CircularBuffer1

00013800     4e0 (00013800)     _CircularBuffer3

00014000     500 (00014000)     _CircularBuffer5

0003f800     fe0 (0003f800)     _fo_n_cpu2
0003f800     fe0 (0003f800)     _g_asIPCCPU1toCPU2Buffers

0003f880     fe2 (0003f880)     _g_usGetWriteIndexes
0003f884     fe2 (0003f880)     _g_usPutReadIndexes

0003fc00     ff0 (0003fc00)     _g_asIPCCPU2toCPU1Buffers

0003fc80     ff2 (0003fc80)     _g_usPutWriteIndexes
0003fc84     ff2 (0003fc80)     _g_usGetReadIndexes

00047000    11c0 (00047000)     _Emif1Regs

00047800    11e0 (00047800)     _Emif2Regs

00050000    1400 (00050000)     _IpcRegs
00050024    1400 (00050000)     _FlashPumpSemaphoreRegs

0005d200    1748 (0005d200)     _ClkCfgRegs

0005d300    174c (0005d300)     _CpuSysRegs

0005f000    17c0 (0005f000)     _DcsmZ1Regs

0005f040    17c1 (0005f040)     _DcsmZ2Regs
0005f070    17c1 (0005f040)     _DcsmCommonRegs

0005f400    17d0 (0005f400)     _MemCfgRegs

0005f480    17d2 (0005f480)     _Emif1ConfigRegs

0005f4c0    17d3 (0005f4c0)     _AccessProtectionRegs

0005f500    17d4 (0005f500)     _MemoryErrorRegs

0005f800    17e0 (0005f800)     _Flash0CtrlRegs

0005fb00    17ec (0005fb00)     _Flash0EccRegs

00078000    1e00 (00078000)     _DcsmZ1Otp

00078200    1e08 (00078200)     _DcsmZ2Otp

00090000    2400 (00090000)     _PieVectTableInit


GLOBAL SYMBOLS: SORTED ALPHABETICALLY BY Name 

page  address   name                                  
----  -------   ----                                  
abs   ffffffff  .text                                 
0     00083c26  C$$EXIT                               
0     000838c1  FS$$DIV                               
0     00083d1e  LL$$AND                               
0     00083d26  LL$$OR                                
0     00083d2e  LL$$XOR                               
0     0008254e  _ADCA1_ISR                            
0     000827d9  _ADCA2_ISR                            
0     000827e3  _ADCA3_ISR                            
0     000827ed  _ADCA4_ISR                            
0     000827cf  _ADCA_EVT_ISR                         
0     00082563  _ADCB1_ISR                            
0     00082801  _ADCB2_ISR                            
0     0008280b  _ADCB3_ISR                            
0     00082815  _ADCB4_ISR                            
0     000827f7  _ADCB_EVT_ISR                         
0     0008256d  _ADCC1_ISR                            
0     00082969  _ADCC2_ISR                            
0     00082973  _ADCC3_ISR                            
0     0008297d  _ADCC4_ISR                            
0     000098cc  _ADCCH1_ISR                           
0     000098e1  _ADCCH3_ISR                           
0     000098f6  _ADCCH5_ISR                           
0     0008295f  _ADCC_EVT_ISR                         
0     0008258b  _ADCD1_ISR                            
0     00082991  _ADCD2_ISR                            
0     0008299b  _ADCD3_ISR                            
0     000829a5  _ADCD4_ISR                            
0     00082987  _ADCD_EVT_ISR                         
0     000829e1  _AUX_PLL_SLIP_ISR                     
1     0005f4c0  _AccessProtectionRegs                 
0     000837e0  _AckIpcFlag                           
0     000834ec  _AdcSetMode                           
1     00007400  _AdcaRegs                             
1     00000b00  _AdcaResultRegs                       
1     00007480  _AdcbRegs                             
1     00000b20  _AdcbResultRegs                       
1     00007500  _AdccRegs                             
1     00000b40  _AdccResultRegs                       
1     00007580  _AdcdRegs                             
1     00000b60  _AdcdResultRegs                       
0     00083021  _AuxAuxClkSel                         
0     0008300b  _AuxIntOsc2Sel                        
0     00083015  _AuxXtalOscSel                        
0     000827a7  _CANA0_ISR                            
0     000827b1  _CANA1_ISR                            
0     000827bb  _CANB0_ISR                            
0     000827c5  _CANB1_ISR                            
0     0008281f  _CLA1_1_ISR                           
0     00082829  _CLA1_2_ISR                           
0     00082833  _CLA1_3_ISR                           
0     0008283d  _CLA1_4_ISR                           
0     00082847  _CLA1_5_ISR                           
0     00082851  _CLA1_6_ISR                           
0     0008285b  _CLA1_7_ISR                           
0     00082865  _CLA1_8_ISR                           
0     000829eb  _CLA_OVERFLOW_ISR                     
0     000829f5  _CLA_UNDERFLOW_ISR                    
0     0008358f  _CalAdcINL                            
0     000837ea  _CancelIpcFlag                        
1     00013000  _CircularBuffer1                      
1     00013800  _CircularBuffer3                      
1     00014000  _CircularBuffer5                      
1     00001400  _Cla1Regs                             
0     00000ce0  _Cla1SoftIntRegs                      
1     0005d200  _ClkCfgRegs                           
1     00005c80  _Cmpss1Regs                           
1     00005ca0  _Cmpss2Regs                           
1     00005cc0  _Cmpss3Regs                           
1     00005ce0  _Cmpss4Regs                           
1     00005d00  _Cmpss5Regs                           
1     00005d20  _Cmpss6Regs                           
1     00005d40  _Cmpss7Regs                           
1     00005d60  _Cmpss8Regs                           
1     0005d300  _CpuSysRegs                           
1     00000c00  _CpuTimer0Regs                        
1     00000c08  _CpuTimer1Regs                        
1     00000c10  _CpuTimer2Regs                        
0     00082fca  _CsmUnlock                            
0     000824a4  _DATALOG_ISR                          
0     00082a2d  _DMACH1AddrConfig                     
0     00082dc6  _DMACH1AddrConfig32bit                
0     00082a3d  _DMACH1BurstConfig                    
0     00082a70  _DMACH1ModeConfig                     
0     00082a4d  _DMACH1TransferConfig                 
0     00082a5d  _DMACH1WrapConfig                     
0     00009800  _DMACH1_ISR                           
0     00082ac6  _DMACH2AddrConfig                     
0     00082dd6  _DMACH2AddrConfig32bit                
0     00082ad6  _DMACH2BurstConfig                    
0     00082b09  _DMACH2ModeConfig                     
0     00082ae6  _DMACH2TransferConfig                 
0     00082af6  _DMACH2WrapConfig                     
0     00082b60  _DMACH3AddrConfig                     
0     00082de6  _DMACH3AddrConfig32bit                
0     00082b70  _DMACH3BurstConfig                    
0     00082ba3  _DMACH3ModeConfig                     
0     00082b80  _DMACH3TransferConfig                 
0     00082b90  _DMACH3WrapConfig                     
0     00009844  _DMACH3_ISR                           
0     00082bf9  _DMACH4AddrConfig                     
0     00082df6  _DMACH4AddrConfig32bit                
0     00082c09  _DMACH4BurstConfig                    
0     00082c3c  _DMACH4ModeConfig                     
0     00082c19  _DMACH4TransferConfig                 
0     00082c29  _DMACH4WrapConfig                     
0     00082c93  _DMACH5AddrConfig                     
0     00082e06  _DMACH5AddrConfig32bit                
0     00082ca3  _DMACH5BurstConfig                    
0     00082cd6  _DMACH5ModeConfig                     
0     00082cb3  _DMACH5TransferConfig                 
0     00082cc3  _DMACH5WrapConfig                     
0     00009888  _DMACH5_ISR                           
0     00082d2c  _DMACH6AddrConfig                     
0     00082e16  _DMACH6AddrConfig32bit                
0     00082d3c  _DMACH6BurstConfig                    
0     00082d6f  _DMACH6ModeConfig                     
0     00082d4c  _DMACH6TransferConfig                 
0     00082d5c  _DMACH6WrapConfig                     
0     00082a20  _DMAInitialize                        
0     000826f3  _DMA_CH1_ISR                          
0     000826fd  _DMA_CH2_ISR                          
0     00082707  _DMA_CH3_ISR                          
0     00082711  _DMA_CH4_ISR                          
0     0008271b  _DMA_CH5_ISR                          
0     00082725  _DMA_CH6_ISR                          
1     00005c00  _DacaRegs                             
1     00005c10  _DacbRegs                             
1     00005c20  _DaccRegs                             
1     0005f070  _DcsmCommonRegs                       
1     00078000  _DcsmZ1Otp                            
1     0005f000  _DcsmZ1Regs                           
1     00078200  _DcsmZ2Otp                            
1     0005f040  _DcsmZ2Regs                           
0     00082ef4  _DisableDog                           
0     00082eb5  _DisablePeripheralClocks              
1     00007980  _DmaClaSrcSelRegs                     
1     00001000  _DmaRegs                              
0     00082649  _ECAP1_ISR                            
0     00082653  _ECAP2_ISR                            
0     0008265d  _ECAP3_ISR                            
0     00082667  _ECAP4_ISR                            
0     00082671  _ECAP5_ISR                            
0     0008267b  _ECAP6_ISR                            
1     00005000  _ECap1Regs                            
1     00005020  _ECap2Regs                            
1     00005040  _ECap3Regs                            
1     00005060  _ECap4Regs                            
1     00005080  _ECap5Regs                            
1     000050a0  _ECap6Regs                            
0     000829af  _EMIF_ERROR_ISR                       
0     00082a09  _EMPTY_ISR                            
0     000824b8  _EMU_ISR                              
0     00082905  _EPWM10_ISR                           
0     000828dd  _EPWM10_TZ_ISR                        
0     0008290f  _EPWM11_ISR                           
0     000828e7  _EPWM11_TZ_ISR                        
0     00082919  _EPWM12_ISR                           
0     000828f1  _EPWM12_TZ_ISR                        
0     000825f9  _EPWM1_ISR                            
0     000825a9  _EPWM1_TZ_ISR                         
0     00082603  _EPWM2_ISR                            
0     000825b3  _EPWM2_TZ_ISR                         
0     0008260d  _EPWM3_ISR                            
0     000825bd  _EPWM3_TZ_ISR                         
0     00082617  _EPWM4_ISR                            
0     000825c7  _EPWM4_TZ_ISR                         
0     00082621  _EPWM5_ISR                            
0     000825d1  _EPWM5_TZ_ISR                         
0     0008262b  _EPWM6_ISR                            
0     000825db  _EPWM6_TZ_ISR                         
0     00082635  _EPWM7_ISR                            
0     000825e5  _EPWM7_TZ_ISR                         
0     0008263f  _EPWM8_ISR                            
0     000825ef  _EPWM8_TZ_ISR                         
0     000828fb  _EPWM9_ISR                            
0     000828d3  _EPWM9_TZ_ISR                         
1     00004900  _EPwm10Regs                           
1     00004a00  _EPwm11Regs                           
1     00004b00  _EPwm12Regs                           
1     00004000  _EPwm1Regs                            
1     00004100  _EPwm2Regs                            
1     00004200  _EPwm3Regs                            
1     00004300  _EPwm4Regs                            
1     00004400  _EPwm5Regs                            
1     00004500  _EPwm6Regs                            
1     00004600  _EPwm7Regs                            
1     00004700  _EPwm8Regs                            
1     00004800  _EPwm9Regs                            
0     00082685  _EQEP1_ISR                            
0     0008268f  _EQEP2_ISR                            
0     00082699  _EQEP3_ISR                            
1     00005100  _EQep1Regs                            
1     00005140  _EQep2Regs                            
1     00005180  _EQep3Regs                            
1     0005f480  _Emif1ConfigRegs                      
1     00047000  _Emif1Regs                            
1     00047800  _Emif2Regs                            
1     00000d01  _EmuBMode                             
1     00000d00  _EmuKey                               
0     00083c6e  _EnableInterrupts                     
0     00000002  _F28x_usDelay                         
0     000829c3  _FLASH_CORRECTABLE_ERROR_ISR          
0     00082897  _FPU_OVERFLOW_ISR                     
0     000828a1  _FPU_UNDERFLOW_ISR                    
0     000837b9  _FillIpcSendData                      
1     0005f800  _Flash0CtrlRegs                       
1     0005fb00  _Flash0EccRegs                        
0     00009934  _FlashOff                             
1     00050024  _FlashPumpSemaphoreRegs               
0     0000a04e  _GPIO34_count1                        
1     00007f00  _GpioDataRegs                         
0     0008303f  _HALT                                 
0     00083042  _HIB                                  
0     00082739  _I2CA_FIFO_ISR                        
0     0008272f  _I2CA_ISR                             
0     0008274d  _I2CB_FIFO_ISR                        
0     00082743  _I2CB_ISR                             
1     00007300  _I2caRegs                             
1     00007340  _I2cbRegs                             
0     0008302b  _IDLE                                 
0     000824cc  _ILLEGAL_ISR                          
0     000828ab  _IPC0_ISR                             
0     000828b5  _IPC1_ISR                             
0     000828bf  _IPC2_ISR                             
0     000828c9  _IPC3_ISR                             
0     00082f02  _InitAuxPll                           
0     0000990b  _InitFlash                            
0     00083770  _InitIpc                              
0     00082e37  _InitPeripheralClocks                 
0     00083c4f  _InitPieCtrl                          
0     00083c77  _InitPieVectTable                     
0     00082e26  _InitSysCtrl                          
1     00050000  _IpcRegs                              
0     0008380e  _IpcSync                              
0     000826cb  _MCBSPA_RX_ISR                        
0     000826d5  _MCBSPA_TX_ISR                        
0     000826df  _MCBSPB_RX_ISR                        
0     000826e9  _MCBSPB_TX_ISR                        
1     00006000  _McbspaRegs                           
1     00006040  _McbspbRegs                           
1     0005f400  _MemCfgRegs                           
1     0005f500  _MemoryErrorRegs                      
0     000824c2  _NMI_ISR                              
0     00082a16  _NOTUSED_ISR                          
1     00007060  _NmiIntruptRegs                       
0     000829ff  _PIE_RESERVED_ISR                     
1     00000ce0  _PieCtrlRegs                          
1     00000d00  _PieVectTable                         
0     00090000  _PieVectTableInit                     
0     000829cd  _RAM_ACCESS_VIOLATION_ISR             
0     000829b9  _RAM_CORRECTABLE_ERROR_ISR            
1     0000f000  _RFFT2F32Coef                         
1     0000e000  _RFFT2inBuff                          
1     0000f800  _RFFT2magBuff                         
1     0000e800  _RFFT2outBuff                         
1     0000fc00  _RFFT2phaseBuff                       
0     000832dc  _RFFT_f32                             
0     00083ba0  _RFFT_f32_mag_TMU0                    
0     0008394a  _RFFT_f32_phase_TMU0                  
0     000839d0  _RFFT_f32_sincostable                 
0     00083c9e  _RFFT_f32_win                         
1     00010000  _RFFTwindow                           
0     000824ae  _RTOS_ISR                             
0     00083e9a  _RamfuncsLoadEnd                      
abs   00000142  _RamfuncsLoadSize                     
0     00083d58  _RamfuncsLoadStart                    
0     00009942  _RamfuncsRunEnd                       
abs   00000142  _RamfuncsRunSize                      
0     00009800  _RamfuncsRunStart                     
0     0008377e  _ReadIpcTimer                         
0     000837a9  _RecvIpcData                          
0     00082edc  _ReleaseFlashPump                     
0     0008277f  _SCIA_RX_ISR                          
0     00082789  _SCIA_TX_ISR                          
0     00082793  _SCIB_RX_ISR                          
0     0008279d  _SCIB_TX_ISR                          
0     00082757  _SCIC_RX_ISR                          
0     00082761  _SCIC_TX_ISR                          
0     0008276b  _SCID_RX_ISR                          
0     00082775  _SCID_TX_ISR                          
0     00082923  _SD1_ISR                              
0     0008292d  _SD2_ISR                              
0     000826a3  _SPIA_RX_ISR                          
0     000826ad  _SPIA_TX_ISR                          
0     000826b7  _SPIB_RX_ISR                          
0     000826c1  _SPIB_TX_ISR                          
0     00082937  _SPIC_RX_ISR                          
0     00082941  _SPIC_TX_ISR                          
0     00083034  _STANDBY                              
0     000829d7  _SYS_PLL_SLIP_ISR                     
1     00007200  _SciaRegs                             
1     00007210  _ScibRegs                             
1     00007220  _ScicRegs                             
1     00007230  _ScidRegs                             
1     00005e00  _Sdfm1Regs                            
1     00005e80  _Sdfm2Regs                            
0     00082ecd  _SeizeFlashPump                       
0     000837c5  _SendIpcCommand                       
0     00083792  _SendIpcData                          
0     000837d6  _SendIpcFlag                          
0     00082ee6  _ServiceDog                           
1     00006100  _SpiaRegs                             
1     00006110  _SpibRegs                             
1     00006120  _SpicRegs                             
0     00082abe  _StartDMACH1                          
0     00082b58  _StartDMACH2                          
0     00082bf1  _StartDMACH3                          
0     00082c8b  _StartDMACH4                          
0     00082d24  _StartDMACH5                          
0     00082dbe  _StartDMACH6                          
0     00082feb  _SysIntOsc1Sel                        
0     00082ff5  _SysIntOsc2Sel                        
0     00082fff  _SysXtalOscSel                        
0     00082595  _TIMER0_ISR                           
0     00082490  _TIMER1_ISR                           
0     0008249a  _TIMER2_ISR                           
0     0008294b  _UPPA_ISR                             
0     00082955  _USBA_ISR                             
0     00082530  _USER10_ISR                           
0     0008253a  _USER11_ISR                           
0     00082544  _USER12_ISR                           
0     000824d6  _USER1_ISR                            
0     000824e0  _USER2_ISR                            
0     000824ea  _USER3_ISR                            
0     000824f4  _USER4_ISR                            
0     000824fe  _USER5_ISR                            
0     00082508  _USER6_ISR                            
0     00082512  _USER7_ISR                            
0     0008251c  _USER8_ISR                            
0     00082526  _USER9_ISR                            
0     0008288d  _VCU_ISR                              
0     0008259f  _WAKE_ISR                             
0     00083801  _WaitForIpcAck                        
0     000837f4  _WaitForIpcFlag                       
1     00007000  _WdRegs                               
0     00082577  _XINT1_ISR                            
0     00082581  _XINT2_ISR                            
0     0008286f  _XINT3_ISR                            
0     00082879  _XINT4_ISR                            
0     00082883  _XINT5_ISR                            
1     00007070  _XintRegs                             
0     00000600  __STACK_END                           
abs   00000200  __STACK_SIZE                          
0     0000a032  ___TI_cleanup_ptr                     
0     0000a034  ___TI_dtors_ptr                       
0     0000a030  ___TI_enable_exit_profile_output      
abs   ffffffff  ___TI_pprof_out_hndl                  
abs   ffffffff  ___TI_prof_data_size                  
abs   ffffffff  ___TI_prof_data_start                 
abs   ffffffff  ___binit__                            
abs   ffffffff  ___c_args__                           
0     00082000  ___cinit__                            
abs   ffffffff  ___etext__                            
abs   ffffffff  ___pinit__                            
abs   ffffffff  ___text__                             
0     00083d05  __args_main                           
0     0000a036  __lock                                
0     00083d4a  __nop                                 
0     00083d46  __register_lock                       
0     00083d42  __register_unlock                     
0     00000400  __stack                               
0     000832db  __system_post_cinit                   
0     00083d53  __system_pre_init                     
0     0000a038  __unlock                              
0     00083c26  _abort                                
0     0000a00e  _absDiff                              
0     00083b4a  _c_int00                              
0     0008381d  _configureADCs                        
0     00083cc3  _copy_in                              
0     00083a3a  _cos                                  
0     00083a3a  _cosf                                 
0     0000a041  _done1                                
0     0000a042  _done3                                
0     0000a045  _done5                                
0     0000a03a  _errno                                
0     00083c28  _exit                                 
0     00083af3  _floor                                
0     00083af3  _floorf                               
0     0000a022  _fn                                   
0     0000a05a  _fo_est_cpu2                          
1     0003f800  _fo_n_cpu2                            
0     0000a054  _freq_est1                            
0     0000a058  _freq_est3                            
0     0000a048  _freq_est5                            
0     0003f800  _g_asIPCCPU1toCPU2Buffers             
1     0003fc00  _g_asIPCCPU2toCPU1Buffers             
1     0003fc84  _g_usGetReadIndexes                   
0     0003f880  _g_usGetWriteIndexes                  
0     0003f884  _g_usPutReadIndexes                   
1     0003fc80  _g_usPutWriteIndexes                  
0     0000a004  _handler_rfft2                        
0     000838bc  _initADC                              
0     000836a5  _initDMA                              
0     000836aa  _initDMAx                             
0     000835c9  _initEPWM                             
0     000835e0  _initEPWM1                            
0     00083611  _initEPWM2                            
0     00083632  _initEPWM3                            
0     00083653  _initEPWM4                            
0     00083684  _initEPWM5                            
0     000833f9  _initFFT                              
0     00083162  _initMain                             
0     00083856  _initializeADCs                       
0     000831b0  _log                                  
0     000831b0  _logf                                 
0     0000a000  _magIndex                             
0     0000a00a  _magMax                               
0     00083045  _main                                 
0     00083ce7  _memcpy                               
0     00083d36  _memset                               
0     0000a008  _n                                    
0     0000a002  _n2pi                                 
0     0000a006  _nSmall                               
0     0000a012  _phaseDifference                      
0     0000a04c  _phaseNew_1                           
0     0000a056  _phaseNew_3                           
0     0000a052  _phaseNew_5                           
0     0000a04a  _phaseOld_1                           
0     0000a046  _phaseOld_3                           
0     0000a050  _phaseOld_5                           
0     0000a00c  _resFFT                               
0     0000a016  _rfft2                                
0     000832e5  _rfft_f32_Stages1and2and3andBitReverse
0     00083351  _rfft_f32_Stages4andUp                
0     00083bee  _round                                
0     00083bee  _roundf                               
0     00083a9b  _sin                                  
0     00083a9b  _sinf                                 
0     0000a010  _smallest                             
0     0000a014  _test_est                             
0     00083420  _vocodeAnalysis                       
0     0000a040  _x1                                   
0     0000a043  _x3                                   
0     0000a044  _x5                                   
abs   ffffffff  binit                                 
0     00082000  cinit                                 
0     00080000  code_start                            
abs   ffffffff  etext                                 
abs   ffffffff  pinit                                 


GLOBAL SYMBOLS: SORTED BY Symbol Address 

page  address   name                                  
----  -------   ----                                  
0     00000002  _F28x_usDelay                         
0     00000400  __stack                               
0     00000600  __STACK_END                           
0     00000ce0  _Cla1SoftIntRegs                      
0     00009800  _DMACH1_ISR                           
0     00009800  _RamfuncsRunStart                     
0     00009844  _DMACH3_ISR                           
0     00009888  _DMACH5_ISR                           
0     000098cc  _ADCCH1_ISR                           
0     000098e1  _ADCCH3_ISR                           
0     000098f6  _ADCCH5_ISR                           
0     0000990b  _InitFlash                            
0     00009934  _FlashOff                             
0     00009942  _RamfuncsRunEnd                       
0     0000a000  _magIndex                             
0     0000a002  _n2pi                                 
0     0000a004  _handler_rfft2                        
0     0000a006  _nSmall                               
0     0000a008  _n                                    
0     0000a00a  _magMax                               
0     0000a00c  _resFFT                               
0     0000a00e  _absDiff                              
0     0000a010  _smallest                             
0     0000a012  _phaseDifference                      
0     0000a014  _test_est                             
0     0000a016  _rfft2                                
0     0000a022  _fn                                   
0     0000a030  ___TI_enable_exit_profile_output      
0     0000a032  ___TI_cleanup_ptr                     
0     0000a034  ___TI_dtors_ptr                       
0     0000a036  __lock                                
0     0000a038  __unlock                              
0     0000a03a  _errno                                
0     0000a040  _x1                                   
0     0000a041  _done1                                
0     0000a042  _done3                                
0     0000a043  _x3                                   
0     0000a044  _x5                                   
0     0000a045  _done5                                
0     0000a046  _phaseOld_3                           
0     0000a048  _freq_est5                            
0     0000a04a  _phaseOld_1                           
0     0000a04c  _phaseNew_1                           
0     0000a04e  _GPIO34_count1                        
0     0000a050  _phaseOld_5                           
0     0000a052  _phaseNew_5                           
0     0000a054  _freq_est1                            
0     0000a056  _phaseNew_3                           
0     0000a058  _freq_est3                            
0     0000a05a  _fo_est_cpu2                          
0     0003f800  _g_asIPCCPU1toCPU2Buffers             
0     0003f880  _g_usGetWriteIndexes                  
0     0003f884  _g_usPutReadIndexes                   
0     00080000  code_start                            
0     00082000  ___cinit__                            
0     00082000  cinit                                 
0     00082490  _TIMER1_ISR                           
0     0008249a  _TIMER2_ISR                           
0     000824a4  _DATALOG_ISR                          
0     000824ae  _RTOS_ISR                             
0     000824b8  _EMU_ISR                              
0     000824c2  _NMI_ISR                              
0     000824cc  _ILLEGAL_ISR                          
0     000824d6  _USER1_ISR                            
0     000824e0  _USER2_ISR                            
0     000824ea  _USER3_ISR                            
0     000824f4  _USER4_ISR                            
0     000824fe  _USER5_ISR                            
0     00082508  _USER6_ISR                            
0     00082512  _USER7_ISR                            
0     0008251c  _USER8_ISR                            
0     00082526  _USER9_ISR                            
0     00082530  _USER10_ISR                           
0     0008253a  _USER11_ISR                           
0     00082544  _USER12_ISR                           
0     0008254e  _ADCA1_ISR                            
0     00082563  _ADCB1_ISR                            
0     0008256d  _ADCC1_ISR                            
0     00082577  _XINT1_ISR                            
0     00082581  _XINT2_ISR                            
0     0008258b  _ADCD1_ISR                            
0     00082595  _TIMER0_ISR                           
0     0008259f  _WAKE_ISR                             
0     000825a9  _EPWM1_TZ_ISR                         
0     000825b3  _EPWM2_TZ_ISR                         
0     000825bd  _EPWM3_TZ_ISR                         
0     000825c7  _EPWM4_TZ_ISR                         
0     000825d1  _EPWM5_TZ_ISR                         
0     000825db  _EPWM6_TZ_ISR                         
0     000825e5  _EPWM7_TZ_ISR                         
0     000825ef  _EPWM8_TZ_ISR                         
0     000825f9  _EPWM1_ISR                            
0     00082603  _EPWM2_ISR                            
0     0008260d  _EPWM3_ISR                            
0     00082617  _EPWM4_ISR                            
0     00082621  _EPWM5_ISR                            
0     0008262b  _EPWM6_ISR                            
0     00082635  _EPWM7_ISR                            
0     0008263f  _EPWM8_ISR                            
0     00082649  _ECAP1_ISR                            
0     00082653  _ECAP2_ISR                            
0     0008265d  _ECAP3_ISR                            
0     00082667  _ECAP4_ISR                            
0     00082671  _ECAP5_ISR                            
0     0008267b  _ECAP6_ISR                            
0     00082685  _EQEP1_ISR                            
0     0008268f  _EQEP2_ISR                            
0     00082699  _EQEP3_ISR                            
0     000826a3  _SPIA_RX_ISR                          
0     000826ad  _SPIA_TX_ISR                          
0     000826b7  _SPIB_RX_ISR                          
0     000826c1  _SPIB_TX_ISR                          
0     000826cb  _MCBSPA_RX_ISR                        
0     000826d5  _MCBSPA_TX_ISR                        
0     000826df  _MCBSPB_RX_ISR                        
0     000826e9  _MCBSPB_TX_ISR                        
0     000826f3  _DMA_CH1_ISR                          
0     000826fd  _DMA_CH2_ISR                          
0     00082707  _DMA_CH3_ISR                          
0     00082711  _DMA_CH4_ISR                          
0     0008271b  _DMA_CH5_ISR                          
0     00082725  _DMA_CH6_ISR                          
0     0008272f  _I2CA_ISR                             
0     00082739  _I2CA_FIFO_ISR                        
0     00082743  _I2CB_ISR                             
0     0008274d  _I2CB_FIFO_ISR                        
0     00082757  _SCIC_RX_ISR                          
0     00082761  _SCIC_TX_ISR                          
0     0008276b  _SCID_RX_ISR                          
0     00082775  _SCID_TX_ISR                          
0     0008277f  _SCIA_RX_ISR                          
0     00082789  _SCIA_TX_ISR                          
0     00082793  _SCIB_RX_ISR                          
0     0008279d  _SCIB_TX_ISR                          
0     000827a7  _CANA0_ISR                            
0     000827b1  _CANA1_ISR                            
0     000827bb  _CANB0_ISR                            
0     000827c5  _CANB1_ISR                            
0     000827cf  _ADCA_EVT_ISR                         
0     000827d9  _ADCA2_ISR                            
0     000827e3  _ADCA3_ISR                            
0     000827ed  _ADCA4_ISR                            
0     000827f7  _ADCB_EVT_ISR                         
0     00082801  _ADCB2_ISR                            
0     0008280b  _ADCB3_ISR                            
0     00082815  _ADCB4_ISR                            
0     0008281f  _CLA1_1_ISR                           
0     00082829  _CLA1_2_ISR                           
0     00082833  _CLA1_3_ISR                           
0     0008283d  _CLA1_4_ISR                           
0     00082847  _CLA1_5_ISR                           
0     00082851  _CLA1_6_ISR                           
0     0008285b  _CLA1_7_ISR                           
0     00082865  _CLA1_8_ISR                           
0     0008286f  _XINT3_ISR                            
0     00082879  _XINT4_ISR                            
0     00082883  _XINT5_ISR                            
0     0008288d  _VCU_ISR                              
0     00082897  _FPU_OVERFLOW_ISR                     
0     000828a1  _FPU_UNDERFLOW_ISR                    
0     000828ab  _IPC0_ISR                             
0     000828b5  _IPC1_ISR                             
0     000828bf  _IPC2_ISR                             
0     000828c9  _IPC3_ISR                             
0     000828d3  _EPWM9_TZ_ISR                         
0     000828dd  _EPWM10_TZ_ISR                        
0     000828e7  _EPWM11_TZ_ISR                        
0     000828f1  _EPWM12_TZ_ISR                        
0     000828fb  _EPWM9_ISR                            
0     00082905  _EPWM10_ISR                           
0     0008290f  _EPWM11_ISR                           
0     00082919  _EPWM12_ISR                           
0     00082923  _SD1_ISR                              
0     0008292d  _SD2_ISR                              
0     00082937  _SPIC_RX_ISR                          
0     00082941  _SPIC_TX_ISR                          
0     0008294b  _UPPA_ISR                             
0     00082955  _USBA_ISR                             
0     0008295f  _ADCC_EVT_ISR                         
0     00082969  _ADCC2_ISR                            
0     00082973  _ADCC3_ISR                            
0     0008297d  _ADCC4_ISR                            
0     00082987  _ADCD_EVT_ISR                         
0     00082991  _ADCD2_ISR                            
0     0008299b  _ADCD3_ISR                            
0     000829a5  _ADCD4_ISR                            
0     000829af  _EMIF_ERROR_ISR                       
0     000829b9  _RAM_CORRECTABLE_ERROR_ISR            
0     000829c3  _FLASH_CORRECTABLE_ERROR_ISR          
0     000829cd  _RAM_ACCESS_VIOLATION_ISR             
0     000829d7  _SYS_PLL_SLIP_ISR                     
0     000829e1  _AUX_PLL_SLIP_ISR                     
0     000829eb  _CLA_OVERFLOW_ISR                     
0     000829f5  _CLA_UNDERFLOW_ISR                    
0     000829ff  _PIE_RESERVED_ISR                     
0     00082a09  _EMPTY_ISR                            
0     00082a16  _NOTUSED_ISR                          
0     00082a20  _DMAInitialize                        
0     00082a2d  _DMACH1AddrConfig                     
0     00082a3d  _DMACH1BurstConfig                    
0     00082a4d  _DMACH1TransferConfig                 
0     00082a5d  _DMACH1WrapConfig                     
0     00082a70  _DMACH1ModeConfig                     
0     00082abe  _StartDMACH1                          
0     00082ac6  _DMACH2AddrConfig                     
0     00082ad6  _DMACH2BurstConfig                    
0     00082ae6  _DMACH2TransferConfig                 
0     00082af6  _DMACH2WrapConfig                     
0     00082b09  _DMACH2ModeConfig                     
0     00082b58  _StartDMACH2                          
0     00082b60  _DMACH3AddrConfig                     
0     00082b70  _DMACH3BurstConfig                    
0     00082b80  _DMACH3TransferConfig                 
0     00082b90  _DMACH3WrapConfig                     
0     00082ba3  _DMACH3ModeConfig                     
0     00082bf1  _StartDMACH3                          
0     00082bf9  _DMACH4AddrConfig                     
0     00082c09  _DMACH4BurstConfig                    
0     00082c19  _DMACH4TransferConfig                 
0     00082c29  _DMACH4WrapConfig                     
0     00082c3c  _DMACH4ModeConfig                     
0     00082c8b  _StartDMACH4                          
0     00082c93  _DMACH5AddrConfig                     
0     00082ca3  _DMACH5BurstConfig                    
0     00082cb3  _DMACH5TransferConfig                 
0     00082cc3  _DMACH5WrapConfig                     
0     00082cd6  _DMACH5ModeConfig                     
0     00082d24  _StartDMACH5                          
0     00082d2c  _DMACH6AddrConfig                     
0     00082d3c  _DMACH6BurstConfig                    
0     00082d4c  _DMACH6TransferConfig                 
0     00082d5c  _DMACH6WrapConfig                     
0     00082d6f  _DMACH6ModeConfig                     
0     00082dbe  _StartDMACH6                          
0     00082dc6  _DMACH1AddrConfig32bit                
0     00082dd6  _DMACH2AddrConfig32bit                
0     00082de6  _DMACH3AddrConfig32bit                
0     00082df6  _DMACH4AddrConfig32bit                
0     00082e06  _DMACH5AddrConfig32bit                
0     00082e16  _DMACH6AddrConfig32bit                
0     00082e26  _InitSysCtrl                          
0     00082e37  _InitPeripheralClocks                 
0     00082eb5  _DisablePeripheralClocks              
0     00082ecd  _SeizeFlashPump                       
0     00082edc  _ReleaseFlashPump                     
0     00082ee6  _ServiceDog                           
0     00082ef4  _DisableDog                           
0     00082f02  _InitAuxPll                           
0     00082fca  _CsmUnlock                            
0     00082feb  _SysIntOsc1Sel                        
0     00082ff5  _SysIntOsc2Sel                        
0     00082fff  _SysXtalOscSel                        
0     0008300b  _AuxIntOsc2Sel                        
0     00083015  _AuxXtalOscSel                        
0     00083021  _AuxAuxClkSel                         
0     0008302b  _IDLE                                 
0     00083034  _STANDBY                              
0     0008303f  _HALT                                 
0     00083042  _HIB                                  
0     00083045  _main                                 
0     00083162  _initMain                             
0     000831b0  _log                                  
0     000831b0  _logf                                 
0     000832db  __system_post_cinit                   
0     000832dc  _RFFT_f32                             
0     000832e5  _rfft_f32_Stages1and2and3andBitReverse
0     00083351  _rfft_f32_Stages4andUp                
0     000833f9  _initFFT                              
0     00083420  _vocodeAnalysis                       
0     000834ec  _AdcSetMode                           
0     0008358f  _CalAdcINL                            
0     000835c9  _initEPWM                             
0     000835e0  _initEPWM1                            
0     00083611  _initEPWM2                            
0     00083632  _initEPWM3                            
0     00083653  _initEPWM4                            
0     00083684  _initEPWM5                            
0     000836a5  _initDMA                              
0     000836aa  _initDMAx                             
0     00083770  _InitIpc                              
0     0008377e  _ReadIpcTimer                         
0     00083792  _SendIpcData                          
0     000837a9  _RecvIpcData                          
0     000837b9  _FillIpcSendData                      
0     000837c5  _SendIpcCommand                       
0     000837d6  _SendIpcFlag                          
0     000837e0  _AckIpcFlag                           
0     000837ea  _CancelIpcFlag                        
0     000837f4  _WaitForIpcFlag                       
0     00083801  _WaitForIpcAck                        
0     0008380e  _IpcSync                              
0     0008381d  _configureADCs                        
0     00083856  _initializeADCs                       
0     000838bc  _initADC                              
0     000838c1  FS$$DIV                               
0     0008394a  _RFFT_f32_phase_TMU0                  
0     000839d0  _RFFT_f32_sincostable                 
0     00083a3a  _cos                                  
0     00083a3a  _cosf                                 
0     00083a9b  _sin                                  
0     00083a9b  _sinf                                 
0     00083af3  _floor                                
0     00083af3  _floorf                               
0     00083b4a  _c_int00                              
0     00083ba0  _RFFT_f32_mag_TMU0                    
0     00083bee  _round                                
0     00083bee  _roundf                               
0     00083c26  C$$EXIT                               
0     00083c26  _abort                                
0     00083c28  _exit                                 
0     00083c4f  _InitPieCtrl                          
0     00083c6e  _EnableInterrupts                     
0     00083c77  _InitPieVectTable                     
0     00083c9e  _RFFT_f32_win                         
0     00083cc3  _copy_in                              
0     00083ce7  _memcpy                               
0     00083d05  __args_main                           
0     00083d1e  LL$$AND                               
0     00083d26  LL$$OR                                
0     00083d2e  LL$$XOR                               
0     00083d36  _memset                               
0     00083d42  __register_unlock                     
0     00083d46  __register_lock                       
0     00083d4a  __nop                                 
0     00083d53  __system_pre_init                     
0     00083d58  _RamfuncsLoadStart                    
0     00083e9a  _RamfuncsLoadEnd                      
0     00090000  _PieVectTableInit                     
1     00000b00  _AdcaResultRegs                       
1     00000b20  _AdcbResultRegs                       
1     00000b40  _AdccResultRegs                       
1     00000b60  _AdcdResultRegs                       
1     00000c00  _CpuTimer0Regs                        
1     00000c08  _CpuTimer1Regs                        
1     00000c10  _CpuTimer2Regs                        
1     00000ce0  _PieCtrlRegs                          
1     00000d00  _EmuKey                               
1     00000d00  _PieVectTable                         
1     00000d01  _EmuBMode                             
1     00001000  _DmaRegs                              
1     00001400  _Cla1Regs                             
1     00004000  _EPwm1Regs                            
1     00004100  _EPwm2Regs                            
1     00004200  _EPwm3Regs                            
1     00004300  _EPwm4Regs                            
1     00004400  _EPwm5Regs                            
1     00004500  _EPwm6Regs                            
1     00004600  _EPwm7Regs                            
1     00004700  _EPwm8Regs                            
1     00004800  _EPwm9Regs                            
1     00004900  _EPwm10Regs                           
1     00004a00  _EPwm11Regs                           
1     00004b00  _EPwm12Regs                           
1     00005000  _ECap1Regs                            
1     00005020  _ECap2Regs                            
1     00005040  _ECap3Regs                            
1     00005060  _ECap4Regs                            
1     00005080  _ECap5Regs                            
1     000050a0  _ECap6Regs                            
1     00005100  _EQep1Regs                            
1     00005140  _EQep2Regs                            
1     00005180  _EQep3Regs                            
1     00005c00  _DacaRegs                             
1     00005c10  _DacbRegs                             
1     00005c20  _DaccRegs                             
1     00005c80  _Cmpss1Regs                           
1     00005ca0  _Cmpss2Regs                           
1     00005cc0  _Cmpss3Regs                           
1     00005ce0  _Cmpss4Regs                           
1     00005d00  _Cmpss5Regs                           
1     00005d20  _Cmpss6Regs                           
1     00005d40  _Cmpss7Regs                           
1     00005d60  _Cmpss8Regs                           
1     00005e00  _Sdfm1Regs                            
1     00005e80  _Sdfm2Regs                            
1     00006000  _McbspaRegs                           
1     00006040  _McbspbRegs                           
1     00006100  _SpiaRegs                             
1     00006110  _SpibRegs                             
1     00006120  _SpicRegs                             
1     00007000  _WdRegs                               
1     00007060  _NmiIntruptRegs                       
1     00007070  _XintRegs                             
1     00007200  _SciaRegs                             
1     00007210  _ScibRegs                             
1     00007220  _ScicRegs                             
1     00007230  _ScidRegs                             
1     00007300  _I2caRegs                             
1     00007340  _I2cbRegs                             
1     00007400  _AdcaRegs                             
1     00007480  _AdcbRegs                             
1     00007500  _AdccRegs                             
1     00007580  _AdcdRegs                             
1     00007980  _DmaClaSrcSelRegs                     
1     00007f00  _GpioDataRegs                         
1     0000e000  _RFFT2inBuff                          
1     0000e800  _RFFT2outBuff                         
1     0000f000  _RFFT2F32Coef                         
1     0000f800  _RFFT2magBuff                         
1     0000fc00  _RFFT2phaseBuff                       
1     00010000  _RFFTwindow                           
1     00013000  _CircularBuffer1                      
1     00013800  _CircularBuffer3                      
1     00014000  _CircularBuffer5                      
1     0003f800  _fo_n_cpu2                            
1     0003fc00  _g_asIPCCPU2toCPU1Buffers             
1     0003fc80  _g_usPutWriteIndexes                  
1     0003fc84  _g_usGetReadIndexes                   
1     00047000  _Emif1Regs                            
1     00047800  _Emif2Regs                            
1     00050000  _IpcRegs                              
1     00050024  _FlashPumpSemaphoreRegs               
1     0005d200  _ClkCfgRegs                           
1     0005d300  _CpuSysRegs                           
1     0005f000  _DcsmZ1Regs                           
1     0005f040  _DcsmZ2Regs                           
1     0005f070  _DcsmCommonRegs                       
1     0005f400  _MemCfgRegs                           
1     0005f480  _Emif1ConfigRegs                      
1     0005f4c0  _AccessProtectionRegs                 
1     0005f500  _MemoryErrorRegs                      
1     0005f800  _Flash0CtrlRegs                       
1     0005fb00  _Flash0EccRegs                        
1     00078000  _DcsmZ1Otp                            
1     00078200  _DcsmZ2Otp                            
abs   00000142  _RamfuncsLoadSize                     
abs   00000142  _RamfuncsRunSize                      
abs   00000200  __STACK_SIZE                          
abs   ffffffff  .text                                 
abs   ffffffff  ___TI_pprof_out_hndl                  
abs   ffffffff  ___TI_prof_data_size                  
abs   ffffffff  ___TI_prof_data_start                 
abs   ffffffff  ___binit__                            
abs   ffffffff  ___c_args__                           
abs   ffffffff  ___etext__                            
abs   ffffffff  ___pinit__                            
abs   ffffffff  ___text__                             
abs   ffffffff  binit                                 
abs   ffffffff  etext                                 
abs   ffffffff  pinit                                 

[440 symbols]
