<?xml version="1.0" encoding="ISO-8859-1" ?>
<link_info>
   <banner>TMS320C2000 Linker PC v18.1.1.LTS</banner>
   <copyright>Copyright (c) 1996-2017 Texas Instruments Incorporated</copyright>
   <link_time>0x5bfcacd6</link_time>
   <link_errors>0x0</link_errors>
   <output_file>senior_main_cpu02.out</output_file>
   <entry_point>
      <name>_c_int00</name>
      <address>0x83cd9</address>
   </entry_point>
   <input_file_list>
      <input_file id="fl-2">
         <path>.\</path>
         <kind>object</kind>
         <file>senior_main_cpu2.obj</file>
         <name>senior_main_cpu2.obj</name>
      </input_file>
      <input_file id="fl-3">
         <path>.\Senior Source\</path>
         <kind>object</kind>
         <file>Senior_ADC.obj</file>
         <name>Senior_ADC.obj</name>
      </input_file>
      <input_file id="fl-4">
         <path>.\Senior Source\</path>
         <kind>object</kind>
         <file>Senior_DMA.obj</file>
         <name>Senior_DMA.obj</name>
      </input_file>
      <input_file id="fl-5">
         <path>.\Senior Source\</path>
         <kind>object</kind>
         <file>Senior_FFT.obj</file>
         <name>Senior_FFT.obj</name>
      </input_file>
      <input_file id="fl-6">
         <path>.\Senior Source\</path>
         <kind>object</kind>
         <file>Senior_ePWM.obj</file>
         <name>Senior_ePWM.obj</name>
      </input_file>
      <input_file id="fl-7">
         <path>.\Source\</path>
         <kind>object</kind>
         <file>F2837xD_Adc.obj</file>
         <name>F2837xD_Adc.obj</name>
      </input_file>
      <input_file id="fl-8">
         <path>.\Source\</path>
         <kind>object</kind>
         <file>F2837xD_CodeStartBranch.obj</file>
         <name>F2837xD_CodeStartBranch.obj</name>
      </input_file>
      <input_file id="fl-9">
         <path>.\Source\</path>
         <kind>object</kind>
         <file>F2837xD_DefaultISR.obj</file>
         <name>F2837xD_DefaultISR.obj</name>
      </input_file>
      <input_file id="fl-a">
         <path>.\Source\</path>
         <kind>object</kind>
         <file>F2837xD_Dma.obj</file>
         <name>F2837xD_Dma.obj</name>
      </input_file>
      <input_file id="fl-b">
         <path>.\Source\</path>
         <kind>object</kind>
         <file>F2837xD_EPwm.obj</file>
         <name>F2837xD_EPwm.obj</name>
      </input_file>
      <input_file id="fl-c">
         <path>.\Source\</path>
         <kind>object</kind>
         <file>F2837xD_GlobalVariableDefs.obj</file>
         <name>F2837xD_GlobalVariableDefs.obj</name>
      </input_file>
      <input_file id="fl-d">
         <path>.\Source\</path>
         <kind>object</kind>
         <file>F2837xD_Gpio.obj</file>
         <name>F2837xD_Gpio.obj</name>
      </input_file>
      <input_file id="fl-e">
         <path>.\Source\</path>
         <kind>object</kind>
         <file>F2837xD_Ipc.obj</file>
         <name>F2837xD_Ipc.obj</name>
      </input_file>
      <input_file id="fl-f">
         <path>.\Source\</path>
         <kind>object</kind>
         <file>F2837xD_Ipc_Driver.obj</file>
         <name>F2837xD_Ipc_Driver.obj</name>
      </input_file>
      <input_file id="fl-10">
         <path>.\Source\</path>
         <kind>object</kind>
         <file>F2837xD_Ipc_Driver_Util.obj</file>
         <name>F2837xD_Ipc_Driver_Util.obj</name>
      </input_file>
      <input_file id="fl-11">
         <path>.\Source\</path>
         <kind>object</kind>
         <file>F2837xD_PieCtrl.obj</file>
         <name>F2837xD_PieCtrl.obj</name>
      </input_file>
      <input_file id="fl-12">
         <path>.\Source\</path>
         <kind>object</kind>
         <file>F2837xD_PieVect.obj</file>
         <name>F2837xD_PieVect.obj</name>
      </input_file>
      <input_file id="fl-13">
         <path>.\Source\</path>
         <kind>object</kind>
         <file>F2837xD_Spi.obj</file>
         <name>F2837xD_Spi.obj</name>
      </input_file>
      <input_file id="fl-14">
         <path>.\Source\</path>
         <kind>object</kind>
         <file>F2837xD_SysCtrl.obj</file>
         <name>F2837xD_SysCtrl.obj</name>
      </input_file>
      <input_file id="fl-15">
         <path>.\Source\</path>
         <kind>object</kind>
         <file>F2837xD_usDelay.obj</file>
         <name>F2837xD_usDelay.obj</name>
      </input_file>
      <input_file id="fl-1c">
         <kind>object</kind>
         <file>&lt;internal&gt;</file>
         <name>&lt;internal&gt;</name>
      </input_file>
      <input_file id="fl-1d">
         <path>C:\ti\controlSUITE\libs\dsp\FPU\v1_50_00_00\lib\</path>
         <kind>archive</kind>
         <file>c28x_fpu_dsp_library.lib</file>
         <name>RFFT_f32.obj</name>
      </input_file>
      <input_file id="fl-1e">
         <path>C:\ti\controlSUITE\libs\dsp\FPU\v1_50_00_00\lib\</path>
         <kind>archive</kind>
         <file>c28x_fpu_dsp_library.lib</file>
         <name>RFFT_f32_mag_TMU0.obj</name>
      </input_file>
      <input_file id="fl-1f">
         <path>C:\ti\controlSUITE\libs\dsp\FPU\v1_50_00_00\lib\</path>
         <kind>archive</kind>
         <file>c28x_fpu_dsp_library.lib</file>
         <name>RFFT_f32_phase_TMU0.obj</name>
      </input_file>
      <input_file id="fl-20">
         <path>C:\ti\controlSUITE\libs\dsp\FPU\v1_50_00_00\lib\</path>
         <kind>archive</kind>
         <file>c28x_fpu_dsp_library.lib</file>
         <name>RFFT_f32_sincostable.obj</name>
      </input_file>
      <input_file id="fl-21">
         <path>C:\ti\controlSUITE\libs\dsp\FPU\v1_50_00_00\lib\</path>
         <kind>archive</kind>
         <file>c28x_fpu_dsp_library.lib</file>
         <name>RFFT_f32_win.obj</name>
      </input_file>
      <input_file id="fl-22">
         <path>C:\ti\ccsv8\tools\compiler\ti-cgt-c2000_18.1.1.LTS\lib\</path>
         <kind>archive</kind>
         <file>rts2800_fpu32.lib</file>
         <name>e_logf.c.obj</name>
      </input_file>
      <input_file id="fl-23">
         <path>C:\ti\ccsv8\tools\compiler\ti-cgt-c2000_18.1.1.LTS\lib\</path>
         <kind>archive</kind>
         <file>rts2800_fpu32.lib</file>
         <name>s_cosf.c.obj</name>
      </input_file>
      <input_file id="fl-24">
         <path>C:\ti\ccsv8\tools\compiler\ti-cgt-c2000_18.1.1.LTS\lib\</path>
         <kind>archive</kind>
         <file>rts2800_fpu32.lib</file>
         <name>s_roundf.c.obj</name>
      </input_file>
      <input_file id="fl-25">
         <path>C:\ti\ccsv8\tools\compiler\ti-cgt-c2000_18.1.1.LTS\lib\</path>
         <kind>archive</kind>
         <file>rts2800_fpu32.lib</file>
         <name>s_sinf.c.obj</name>
      </input_file>
      <input_file id="fl-26">
         <path>C:\ti\ccsv8\tools\compiler\ti-cgt-c2000_18.1.1.LTS\lib\</path>
         <kind>archive</kind>
         <file>rts2800_fpu32.lib</file>
         <name>boot28.asm.obj</name>
      </input_file>
      <input_file id="fl-27">
         <path>C:\ti\ccsv8\tools\compiler\ti-cgt-c2000_18.1.1.LTS\lib\</path>
         <kind>archive</kind>
         <file>rts2800_fpu32.lib</file>
         <name>fs_div28.asm.obj</name>
      </input_file>
      <input_file id="fl-28">
         <path>C:\ti\ccsv8\tools\compiler\ti-cgt-c2000_18.1.1.LTS\lib\</path>
         <kind>archive</kind>
         <file>rts2800_fpu32.lib</file>
         <name>ll_aox28.asm.obj</name>
      </input_file>
      <input_file id="fl-29">
         <path>C:\ti\ccsv8\tools\compiler\ti-cgt-c2000_18.1.1.LTS\lib\</path>
         <kind>archive</kind>
         <file>rts2800_fpu32.lib</file>
         <name>cpy_tbl.c.obj</name>
      </input_file>
      <input_file id="fl-2a">
         <path>C:\ti\ccsv8\tools\compiler\ti-cgt-c2000_18.1.1.LTS\lib\</path>
         <kind>archive</kind>
         <file>rts2800_fpu32.lib</file>
         <name>memcpy.c.obj</name>
      </input_file>
      <input_file id="fl-2b">
         <path>C:\ti\ccsv8\tools\compiler\ti-cgt-c2000_18.1.1.LTS\lib\</path>
         <kind>archive</kind>
         <file>rts2800_fpu32.lib</file>
         <name>pre_init.c.obj</name>
      </input_file>
      <input_file id="fl-2c">
         <path>C:\ti\ccsv8\tools\compiler\ti-cgt-c2000_18.1.1.LTS\lib\</path>
         <kind>archive</kind>
         <file>rts2800_fpu32.lib</file>
         <name>startup.c.obj</name>
      </input_file>
      <input_file id="fl-2d">
         <path>C:\ti\ccsv8\tools\compiler\ti-cgt-c2000_18.1.1.LTS\lib\</path>
         <kind>archive</kind>
         <file>rts2800_fpu32.lib</file>
         <name>errno.c.obj</name>
      </input_file>
      <input_file id="fl-2e">
         <path>C:\ti\ccsv8\tools\compiler\ti-cgt-c2000_18.1.1.LTS\lib\</path>
         <kind>archive</kind>
         <file>rts2800_fpu32.lib</file>
         <name>exit.c.obj</name>
      </input_file>
      <input_file id="fl-2f">
         <path>C:\ti\ccsv8\tools\compiler\ti-cgt-c2000_18.1.1.LTS\lib\</path>
         <kind>archive</kind>
         <file>rts2800_fpu32.lib</file>
         <name>_lock.c.obj</name>
      </input_file>
      <input_file id="fl-30">
         <path>C:\ti\ccsv8\tools\compiler\ti-cgt-c2000_18.1.1.LTS\lib\</path>
         <kind>archive</kind>
         <file>rts2800_fpu32.lib</file>
         <name>args_main.c.obj</name>
      </input_file>
      <input_file id="fl-31">
         <path>C:\ti\ccsv8\tools\compiler\ti-cgt-c2000_18.1.1.LTS\lib\</path>
         <kind>archive</kind>
         <file>rts2800_fpu32.lib</file>
         <name>memset.c.obj</name>
      </input_file>
      <input_file id="fl-32">
         <path>C:\ti\ccsv8\tools\compiler\ti-cgt-c2000_18.1.1.LTS\lib\</path>
         <kind>archive</kind>
         <file>rts2800_fpu32.lib</file>
         <name>s_floorf.c.obj</name>
      </input_file>
   </input_file_list>
   <object_component_list>
      <object_component id="oc-120">
         <name>PieVectTableFile</name>
         <uninitialized>true</uninitialized>
         <run_address>0xd00</run_address>
         <size>0x1c0</size>
         <input_file_ref idref="fl-c"/>
      </object_component>
      <object_component id="oc-cc">
         <name>EmuKeyVar</name>
         <uninitialized>true</uninitialized>
         <run_address>0xd00</run_address>
         <size>0x1</size>
         <input_file_ref idref="fl-c"/>
      </object_component>
      <object_component id="oc-cd">
         <name>EmuBModeVar</name>
         <uninitialized>true</uninitialized>
         <run_address>0xd01</run_address>
         <size>0x1</size>
         <input_file_ref idref="fl-c"/>
      </object_component>
      <object_component id="oc-e4">
         <name>AdcaResultFile</name>
         <uninitialized>true</uninitialized>
         <run_address>0xb00</run_address>
         <size>0x18</size>
         <input_file_ref idref="fl-c"/>
      </object_component>
      <object_component id="oc-e3">
         <name>AdcbResultFile</name>
         <uninitialized>true</uninitialized>
         <run_address>0xb20</run_address>
         <size>0x18</size>
         <input_file_ref idref="fl-c"/>
      </object_component>
      <object_component id="oc-e2">
         <name>AdccResultFile</name>
         <uninitialized>true</uninitialized>
         <run_address>0xb40</run_address>
         <size>0x18</size>
         <input_file_ref idref="fl-c"/>
      </object_component>
      <object_component id="oc-e5">
         <name>AdcdResultFile</name>
         <uninitialized>true</uninitialized>
         <run_address>0xb60</run_address>
         <size>0x18</size>
         <input_file_ref idref="fl-c"/>
      </object_component>
      <object_component id="oc-10a">
         <name>AdcaRegsFile</name>
         <uninitialized>true</uninitialized>
         <run_address>0x7400</run_address>
         <size>0x80</size>
         <input_file_ref idref="fl-c"/>
      </object_component>
      <object_component id="oc-10e">
         <name>AdcbRegsFile</name>
         <uninitialized>true</uninitialized>
         <run_address>0x7480</run_address>
         <size>0x80</size>
         <input_file_ref idref="fl-c"/>
      </object_component>
      <object_component id="oc-110">
         <name>AdccRegsFile</name>
         <uninitialized>true</uninitialized>
         <run_address>0x7500</run_address>
         <size>0x80</size>
         <input_file_ref idref="fl-c"/>
      </object_component>
      <object_component id="oc-10c">
         <name>AdcdRegsFile</name>
         <uninitialized>true</uninitialized>
         <run_address>0x7580</run_address>
         <size>0x80</size>
         <input_file_ref idref="fl-c"/>
      </object_component>
      <object_component id="oc-105">
         <name>Cla1RegsFile</name>
         <uninitialized>true</uninitialized>
         <run_address>0x1400</run_address>
         <size>0x3e</size>
         <input_file_ref idref="fl-c"/>
      </object_component>
      <object_component id="oc-d1">
         <name>Cla1SoftIntRegsFile</name>
         <uninitialized>true</uninitialized>
         <run_address>0xce0</run_address>
         <size>0x4</size>
         <input_file_ref idref="fl-c"/>
      </object_component>
      <object_component id="oc-f1">
         <name>Cmpss1RegsFile</name>
         <uninitialized>true</uninitialized>
         <run_address>0x5c80</run_address>
         <size>0x20</size>
         <input_file_ref idref="fl-c"/>
      </object_component>
      <object_component id="oc-f2">
         <name>Cmpss2RegsFile</name>
         <uninitialized>true</uninitialized>
         <run_address>0x5ca0</run_address>
         <size>0x20</size>
         <input_file_ref idref="fl-c"/>
      </object_component>
      <object_component id="oc-ef">
         <name>Cmpss3RegsFile</name>
         <uninitialized>true</uninitialized>
         <run_address>0x5cc0</run_address>
         <size>0x20</size>
         <input_file_ref idref="fl-c"/>
      </object_component>
      <object_component id="oc-f0">
         <name>Cmpss4RegsFile</name>
         <uninitialized>true</uninitialized>
         <run_address>0x5ce0</run_address>
         <size>0x20</size>
         <input_file_ref idref="fl-c"/>
      </object_component>
      <object_component id="oc-f5">
         <name>Cmpss5RegsFile</name>
         <uninitialized>true</uninitialized>
         <run_address>0x5d00</run_address>
         <size>0x20</size>
         <input_file_ref idref="fl-c"/>
      </object_component>
      <object_component id="oc-ee">
         <name>Cmpss6RegsFile</name>
         <uninitialized>true</uninitialized>
         <run_address>0x5d20</run_address>
         <size>0x20</size>
         <input_file_ref idref="fl-c"/>
      </object_component>
      <object_component id="oc-f4">
         <name>Cmpss7RegsFile</name>
         <uninitialized>true</uninitialized>
         <run_address>0x5d40</run_address>
         <size>0x20</size>
         <input_file_ref idref="fl-c"/>
      </object_component>
      <object_component id="oc-ed">
         <name>Cmpss8RegsFile</name>
         <uninitialized>true</uninitialized>
         <run_address>0x5d60</run_address>
         <size>0x20</size>
         <input_file_ref idref="fl-c"/>
      </object_component>
      <object_component id="oc-d6">
         <name>CpuTimer0RegsFile</name>
         <uninitialized>true</uninitialized>
         <run_address>0xc00</run_address>
         <size>0x8</size>
         <input_file_ref idref="fl-c"/>
      </object_component>
      <object_component id="oc-d3">
         <name>CpuTimer1RegsFile</name>
         <uninitialized>true</uninitialized>
         <run_address>0xc08</run_address>
         <size>0x8</size>
         <input_file_ref idref="fl-c"/>
      </object_component>
      <object_component id="oc-d4">
         <name>CpuTimer2RegsFile</name>
         <uninitialized>true</uninitialized>
         <run_address>0xc10</run_address>
         <size>0x8</size>
         <input_file_ref idref="fl-c"/>
      </object_component>
      <object_component id="oc-d5">
         <name>DacaRegsFile</name>
         <uninitialized>true</uninitialized>
         <run_address>0x5c00</run_address>
         <size>0x8</size>
         <input_file_ref idref="fl-c"/>
      </object_component>
      <object_component id="oc-d8">
         <name>DacbRegsFile</name>
         <uninitialized>true</uninitialized>
         <run_address>0x5c10</run_address>
         <size>0x8</size>
         <input_file_ref idref="fl-c"/>
      </object_component>
      <object_component id="oc-d7">
         <name>DaccRegsFile</name>
         <uninitialized>true</uninitialized>
         <run_address>0x5c20</run_address>
         <size>0x8</size>
         <input_file_ref idref="fl-c"/>
      </object_component>
      <object_component id="oc-ff">
         <name>DcsmZ1RegsFile</name>
         <uninitialized>true</uninitialized>
         <run_address>0x5f000</run_address>
         <size>0x24</size>
         <input_file_ref idref="fl-c"/>
      </object_component>
      <object_component id="oc-100">
         <name>DcsmZ2RegsFile</name>
         <uninitialized>true</uninitialized>
         <run_address>0x5f040</run_address>
         <size>0x24</size>
         <input_file_ref idref="fl-c"/>
      </object_component>
      <object_component id="oc-d9">
         <name>DcsmCommonRegsFile</name>
         <uninitialized>true</uninitialized>
         <run_address>0x5f070</run_address>
         <size>0x8</size>
         <input_file_ref idref="fl-c"/>
      </object_component>
      <object_component id="oc-cf">
         <name>DcsmZ1OtpFile</name>
         <uninitialized>true</uninitialized>
         <run_address>0x78000</run_address>
         <size>0x2</size>
         <input_file_ref idref="fl-c"/>
      </object_component>
      <object_component id="oc-d0">
         <name>DcsmZ2OtpFile</name>
         <uninitialized>true</uninitialized>
         <run_address>0x78200</run_address>
         <size>0x2</size>
         <input_file_ref idref="fl-c"/>
      </object_component>
      <object_component id="oc-112">
         <name>DmaRegsFile</name>
         <uninitialized>true</uninitialized>
         <run_address>0x1000</run_address>
         <size>0xe0</size>
         <input_file_ref idref="fl-c"/>
      </object_component>
      <object_component id="oc-e7">
         <name>DmaClaSrcSelRegsFile</name>
         <uninitialized>true</uninitialized>
         <run_address>0x7980</run_address>
         <size>0x1a</size>
         <input_file_ref idref="fl-c"/>
      </object_component>
      <object_component id="oc-f6">
         <name>ECap1RegsFile</name>
         <uninitialized>true</uninitialized>
         <run_address>0x5000</run_address>
         <size>0x20</size>
         <input_file_ref idref="fl-c"/>
      </object_component>
      <object_component id="oc-f3">
         <name>ECap2RegsFile</name>
         <uninitialized>true</uninitialized>
         <run_address>0x5020</run_address>
         <size>0x20</size>
         <input_file_ref idref="fl-c"/>
      </object_component>
      <object_component id="oc-ea">
         <name>ECap3RegsFile</name>
         <uninitialized>true</uninitialized>
         <run_address>0x5040</run_address>
         <size>0x20</size>
         <input_file_ref idref="fl-c"/>
      </object_component>
      <object_component id="oc-eb">
         <name>ECap4RegsFile</name>
         <uninitialized>true</uninitialized>
         <run_address>0x5060</run_address>
         <size>0x20</size>
         <input_file_ref idref="fl-c"/>
      </object_component>
      <object_component id="oc-e8">
         <name>ECap5RegsFile</name>
         <uninitialized>true</uninitialized>
         <run_address>0x5080</run_address>
         <size>0x20</size>
         <input_file_ref idref="fl-c"/>
      </object_component>
      <object_component id="oc-e9">
         <name>ECap6RegsFile</name>
         <uninitialized>true</uninitialized>
         <run_address>0x50a0</run_address>
         <size>0x20</size>
         <input_file_ref idref="fl-c"/>
      </object_component>
      <object_component id="oc-109">
         <name>Emif1RegsFile</name>
         <uninitialized>true</uninitialized>
         <run_address>0x47000</run_address>
         <size>0x70</size>
         <input_file_ref idref="fl-c"/>
      </object_component>
      <object_component id="oc-108">
         <name>Emif2RegsFile</name>
         <uninitialized>true</uninitialized>
         <run_address>0x47800</run_address>
         <size>0x70</size>
         <input_file_ref idref="fl-c"/>
      </object_component>
      <object_component id="oc-11e">
         <name>EPwm1RegsFile</name>
         <uninitialized>true</uninitialized>
         <run_address>0x4000</run_address>
         <size>0x100</size>
         <input_file_ref idref="fl-c"/>
      </object_component>
      <object_component id="oc-115">
         <name>EPwm2RegsFile</name>
         <uninitialized>true</uninitialized>
         <run_address>0x4100</run_address>
         <size>0x100</size>
         <input_file_ref idref="fl-c"/>
      </object_component>
      <object_component id="oc-114">
         <name>EPwm3RegsFile</name>
         <uninitialized>true</uninitialized>
         <run_address>0x4200</run_address>
         <size>0x100</size>
         <input_file_ref idref="fl-c"/>
      </object_component>
      <object_component id="oc-113">
         <name>EPwm4RegsFile</name>
         <uninitialized>true</uninitialized>
         <run_address>0x4300</run_address>
         <size>0x100</size>
         <input_file_ref idref="fl-c"/>
      </object_component>
      <object_component id="oc-116">
         <name>EPwm5RegsFile</name>
         <uninitialized>true</uninitialized>
         <run_address>0x4400</run_address>
         <size>0x100</size>
         <input_file_ref idref="fl-c"/>
      </object_component>
      <object_component id="oc-11c">
         <name>EPwm6RegsFile</name>
         <uninitialized>true</uninitialized>
         <run_address>0x4500</run_address>
         <size>0x100</size>
         <input_file_ref idref="fl-c"/>
      </object_component>
      <object_component id="oc-11b">
         <name>EPwm7RegsFile</name>
         <uninitialized>true</uninitialized>
         <run_address>0x4600</run_address>
         <size>0x100</size>
         <input_file_ref idref="fl-c"/>
      </object_component>
      <object_component id="oc-11d">
         <name>EPwm8RegsFile</name>
         <uninitialized>true</uninitialized>
         <run_address>0x4700</run_address>
         <size>0x100</size>
         <input_file_ref idref="fl-c"/>
      </object_component>
      <object_component id="oc-118">
         <name>EPwm9RegsFile</name>
         <uninitialized>true</uninitialized>
         <run_address>0x4800</run_address>
         <size>0x100</size>
         <input_file_ref idref="fl-c"/>
      </object_component>
      <object_component id="oc-117">
         <name>EPwm10RegsFile</name>
         <uninitialized>true</uninitialized>
         <run_address>0x4900</run_address>
         <size>0x100</size>
         <input_file_ref idref="fl-c"/>
      </object_component>
      <object_component id="oc-11a">
         <name>EPwm11RegsFile</name>
         <uninitialized>true</uninitialized>
         <run_address>0x4a00</run_address>
         <size>0x100</size>
         <input_file_ref idref="fl-c"/>
      </object_component>
      <object_component id="oc-119">
         <name>EPwm12RegsFile</name>
         <uninitialized>true</uninitialized>
         <run_address>0x4b00</run_address>
         <size>0x100</size>
         <input_file_ref idref="fl-c"/>
      </object_component>
      <object_component id="oc-f9">
         <name>EQep1RegsFile</name>
         <uninitialized>true</uninitialized>
         <run_address>0x5100</run_address>
         <size>0x22</size>
         <input_file_ref idref="fl-c"/>
      </object_component>
      <object_component id="oc-fb">
         <name>EQep2RegsFile</name>
         <uninitialized>true</uninitialized>
         <run_address>0x5140</run_address>
         <size>0x22</size>
         <input_file_ref idref="fl-c"/>
      </object_component>
      <object_component id="oc-fa">
         <name>EQep3RegsFile</name>
         <uninitialized>true</uninitialized>
         <run_address>0x5180</run_address>
         <size>0x22</size>
         <input_file_ref idref="fl-c"/>
      </object_component>
      <object_component id="oc-11f">
         <name>Flash0CtrlRegsFile</name>
         <uninitialized>true</uninitialized>
         <run_address>0x5f800</run_address>
         <size>0x182</size>
         <input_file_ref idref="fl-c"/>
      </object_component>
      <object_component id="oc-101">
         <name>Flash0EccRegsFile</name>
         <uninitialized>true</uninitialized>
         <run_address>0x5fb00</run_address>
         <size>0x28</size>
         <input_file_ref idref="fl-c"/>
      </object_component>
      <object_component id="oc-103">
         <name>GpioDataRegsFile</name>
         <uninitialized>true</uninitialized>
         <run_address>0x7f00</run_address>
         <size>0x30</size>
         <input_file_ref idref="fl-c"/>
      </object_component>
      <object_component id="oc-f7">
         <name>I2caRegsFile</name>
         <uninitialized>true</uninitialized>
         <run_address>0x7300</run_address>
         <size>0x22</size>
         <input_file_ref idref="fl-c"/>
      </object_component>
      <object_component id="oc-f8">
         <name>I2cbRegsFile</name>
         <uninitialized>true</uninitialized>
         <run_address>0x7340</run_address>
         <size>0x22</size>
         <input_file_ref idref="fl-c"/>
      </object_component>
      <object_component id="oc-fd">
         <name>IpcRegsFile</name>
         <uninitialized>true</uninitialized>
         <run_address>0x50000</run_address>
         <size>0x24</size>
         <input_file_ref idref="fl-c"/>
      </object_component>
      <object_component id="oc-ce">
         <name>FlashPumpSemaphoreRegsFile</name>
         <uninitialized>true</uninitialized>
         <run_address>0x50024</run_address>
         <size>0x2</size>
         <input_file_ref idref="fl-c"/>
      </object_component>
      <object_component id="oc-10f">
         <name>MemCfgRegsFile</name>
         <uninitialized>true</uninitialized>
         <run_address>0x5f400</run_address>
         <size>0x80</size>
         <input_file_ref idref="fl-c"/>
      </object_component>
      <object_component id="oc-ec">
         <name>Emif1ConfigRegsFile</name>
         <uninitialized>true</uninitialized>
         <run_address>0x5f480</run_address>
         <size>0x20</size>
         <input_file_ref idref="fl-c"/>
      </object_component>
      <object_component id="oc-107">
         <name>AccessProtectionRegsFile</name>
         <uninitialized>true</uninitialized>
         <run_address>0x5f4c0</run_address>
         <size>0x40</size>
         <input_file_ref idref="fl-c"/>
      </object_component>
      <object_component id="oc-106">
         <name>MemoryErrorRegsFile</name>
         <uninitialized>true</uninitialized>
         <run_address>0x5f500</run_address>
         <size>0x40</size>
         <input_file_ref idref="fl-c"/>
      </object_component>
      <object_component id="oc-fe">
         <name>McbspaRegsFile</name>
         <uninitialized>true</uninitialized>
         <run_address>0x6000</run_address>
         <size>0x24</size>
         <input_file_ref idref="fl-c"/>
      </object_component>
      <object_component id="oc-fc">
         <name>McbspbRegsFile</name>
         <uninitialized>true</uninitialized>
         <run_address>0x6040</run_address>
         <size>0x24</size>
         <input_file_ref idref="fl-c"/>
      </object_component>
      <object_component id="oc-d2">
         <name>NmiIntruptRegsFile</name>
         <uninitialized>true</uninitialized>
         <run_address>0x7060</run_address>
         <size>0x7</size>
         <input_file_ref idref="fl-c"/>
      </object_component>
      <object_component id="oc-e6">
         <name>PieCtrlRegsFile</name>
         <uninitialized>true</uninitialized>
         <run_address>0xce0</run_address>
         <size>0x1a</size>
         <input_file_ref idref="fl-c"/>
      </object_component>
      <object_component id="oc-dc">
         <name>SciaRegsFile</name>
         <uninitialized>true</uninitialized>
         <run_address>0x7200</run_address>
         <size>0x10</size>
         <input_file_ref idref="fl-c"/>
      </object_component>
      <object_component id="oc-db">
         <name>ScibRegsFile</name>
         <uninitialized>true</uninitialized>
         <run_address>0x7210</run_address>
         <size>0x10</size>
         <input_file_ref idref="fl-c"/>
      </object_component>
      <object_component id="oc-de">
         <name>ScicRegsFile</name>
         <uninitialized>true</uninitialized>
         <run_address>0x7220</run_address>
         <size>0x10</size>
         <input_file_ref idref="fl-c"/>
      </object_component>
      <object_component id="oc-dd">
         <name>ScidRegsFile</name>
         <uninitialized>true</uninitialized>
         <run_address>0x7230</run_address>
         <size>0x10</size>
         <input_file_ref idref="fl-c"/>
      </object_component>
      <object_component id="oc-10d">
         <name>Sdfm1RegsFile</name>
         <uninitialized>true</uninitialized>
         <run_address>0x5e00</run_address>
         <size>0x80</size>
         <input_file_ref idref="fl-c"/>
      </object_component>
      <object_component id="oc-10b">
         <name>Sdfm2RegsFile</name>
         <uninitialized>true</uninitialized>
         <run_address>0x5e80</run_address>
         <size>0x80</size>
         <input_file_ref idref="fl-c"/>
      </object_component>
      <object_component id="oc-df">
         <name>SpiaRegsFile</name>
         <uninitialized>true</uninitialized>
         <run_address>0x6100</run_address>
         <size>0x10</size>
         <input_file_ref idref="fl-c"/>
      </object_component>
      <object_component id="oc-e1">
         <name>SpibRegsFile</name>
         <uninitialized>true</uninitialized>
         <run_address>0x6110</run_address>
         <size>0x10</size>
         <input_file_ref idref="fl-c"/>
      </object_component>
      <object_component id="oc-e0">
         <name>SpicRegsFile</name>
         <uninitialized>true</uninitialized>
         <run_address>0x6120</run_address>
         <size>0x10</size>
         <input_file_ref idref="fl-c"/>
      </object_component>
      <object_component id="oc-104">
         <name>ClkCfgRegsFile</name>
         <uninitialized>true</uninitialized>
         <run_address>0x5d200</run_address>
         <size>0x32</size>
         <input_file_ref idref="fl-c"/>
      </object_component>
      <object_component id="oc-111">
         <name>CpuSysRegsFile</name>
         <uninitialized>true</uninitialized>
         <run_address>0x5d300</run_address>
         <size>0x82</size>
         <input_file_ref idref="fl-c"/>
      </object_component>
      <object_component id="oc-102">
         <name>WdRegsFile</name>
         <uninitialized>true</uninitialized>
         <run_address>0x7000</run_address>
         <size>0x2b</size>
         <input_file_ref idref="fl-c"/>
      </object_component>
      <object_component id="oc-da">
         <name>XintRegsFile</name>
         <uninitialized>true</uninitialized>
         <run_address>0x7070</run_address>
         <size>0xb</size>
         <input_file_ref idref="fl-c"/>
      </object_component>
      <object_component id="oc-98">
         <name>.cinit</name>
         <load_address>0x82000</load_address>
         <run_address>0x82000</run_address>
         <size>0x4b4</size>
         <input_file_ref idref="fl-5"/>
      </object_component>
      <object_component id="oc-1ac">
         <name>.cinit</name>
         <load_address>0x824b4</load_address>
         <run_address>0x824b4</run_address>
         <size>0xe</size>
         <input_file_ref idref="fl-2e"/>
      </object_component>
      <object_component id="oc-1d0">
         <name>.cinit:__lock</name>
         <load_address>0x824c2</load_address>
         <run_address>0x824c2</run_address>
         <size>0x5</size>
         <input_file_ref idref="fl-2f"/>
      </object_component>
      <object_component id="oc-1db">
         <name>.cinit:__unlock</name>
         <load_address>0x824c7</load_address>
         <run_address>0x824c7</run_address>
         <size>0x5</size>
         <input_file_ref idref="fl-2f"/>
      </object_component>
      <object_component id="oc-1a8">
         <name>.cinit</name>
         <load_address>0x824cc</load_address>
         <run_address>0x824cc</run_address>
         <size>0x4</size>
         <input_file_ref idref="fl-2d"/>
      </object_component>
      <object_component id="oc-bc">
         <name>.text:retain</name>
         <load_address>0x82768</load_address>
         <run_address>0x82768</run_address>
         <size>0x590</size>
         <input_file_ref idref="fl-9"/>
      </object_component>
      <object_component id="oc-1cc">
         <name>.text</name>
         <load_address>0x82cf8</load_address>
         <run_address>0x82cf8</run_address>
         <size>0x406</size>
         <input_file_ref idref="fl-a"/>
      </object_component>
      <object_component id="oc-1d3">
         <name>.text</name>
         <load_address>0x830fe</load_address>
         <run_address>0x830fe</run_address>
         <size>0x21f</size>
         <input_file_ref idref="fl-14"/>
      </object_component>
      <object_component id="oc-1dd">
         <name>.text</name>
         <load_address>0x8331d</load_address>
         <run_address>0x8331d</run_address>
         <size>0x12b</size>
         <input_file_ref idref="fl-22"/>
      </object_component>
      <object_component id="oc-155">
         <name>.text</name>
         <load_address>0x83448</load_address>
         <run_address>0x83448</run_address>
         <size>0x11d</size>
         <input_file_ref idref="fl-1d"/>
      </object_component>
      <object_component id="oc-1ce">
         <name>.text</name>
         <load_address>0x83565</load_address>
         <run_address>0x83565</run_address>
         <size>0x116</size>
         <input_file_ref idref="fl-2"/>
      </object_component>
      <object_component id="oc-1e1">
         <name>.text</name>
         <load_address>0x8367b</load_address>
         <run_address>0x8367b</run_address>
         <size>0xdd</size>
         <input_file_ref idref="fl-7"/>
      </object_component>
      <object_component id="oc-1d6">
         <name>.text</name>
         <load_address>0x83758</load_address>
         <run_address>0x83758</run_address>
         <size>0xdc</size>
         <input_file_ref idref="fl-6"/>
      </object_component>
      <object_component id="oc-1d8">
         <name>.text</name>
         <load_address>0x83834</load_address>
         <run_address>0x83834</run_address>
         <size>0xcb</size>
         <input_file_ref idref="fl-4"/>
      </object_component>
      <object_component id="oc-1d1">
         <name>.text</name>
         <load_address>0x838ff</load_address>
         <run_address>0x838ff</run_address>
         <size>0xad</size>
         <input_file_ref idref="fl-e"/>
      </object_component>
      <object_component id="oc-1d7">
         <name>.text</name>
         <load_address>0x839ac</load_address>
         <run_address>0x839ac</run_address>
         <size>0xa4</size>
         <input_file_ref idref="fl-3"/>
      </object_component>
      <object_component id="oc-189">
         <name>.text</name>
         <load_address>0x83a50</load_address>
         <run_address>0x83a50</run_address>
         <size>0x88</size>
         <input_file_ref idref="fl-27"/>
      </object_component>
      <object_component id="oc-15f">
         <name>.text</name>
         <load_address>0x83ad8</load_address>
         <run_address>0x83ad8</run_address>
         <size>0x86</size>
         <input_file_ref idref="fl-1f"/>
      </object_component>
      <object_component id="oc-1e2">
         <name>.text</name>
         <load_address>0x83b5e</load_address>
         <run_address>0x83b5e</run_address>
         <size>0x6b</size>
         <input_file_ref idref="fl-20"/>
      </object_component>
      <object_component id="oc-1e5">
         <name>.text</name>
         <load_address>0x83bc9</load_address>
         <run_address>0x83bc9</run_address>
         <size>0x61</size>
         <input_file_ref idref="fl-23"/>
      </object_component>
      <object_component id="oc-1e6">
         <name>.text</name>
         <load_address>0x83c2a</load_address>
         <run_address>0x83c2a</run_address>
         <size>0x58</size>
         <input_file_ref idref="fl-25"/>
      </object_component>
      <object_component id="oc-1e4">
         <name>.text</name>
         <load_address>0x83c82</load_address>
         <run_address>0x83c82</run_address>
         <size>0x57</size>
         <input_file_ref idref="fl-32"/>
      </object_component>
      <object_component id="oc-86">
         <name>.text</name>
         <load_address>0x83cd9</load_address>
         <run_address>0x83cd9</run_address>
         <size>0x56</size>
         <input_file_ref idref="fl-26"/>
      </object_component>
      <object_component id="oc-1c9">
         <name>.text</name>
         <load_address>0x83d2f</load_address>
         <run_address>0x83d2f</run_address>
         <size>0x1</size>
         <input_file_ref idref="fl-2c"/>
      </object_component>
      <object_component id="oc-15a">
         <name>.text</name>
         <load_address>0x83d30</load_address>
         <run_address>0x83d30</run_address>
         <size>0x4e</size>
         <input_file_ref idref="fl-1e"/>
      </object_component>
      <object_component id="oc-1de">
         <name>.text</name>
         <load_address>0x83d7e</load_address>
         <run_address>0x83d7e</run_address>
         <size>0x38</size>
         <input_file_ref idref="fl-24"/>
      </object_component>
      <object_component id="oc-1cb">
         <name>.text</name>
         <load_address>0x83db6</load_address>
         <run_address>0x83db6</run_address>
         <size>0x29</size>
         <input_file_ref idref="fl-2e"/>
      </object_component>
      <object_component id="oc-1d4">
         <name>.text</name>
         <load_address>0x83ddf</load_address>
         <run_address>0x83ddf</run_address>
         <size>0x28</size>
         <input_file_ref idref="fl-11"/>
      </object_component>
      <object_component id="oc-1d9">
         <name>.text</name>
         <load_address>0x83e07</load_address>
         <run_address>0x83e07</run_address>
         <size>0x27</size>
         <input_file_ref idref="fl-5"/>
      </object_component>
      <object_component id="oc-1d5">
         <name>.text</name>
         <load_address>0x83e2e</load_address>
         <run_address>0x83e2e</run_address>
         <size>0x26</size>
         <input_file_ref idref="fl-12"/>
      </object_component>
      <object_component id="oc-169">
         <name>.text</name>
         <load_address>0x83e54</load_address>
         <run_address>0x83e54</run_address>
         <size>0x25</size>
         <input_file_ref idref="fl-21"/>
      </object_component>
      <object_component id="oc-1c8">
         <name>.text</name>
         <load_address>0x83e79</load_address>
         <run_address>0x83e79</run_address>
         <size>0x24</size>
         <input_file_ref idref="fl-29"/>
      </object_component>
      <object_component id="oc-1cd">
         <name>.text</name>
         <load_address>0x83e9d</load_address>
         <run_address>0x83e9d</run_address>
         <size>0x1e</size>
         <input_file_ref idref="fl-2a"/>
      </object_component>
      <object_component id="oc-1ca">
         <name>.text</name>
         <load_address>0x83ebb</load_address>
         <run_address>0x83ebb</run_address>
         <size>0x19</size>
         <input_file_ref idref="fl-30"/>
      </object_component>
      <object_component id="oc-18e">
         <name>.text</name>
         <load_address>0x83ed4</load_address>
         <run_address>0x83ed4</run_address>
         <size>0x18</size>
         <input_file_ref idref="fl-28"/>
      </object_component>
      <object_component id="oc-1dc">
         <name>.text</name>
         <load_address>0x83eec</load_address>
         <run_address>0x83eec</run_address>
         <size>0xc</size>
         <input_file_ref idref="fl-31"/>
      </object_component>
      <object_component id="oc-1da">
         <name>.text</name>
         <load_address>0x83ef8</load_address>
         <run_address>0x83ef8</run_address>
         <size>0x9</size>
         <input_file_ref idref="fl-2f"/>
      </object_component>
      <object_component id="oc-b5">
         <name>.text</name>
         <load_address>0x83f01</load_address>
         <run_address>0x83f01</run_address>
         <size>0x8</size>
         <input_file_ref idref="fl-8"/>
      </object_component>
      <object_component id="oc-1c7">
         <name>.text</name>
         <load_address>0x83f09</load_address>
         <run_address>0x83f09</run_address>
         <size>0x2</size>
         <input_file_ref idref="fl-2b"/>
      </object_component>
      <object_component id="oc-b6">
         <name>codestart</name>
         <load_address>0x80000</load_address>
         <run_address>0x80000</run_address>
         <size>0x2</size>
         <input_file_ref idref="fl-8"/>
      </object_component>
      <object_component id="oc-183">
         <name>.stack</name>
         <uninitialized>true</uninitialized>
         <run_address>0x400</run_address>
         <size>0x0</size>
         <input_file_ref idref="fl-26"/>
      </object_component>
      <object_component id="oc-272">
         <name>.stack</name>
         <uninitialized>true</uninitialized>
         <run_address>0x400</run_address>
         <size>0x0</size>
      </object_component>
      <object_component id="oc-99">
         <name>.ebss</name>
         <uninitialized>true</uninitialized>
         <run_address>0xb800</run_address>
         <size>0x1b4</size>
         <input_file_ref idref="fl-5"/>
      </object_component>
      <object_component id="oc-1a9">
         <name>.ebss</name>
         <uninitialized>true</uninitialized>
         <run_address>0xb9be</run_address>
         <size>0x1</size>
         <input_file_ref idref="fl-2d"/>
      </object_component>
      <object_component id="oc-1ad">
         <name>.ebss</name>
         <uninitialized>true</uninitialized>
         <run_address>0xb9b4</run_address>
         <size>0x6</size>
         <input_file_ref idref="fl-2e"/>
      </object_component>
      <object_component id="oc-1e3">
         <name>.ebss:__unlock</name>
         <uninitialized>true</uninitialized>
         <run_address>0xb9bc</run_address>
         <size>0x2</size>
         <input_file_ref idref="fl-2f"/>
      </object_component>
      <object_component id="oc-1cf">
         <name>.ebss:__lock</name>
         <uninitialized>true</uninitialized>
         <run_address>0xb9ba</run_address>
         <size>0x2</size>
         <input_file_ref idref="fl-2f"/>
      </object_component>
      <object_component id="oc-1e0">
         <name>.econst:_PieVectTableInit</name>
         <load_address>0x90000</load_address>
         <run_address>0x90000</run_address>
         <size>0x1c0</size>
         <input_file_ref idref="fl-12"/>
      </object_component>
      <object_component id="oc-16f">
         <name>.econst</name>
         <load_address>0x901c0</load_address>
         <run_address>0x901c0</run_address>
         <size>0x10</size>
         <input_file_ref idref="fl-22"/>
      </object_component>
      <object_component id="oc-1c2">
         <name>.econst</name>
         <load_address>0x901d0</load_address>
         <run_address>0x901d0</run_address>
         <size>0x2</size>
         <input_file_ref idref="fl-32"/>
      </object_component>
      <object_component id="oc-184">
         <name>.reset</name>
         <load_address>0x3fffc0</load_address>
         <run_address>0x3fffc0</run_address>
         <size>0x2</size>
         <input_file_ref idref="fl-26"/>
      </object_component>
      <object_component id="oc-1d2">
         <name>.TI.ramfunc</name>
         <load_address>0x824d4</load_address>
         <run_address>0xa000</run_address>
         <size>0x153</size>
         <input_file_ref idref="fl-5"/>
      </object_component>
      <object_component id="oc-88">
         <name>.TI.ramfunc:retain</name>
         <load_address>0x82627</load_address>
         <run_address>0xa153</run_address>
         <size>0x105</size>
         <input_file_ref idref="fl-2"/>
      </object_component>
      <object_component id="oc-1df">
         <name>.TI.ramfunc</name>
         <load_address>0x8272c</load_address>
         <run_address>0xa258</run_address>
         <size>0x37</size>
         <input_file_ref idref="fl-14"/>
      </object_component>
      <object_component id="oc-150">
         <name>.TI.ramfunc</name>
         <load_address>0x82763</load_address>
         <run_address>0xa28f</run_address>
         <size>0x4</size>
         <input_file_ref idref="fl-15"/>
      </object_component>
      <object_component id="oc-132">
         <name>PUTBUFFER</name>
         <uninitialized>true</uninitialized>
         <run_address>0x3fc00</run_address>
         <size>0x80</size>
         <input_file_ref idref="fl-f"/>
      </object_component>
      <object_component id="oc-12f">
         <name>PUTWRITEIDX</name>
         <uninitialized>true</uninitialized>
         <run_address>0x3fc80</run_address>
         <size>0x4</size>
         <input_file_ref idref="fl-f"/>
      </object_component>
      <object_component id="oc-130">
         <name>GETREADIDX</name>
         <uninitialized>true</uninitialized>
         <run_address>0x3fc84</run_address>
         <size>0x4</size>
         <input_file_ref idref="fl-f"/>
      </object_component>
      <object_component id="oc-131">
         <name>GETBUFFER</name>
         <uninitialized>true</uninitialized>
         <run_address>0x3f800</run_address>
         <size>0x80</size>
         <input_file_ref idref="fl-f"/>
      </object_component>
      <object_component id="oc-12d">
         <name>GETWRITEIDX</name>
         <uninitialized>true</uninitialized>
         <run_address>0x3f880</run_address>
         <size>0x4</size>
         <input_file_ref idref="fl-f"/>
      </object_component>
      <object_component id="oc-12e">
         <name>PUTREADIDX</name>
         <uninitialized>true</uninitialized>
         <run_address>0x3f884</run_address>
         <size>0x4</size>
         <input_file_ref idref="fl-f"/>
      </object_component>
      <object_component id="oc-a5">
         <name>RFFT2Input</name>
         <uninitialized>true</uninitialized>
         <run_address>0xe000</run_address>
         <size>0x800</size>
         <input_file_ref idref="fl-5"/>
      </object_component>
      <object_component id="oc-a2">
         <name>RFFT2Output</name>
         <uninitialized>true</uninitialized>
         <run_address>0xe800</run_address>
         <size>0x800</size>
         <input_file_ref idref="fl-5"/>
      </object_component>
      <object_component id="oc-9d">
         <name>RFFT2Magnitude</name>
         <uninitialized>true</uninitialized>
         <run_address>0xf800</run_address>
         <size>0x400</size>
         <input_file_ref idref="fl-5"/>
      </object_component>
      <object_component id="oc-a3">
         <name>RFFT2F32Coef</name>
         <uninitialized>true</uninitialized>
         <run_address>0xf000</run_address>
         <size>0x800</size>
         <input_file_ref idref="fl-5"/>
      </object_component>
      <object_component id="oc-9b">
         <name>RFFT2Phase</name>
         <uninitialized>true</uninitialized>
         <run_address>0xfc00</run_address>
         <size>0x400</size>
         <input_file_ref idref="fl-5"/>
      </object_component>
      <object_component id="oc-9c">
         <name>RFFTwindow</name>
         <uninitialized>true</uninitialized>
         <run_address>0x10000</run_address>
         <size>0x400</size>
         <input_file_ref idref="fl-5"/>
      </object_component>
      <object_component id="oc-a6">
         <name>CircBuff2</name>
         <uninitialized>true</uninitialized>
         <run_address>0x11000</run_address>
         <size>0x800</size>
         <input_file_ref idref="fl-5"/>
      </object_component>
      <object_component id="oc-a0">
         <name>CircBuff4</name>
         <uninitialized>true</uninitialized>
         <run_address>0x11800</run_address>
         <size>0x800</size>
         <input_file_ref idref="fl-5"/>
      </object_component>
      <object_component id="oc-a1">
         <name>CircBuff6</name>
         <uninitialized>true</uninitialized>
         <run_address>0x12000</run_address>
         <size>0x800</size>
         <input_file_ref idref="fl-5"/>
      </object_component>
      <object_component id="oc-9f">
         <name>CircBuff1</name>
         <uninitialized>true</uninitialized>
         <run_address>0x13000</run_address>
         <size>0x800</size>
         <input_file_ref idref="fl-5"/>
      </object_component>
      <object_component id="oc-9e">
         <name>CircBuff3</name>
         <uninitialized>true</uninitialized>
         <run_address>0x13800</run_address>
         <size>0x800</size>
         <input_file_ref idref="fl-5"/>
      </object_component>
      <object_component id="oc-a4">
         <name>CircBuff5</name>
         <uninitialized>true</uninitialized>
         <run_address>0x14000</run_address>
         <size>0x800</size>
         <input_file_ref idref="fl-5"/>
      </object_component>
      <object_component id="oc-9a">
         <name>FE_CPU2_MSG</name>
         <uninitialized>true</uninitialized>
         <run_address>0x3f800</run_address>
         <size>0x1c</size>
         <input_file_ref idref="fl-5"/>
      </object_component>
      <object_component id="oc-87">
         <name>.debug_info</name>
         <load_address>0x0</load_address>
         <run_address>0x0</run_address>
         <size>0xaab0</size>
         <input_file_ref idref="fl-2"/>
      </object_component>
      <object_component id="oc-8d">
         <name>.debug_info</name>
         <load_address>0xaab0</load_address>
         <run_address>0xaab0</run_address>
         <size>0x7d23</size>
         <input_file_ref idref="fl-3"/>
      </object_component>
      <object_component id="oc-92">
         <name>.debug_info</name>
         <load_address>0x127d3</load_address>
         <run_address>0x127d3</run_address>
         <size>0x40e8</size>
         <input_file_ref idref="fl-4"/>
      </object_component>
      <object_component id="oc-97">
         <name>.debug_info</name>
         <load_address>0x168bb</load_address>
         <run_address>0x168bb</run_address>
         <size>0x10ea</size>
         <input_file_ref idref="fl-5"/>
      </object_component>
      <object_component id="oc-ab">
         <name>.debug_info</name>
         <load_address>0x179a5</load_address>
         <run_address>0x179a5</run_address>
         <size>0xc7f7</size>
         <input_file_ref idref="fl-6"/>
      </object_component>
      <object_component id="oc-b0">
         <name>.debug_info</name>
         <load_address>0x2419c</load_address>
         <run_address>0x2419c</run_address>
         <size>0x4b57</size>
         <input_file_ref idref="fl-7"/>
      </object_component>
      <object_component id="oc-b7">
         <name>.debug_info</name>
         <load_address>0x28cf3</load_address>
         <run_address>0x28cf3</run_address>
         <size>0x2f4</size>
         <input_file_ref idref="fl-8"/>
      </object_component>
      <object_component id="oc-bb">
         <name>.debug_info</name>
         <load_address>0x28fe7</load_address>
         <run_address>0x28fe7</run_address>
         <size>0x13705</size>
         <input_file_ref idref="fl-9"/>
      </object_component>
      <object_component id="oc-c1">
         <name>.debug_info</name>
         <load_address>0x3c6ec</load_address>
         <run_address>0x3c6ec</run_address>
         <size>0x9c5d</size>
         <input_file_ref idref="fl-a"/>
      </object_component>
      <object_component id="oc-c6">
         <name>.debug_info</name>
         <load_address>0x46349</load_address>
         <run_address>0x46349</run_address>
         <size>0x5b3</size>
         <input_file_ref idref="fl-b"/>
      </object_component>
      <object_component id="oc-cb">
         <name>.debug_info</name>
         <load_address>0x468fc</load_address>
         <run_address>0x468fc</run_address>
         <size>0x2dfe8</size>
         <input_file_ref idref="fl-c"/>
      </object_component>
      <object_component id="oc-122">
         <name>.debug_info</name>
         <load_address>0x748e4</load_address>
         <run_address>0x748e4</run_address>
         <size>0x5db9</size>
         <input_file_ref idref="fl-d"/>
      </object_component>
      <object_component id="oc-127">
         <name>.debug_info</name>
         <load_address>0x7a69d</load_address>
         <run_address>0x7a69d</run_address>
         <size>0x2ab0</size>
         <input_file_ref idref="fl-e"/>
      </object_component>
      <object_component id="oc-12c">
         <name>.debug_info</name>
         <load_address>0x7d14d</load_address>
         <run_address>0x7d14d</run_address>
         <size>0x4d10</size>
         <input_file_ref idref="fl-f"/>
      </object_component>
      <object_component id="oc-137">
         <name>.debug_info</name>
         <load_address>0x81e5d</load_address>
         <run_address>0x81e5d</run_address>
         <size>0x16d9</size>
         <input_file_ref idref="fl-10"/>
      </object_component>
      <object_component id="oc-13c">
         <name>.debug_info</name>
         <load_address>0x83536</load_address>
         <run_address>0x83536</run_address>
         <size>0x3840</size>
         <input_file_ref idref="fl-11"/>
      </object_component>
      <object_component id="oc-141">
         <name>.debug_info</name>
         <load_address>0x86d76</load_address>
         <run_address>0x86d76</run_address>
         <size>0x692d</size>
         <input_file_ref idref="fl-12"/>
      </object_component>
      <object_component id="oc-146">
         <name>.debug_info</name>
         <load_address>0x8d6a3</load_address>
         <run_address>0x8d6a3</run_address>
         <size>0xd2f</size>
         <input_file_ref idref="fl-13"/>
      </object_component>
      <object_component id="oc-14b">
         <name>.debug_info</name>
         <load_address>0x8e3d2</load_address>
         <run_address>0x8e3d2</run_address>
         <size>0x93a7</size>
         <input_file_ref idref="fl-14"/>
      </object_component>
      <object_component id="oc-151">
         <name>.debug_info</name>
         <load_address>0x97779</load_address>
         <run_address>0x97779</run_address>
         <size>0x23e</size>
         <input_file_ref idref="fl-15"/>
      </object_component>
      <object_component id="oc-156">
         <name>.debug_info</name>
         <load_address>0x979b7</load_address>
         <run_address>0x979b7</run_address>
         <size>0x261</size>
         <input_file_ref idref="fl-1d"/>
      </object_component>
      <object_component id="oc-15b">
         <name>.debug_info</name>
         <load_address>0x97c18</load_address>
         <run_address>0x97c18</run_address>
         <size>0x163</size>
         <input_file_ref idref="fl-1e"/>
      </object_component>
      <object_component id="oc-160">
         <name>.debug_info</name>
         <load_address>0x97d7b</load_address>
         <run_address>0x97d7b</run_address>
         <size>0x167</size>
         <input_file_ref idref="fl-1f"/>
      </object_component>
      <object_component id="oc-164">
         <name>.debug_info</name>
         <load_address>0x97ee2</load_address>
         <run_address>0x97ee2</run_address>
         <size>0x64b</size>
         <input_file_ref idref="fl-20"/>
      </object_component>
      <object_component id="oc-16a">
         <name>.debug_info</name>
         <load_address>0x9852d</load_address>
         <run_address>0x9852d</run_address>
         <size>0x158</size>
         <input_file_ref idref="fl-21"/>
      </object_component>
      <object_component id="oc-16e">
         <name>.debug_info</name>
         <load_address>0x98685</load_address>
         <run_address>0x98685</run_address>
         <size>0x553</size>
         <input_file_ref idref="fl-22"/>
      </object_component>
      <object_component id="oc-174">
         <name>.debug_info</name>
         <load_address>0x98bd8</load_address>
         <run_address>0x98bd8</run_address>
         <size>0x404</size>
         <input_file_ref idref="fl-23"/>
      </object_component>
      <object_component id="oc-179">
         <name>.debug_info</name>
         <load_address>0x98fdc</load_address>
         <run_address>0x98fdc</run_address>
         <size>0x457</size>
         <input_file_ref idref="fl-24"/>
      </object_component>
      <object_component id="oc-17e">
         <name>.debug_info</name>
         <load_address>0x99433</load_address>
         <run_address>0x99433</run_address>
         <size>0x416</size>
         <input_file_ref idref="fl-25"/>
      </object_component>
      <object_component id="oc-185">
         <name>.debug_info</name>
         <load_address>0x99849</load_address>
         <run_address>0x99849</run_address>
         <size>0x16b</size>
         <input_file_ref idref="fl-26"/>
      </object_component>
      <object_component id="oc-18a">
         <name>.debug_info</name>
         <load_address>0x999b4</load_address>
         <run_address>0x999b4</run_address>
         <size>0x10c</size>
         <input_file_ref idref="fl-27"/>
      </object_component>
      <object_component id="oc-18f">
         <name>.debug_info</name>
         <load_address>0x99ac0</load_address>
         <run_address>0x99ac0</run_address>
         <size>0x16e</size>
         <input_file_ref idref="fl-28"/>
      </object_component>
      <object_component id="oc-193">
         <name>.debug_info</name>
         <load_address>0x99c2e</load_address>
         <run_address>0x99c2e</run_address>
         <size>0x574</size>
         <input_file_ref idref="fl-29"/>
      </object_component>
      <object_component id="oc-198">
         <name>.debug_info</name>
         <load_address>0x9a1a2</load_address>
         <run_address>0x9a1a2</run_address>
         <size>0x46f</size>
         <input_file_ref idref="fl-2a"/>
      </object_component>
      <object_component id="oc-19d">
         <name>.debug_info</name>
         <load_address>0x9a611</load_address>
         <run_address>0x9a611</run_address>
         <size>0x3e2</size>
         <input_file_ref idref="fl-2b"/>
      </object_component>
      <object_component id="oc-1a2">
         <name>.debug_info</name>
         <load_address>0x9a9f3</load_address>
         <run_address>0x9a9f3</run_address>
         <size>0x3df</size>
         <input_file_ref idref="fl-2c"/>
      </object_component>
      <object_component id="oc-1a7">
         <name>.debug_info</name>
         <load_address>0x9add2</load_address>
         <run_address>0x9add2</run_address>
         <size>0x1bb</size>
         <input_file_ref idref="fl-2d"/>
      </object_component>
      <object_component id="oc-1ab">
         <name>.debug_info</name>
         <load_address>0x9af8d</load_address>
         <run_address>0x9af8d</run_address>
         <size>0x579</size>
         <input_file_ref idref="fl-2e"/>
      </object_component>
      <object_component id="oc-1b2">
         <name>.debug_info</name>
         <load_address>0x9b506</load_address>
         <run_address>0x9b506</run_address>
         <size>0x501</size>
         <input_file_ref idref="fl-2f"/>
      </object_component>
      <object_component id="oc-1b7">
         <name>.debug_info</name>
         <load_address>0x9ba07</load_address>
         <run_address>0x9ba07</run_address>
         <size>0x49c</size>
         <input_file_ref idref="fl-30"/>
      </object_component>
      <object_component id="oc-1bc">
         <name>.debug_info</name>
         <load_address>0x9bea3</load_address>
         <run_address>0x9bea3</run_address>
         <size>0x527</size>
         <input_file_ref idref="fl-31"/>
      </object_component>
      <object_component id="oc-1c1">
         <name>.debug_info</name>
         <load_address>0x9c3ca</load_address>
         <run_address>0x9c3ca</run_address>
         <size>0x44d</size>
         <input_file_ref idref="fl-32"/>
      </object_component>
      <object_component id="oc-275">
         <name>.debug_info</name>
         <load_address>0x9c817</load_address>
         <run_address>0x9c817</run_address>
         <size>0xf9</size>
      </object_component>
      <object_component id="oc-89">
         <name>.debug_frame</name>
         <load_address>0x0</load_address>
         <run_address>0x0</run_address>
         <size>0x220</size>
         <input_file_ref idref="fl-2"/>
      </object_component>
      <object_component id="oc-8e">
         <name>.debug_frame</name>
         <load_address>0x220</load_address>
         <run_address>0x220</run_address>
         <size>0x80</size>
         <input_file_ref idref="fl-3"/>
      </object_component>
      <object_component id="oc-93">
         <name>.debug_frame</name>
         <load_address>0x2a0</load_address>
         <run_address>0x2a0</run_address>
         <size>0x64</size>
         <input_file_ref idref="fl-4"/>
      </object_component>
      <object_component id="oc-a7">
         <name>.debug_frame</name>
         <load_address>0x304</load_address>
         <run_address>0x304</run_address>
         <size>0x74</size>
         <input_file_ref idref="fl-5"/>
      </object_component>
      <object_component id="oc-ac">
         <name>.debug_frame</name>
         <load_address>0x378</load_address>
         <run_address>0x378</run_address>
         <size>0xc0</size>
         <input_file_ref idref="fl-6"/>
      </object_component>
      <object_component id="oc-b1">
         <name>.debug_frame</name>
         <load_address>0x438</load_address>
         <run_address>0x438</run_address>
         <size>0x68</size>
         <input_file_ref idref="fl-7"/>
      </object_component>
      <object_component id="oc-bd">
         <name>.debug_frame</name>
         <load_address>0x4a0</load_address>
         <run_address>0x4a0</run_address>
         <size>0x1640</size>
         <input_file_ref idref="fl-9"/>
      </object_component>
      <object_component id="oc-c2">
         <name>.debug_frame</name>
         <load_address>0x1ae0</load_address>
         <run_address>0x1ae0</run_address>
         <size>0x4c8</size>
         <input_file_ref idref="fl-a"/>
      </object_component>
      <object_component id="oc-c7">
         <name>.debug_frame</name>
         <load_address>0x1fa8</load_address>
         <run_address>0x1fa8</run_address>
         <size>0x30</size>
         <input_file_ref idref="fl-b"/>
      </object_component>
      <object_component id="oc-123">
         <name>.debug_frame</name>
         <load_address>0x1fd8</load_address>
         <run_address>0x1fd8</run_address>
         <size>0x30</size>
         <input_file_ref idref="fl-d"/>
      </object_component>
      <object_component id="oc-128">
         <name>.debug_frame</name>
         <load_address>0x2008</load_address>
         <run_address>0x2008</run_address>
         <size>0x17c</size>
         <input_file_ref idref="fl-e"/>
      </object_component>
      <object_component id="oc-133">
         <name>.debug_frame</name>
         <load_address>0x2184</load_address>
         <run_address>0x2184</run_address>
         <size>0x30</size>
         <input_file_ref idref="fl-f"/>
      </object_component>
      <object_component id="oc-138">
         <name>.debug_frame</name>
         <load_address>0x21b4</load_address>
         <run_address>0x21b4</run_address>
         <size>0x30</size>
         <input_file_ref idref="fl-10"/>
      </object_component>
      <object_component id="oc-13d">
         <name>.debug_frame</name>
         <load_address>0x21e4</load_address>
         <run_address>0x21e4</run_address>
         <size>0x60</size>
         <input_file_ref idref="fl-11"/>
      </object_component>
      <object_component id="oc-142">
         <name>.debug_frame</name>
         <load_address>0x2244</load_address>
         <run_address>0x2244</run_address>
         <size>0x4c</size>
         <input_file_ref idref="fl-12"/>
      </object_component>
      <object_component id="oc-147">
         <name>.debug_frame</name>
         <load_address>0x2290</load_address>
         <run_address>0x2290</run_address>
         <size>0x30</size>
         <input_file_ref idref="fl-13"/>
      </object_component>
      <object_component id="oc-14c">
         <name>.debug_frame</name>
         <load_address>0x22c0</load_address>
         <run_address>0x22c0</run_address>
         <size>0x230</size>
         <input_file_ref idref="fl-14"/>
      </object_component>
      <object_component id="oc-165">
         <name>.debug_frame</name>
         <load_address>0x24f0</load_address>
         <run_address>0x24f0</run_address>
         <size>0x68</size>
         <input_file_ref idref="fl-20"/>
      </object_component>
      <object_component id="oc-170">
         <name>.debug_frame</name>
         <load_address>0x2558</load_address>
         <run_address>0x2558</run_address>
         <size>0x60</size>
         <input_file_ref idref="fl-22"/>
      </object_component>
      <object_component id="oc-175">
         <name>.debug_frame</name>
         <load_address>0x25b8</load_address>
         <run_address>0x25b8</run_address>
         <size>0x4c</size>
         <input_file_ref idref="fl-23"/>
      </object_component>
      <object_component id="oc-17a">
         <name>.debug_frame</name>
         <load_address>0x2604</load_address>
         <run_address>0x2604</run_address>
         <size>0x4c</size>
         <input_file_ref idref="fl-24"/>
      </object_component>
      <object_component id="oc-17f">
         <name>.debug_frame</name>
         <load_address>0x2650</load_address>
         <run_address>0x2650</run_address>
         <size>0x4c</size>
         <input_file_ref idref="fl-25"/>
      </object_component>
      <object_component id="oc-194">
         <name>.debug_frame</name>
         <load_address>0x269c</load_address>
         <run_address>0x269c</run_address>
         <size>0x68</size>
         <input_file_ref idref="fl-29"/>
      </object_component>
      <object_component id="oc-199">
         <name>.debug_frame</name>
         <load_address>0x2704</load_address>
         <run_address>0x2704</run_address>
         <size>0x48</size>
         <input_file_ref idref="fl-2a"/>
      </object_component>
      <object_component id="oc-19e">
         <name>.debug_frame</name>
         <load_address>0x274c</load_address>
         <run_address>0x274c</run_address>
         <size>0x48</size>
         <input_file_ref idref="fl-2b"/>
      </object_component>
      <object_component id="oc-1a3">
         <name>.debug_frame</name>
         <load_address>0x2794</load_address>
         <run_address>0x2794</run_address>
         <size>0x48</size>
         <input_file_ref idref="fl-2c"/>
      </object_component>
      <object_component id="oc-1ae">
         <name>.debug_frame</name>
         <load_address>0x27dc</load_address>
         <run_address>0x27dc</run_address>
         <size>0x68</size>
         <input_file_ref idref="fl-2e"/>
      </object_component>
      <object_component id="oc-1b3">
         <name>.debug_frame</name>
         <load_address>0x2844</load_address>
         <run_address>0x2844</run_address>
         <size>0x78</size>
         <input_file_ref idref="fl-2f"/>
      </object_component>
      <object_component id="oc-1b8">
         <name>.debug_frame</name>
         <load_address>0x28bc</load_address>
         <run_address>0x28bc</run_address>
         <size>0x48</size>
         <input_file_ref idref="fl-30"/>
      </object_component>
      <object_component id="oc-1bd">
         <name>.debug_frame</name>
         <load_address>0x2904</load_address>
         <run_address>0x2904</run_address>
         <size>0x48</size>
         <input_file_ref idref="fl-31"/>
      </object_component>
      <object_component id="oc-1c3">
         <name>.debug_frame</name>
         <load_address>0x294c</load_address>
         <run_address>0x294c</run_address>
         <size>0x4c</size>
         <input_file_ref idref="fl-32"/>
      </object_component>
      <object_component id="oc-8a">
         <name>.debug_line</name>
         <load_address>0x0</load_address>
         <run_address>0x0</run_address>
         <size>0x19b</size>
         <input_file_ref idref="fl-2"/>
      </object_component>
      <object_component id="oc-8f">
         <name>.debug_line</name>
         <load_address>0x19b</load_address>
         <run_address>0x19b</run_address>
         <size>0x12f</size>
         <input_file_ref idref="fl-3"/>
      </object_component>
      <object_component id="oc-94">
         <name>.debug_line</name>
         <load_address>0x2ca</load_address>
         <run_address>0x2ca</run_address>
         <size>0x10b</size>
         <input_file_ref idref="fl-4"/>
      </object_component>
      <object_component id="oc-a8">
         <name>.debug_line</name>
         <load_address>0x3d5</load_address>
         <run_address>0x3d5</run_address>
         <size>0x146</size>
         <input_file_ref idref="fl-5"/>
      </object_component>
      <object_component id="oc-ad">
         <name>.debug_line</name>
         <load_address>0x51b</load_address>
         <run_address>0x51b</run_address>
         <size>0x184</size>
         <input_file_ref idref="fl-6"/>
      </object_component>
      <object_component id="oc-b2">
         <name>.debug_line</name>
         <load_address>0x69f</load_address>
         <run_address>0x69f</run_address>
         <size>0x168</size>
         <input_file_ref idref="fl-7"/>
      </object_component>
      <object_component id="oc-b8">
         <name>.debug_line</name>
         <load_address>0x807</load_address>
         <run_address>0x807</run_address>
         <size>0xe0</size>
         <input_file_ref idref="fl-8"/>
      </object_component>
      <object_component id="oc-be">
         <name>.debug_line</name>
         <load_address>0x8e7</load_address>
         <run_address>0x8e7</run_address>
         <size>0xd5e</size>
         <input_file_ref idref="fl-9"/>
      </object_component>
      <object_component id="oc-c3">
         <name>.debug_line</name>
         <load_address>0x1645</load_address>
         <run_address>0x1645</run_address>
         <size>0x5d0</size>
         <input_file_ref idref="fl-a"/>
      </object_component>
      <object_component id="oc-c8">
         <name>.debug_line</name>
         <load_address>0x1c15</load_address>
         <run_address>0x1c15</run_address>
         <size>0xb2</size>
         <input_file_ref idref="fl-b"/>
      </object_component>
      <object_component id="oc-124">
         <name>.debug_line</name>
         <load_address>0x1cc7</load_address>
         <run_address>0x1cc7</run_address>
         <size>0xb2</size>
         <input_file_ref idref="fl-d"/>
      </object_component>
      <object_component id="oc-129">
         <name>.debug_line</name>
         <load_address>0x1d79</load_address>
         <run_address>0x1d79</run_address>
         <size>0x1fd</size>
         <input_file_ref idref="fl-e"/>
      </object_component>
      <object_component id="oc-134">
         <name>.debug_line</name>
         <load_address>0x1f76</load_address>
         <run_address>0x1f76</run_address>
         <size>0xb8</size>
         <input_file_ref idref="fl-f"/>
      </object_component>
      <object_component id="oc-139">
         <name>.debug_line</name>
         <load_address>0x202e</load_address>
         <run_address>0x202e</run_address>
         <size>0xbd</size>
         <input_file_ref idref="fl-10"/>
      </object_component>
      <object_component id="oc-13e">
         <name>.debug_line</name>
         <load_address>0x20eb</load_address>
         <run_address>0x20eb</run_address>
         <size>0x105</size>
         <input_file_ref idref="fl-11"/>
      </object_component>
      <object_component id="oc-143">
         <name>.debug_line</name>
         <load_address>0x21f0</load_address>
         <run_address>0x21f0</run_address>
         <size>0xe9</size>
         <input_file_ref idref="fl-12"/>
      </object_component>
      <object_component id="oc-148">
         <name>.debug_line</name>
         <load_address>0x22d9</load_address>
         <run_address>0x22d9</run_address>
         <size>0xb1</size>
         <input_file_ref idref="fl-13"/>
      </object_component>
      <object_component id="oc-14d">
         <name>.debug_line</name>
         <load_address>0x238a</load_address>
         <run_address>0x238a</run_address>
         <size>0x426</size>
         <input_file_ref idref="fl-14"/>
      </object_component>
      <object_component id="oc-152">
         <name>.debug_line</name>
         <load_address>0x27b0</load_address>
         <run_address>0x27b0</run_address>
         <size>0xc7</size>
         <input_file_ref idref="fl-15"/>
      </object_component>
      <object_component id="oc-157">
         <name>.debug_line</name>
         <load_address>0x2877</load_address>
         <run_address>0x2877</run_address>
         <size>0x157</size>
         <input_file_ref idref="fl-1d"/>
      </object_component>
      <object_component id="oc-15c">
         <name>.debug_line</name>
         <load_address>0x29ce</load_address>
         <run_address>0x29ce</run_address>
         <size>0xa9</size>
         <input_file_ref idref="fl-1e"/>
      </object_component>
      <object_component id="oc-161">
         <name>.debug_line</name>
         <load_address>0x2a77</load_address>
         <run_address>0x2a77</run_address>
         <size>0xc8</size>
         <input_file_ref idref="fl-1f"/>
      </object_component>
      <object_component id="oc-166">
         <name>.debug_line</name>
         <load_address>0x2b3f</load_address>
         <run_address>0x2b3f</run_address>
         <size>0xdb</size>
         <input_file_ref idref="fl-20"/>
      </object_component>
      <object_component id="oc-16b">
         <name>.debug_line</name>
         <load_address>0x2c1a</load_address>
         <run_address>0x2c1a</run_address>
         <size>0x8c</size>
         <input_file_ref idref="fl-21"/>
      </object_component>
      <object_component id="oc-171">
         <name>.debug_line</name>
         <load_address>0x2ca6</load_address>
         <run_address>0x2ca6</run_address>
         <size>0xc7</size>
         <input_file_ref idref="fl-22"/>
      </object_component>
      <object_component id="oc-176">
         <name>.debug_line</name>
         <load_address>0x2d6d</load_address>
         <run_address>0x2d6d</run_address>
         <size>0x50</size>
         <input_file_ref idref="fl-23"/>
      </object_component>
      <object_component id="oc-17b">
         <name>.debug_line</name>
         <load_address>0x2dbd</load_address>
         <run_address>0x2dbd</run_address>
         <size>0x58</size>
         <input_file_ref idref="fl-24"/>
      </object_component>
      <object_component id="oc-180">
         <name>.debug_line</name>
         <load_address>0x2e15</load_address>
         <run_address>0x2e15</run_address>
         <size>0x63</size>
         <input_file_ref idref="fl-25"/>
      </object_component>
      <object_component id="oc-186">
         <name>.debug_line</name>
         <load_address>0x2e78</load_address>
         <run_address>0x2e78</run_address>
         <size>0x7e</size>
         <input_file_ref idref="fl-26"/>
      </object_component>
      <object_component id="oc-18b">
         <name>.debug_line</name>
         <load_address>0x2ef6</load_address>
         <run_address>0x2ef6</run_address>
         <size>0xad</size>
         <input_file_ref idref="fl-27"/>
      </object_component>
      <object_component id="oc-190">
         <name>.debug_line</name>
         <load_address>0x2fa3</load_address>
         <run_address>0x2fa3</run_address>
         <size>0x6c</size>
         <input_file_ref idref="fl-28"/>
      </object_component>
      <object_component id="oc-195">
         <name>.debug_line</name>
         <load_address>0x300f</load_address>
         <run_address>0x300f</run_address>
         <size>0x50</size>
         <input_file_ref idref="fl-29"/>
      </object_component>
      <object_component id="oc-19a">
         <name>.debug_line</name>
         <load_address>0x305f</load_address>
         <run_address>0x305f</run_address>
         <size>0x62</size>
         <input_file_ref idref="fl-2a"/>
      </object_component>
      <object_component id="oc-19f">
         <name>.debug_line</name>
         <load_address>0x30c1</load_address>
         <run_address>0x30c1</run_address>
         <size>0x3e</size>
         <input_file_ref idref="fl-2b"/>
      </object_component>
      <object_component id="oc-1a4">
         <name>.debug_line</name>
         <load_address>0x30ff</load_address>
         <run_address>0x30ff</run_address>
         <size>0x3a</size>
         <input_file_ref idref="fl-2c"/>
      </object_component>
      <object_component id="oc-1af">
         <name>.debug_line</name>
         <load_address>0x3139</load_address>
         <run_address>0x3139</run_address>
         <size>0x65</size>
         <input_file_ref idref="fl-2e"/>
      </object_component>
      <object_component id="oc-1b4">
         <name>.debug_line</name>
         <load_address>0x319e</load_address>
[...]
         <value>0x7980</value>
         <object_component_ref idref="oc-e7"/>
      </symbol>
      <symbol id="sm-43e">
         <name>_Cmpss3Regs</name>
         <value>0x5cc0</value>
         <object_component_ref idref="oc-ef"/>
      </symbol>
      <symbol id="sm-43f">
         <name>_DaccRegs</name>
         <value>0x5c20</value>
         <object_component_ref idref="oc-d7"/>
      </symbol>
      <symbol id="sm-440">
         <name>_PieCtrlRegs</name>
         <value>0xce0</value>
         <object_component_ref idref="oc-e6"/>
      </symbol>
      <symbol id="sm-441">
         <name>_SpibRegs</name>
         <value>0x6110</value>
         <object_component_ref idref="oc-e1"/>
      </symbol>
      <symbol id="sm-442">
         <name>_AdccRegs</name>
         <value>0x7500</value>
         <object_component_ref idref="oc-110"/>
      </symbol>
      <symbol id="sm-443">
         <name>_ScicRegs</name>
         <value>0x7220</value>
         <object_component_ref idref="oc-de"/>
      </symbol>
      <symbol id="sm-444">
         <name>_ECap1Regs</name>
         <value>0x5000</value>
         <object_component_ref idref="oc-f6"/>
      </symbol>
      <symbol id="sm-445">
         <name>_EmuKey</name>
         <value>0xd00</value>
         <object_component_ref idref="oc-cc"/>
      </symbol>
      <symbol id="sm-446">
         <name>_MemoryErrorRegs</name>
         <value>0x5f500</value>
         <object_component_ref idref="oc-106"/>
      </symbol>
      <symbol id="sm-447">
         <name>_Cla1Regs</name>
         <value>0x1400</value>
         <object_component_ref idref="oc-105"/>
      </symbol>
      <symbol id="sm-448">
         <name>_DcsmZ2Otp</name>
         <value>0x78200</value>
         <object_component_ref idref="oc-d0"/>
      </symbol>
      <symbol id="sm-449">
         <name>_EQep1Regs</name>
         <value>0x5100</value>
         <object_component_ref idref="oc-f9"/>
      </symbol>
      <symbol id="sm-44a">
         <name>_DacbRegs</name>
         <value>0x5c10</value>
         <object_component_ref idref="oc-d8"/>
      </symbol>
      <symbol id="sm-44b">
         <name>_McbspaRegs</name>
         <value>0x6000</value>
         <object_component_ref idref="oc-fe"/>
      </symbol>
      <symbol id="sm-44c">
         <name>_EPwm1Regs</name>
         <value>0x4000</value>
         <object_component_ref idref="oc-11e"/>
      </symbol>
      <symbol id="sm-44d">
         <name>_AdcbRegs</name>
         <value>0x7480</value>
         <object_component_ref idref="oc-10e"/>
      </symbol>
      <symbol id="sm-44e">
         <name>_ScibRegs</name>
         <value>0x7210</value>
         <object_component_ref idref="oc-db"/>
      </symbol>
      <symbol id="sm-44f">
         <name>_AdcaResultRegs</name>
         <value>0xb00</value>
         <object_component_ref idref="oc-e4"/>
      </symbol>
      <symbol id="sm-450">
         <name>_ECap2Regs</name>
         <value>0x5020</value>
         <object_component_ref idref="oc-f3"/>
      </symbol>
      <symbol id="sm-451">
         <name>_EPwm12Regs</name>
         <value>0x4b00</value>
         <object_component_ref idref="oc-119"/>
      </symbol>
      <symbol id="sm-452">
         <name>_AdcbResultRegs</name>
         <value>0xb20</value>
         <object_component_ref idref="oc-e3"/>
      </symbol>
      <symbol id="sm-453">
         <name>_AdccResultRegs</name>
         <value>0xb40</value>
         <object_component_ref idref="oc-e2"/>
      </symbol>
      <symbol id="sm-454">
         <name>_Emif1ConfigRegs</name>
         <value>0x5f480</value>
         <object_component_ref idref="oc-ec"/>
      </symbol>
      <symbol id="sm-455">
         <name>_Sdfm2Regs</name>
         <value>0x5e80</value>
         <object_component_ref idref="oc-10b"/>
      </symbol>
      <symbol id="sm-456">
         <name>_AdcdResultRegs</name>
         <value>0xb60</value>
         <object_component_ref idref="oc-e5"/>
      </symbol>
      <symbol id="sm-457">
         <name>_EQep2Regs</name>
         <value>0x5140</value>
         <object_component_ref idref="oc-fb"/>
      </symbol>
      <symbol id="sm-458">
         <name>_Cmpss1Regs</name>
         <value>0x5c80</value>
         <object_component_ref idref="oc-f1"/>
      </symbol>
      <symbol id="sm-459">
         <name>_EPwm8Regs</name>
         <value>0x4700</value>
         <object_component_ref idref="oc-11d"/>
      </symbol>
      <symbol id="sm-45a">
         <name>_DcsmCommonRegs</name>
         <value>0x5f070</value>
         <object_component_ref idref="oc-d9"/>
      </symbol>
      <symbol id="sm-45b">
         <name>_EPwm2Regs</name>
         <value>0x4100</value>
         <object_component_ref idref="oc-115"/>
      </symbol>
      <symbol id="sm-45c">
         <name>_ECap3Regs</name>
         <value>0x5040</value>
         <object_component_ref idref="oc-ea"/>
      </symbol>
      <symbol id="sm-45d">
         <name>_Cmpss8Regs</name>
         <value>0x5d60</value>
         <object_component_ref idref="oc-ed"/>
      </symbol>
      <symbol id="sm-45e">
         <name>_EQep3Regs</name>
         <value>0x5180</value>
         <object_component_ref idref="oc-fa"/>
      </symbol>
      <symbol id="sm-45f">
         <name>_EPwm9Regs</name>
         <value>0x4800</value>
         <object_component_ref idref="oc-118"/>
      </symbol>
      <symbol id="sm-460">
         <name>_NmiIntruptRegs</name>
         <value>0x7060</value>
         <object_component_ref idref="oc-d2"/>
      </symbol>
      <symbol id="sm-461">
         <name>_EPwm3Regs</name>
         <value>0x4200</value>
         <object_component_ref idref="oc-114"/>
      </symbol>
      <symbol id="sm-462">
         <name>_I2caRegs</name>
         <value>0x7300</value>
         <object_component_ref idref="oc-f7"/>
      </symbol>
      <symbol id="sm-47d">
         <name>_IpcSync</name>
         <value>0x8399d</value>
         <object_component_ref idref="oc-1d1"/>
      </symbol>
      <symbol id="sm-47e">
         <name>_ReadIpcTimer</name>
         <value>0x8390d</value>
         <object_component_ref idref="oc-1d1"/>
      </symbol>
      <symbol id="sm-47f">
         <name>_WaitForIpcFlag</name>
         <value>0x83983</value>
         <object_component_ref idref="oc-1d1"/>
      </symbol>
      <symbol id="sm-480">
         <name>_SendIpcData</name>
         <value>0x83921</value>
         <object_component_ref idref="oc-1d1"/>
      </symbol>
      <symbol id="sm-481">
         <name>_SendIpcCommand</name>
         <value>0x83954</value>
         <object_component_ref idref="oc-1d1"/>
      </symbol>
      <symbol id="sm-482">
         <name>_CancelIpcFlag</name>
         <value>0x83979</value>
         <object_component_ref idref="oc-1d1"/>
      </symbol>
      <symbol id="sm-483">
         <name>_AckIpcFlag</name>
         <value>0x8396f</value>
         <object_component_ref idref="oc-1d1"/>
      </symbol>
      <symbol id="sm-484">
         <name>_RecvIpcData</name>
         <value>0x83938</value>
         <object_component_ref idref="oc-1d1"/>
      </symbol>
      <symbol id="sm-485">
         <name>_WaitForIpcAck</name>
         <value>0x83990</value>
         <object_component_ref idref="oc-1d1"/>
      </symbol>
      <symbol id="sm-486">
         <name>_InitIpc</name>
         <value>0x838ff</value>
         <object_component_ref idref="oc-1d1"/>
      </symbol>
      <symbol id="sm-487">
         <name>_FillIpcSendData</name>
         <value>0x83948</value>
         <object_component_ref idref="oc-1d1"/>
      </symbol>
      <symbol id="sm-488">
         <name>_SendIpcFlag</name>
         <value>0x83965</value>
         <object_component_ref idref="oc-1d1"/>
      </symbol>
      <symbol id="sm-49e">
         <name>_g_usGetReadIndexes</name>
         <value>0x3fc84</value>
         <object_component_ref idref="oc-130"/>
      </symbol>
      <symbol id="sm-49f">
         <name>_g_usPutWriteIndexes</name>
         <value>0x3fc80</value>
         <object_component_ref idref="oc-12f"/>
      </symbol>
      <symbol id="sm-4a0">
         <name>_g_usGetWriteIndexes</name>
         <value>0x3f880</value>
         <object_component_ref idref="oc-12d"/>
      </symbol>
      <symbol id="sm-4a1">
         <name>_g_asIPCCPU2toCPU1Buffers</name>
         <value>0x3fc00</value>
         <object_component_ref idref="oc-132"/>
      </symbol>
      <symbol id="sm-4a2">
         <name>_g_asIPCCPU1toCPU2Buffers</name>
         <value>0x3f800</value>
         <object_component_ref idref="oc-131"/>
      </symbol>
      <symbol id="sm-4a3">
         <name>_g_usPutReadIndexes</name>
         <value>0x3f884</value>
         <object_component_ref idref="oc-12e"/>
      </symbol>
      <symbol id="sm-4b8">
         <name>_InitPieCtrl</name>
         <value>0x83ddf</value>
         <object_component_ref idref="oc-1d4"/>
      </symbol>
      <symbol id="sm-4b9">
         <name>_EnableInterrupts</name>
         <value>0x83dfe</value>
         <object_component_ref idref="oc-1d4"/>
      </symbol>
      <symbol id="sm-4c9">
         <name>_PieVectTableInit</name>
         <value>0x90000</value>
         <object_component_ref idref="oc-1e0"/>
      </symbol>
      <symbol id="sm-4ca">
         <name>_InitPieVectTable</name>
         <value>0x83e2e</value>
         <object_component_ref idref="oc-1d5"/>
      </symbol>
      <symbol id="sm-4f1">
         <name>_SeizeFlashPump</name>
         <value>0x831a5</value>
         <object_component_ref idref="oc-1d3"/>
      </symbol>
      <symbol id="sm-4f2">
         <name>_DisablePeripheralClocks</name>
         <value>0x8318d</value>
         <object_component_ref idref="oc-1d3"/>
      </symbol>
      <symbol id="sm-4f3">
         <name>_FlashOff</name>
         <value>0xa281</value>
         <object_component_ref idref="oc-1df"/>
      </symbol>
      <symbol id="sm-4f4">
         <name>_DisableDog</name>
         <value>0x831cc</value>
         <object_component_ref idref="oc-1d3"/>
      </symbol>
      <symbol id="sm-4f5">
         <name>_SysIntOsc2Sel</name>
         <value>0x832cd</value>
         <object_component_ref idref="oc-1d3"/>
      </symbol>
      <symbol id="sm-4f6">
         <name>_ReleaseFlashPump</name>
         <value>0x831b4</value>
         <object_component_ref idref="oc-1d3"/>
      </symbol>
      <symbol id="sm-4f7">
         <name>_HALT</name>
         <value>0x83317</value>
         <object_component_ref idref="oc-1d3"/>
      </symbol>
      <symbol id="sm-4f8">
         <name>_IDLE</name>
         <value>0x83303</value>
         <object_component_ref idref="oc-1d3"/>
      </symbol>
      <symbol id="sm-4f9">
         <name>_InitPeripheralClocks</name>
         <value>0x8310f</value>
         <object_component_ref idref="oc-1d3"/>
      </symbol>
      <symbol id="sm-4fa">
         <name>_InitFlash</name>
         <value>0xa258</value>
         <object_component_ref idref="oc-1df"/>
      </symbol>
      <symbol id="sm-4fb">
         <name>_SysXtalOscSel</name>
         <value>0x832d7</value>
         <object_component_ref idref="oc-1d3"/>
      </symbol>
      <symbol id="sm-4fc">
         <name>_CsmUnlock</name>
         <value>0x832a2</value>
         <object_component_ref idref="oc-1d3"/>
      </symbol>
      <symbol id="sm-4fd">
         <name>_SysIntOsc1Sel</name>
         <value>0x832c3</value>
         <object_component_ref idref="oc-1d3"/>
      </symbol>
      <symbol id="sm-4fe">
         <name>_ServiceDog</name>
         <value>0x831be</value>
         <object_component_ref idref="oc-1d3"/>
      </symbol>
      <symbol id="sm-4ff">
         <name>_HIB</name>
         <value>0x8331a</value>
         <object_component_ref idref="oc-1d3"/>
      </symbol>
      <symbol id="sm-500">
         <name>_AuxAuxClkSel</name>
         <value>0x832f9</value>
         <object_component_ref idref="oc-1d3"/>
      </symbol>
      <symbol id="sm-501">
         <name>_AuxIntOsc2Sel</name>
         <value>0x832e3</value>
         <object_component_ref idref="oc-1d3"/>
      </symbol>
      <symbol id="sm-502">
         <name>_InitAuxPll</name>
         <value>0x831da</value>
         <object_component_ref idref="oc-1d3"/>
      </symbol>
      <symbol id="sm-503">
         <name>_InitSysCtrl</name>
         <value>0x830fe</value>
         <object_component_ref idref="oc-1d3"/>
      </symbol>
      <symbol id="sm-504">
         <name>_STANDBY</name>
         <value>0x8330c</value>
         <object_component_ref idref="oc-1d3"/>
      </symbol>
      <symbol id="sm-505">
         <name>_AuxXtalOscSel</name>
         <value>0x832ed</value>
         <object_component_ref idref="oc-1d3"/>
      </symbol>
      <symbol id="sm-511">
         <name>_F28x_usDelay</name>
         <value>0xa28f</value>
         <object_component_ref idref="oc-150"/>
      </symbol>
      <symbol id="sm-53d">
         <name>_rfft_f32_Stages1and2and3andBitReverse</name>
         <value>0x83451</value>
         <object_component_ref idref="oc-155"/>
      </symbol>
      <symbol id="sm-53e">
         <name>_rfft_f32_Stages4andUp</name>
         <value>0x834bd</value>
         <object_component_ref idref="oc-155"/>
      </symbol>
      <symbol id="sm-53f">
         <name>_RFFT_f32</name>
         <value>0x83448</value>
         <object_component_ref idref="oc-155"/>
      </symbol>
      <symbol id="sm-54d">
         <name>_RFFT_f32_mag_TMU0</name>
         <value>0x83d30</value>
         <object_component_ref idref="oc-15a"/>
      </symbol>
      <symbol id="sm-55c">
         <name>_RFFT_f32_phase_TMU0</name>
         <value>0x83ad8</value>
         <object_component_ref idref="oc-15f"/>
      </symbol>
      <symbol id="sm-56c">
         <name>_RFFT_f32_sincostable</name>
         <value>0x83b5e</value>
         <object_component_ref idref="oc-1e2"/>
      </symbol>
      <symbol id="sm-57a">
         <name>_RFFT_f32_win</name>
         <value>0x83e54</value>
         <object_component_ref idref="oc-169"/>
      </symbol>
      <symbol id="sm-5a0">
         <name>_logf</name>
         <value>0x8331d</value>
         <object_component_ref idref="oc-1dd"/>
      </symbol>
      <symbol id="sm-5a1">
         <name>_log</name>
         <value>0x8331d</value>
         <object_component_ref idref="oc-1dd"/>
      </symbol>
      <symbol id="sm-5af">
         <name>_cos</name>
         <value>0x83bc9</value>
         <object_component_ref idref="oc-1e5"/>
      </symbol>
      <symbol id="sm-5b0">
         <name>_cosf</name>
         <value>0x83bc9</value>
         <object_component_ref idref="oc-1e5"/>
      </symbol>
      <symbol id="sm-5c0">
         <name>_round</name>
         <value>0x83d7e</value>
         <object_component_ref idref="oc-1de"/>
      </symbol>
      <symbol id="sm-5c1">
         <name>_roundf</name>
         <value>0x83d7e</value>
         <object_component_ref idref="oc-1de"/>
      </symbol>
      <symbol id="sm-5ce">
         <name>_sin</name>
         <value>0x83c2a</value>
         <object_component_ref idref="oc-1e6"/>
      </symbol>
      <symbol id="sm-5cf">
         <name>_sinf</name>
         <value>0x83c2a</value>
         <object_component_ref idref="oc-1e6"/>
      </symbol>
      <symbol id="sm-5ea">
         <name>_c_int00</name>
         <value>0x83cd9</value>
         <object_component_ref idref="oc-86"/>
      </symbol>
      <symbol id="sm-5eb">
         <name>__stack</name>
         <value>0x400</value>
         <object_component_ref idref="oc-183"/>
      </symbol>
      <symbol id="sm-5fc">
         <name>FS$$DIV</name>
         <value>0x83a50</value>
         <object_component_ref idref="oc-189"/>
      </symbol>
      <symbol id="sm-608">
         <name>LL$$AND</name>
         <value>0x83ed4</value>
         <object_component_ref idref="oc-18e"/>
      </symbol>
      <symbol id="sm-609">
         <name>LL$$OR</name>
         <value>0x83edc</value>
         <object_component_ref idref="oc-18e"/>
      </symbol>
      <symbol id="sm-60a">
         <name>LL$$XOR</name>
         <value>0x83ee4</value>
         <object_component_ref idref="oc-18e"/>
      </symbol>
      <symbol id="sm-619">
         <name>_copy_in</name>
         <value>0x83e79</value>
         <object_component_ref idref="oc-1c8"/>
      </symbol>
      <symbol id="sm-62a">
         <name>_memcpy</name>
         <value>0x83e9d</value>
         <object_component_ref idref="oc-1cd"/>
      </symbol>
      <symbol id="sm-636">
         <name>__system_pre_init</name>
         <value>0x83f09</value>
         <object_component_ref idref="oc-1c7"/>
      </symbol>
      <symbol id="sm-643">
         <name>__system_post_cinit</name>
         <value>0x83d2f</value>
         <object_component_ref idref="oc-1c9"/>
      </symbol>
      <symbol id="sm-64d">
         <name>_errno</name>
         <value>0xb9be</value>
         <object_component_ref idref="oc-1a9"/>
      </symbol>
      <symbol id="sm-661">
         <name>C$$EXIT</name>
         <value>0x83db6</value>
         <object_component_ref idref="oc-1cb"/>
      </symbol>
      <symbol id="sm-662">
         <name>_exit</name>
         <value>0x83db8</value>
         <object_component_ref idref="oc-1cb"/>
      </symbol>
      <symbol id="sm-663">
         <name>___TI_cleanup_ptr</name>
         <value>0xb9b6</value>
         <object_component_ref idref="oc-1ad"/>
      </symbol>
      <symbol id="sm-664">
         <name>___TI_enable_exit_profile_output</name>
         <value>0xb9b4</value>
         <object_component_ref idref="oc-1ad"/>
      </symbol>
      <symbol id="sm-665">
         <name>_abort</name>
         <value>0x83db6</value>
         <object_component_ref idref="oc-1cb"/>
      </symbol>
      <symbol id="sm-666">
         <name>___TI_dtors_ptr</name>
         <value>0xb9b8</value>
         <object_component_ref idref="oc-1ad"/>
      </symbol>
      <symbol id="sm-67a">
         <name>__unlock</name>
         <value>0xb9bc</value>
         <object_component_ref idref="oc-1e3"/>
      </symbol>
      <symbol id="sm-67b">
         <name>__lock</name>
         <value>0xb9ba</value>
         <object_component_ref idref="oc-1cf"/>
      </symbol>
      <symbol id="sm-67c">
         <name>__register_lock</name>
         <value>0x83efc</value>
         <object_component_ref idref="oc-1da"/>
      </symbol>
      <symbol id="sm-67d">
         <name>__nop</name>
         <value>0x83f00</value>
         <object_component_ref idref="oc-1da"/>
      </symbol>
      <symbol id="sm-67e">
         <name>__register_unlock</name>
         <value>0x83ef8</value>
         <object_component_ref idref="oc-1da"/>
      </symbol>
      <symbol id="sm-68d">
         <name>__args_main</name>
         <value>0x83ebb</value>
         <object_component_ref idref="oc-1ca"/>
      </symbol>
      <symbol id="sm-69b">
         <name>_memset</name>
         <value>0x83eec</value>
         <object_component_ref idref="oc-1dc"/>
      </symbol>
      <symbol id="sm-6b1">
         <name>_floorf</name>
         <value>0x83c82</value>
         <object_component_ref idref="oc-1e4"/>
      </symbol>
      <symbol id="sm-6b2">
         <name>_floor</name>
         <value>0x83c82</value>
         <object_component_ref idref="oc-1e4"/>
      </symbol>
   </symbol_table>
   <title>Link successful</title>
</link_info>
